{"timestamp":"2026-10-05T13:08:31.699488Z","level":"info","event":"::group::Pre Execute","logger":"task","filename":"task_runner.py","lineno":2412}
{"timestamp":"2026-10-05T13:08:31.830867Z","level":"info","event":"DAG bundles loaded: dags-folder, example_dags, apache-airflow-providers-common-sql-example-dags, apache-airflow-providers-standard-example-dags","dag_id":"sprint1_r_train","try_number":1,"map_index":-1,"run_id":"manual__2026-10-05T13:08:30.433710+00:00","ti_id":"01a10c2e-1a72-7f41-9482-b2ba2e9cc586","task_id":"split_data","logger":"airflow.dag_processing.bundles.manager.DagBundlesManager","filename":"manager.py","lineno":304}
{"timestamp":"2026-10-05T13:08:31.831793Z","level":"info","event":"Filling up the DagBag from /opt/airflow/dags/sprint1_r_train.py","dag_id":"sprint1_r_train","try_number":1,"map_index":-1,"run_id":"manual__2026-10-05T13:08:30.433710+00:00","ti_id":"01a10c2e-1a72-7f41-9482-b2ba2e9cc586","task_id":"split_data","logger":"airflow.dag_processing.dagbag.BundleDagBag","filename":"dagbag.py","lineno":460}
{"timestamp":"2026-10-05T13:08:33.438572Z","level":"info","event":"Worker startup parse complete","bundle_name":"dags-folder","bundle_version":null,"dag_file":"sprint1_r_train.py","dag_id":"sprint1_r_train","bundle_prepare_ms":2,"dag_file_parse_ms":1606,"try_number":1,"map_index":-1,"run_id":"manual__2026-10-05T13:08:30.433710+00:00","ti_id":"01a10c2e-1a72-7f41-9482-b2ba2e9cc586","task_id":"split_data","logger":"task","filename":"task_runner.py","lineno":1073}
{"timestamp":"2026-10-05T13:08:33.462809Z","level":"info","event":"Task instance is in running state","logger":"task.stdout"}
{"timestamp":"2026-10-05T13:08:33.463088Z","level":"info","event":" Previous state of the Task instance: TaskInstanceState.QUEUED","logger":"task.stdout"}
{"timestamp":"2026-10-05T13:08:33.463271Z","level":"info","event":"Current task name:split_data","logger":"task.stdout"}
{"timestamp":"2026-10-05T13:08:33.463403Z","level":"info","event":"Dag name:sprint1_r_train","logger":"task.stdout"}
{"timestamp":"2026-10-05T13:08:33.463349Z","level":"info","event":"::endgroup::","dag_id":"sprint1_r_train","try_number":1,"map_index":-1,"run_id":"manual__2026-10-05T13:08:30.433710+00:00","ti_id":"01a10c2e-1a72-7f41-9482-b2ba2e9cc586","task_id":"split_data","logger":"task","filename":"task_runner.py","lineno":2232}
{"timestamp":"2026-10-05T13:08:33.498992Z","level":"info","event":"Dataset shape: (7021, 18)","logger":"task.stdout"}
{"timestamp":"2026-10-05T13:08:33.565343Z","level":"info","event":"Train shape: (5265, 17)","logger":"task.stdout"}
{"timestamp":"2026-10-05T13:08:33.565557Z","level":"info","event":"Validation shape: (1756, 17)","logger":"task.stdout"}
{"timestamp":"2026-10-05T13:08:33.565678Z","level":"info","event":"Train target distribution:","logger":"task.stdout"}
{"timestamp":"2026-10-05T13:08:33.566933Z","level":"info","event":"target","logger":"task.stdout"}
{"timestamp":"2026-10-05T13:08:33.567117Z","level":"info","event":"0    0.735423","logger":"task.stdout"}
{"timestamp":"2026-10-05T13:08:33.567238Z","level":"info","event":"1    0.264577","logger":"task.stdout"}
{"timestamp":"2026-10-05T13:08:33.567352Z","level":"info","event":"Name: proportion, dtype: float64","logger":"task.stdout"}
{"timestamp":"2026-10-05T13:08:33.567460Z","level":"info","event":"Validation target distribution:","logger":"task.stdout"}
{"timestamp":"2026-10-05T13:08:33.568039Z","level":"info","event":"target","logger":"task.stdout"}
{"timestamp":"2026-10-05T13:08:33.568198Z","level":"info","event":"0    0.735763","logger":"task.stdout"}
{"timestamp":"2026-10-05T13:08:33.568303Z","level":"info","event":"1    0.264237","logger":"task.stdout"}
{"timestamp":"2026-10-05T13:08:33.568412Z","level":"info","event":"Name: proportion, dtype: float64","logger":"task.stdout"}
{"timestamp":"2026-10-05T13:08:33.595428Z","level":"info","event":"Done. Returned value was: {'x_train': '/opt/airflow/data/train/X_train.parquet', 'x_val': '/opt/airflow/data/train/X_val.parquet', 'y_train': '/opt/airflow/data/train/y_train.parquet', 'y_val': '/opt/airflow/data/train/y_val.parquet'}","dag_id":"sprint1_r_train","try_number":1,"map_index":-1,"run_id":"manual__2026-10-05T13:08:30.433710+00:00","ti_id":"01a10c2e-1a72-7f41-9482-b2ba2e9cc586","task_id":"split_data","logger":"airflow.task.operators.airflow.providers.standard.decorators.python._PythonDecoratedOperator","filename":"python.py","lineno":233}
{"timestamp":"2026-10-05T13:08:33.595648Z","level":"info","event":"::group::Post Execute","dag_id":"sprint1_r_train","try_number":1,"map_index":-1,"run_id":"manual__2026-10-05T13:08:30.433710+00:00","ti_id":"01a10c2e-1a72-7f41-9482-b2ba2e9cc586","task_id":"split_data","logger":"task","filename":"task_runner.py","lineno":1580}
{"timestamp":"2026-10-05T13:08:33.595900Z","level":"info","event":"Pushing xcom","ti":"RuntimeTaskInstance(id=UUID('01a10c2e-1a72-7f41-9482-b2ba2e9cc586'), task_id='split_data', dag_id='sprint1_r_train', run_id='manual__2026-10-05T13:08:30.433710+00:00', try_number=1, dag_version_id=UUID('01a10c2b-5bf8-777c-93b4-838546a5099a'), map_index=-1, hostname='5d7a0707f3b2', context_carrier={'traceparent': '00-461bfab4b5b9edcb32f6f8e248b0f555-c15f5fd647c9393e-00'}, queue='default', task=<Task(_PythonDecoratedOperator): split_data>, bundle_instance=LocalDagBundle(name=dags-folder), max_tries=0, start_date=datetime.datetime(2026, 10, 5, 13, 8, 31, 688173, tzinfo=datetime.timezone.utc), end_date=None, state=<TaskInstanceState.RUNNING: 'running'>, is_mapped=False, rendered_map_index=None, sentry_integration='sentry_sdk.integrations.celery.CeleryIntegration')","dag_id":"sprint1_r_train","try_number":1,"map_index":-1,"run_id":"manual__2026-10-05T13:08:30.433710+00:00","ti_id":"01a10c2e-1a72-7f41-9482-b2ba2e9cc586","task_id":"split_data","logger":"task","filename":"task_runner.py","lineno":2280}
{"timestamp":"2026-10-05T13:08:33.702614Z","level":"info","event":"Task instance in success state","logger":"task.stdout"}
{"timestamp":"2026-10-05T13:08:33.702770Z","level":"info","event":" Previous state of the Task instance: TaskInstanceState.RUNNING","logger":"task.stdout"}
{"timestamp":"2026-10-05T13:08:33.703097Z","level":"info","event":"Task operator:<Task(_PythonDecoratedOperator): split_data>","logger":"task.stdout"}
{"timestamp":"2026-10-05T13:08:33.703125Z","level":"info","event":"::endgroup::","dag_id":"sprint1_r_train","try_number":1,"map_index":-1,"run_id":"manual__2026-10-05T13:08:30.433710+00:00","ti_id":"01a10c2e-1a72-7f41-9482-b2ba2e9cc586","task_id":"split_data","logger":"task","filename":"task_runner.py","lineno":2379}
