{"timestamp":"2026-10-05T14:18:09.073402Z","level":"info","event":"::group::Pre Execute","logger":"task","filename":"task_runner.py","lineno":2412}
{"timestamp":"2026-10-05T14:18:09.704055Z","level":"info","event":"DAG bundles loaded: dags-folder, example_dags, apache-airflow-providers-common-sql-example-dags, apache-airflow-providers-standard-example-dags","map_index":-1,"ti_id":"01a10c6d-d99d-78ea-9f0c-7a0427b5e3e6","run_id":"manual__2026-10-05T14:18:08.129229+00:00","dag_id":"sprint1_r_train","task_id":"split_data","try_number":1,"logger":"airflow.dag_processing.bundles.manager.DagBundlesManager","filename":"manager.py","lineno":304}
{"timestamp":"2026-10-05T14:18:09.705912Z","level":"info","event":"Filling up the DagBag from /opt/airflow/dags/sprint1_r_train.py","map_index":-1,"ti_id":"01a10c6d-d99d-78ea-9f0c-7a0427b5e3e6","run_id":"manual__2026-10-05T14:18:08.129229+00:00","dag_id":"sprint1_r_train","task_id":"split_data","try_number":1,"logger":"airflow.dag_processing.dagbag.BundleDagBag","filename":"dagbag.py","lineno":460}
{"timestamp":"2026-10-05T14:18:17.928627Z","level":"info","event":"Worker startup parse complete","bundle_name":"dags-folder","bundle_version":null,"dag_file":"sprint1_r_train.py","dag_id":"sprint1_r_train","bundle_prepare_ms":13,"dag_file_parse_ms":8214,"map_index":-1,"ti_id":"01a10c6d-d99d-78ea-9f0c-7a0427b5e3e6","run_id":"manual__2026-10-05T14:18:08.129229+00:00","task_id":"split_data","try_number":1,"logger":"task","filename":"task_runner.py","lineno":1073}
{"timestamp":"2026-10-05T14:18:17.990181Z","level":"info","event":"Task instance is in running state","logger":"task.stdout"}
{"timestamp":"2026-10-05T14:18:17.990549Z","level":"info","event":" Previous state of the Task instance: TaskInstanceState.QUEUED","logger":"task.stdout"}
{"timestamp":"2026-10-05T14:18:17.991333Z","level":"info","event":"Current task name:split_data","logger":"task.stdout"}
{"timestamp":"2026-10-05T14:18:17.991595Z","level":"info","event":"Dag name:sprint1_r_train","logger":"task.stdout"}
{"timestamp":"2026-10-05T14:18:17.992051Z","level":"info","event":"::endgroup::","map_index":-1,"ti_id":"01a10c6d-d99d-78ea-9f0c-7a0427b5e3e6","run_id":"manual__2026-10-05T14:18:08.129229+00:00","dag_id":"sprint1_r_train","task_id":"split_data","try_number":1,"logger":"task","filename":"task_runner.py","lineno":2232}
{"timestamp":"2026-10-05T14:18:18.221214Z","level":"info","event":"Dataset shape: (7021, 18)","logger":"task.stdout"}
{"timestamp":"2026-10-05T14:18:18.664581Z","level":"info","event":"Train shape: (5265, 17)","logger":"task.stdout"}
{"timestamp":"2026-10-05T14:18:18.676588Z","level":"info","event":"Validation shape: (1756, 17)","logger":"task.stdout"}
{"timestamp":"2026-10-05T14:18:18.676957Z","level":"info","event":"Train target distribution:","logger":"task.stdout"}
{"timestamp":"2026-10-05T14:18:18.679882Z","level":"info","event":"target","logger":"task.stdout"}
{"timestamp":"2026-10-05T14:18:18.680055Z","level":"info","event":"0    0.735423","logger":"task.stdout"}
{"timestamp":"2026-10-05T14:18:18.680163Z","level":"info","event":"1    0.264577","logger":"task.stdout"}
{"timestamp":"2026-10-05T14:18:18.680377Z","level":"info","event":"Name: proportion, dtype: float64","logger":"task.stdout"}
{"timestamp":"2026-10-05T14:18:18.680631Z","level":"info","event":"Validation target distribution:","logger":"task.stdout"}
{"timestamp":"2026-10-05T14:18:18.696582Z","level":"info","event":"target","logger":"task.stdout"}
{"timestamp":"2026-10-05T14:18:18.696799Z","level":"info","event":"0    0.735763","logger":"task.stdout"}
{"timestamp":"2026-10-05T14:18:18.696939Z","level":"info","event":"1    0.264237","logger":"task.stdout"}
{"timestamp":"2026-10-05T14:18:18.697203Z","level":"info","event":"Name: proportion, dtype: float64","logger":"task.stdout"}
{"timestamp":"2026-10-05T14:18:18.820731Z","level":"info","event":"X_train saved: /opt/airflow/data/train/X_train.parquet","logger":"task.stdout"}
{"timestamp":"2026-10-05T14:18:18.821099Z","level":"info","event":"X_val saved: /opt/airflow/data/train/X_val.parquet","logger":"task.stdout"}
{"timestamp":"2026-10-05T14:18:18.821794Z","level":"info","event":"Done. Returned value was: {'x_train': '/opt/airflow/data/train/X_train.parquet', 'x_val': '/opt/airflow/data/train/X_val.parquet', 'y_train': '/opt/airflow/data/train/y_train.parquet', 'y_val': '/opt/airflow/data/train/y_val.parquet'}","map_index":-1,"ti_id":"01a10c6d-d99d-78ea-9f0c-7a0427b5e3e6","run_id":"manual__2026-10-05T14:18:08.129229+00:00","dag_id":"sprint1_r_train","task_id":"split_data","try_number":1,"logger":"airflow.task.operators.airflow.providers.standard.decorators.python._PythonDecoratedOperator","filename":"python.py","lineno":233}
{"timestamp":"2026-10-05T14:18:18.822466Z","level":"info","event":"::group::Post Execute","map_index":-1,"ti_id":"01a10c6d-d99d-78ea-9f0c-7a0427b5e3e6","run_id":"manual__2026-10-05T14:18:08.129229+00:00","dag_id":"sprint1_r_train","task_id":"split_data","try_number":1,"logger":"task","filename":"task_runner.py","lineno":1580}
{"timestamp":"2026-10-05T14:18:18.828687Z","level":"info","event":"Pushing xcom","ti":"RuntimeTaskInstance(id=UUID('01a10c6d-d99d-78ea-9f0c-7a0427b5e3e6'), task_id='split_data', dag_id='sprint1_r_train', run_id='manual__2026-10-05T14:18:08.129229+00:00', try_number=1, dag_version_id=UUID('01a10c50-eae4-7038-9f49-a40eb340b7d4'), map_index=-1, hostname='8b9e1f85ab10', context_carrier={'traceparent': '00-918eee2b80690b8a7232efe790e71e91-b374c8c19f6ba421-00'}, queue='default', task=<Task(_PythonDecoratedOperator): split_data>, bundle_instance=LocalDagBundle(name=dags-folder), max_tries=0, start_date=datetime.datetime(2026, 10, 5, 14, 18, 9, 92864, tzinfo=datetime.timezone.utc), end_date=None, state=<TaskInstanceState.RUNNING: 'running'>, is_mapped=False, rendered_map_index=None, sentry_integration='sentry_sdk.integrations.celery.CeleryIntegration')","map_index":-1,"ti_id":"01a10c6d-d99d-78ea-9f0c-7a0427b5e3e6","run_id":"manual__2026-10-05T14:18:08.129229+00:00","dag_id":"sprint1_r_train","task_id":"split_data","try_number":1,"logger":"task","filename":"task_runner.py","lineno":2280}
{"timestamp":"2026-10-05T14:18:19.352594Z","level":"info","event":"Task instance in success state","logger":"task.stdout"}
{"timestamp":"2026-10-05T14:18:19.352815Z","level":"info","event":" Previous state of the Task instance: TaskInstanceState.RUNNING","logger":"task.stdout"}
{"timestamp":"2026-10-05T14:18:19.352941Z","level":"info","event":"Task operator:<Task(_PythonDecoratedOperator): split_data>","logger":"task.stdout"}
{"timestamp":"2026-10-05T14:18:19.337105Z","level":"info","event":"::endgroup::","map_index":-1,"ti_id":"01a10c6d-d99d-78ea-9f0c-7a0427b5e3e6","run_id":"manual__2026-10-05T14:18:08.129229+00:00","dag_id":"sprint1_r_train","task_id":"split_data","try_number":1,"logger":"task","filename":"task_runner.py","lineno":2379}
