{"timestamp":"2026-10-05T13:43:59.725273Z","level":"info","event":"::group::Pre Execute","logger":"task","filename":"task_runner.py","lineno":2412}
{"timestamp":"2026-10-05T13:43:59.899072Z","level":"info","event":"DAG bundles loaded: dags-folder, example_dags, apache-airflow-providers-common-sql-example-dags, apache-airflow-providers-standard-example-dags","dag_id":"sprint1_r_train","try_number":1,"ti_id":"01a10c4e-8cd8-79f8-95ea-50c5a0dda30d","map_index":-1,"run_id":"manual__2026-10-05T13:43:56.872075+00:00","task_id":"train_model","logger":"airflow.dag_processing.bundles.manager.DagBundlesManager","filename":"manager.py","lineno":304}
{"timestamp":"2026-10-05T13:43:59.900539Z","level":"info","event":"Filling up the DagBag from /opt/airflow/dags/sprint1_r_train.py","dag_id":"sprint1_r_train","try_number":1,"ti_id":"01a10c4e-8cd8-79f8-95ea-50c5a0dda30d","map_index":-1,"run_id":"manual__2026-10-05T13:43:56.872075+00:00","task_id":"train_model","logger":"airflow.dag_processing.dagbag.BundleDagBag","filename":"dagbag.py","lineno":460}
{"timestamp":"2026-10-05T13:44:02.207632Z","level":"info","event":"Worker startup parse complete","bundle_name":"dags-folder","bundle_version":null,"dag_file":"sprint1_r_train.py","dag_id":"sprint1_r_train","bundle_prepare_ms":2,"dag_file_parse_ms":2307,"try_number":1,"ti_id":"01a10c4e-8cd8-79f8-95ea-50c5a0dda30d","map_index":-1,"run_id":"manual__2026-10-05T13:43:56.872075+00:00","task_id":"train_model","logger":"task","filename":"task_runner.py","lineno":1073}
{"timestamp":"2026-10-05T13:44:02.285610Z","level":"info","event":"Task instance is in running state","logger":"task.stdout"}
{"timestamp":"2026-10-05T13:44:02.285919Z","level":"info","event":" Previous state of the Task instance: TaskInstanceState.QUEUED","logger":"task.stdout"}
{"timestamp":"2026-10-05T13:44:02.286206Z","level":"info","event":"Current task name:train_model","logger":"task.stdout"}
{"timestamp":"2026-10-05T13:44:02.286432Z","level":"info","event":"Dag name:sprint1_r_train","logger":"task.stdout"}
{"timestamp":"2026-10-05T13:44:02.286401Z","level":"info","event":"::endgroup::","dag_id":"sprint1_r_train","try_number":1,"ti_id":"01a10c4e-8cd8-79f8-95ea-50c5a0dda30d","map_index":-1,"run_id":"manual__2026-10-05T13:43:56.872075+00:00","task_id":"train_model","logger":"task","filename":"task_runner.py","lineno":2232}
{"timestamp":"2026-10-05T13:44:02.383526Z","level":"info","event":"Categorical features:","logger":"task.stdout"}
{"timestamp":"2026-10-05T13:44:02.384110Z","level":"info","event":"['type', 'paperless_billing', 'payment_method', 'internet_service', 'online_security', 'online_backup', 'device_protection', 'tech_support', 'streaming_tv', 'streaming_movies', 'gender', 'partner', 'dependents', 'multiple_lines']","logger":"task.stdout"}
{"timestamp":"2026-10-05T13:44:02.384456Z","level":"info","event":"Model parameters:","logger":"task.stdout"}
{"timestamp":"2026-10-05T13:44:02.384786Z","level":"info","event":"{'iterations': 500, 'learning_rate': 0.05, 'depth': 6, 'loss_function': 'Logloss', 'eval_metric': 'AUC', 'auto_class_weights': 'Balanced', 'random_seed': 42, 'verbose': 0}","logger":"task.stdout"}
{"timestamp":"2026-10-05T13:44:18.683939Z","level":"info","event":"Model saved to: /opt/airflow/data/models/churn_catboost.cbm","logger":"task.stdout"}
{"timestamp":"2026-10-05T13:44:18.684391Z","level":"info","event":"Done. Returned value was: /opt/airflow/data/models/churn_catboost.cbm","dag_id":"sprint1_r_train","try_number":1,"ti_id":"01a10c4e-8cd8-79f8-95ea-50c5a0dda30d","map_index":-1,"run_id":"manual__2026-10-05T13:43:56.872075+00:00","task_id":"train_model","logger":"airflow.task.operators.airflow.providers.standard.decorators.python._PythonDecoratedOperator","filename":"python.py","lineno":233}
{"timestamp":"2026-10-05T13:44:18.684671Z","level":"info","event":"::group::Post Execute","dag_id":"sprint1_r_train","try_number":1,"ti_id":"01a10c4e-8cd8-79f8-95ea-50c5a0dda30d","map_index":-1,"run_id":"manual__2026-10-05T13:43:56.872075+00:00","task_id":"train_model","logger":"task","filename":"task_runner.py","lineno":1580}
{"timestamp":"2026-10-05T13:44:18.684943Z","level":"info","event":"Pushing xcom","ti":"RuntimeTaskInstance(id=UUID('01a10c4e-8cd8-79f8-95ea-50c5a0dda30d'), task_id='train_model', dag_id='sprint1_r_train', run_id='manual__2026-10-05T13:43:56.872075+00:00', try_number=1, dag_version_id=UUID('01a10c4c-b617-703e-b73c-c7f2684468c6'), map_index=-1, hostname='5d7a0707f3b2', context_carrier={'traceparent': '00-9840a4016e1cddae7d39b7c32c1aea4c-758f81cc4dc1a3b5-00'}, queue='default', task=<Task(_PythonDecoratedOperator): train_model>, bundle_instance=LocalDagBundle(name=dags-folder), max_tries=0, start_date=datetime.datetime(2026, 10, 5, 13, 43, 59, 719379, tzinfo=datetime.timezone.utc), end_date=None, state=<TaskInstanceState.RUNNING: 'running'>, is_mapped=False, rendered_map_index=None, sentry_integration='sentry_sdk.integrations.celery.CeleryIntegration')","dag_id":"sprint1_r_train","try_number":1,"ti_id":"01a10c4e-8cd8-79f8-95ea-50c5a0dda30d","map_index":-1,"run_id":"manual__2026-10-05T13:43:56.872075+00:00","task_id":"train_model","logger":"task","filename":"task_runner.py","lineno":2280}
{"timestamp":"2026-10-05T13:44:18.734839Z","level":"info","event":"Task instance in success state","logger":"task.stdout"}
{"timestamp":"2026-10-05T13:44:18.735601Z","level":"info","event":" Previous state of the Task instance: TaskInstanceState.RUNNING","logger":"task.stdout"}
{"timestamp":"2026-10-05T13:44:18.736463Z","level":"info","event":"Task operator:<Task(_PythonDecoratedOperator): train_model>","logger":"task.stdout"}
{"timestamp":"2026-10-05T13:44:18.736872Z","level":"info","event":"::endgroup::","dag_id":"sprint1_r_train","try_number":1,"ti_id":"01a10c4e-8cd8-79f8-95ea-50c5a0dda30d","map_index":-1,"run_id":"manual__2026-10-05T13:43:56.872075+00:00","task_id":"train_model","logger":"task","filename":"task_runner.py","lineno":2379}
