{"timestamp":"2026-10-05T14:10:00.691688Z","level":"info","event":"::group::Pre Execute","logger":"task","filename":"task_runner.py","lineno":2412}
{"timestamp":"2026-10-05T14:10:01.669069Z","level":"info","event":"DAG bundles loaded: dags-folder, example_dags, apache-airflow-providers-common-sql-example-dags, apache-airflow-providers-standard-example-dags","task_id":"train_model","map_index":-1,"try_number":1,"run_id":"manual__2026-10-05T14:09:49.811115+00:00","ti_id":"01a10c66-3f19-7724-8ebd-11eb5a1ca652","dag_id":"sprint1_r_train","logger":"airflow.dag_processing.bundles.manager.DagBundlesManager","filename":"manager.py","lineno":304}
{"timestamp":"2026-10-05T14:10:01.682047Z","level":"info","event":"Filling up the DagBag from /opt/airflow/dags/sprint1_r_train.py","task_id":"train_model","map_index":-1,"try_number":1,"run_id":"manual__2026-10-05T14:09:49.811115+00:00","ti_id":"01a10c66-3f19-7724-8ebd-11eb5a1ca652","dag_id":"sprint1_r_train","logger":"airflow.dag_processing.dagbag.BundleDagBag","filename":"dagbag.py","lineno":460}
{"timestamp":"2026-10-05T14:10:10.828746Z","level":"info","event":"Worker startup parse complete","bundle_name":"dags-folder","bundle_version":null,"dag_file":"sprint1_r_train.py","dag_id":"sprint1_r_train","bundle_prepare_ms":26,"dag_file_parse_ms":9146,"task_id":"train_model","map_index":-1,"try_number":1,"run_id":"manual__2026-10-05T14:09:49.811115+00:00","ti_id":"01a10c66-3f19-7724-8ebd-11eb5a1ca652","logger":"task","filename":"task_runner.py","lineno":1073}
{"timestamp":"2026-10-05T14:10:10.917135Z","level":"info","event":"Task instance is in running state","logger":"task.stdout"}
{"timestamp":"2026-10-05T14:10:10.917517Z","level":"info","event":" Previous state of the Task instance: TaskInstanceState.QUEUED","logger":"task.stdout"}
{"timestamp":"2026-10-05T14:10:10.919887Z","level":"info","event":"Current task name:train_model","logger":"task.stdout"}
{"timestamp":"2026-10-05T14:10:10.920187Z","level":"info","event":"Dag name:sprint1_r_train","logger":"task.stdout"}
{"timestamp":"2026-10-05T14:10:10.920707Z","level":"info","event":"::endgroup::","task_id":"train_model","map_index":-1,"try_number":1,"run_id":"manual__2026-10-05T14:09:49.811115+00:00","ti_id":"01a10c66-3f19-7724-8ebd-11eb5a1ca652","dag_id":"sprint1_r_train","logger":"task","filename":"task_runner.py","lineno":2232}
{"timestamp":"2026-10-05T14:10:11.019158Z","level":"info","event":"Categorical features:","logger":"task.stdout"}
{"timestamp":"2026-10-05T14:10:11.019556Z","level":"info","event":"['type', 'paperless_billing', 'payment_method', 'internet_service', 'online_security', 'online_backup', 'device_protection', 'tech_support', 'streaming_tv', 'streaming_movies', 'gender', 'partner', 'dependents', 'multiple_lines']","logger":"task.stdout"}
{"timestamp":"2026-10-05T14:10:11.019831Z","level":"info","event":"Model parameters:","logger":"task.stdout"}
{"timestamp":"2026-10-05T14:10:11.020088Z","level":"info","event":"{'iterations': 500, 'learning_rate': 0.05, 'depth': 6, 'loss_function': 'Logloss', 'eval_metric': 'AUC', 'auto_class_weights': 'Balanced', 'random_seed': 42, 'verbose': 0}","logger":"task.stdout"}
{"timestamp":"2026-10-05T14:10:25.470912Z","level":"info","event":"Model saved to: /opt/airflow/data/models/churn_catboost.cbm","logger":"task.stdout"}
{"timestamp":"2026-10-05T14:10:25.471853Z","level":"info","event":"Done. Returned value was: /opt/airflow/data/models/churn_catboost.cbm","task_id":"train_model","map_index":-1,"try_number":1,"run_id":"manual__2026-10-05T14:09:49.811115+00:00","ti_id":"01a10c66-3f19-7724-8ebd-11eb5a1ca652","dag_id":"sprint1_r_train","logger":"airflow.task.operators.airflow.providers.standard.decorators.python._PythonDecoratedOperator","filename":"python.py","lineno":233}
{"timestamp":"2026-10-05T14:10:25.472135Z","level":"info","event":"::group::Post Execute","task_id":"train_model","map_index":-1,"try_number":1,"run_id":"manual__2026-10-05T14:09:49.811115+00:00","ti_id":"01a10c66-3f19-7724-8ebd-11eb5a1ca652","dag_id":"sprint1_r_train","logger":"task","filename":"task_runner.py","lineno":1580}
{"timestamp":"2026-10-05T14:10:25.472603Z","level":"info","event":"Pushing xcom","ti":"RuntimeTaskInstance(id=UUID('01a10c66-3f19-7724-8ebd-11eb5a1ca652'), task_id='train_model', dag_id='sprint1_r_train', run_id='manual__2026-10-05T14:09:49.811115+00:00', try_number=1, dag_version_id=UUID('01a10c50-eae4-7038-9f49-a40eb340b7d4'), map_index=-1, hostname='8b9e1f85ab10', context_carrier={'traceparent': '00-32150cc5bbc337b25d594b0150aa981a-621469aa54758f61-00'}, queue='default', task=<Task(_PythonDecoratedOperator): train_model>, bundle_instance=LocalDagBundle(name=dags-folder), max_tries=0, start_date=datetime.datetime(2026, 10, 5, 14, 10, 0, 657206, tzinfo=datetime.timezone.utc), end_date=None, state=<TaskInstanceState.RUNNING: 'running'>, is_mapped=False, rendered_map_index=None, sentry_integration='sentry_sdk.integrations.celery.CeleryIntegration')","task_id":"train_model","map_index":-1,"try_number":1,"run_id":"manual__2026-10-05T14:09:49.811115+00:00","ti_id":"01a10c66-3f19-7724-8ebd-11eb5a1ca652","dag_id":"sprint1_r_train","logger":"task","filename":"task_runner.py","lineno":2280}
{"timestamp":"2026-10-05T14:10:25.512682Z","level":"info","event":"Task instance in success state","logger":"task.stdout"}
{"timestamp":"2026-10-05T14:10:25.512989Z","level":"info","event":" Previous state of the Task instance: TaskInstanceState.RUNNING","logger":"task.stdout"}
{"timestamp":"2026-10-05T14:10:25.513974Z","level":"info","event":"Task operator:<Task(_PythonDecoratedOperator): train_model>","logger":"task.stdout"}
{"timestamp":"2026-10-05T14:10:25.514005Z","level":"info","event":"::endgroup::","task_id":"train_model","map_index":-1,"try_number":1,"run_id":"manual__2026-10-05T14:09:49.811115+00:00","ti_id":"01a10c66-3f19-7724-8ebd-11eb5a1ca652","dag_id":"sprint1_r_train","logger":"task","filename":"task_runner.py","lineno":2379}
