{"timestamp":"2026-10-05T13:13:22.148428Z","level":"info","event":"::group::Pre Execute","logger":"task","filename":"task_runner.py","lineno":2412}
{"timestamp":"2026-10-05T13:13:22.269226Z","level":"info","event":"DAG bundles loaded: dags-folder, example_dags, apache-airflow-providers-common-sql-example-dags, apache-airflow-providers-standard-example-dags","try_number":1,"dag_id":"sprint1_r_train","ti_id":"01a10c32-84f6-7212-a5ba-f337a4fe1bab","map_index":-1,"run_id":"manual__2026-10-05T13:13:19.847130+00:00","task_id":"train_model","logger":"airflow.dag_processing.bundles.manager.DagBundlesManager","filename":"manager.py","lineno":304}
{"timestamp":"2026-10-05T13:13:22.270208Z","level":"info","event":"Filling up the DagBag from /opt/airflow/dags/sprint1_r_train.py","try_number":1,"dag_id":"sprint1_r_train","ti_id":"01a10c32-84f6-7212-a5ba-f337a4fe1bab","map_index":-1,"run_id":"manual__2026-10-05T13:13:19.847130+00:00","task_id":"train_model","logger":"airflow.dag_processing.dagbag.BundleDagBag","filename":"dagbag.py","lineno":460}
{"timestamp":"2026-10-05T13:13:23.937212Z","level":"info","event":"Worker startup parse complete","bundle_name":"dags-folder","bundle_version":null,"dag_file":"sprint1_r_train.py","dag_id":"sprint1_r_train","bundle_prepare_ms":2,"dag_file_parse_ms":1667,"try_number":1,"ti_id":"01a10c32-84f6-7212-a5ba-f337a4fe1bab","map_index":-1,"run_id":"manual__2026-10-05T13:13:19.847130+00:00","task_id":"train_model","logger":"task","filename":"task_runner.py","lineno":1073}
{"timestamp":"2026-10-05T13:13:23.981045Z","level":"info","event":"Task instance is in running state","logger":"task.stdout"}
{"timestamp":"2026-10-05T13:13:23.981263Z","level":"info","event":" Previous state of the Task instance: TaskInstanceState.QUEUED","logger":"task.stdout"}
{"timestamp":"2026-10-05T13:13:23.981491Z","level":"info","event":"Current task name:train_model","logger":"task.stdout"}
{"timestamp":"2026-10-05T13:13:23.981598Z","level":"info","event":"Dag name:sprint1_r_train","logger":"task.stdout"}
{"timestamp":"2026-10-05T13:13:23.981371Z","level":"info","event":"::endgroup::","try_number":1,"dag_id":"sprint1_r_train","ti_id":"01a10c32-84f6-7212-a5ba-f337a4fe1bab","map_index":-1,"run_id":"manual__2026-10-05T13:13:19.847130+00:00","task_id":"train_model","logger":"task","filename":"task_runner.py","lineno":2232}
{"timestamp":"2026-10-05T13:13:24.035013Z","level":"info","event":"Categorical features: ['type', 'paperless_billing', 'payment_method', 'internet_service', 'online_security', 'online_backup', 'device_protection', 'tech_support', 'streaming_tv', 'streaming_movies', 'gender', 'partner', 'dependents', 'multiple_lines']","logger":"task.stdout"}
{"timestamp":"2026-10-05T13:13:24.110416Z","level":"info","event":"0:\ttotal: 56.8ms\tremaining: 28.4s","logger":"task.stdout"}
{"timestamp":"2026-10-05T13:13:24.647735Z","level":"info","event":"100:\ttotal: 588ms\tremaining: 2.32s","logger":"task.stdout"}
{"timestamp":"2026-10-05T13:13:25.196890Z","level":"info","event":"200:\ttotal: 1.13s\tremaining: 1.68s","logger":"task.stdout"}
{"timestamp":"2026-10-05T13:13:26.056659Z","level":"info","event":"300:\ttotal: 1.98s\tremaining: 1.31s","logger":"task.stdout"}
{"timestamp":"2026-10-05T13:13:26.707061Z","level":"info","event":"400:\ttotal: 2.63s\tremaining: 648ms","logger":"task.stdout"}
{"timestamp":"2026-10-05T13:13:27.345589Z","level":"info","event":"499:\ttotal: 3.26s\tremaining: 0us","logger":"task.stdout"}
{"timestamp":"2026-10-05T13:13:27.375848Z","level":"info","event":"Model saved to: /opt/airflow/data/models/churn_catboost.cbm","logger":"task.stdout"}
{"timestamp":"2026-10-05T13:13:27.376416Z","level":"info","event":"Done. Returned value was: /opt/airflow/data/models/churn_catboost.cbm","try_number":1,"dag_id":"sprint1_r_train","ti_id":"01a10c32-84f6-7212-a5ba-f337a4fe1bab","map_index":-1,"run_id":"manual__2026-10-05T13:13:19.847130+00:00","task_id":"train_model","logger":"airflow.task.operators.airflow.providers.standard.decorators.python._PythonDecoratedOperator","filename":"python.py","lineno":233}
{"timestamp":"2026-10-05T13:13:27.376644Z","level":"info","event":"::group::Post Execute","try_number":1,"dag_id":"sprint1_r_train","ti_id":"01a10c32-84f6-7212-a5ba-f337a4fe1bab","map_index":-1,"run_id":"manual__2026-10-05T13:13:19.847130+00:00","task_id":"train_model","logger":"task","filename":"task_runner.py","lineno":1580}
{"timestamp":"2026-10-05T13:13:27.376841Z","level":"info","event":"Pushing xcom","ti":"RuntimeTaskInstance(id=UUID('01a10c32-84f6-7212-a5ba-f337a4fe1bab'), task_id='train_model', dag_id='sprint1_r_train', run_id='manual__2026-10-05T13:13:19.847130+00:00', try_number=1, dag_version_id=UUID('01a10c2b-5bf8-777c-93b4-838546a5099a'), map_index=-1, hostname='5d7a0707f3b2', context_carrier={'traceparent': '00-02e4514ee875abe61a8c57b26b50c2f3-3cd1de2ac922098a-00'}, queue='default', task=<Task(_PythonDecoratedOperator): train_model>, bundle_instance=LocalDagBundle(name=dags-folder), max_tries=0, start_date=datetime.datetime(2026, 10, 5, 13, 13, 22, 147149, tzinfo=datetime.timezone.utc), end_date=None, state=<TaskInstanceState.RUNNING: 'running'>, is_mapped=False, rendered_map_index=None, sentry_integration='sentry_sdk.integrations.celery.CeleryIntegration')","try_number":1,"dag_id":"sprint1_r_train","ti_id":"01a10c32-84f6-7212-a5ba-f337a4fe1bab","map_index":-1,"run_id":"manual__2026-10-05T13:13:19.847130+00:00","task_id":"train_model","logger":"task","filename":"task_runner.py","lineno":2280}
{"timestamp":"2026-10-05T13:13:27.406792Z","level":"info","event":"Task instance in success state","logger":"task.stdout"}
{"timestamp":"2026-10-05T13:13:27.406960Z","level":"info","event":" Previous state of the Task instance: TaskInstanceState.RUNNING","logger":"task.stdout"}
{"timestamp":"2026-10-05T13:13:27.407126Z","level":"info","event":"Task operator:<Task(_PythonDecoratedOperator): train_model>","logger":"task.stdout"}
{"timestamp":"2026-10-05T13:13:27.407146Z","level":"info","event":"::endgroup::","try_number":1,"dag_id":"sprint1_r_train","ti_id":"01a10c32-84f6-7212-a5ba-f337a4fe1bab","map_index":-1,"run_id":"manual__2026-10-05T13:13:19.847130+00:00","task_id":"train_model","logger":"task","filename":"task_runner.py","lineno":2379}
