{"timestamp":"2026-10-06T13:34:52.437653Z","level":"info","event":"::group::Pre Execute","logger":"task","filename":"task_runner.py","lineno":2412}
{"timestamp":"2026-10-06T13:34:52.686309Z","level":"info","event":"DAG bundles loaded: dags-folder, example_dags, apache-airflow-providers-common-sql-example-dags, apache-airflow-providers-standard-example-dags","map_index":-1,"dag_id":"sprint1_r_train","ti_id":"01a1116b-13cf-7761-a7a2-91d31d21d940","run_id":"manual__2026-10-06T13:33:12.500559+00:00","task_id":"log_and_register_model","try_number":1,"logger":"airflow.dag_processing.bundles.manager.DagBundlesManager","filename":"manager.py","lineno":304}
{"timestamp":"2026-10-06T13:34:52.688107Z","level":"info","event":"Filling up the DagBag from /opt/airflow/dags/sprint1_r_train.py","map_index":-1,"dag_id":"sprint1_r_train","ti_id":"01a1116b-13cf-7761-a7a2-91d31d21d940","run_id":"manual__2026-10-06T13:33:12.500559+00:00","task_id":"log_and_register_model","try_number":1,"logger":"airflow.dag_processing.dagbag.BundleDagBag","filename":"dagbag.py","lineno":460}
{"timestamp":"2026-10-06T13:34:54.907657Z","level":"info","event":"Worker startup parse complete","bundle_name":"dags-folder","bundle_version":null,"dag_file":"sprint1_r_train.py","dag_id":"sprint1_r_train","bundle_prepare_ms":11,"dag_file_parse_ms":2219,"map_index":-1,"ti_id":"01a1116b-13cf-7761-a7a2-91d31d21d940","run_id":"manual__2026-10-06T13:33:12.500559+00:00","task_id":"log_and_register_model","try_number":1,"logger":"task","filename":"task_runner.py","lineno":1073}
{"timestamp":"2026-10-06T13:34:54.972928Z","level":"info","event":"Task instance is in running state","logger":"task.stdout"}
{"timestamp":"2026-10-06T13:34:54.973141Z","level":"info","event":" Previous state of the Task instance: TaskInstanceState.QUEUED","logger":"task.stdout"}
{"timestamp":"2026-10-06T13:34:54.973350Z","level":"info","event":"Current task name:log_and_register_model","logger":"task.stdout"}
{"timestamp":"2026-10-06T13:34:54.973484Z","level":"info","event":"Dag name:sprint1_r_train","logger":"task.stdout"}
{"timestamp":"2026-10-06T13:34:54.973469Z","level":"info","event":"::endgroup::","map_index":-1,"dag_id":"sprint1_r_train","ti_id":"01a1116b-13cf-7761-a7a2-91d31d21d940","run_id":"manual__2026-10-06T13:33:12.500559+00:00","task_id":"log_and_register_model","try_number":1,"logger":"task","filename":"task_runner.py","lineno":2232}
{"timestamp":"2026-10-06T13:35:06.448012Z","level":"error","event":"Successfully registered model 'churn_model'.","logger":"task.stderr"}
{"timestamp":"2026-10-06T13:35:06.511541Z","level":"error","event":"2026/10/06 13:35:06 INFO mlflow.store.model_registry.abstract_store: Waiting up to 300 seconds for model version to finish creation. Model name: churn_model, version 1","logger":"task.stderr"}
{"timestamp":"2026-10-06T13:35:06.511974Z","level":"error","event":"Created version '1' of model 'churn_model'.","logger":"task.stderr"}
{"timestamp":"2026-10-06T13:35:06.601027Z","level":"info","event":"MLflow logging completed: catboost","logger":"task.stdout"}
{"timestamp":"2026-10-06T13:35:06.601334Z","level":"info","event":"Registered model: churn_model","logger":"task.stdout"}
{"timestamp":"2026-10-06T13:35:06.621523Z","level":"info","event":"🏃 View run catboost_best at: http://host.docker.internal:5000/#/experiments/4/runs/c5edda382b0440ccbbeb4b287ea1cea1","logger":"task.stdout"}
{"timestamp":"2026-10-06T13:35:06.621879Z","level":"info","event":"🧪 View experiment at: http://host.docker.internal:5000/#/experiments/4","logger":"task.stdout"}
{"timestamp":"2026-10-06T13:35:06.643622Z","level":"info","event":"Done. Returned value was: {'run_id': 'c5edda382b0440ccbbeb4b287ea1cea1', 'model_name': 'catboost', 'registered_model_name': 'churn_model'}","map_index":-1,"dag_id":"sprint1_r_train","ti_id":"01a1116b-13cf-7761-a7a2-91d31d21d940","run_id":"manual__2026-10-06T13:33:12.500559+00:00","task_id":"log_and_register_model","try_number":1,"logger":"airflow.task.operators.airflow.providers.standard.decorators.python._PythonDecoratedOperator","filename":"python.py","lineno":233}
{"timestamp":"2026-10-06T13:35:06.643849Z","level":"info","event":"::group::Post Execute","map_index":-1,"dag_id":"sprint1_r_train","ti_id":"01a1116b-13cf-7761-a7a2-91d31d21d940","run_id":"manual__2026-10-06T13:33:12.500559+00:00","task_id":"log_and_register_model","try_number":1,"logger":"task","filename":"task_runner.py","lineno":1580}
{"timestamp":"2026-10-06T13:35:06.644138Z","level":"info","event":"Pushing xcom","ti":"RuntimeTaskInstance(id=UUID('01a1116b-13cf-7761-a7a2-91d31d21d940'), task_id='log_and_register_model', dag_id='sprint1_r_train', run_id='manual__2026-10-06T13:33:12.500559+00:00', try_number=1, dag_version_id=UUID('01a1116a-d3fd-7773-a271-4c62a33dc851'), map_index=-1, hostname='0b0dce97fdb5', context_carrier={'traceparent': '00-fbf2373735f5cc88104b3f4929a5ed4b-c5dc753b793a7be3-00'}, queue='default', task=<Task(_PythonDecoratedOperator): log_and_register_model>, bundle_instance=LocalDagBundle(name=dags-folder), max_tries=0, start_date=datetime.datetime(2026, 10, 6, 13, 34, 52, 432389, tzinfo=datetime.timezone.utc), end_date=None, state=<TaskInstanceState.RUNNING: 'running'>, is_mapped=False, rendered_map_index=None, sentry_integration='sentry_sdk.integrations.celery.CeleryIntegration')","map_index":-1,"dag_id":"sprint1_r_train","ti_id":"01a1116b-13cf-7761-a7a2-91d31d21d940","run_id":"manual__2026-10-06T13:33:12.500559+00:00","task_id":"log_and_register_model","try_number":1,"logger":"task","filename":"task_runner.py","lineno":2280}
{"timestamp":"2026-10-06T13:35:06.732159Z","level":"info","event":"Task instance in success state","logger":"task.stdout"}
{"timestamp":"2026-10-06T13:35:06.732425Z","level":"info","event":" Previous state of the Task instance: TaskInstanceState.RUNNING","logger":"task.stdout"}
{"timestamp":"2026-10-06T13:35:06.732884Z","level":"info","event":"Task operator:<Task(_PythonDecoratedOperator): log_and_register_model>","logger":"task.stdout"}
{"timestamp":"2026-10-06T13:35:06.732687Z","level":"info","event":"::endgroup::","map_index":-1,"dag_id":"sprint1_r_train","ti_id":"01a1116b-13cf-7761-a7a2-91d31d21d940","run_id":"manual__2026-10-06T13:33:12.500559+00:00","task_id":"log_and_register_model","try_number":1,"logger":"task","filename":"task_runner.py","lineno":2379}
