{"timestamp":"2026-10-06T12:12:49.848899Z","level":"info","event":"::group::Pre Execute","logger":"task","filename":"task_runner.py","lineno":2412}
{"timestamp":"2026-10-06T12:12:50.024808Z","level":"info","event":"DAG bundles loaded: dags-folder, example_dags, apache-airflow-providers-common-sql-example-dags, apache-airflow-providers-standard-example-dags","task_id":"compare_cv_models","map_index":-1,"try_number":1,"dag_id":"sprint1_r_train","run_id":"manual__2026-10-06T12:07:25.005171+00:00","ti_id":"01a1111c-88ad-783b-8075-0e0f230c91c1","logger":"airflow.dag_processing.bundles.manager.DagBundlesManager","filename":"manager.py","lineno":304}
{"timestamp":"2026-10-06T12:12:50.025955Z","level":"info","event":"Filling up the DagBag from /opt/airflow/dags/sprint1_r_train.py","task_id":"compare_cv_models","map_index":-1,"try_number":1,"dag_id":"sprint1_r_train","run_id":"manual__2026-10-06T12:07:25.005171+00:00","ti_id":"01a1111c-88ad-783b-8075-0e0f230c91c1","logger":"airflow.dag_processing.dagbag.BundleDagBag","filename":"dagbag.py","lineno":460}
{"timestamp":"2026-10-06T12:12:51.891070Z","level":"info","event":"Worker startup parse complete","bundle_name":"dags-folder","bundle_version":null,"dag_file":"sprint1_r_train.py","dag_id":"sprint1_r_train","bundle_prepare_ms":2,"dag_file_parse_ms":1865,"task_id":"compare_cv_models","map_index":-1,"try_number":1,"run_id":"manual__2026-10-06T12:07:25.005171+00:00","ti_id":"01a1111c-88ad-783b-8075-0e0f230c91c1","logger":"task","filename":"task_runner.py","lineno":1073}
{"timestamp":"2026-10-06T12:12:51.979945Z","level":"info","event":"Task instance is in running state","logger":"task.stdout"}
{"timestamp":"2026-10-06T12:12:51.980350Z","level":"info","event":" Previous state of the Task instance: TaskInstanceState.QUEUED","logger":"task.stdout"}
{"timestamp":"2026-10-06T12:12:51.981222Z","level":"info","event":"Current task name:compare_cv_models","logger":"task.stdout"}
{"timestamp":"2026-10-06T12:12:51.981539Z","level":"info","event":"Dag name:sprint1_r_train","logger":"task.stdout"}
{"timestamp":"2026-10-06T12:12:51.982077Z","level":"info","event":"::endgroup::","task_id":"compare_cv_models","map_index":-1,"try_number":1,"dag_id":"sprint1_r_train","run_id":"manual__2026-10-06T12:07:25.005171+00:00","ti_id":"01a1111c-88ad-783b-8075-0e0f230c91c1","logger":"task","filename":"task_runner.py","lineno":2232}
{"timestamp":"2026-10-06T12:12:51.989763Z","level":"info","event":"","logger":"task.stdout"}
{"timestamp":"2026-10-06T12:12:51.990226Z","level":"info","event":"Cross-validation comparison:","logger":"task.stdout"}
{"timestamp":"2026-10-06T12:12:52.001522Z","level":"info","event":"   model   f1_std  f1_mean  pr_auc_std  recall_std  pr_auc_mean  recall_mean  roc_auc_std  roc_auc_mean  precision_std  precision_mean","logger":"task.stdout"}
{"timestamp":"2026-10-06T12:12:52.001852Z","level":"info","event":"catboost 0.033132 0.616695    0.033736    0.032046     0.650249     0.739421     0.022747      0.838590       0.037187        0.529431","logger":"task.stdout"}
{"timestamp":"2026-10-06T12:12:52.002048Z","level":"info","event":"lightgbm 0.023892 0.602739    0.031489    0.028363     0.613425     0.693481     0.022770      0.819646       0.025175        0.533299","logger":"task.stdout"}
{"timestamp":"2026-10-06T12:12:52.002520Z","level":"info","event":" xgboost 0.028748 0.595038    0.034576    0.031560     0.615402     0.666904     0.021856      0.818673       0.028915        0.537362","logger":"task.stdout"}
{"timestamp":"2026-10-06T12:12:52.007951Z","level":"info","event":"","logger":"task.stdout"}
{"timestamp":"2026-10-06T12:12:52.008462Z","level":"info","event":"Best CV model: catboost","logger":"task.stdout"}
{"timestamp":"2026-10-06T12:12:52.009031Z","level":"info","event":"Done. Returned value was: {'best_model': 'catboost', 'best_pr_auc': 0.6502493456389158, 'best_roc_auc': 0.8385899247260522, 'best_f1': 0.6166954254285937}","task_id":"compare_cv_models","map_index":-1,"try_number":1,"dag_id":"sprint1_r_train","run_id":"manual__2026-10-06T12:07:25.005171+00:00","ti_id":"01a1111c-88ad-783b-8075-0e0f230c91c1","logger":"airflow.task.operators.airflow.providers.standard.decorators.python._PythonDecoratedOperator","filename":"python.py","lineno":233}
{"timestamp":"2026-10-06T12:12:52.009712Z","level":"info","event":"::group::Post Execute","task_id":"compare_cv_models","map_index":-1,"try_number":1,"dag_id":"sprint1_r_train","run_id":"manual__2026-10-06T12:07:25.005171+00:00","ti_id":"01a1111c-88ad-783b-8075-0e0f230c91c1","logger":"task","filename":"task_runner.py","lineno":1580}
{"timestamp":"2026-10-06T12:12:52.010438Z","level":"info","event":"Pushing xcom","ti":"RuntimeTaskInstance(id=UUID('01a1111c-88ad-783b-8075-0e0f230c91c1'), task_id='compare_cv_models', dag_id='sprint1_r_train', run_id='manual__2026-10-06T12:07:25.005171+00:00', try_number=1, dag_version_id=UUID('01a11111-bc37-7964-829e-e9b22b212ab0'), map_index=-1, hostname='4007fe033237', context_carrier={'traceparent': '00-410fafad17a6d992eb104a674fdbf019-5dd1fc655eb48693-00'}, queue='default', task=<Task(_PythonDecoratedOperator): compare_cv_models>, bundle_instance=LocalDagBundle(name=dags-folder), max_tries=0, start_date=datetime.datetime(2026, 10, 6, 12, 12, 49, 867173, tzinfo=datetime.timezone.utc), end_date=None, state=<TaskInstanceState.RUNNING: 'running'>, is_mapped=False, rendered_map_index=None, sentry_integration='sentry_sdk.integrations.celery.CeleryIntegration')","task_id":"compare_cv_models","map_index":-1,"try_number":1,"dag_id":"sprint1_r_train","run_id":"manual__2026-10-06T12:07:25.005171+00:00","ti_id":"01a1111c-88ad-783b-8075-0e0f230c91c1","logger":"task","filename":"task_runner.py","lineno":2280}
{"timestamp":"2026-10-06T12:12:52.166615Z","level":"info","event":"Task instance in success state","logger":"task.stdout"}
{"timestamp":"2026-10-06T12:12:52.167190Z","level":"info","event":" Previous state of the Task instance: TaskInstanceState.RUNNING","logger":"task.stdout"}
{"timestamp":"2026-10-06T12:12:52.167441Z","level":"info","event":"Task operator:<Task(_PythonDecoratedOperator): compare_cv_models>","logger":"task.stdout"}
{"timestamp":"2026-10-06T12:12:52.165926Z","level":"info","event":"::endgroup::","task_id":"compare_cv_models","map_index":-1,"try_number":1,"dag_id":"sprint1_r_train","run_id":"manual__2026-10-06T12:07:25.005171+00:00","ti_id":"01a1111c-88ad-783b-8075-0e0f230c91c1","logger":"task","filename":"task_runner.py","lineno":2379}
