{"timestamp":"2026-10-05T13:11:28.505947Z","level":"info","event":"::group::Pre Execute","logger":"task","filename":"task_runner.py","lineno":2412}
{"timestamp":"2026-10-05T13:11:28.663902Z","level":"info","event":"DAG bundles loaded: dags-folder, example_dags, apache-airflow-providers-common-sql-example-dags, apache-airflow-providers-standard-example-dags","try_number":1,"dag_id":"sprint1_r_train","ti_id":"01a10c30-c55d-7721-ad9b-8a18167a5976","map_index":-1,"run_id":"manual__2026-10-05T13:11:25.262386+00:00","task_id":"train_model","logger":"airflow.dag_processing.bundles.manager.DagBundlesManager","filename":"manager.py","lineno":304}
{"timestamp":"2026-10-05T13:11:28.665044Z","level":"info","event":"Filling up the DagBag from /opt/airflow/dags/sprint1_r_train.py","try_number":1,"dag_id":"sprint1_r_train","ti_id":"01a10c30-c55d-7721-ad9b-8a18167a5976","map_index":-1,"run_id":"manual__2026-10-05T13:11:25.262386+00:00","task_id":"train_model","logger":"airflow.dag_processing.dagbag.BundleDagBag","filename":"dagbag.py","lineno":460}
{"timestamp":"2026-10-05T13:11:30.261440Z","level":"info","event":"Worker startup parse complete","bundle_name":"dags-folder","bundle_version":null,"dag_file":"sprint1_r_train.py","dag_id":"sprint1_r_train","bundle_prepare_ms":2,"dag_file_parse_ms":1596,"try_number":1,"ti_id":"01a10c30-c55d-7721-ad9b-8a18167a5976","map_index":-1,"run_id":"manual__2026-10-05T13:11:25.262386+00:00","task_id":"train_model","logger":"task","filename":"task_runner.py","lineno":1073}
{"timestamp":"2026-10-05T13:11:30.308527Z","level":"info","event":"Task instance is in running state","logger":"task.stdout"}
{"timestamp":"2026-10-05T13:11:30.308918Z","level":"info","event":" Previous state of the Task instance: TaskInstanceState.QUEUED","logger":"task.stdout"}
{"timestamp":"2026-10-05T13:11:30.309083Z","level":"info","event":"Current task name:train_model","logger":"task.stdout"}
{"timestamp":"2026-10-05T13:11:30.309239Z","level":"info","event":"Dag name:sprint1_r_train","logger":"task.stdout"}
{"timestamp":"2026-10-05T13:11:30.309062Z","level":"info","event":"::endgroup::","try_number":1,"dag_id":"sprint1_r_train","ti_id":"01a10c30-c55d-7721-ad9b-8a18167a5976","map_index":-1,"run_id":"manual__2026-10-05T13:11:25.262386+00:00","task_id":"train_model","logger":"task","filename":"task_runner.py","lineno":2232}
{"timestamp":"2026-10-05T13:11:30.362124Z","level":"info","event":"Categorical features: ['type', 'paperless_billing', 'payment_method', 'internet_service', 'online_security', 'online_backup', 'device_protection', 'tech_support', 'streaming_tv', 'streaming_movies', 'gender', 'partner', 'dependents', 'multiple_lines']","logger":"task.stdout"}
{"timestamp":"2026-10-05T13:11:30.440380Z","level":"info","event":"0:\ttotal: 56.5ms\tremaining: 28.2s","logger":"task.stdout"}
{"timestamp":"2026-10-05T13:11:31.428284Z","level":"info","event":"100:\ttotal: 1.04s\tremaining: 4.09s","logger":"task.stdout"}
{"timestamp":"2026-10-05T13:11:32.227160Z","level":"info","event":"200:\ttotal: 1.83s\tremaining: 2.72s","logger":"task.stdout"}
{"timestamp":"2026-10-05T13:11:33.228215Z","level":"info","event":"300:\ttotal: 2.82s\tremaining: 1.86s","logger":"task.stdout"}
{"timestamp":"2026-10-05T13:11:34.255198Z","level":"info","event":"400:\ttotal: 3.84s\tremaining: 947ms","logger":"task.stdout"}
{"timestamp":"2026-10-05T13:11:35.393877Z","level":"info","event":"499:\ttotal: 4.97s\tremaining: 0us","logger":"task.stdout"}
{"timestamp":"2026-10-05T13:11:35.424684Z","level":"info","event":"Model saved to: /opt/airflow/data/models/churn_catboost.cbm","logger":"task.stdout"}
{"timestamp":"2026-10-05T13:11:35.425230Z","level":"info","event":"Done. Returned value was: /opt/airflow/data/models/churn_catboost.cbm","try_number":1,"dag_id":"sprint1_r_train","ti_id":"01a10c30-c55d-7721-ad9b-8a18167a5976","map_index":-1,"run_id":"manual__2026-10-05T13:11:25.262386+00:00","task_id":"train_model","logger":"airflow.task.operators.airflow.providers.standard.decorators.python._PythonDecoratedOperator","filename":"python.py","lineno":233}
{"timestamp":"2026-10-05T13:11:35.425426Z","level":"info","event":"::group::Post Execute","try_number":1,"dag_id":"sprint1_r_train","ti_id":"01a10c30-c55d-7721-ad9b-8a18167a5976","map_index":-1,"run_id":"manual__2026-10-05T13:11:25.262386+00:00","task_id":"train_model","logger":"task","filename":"task_runner.py","lineno":1580}
{"timestamp":"2026-10-05T13:11:35.425612Z","level":"info","event":"Pushing xcom","ti":"RuntimeTaskInstance(id=UUID('01a10c30-c55d-7721-ad9b-8a18167a5976'), task_id='train_model', dag_id='sprint1_r_train', run_id='manual__2026-10-05T13:11:25.262386+00:00', try_number=1, dag_version_id=UUID('01a10c2b-5bf8-777c-93b4-838546a5099a'), map_index=-1, hostname='5d7a0707f3b2', context_carrier={'traceparent': '00-33bfc45382889b0b975832f2f696cde9-e7388291c76f7198-00'}, queue='default', task=<Task(_PythonDecoratedOperator): train_model>, bundle_instance=LocalDagBundle(name=dags-folder), max_tries=0, start_date=datetime.datetime(2026, 10, 5, 13, 11, 28, 501984, tzinfo=datetime.timezone.utc), end_date=None, state=<TaskInstanceState.RUNNING: 'running'>, is_mapped=False, rendered_map_index=None, sentry_integration='sentry_sdk.integrations.celery.CeleryIntegration')","try_number":1,"dag_id":"sprint1_r_train","ti_id":"01a10c30-c55d-7721-ad9b-8a18167a5976","map_index":-1,"run_id":"manual__2026-10-05T13:11:25.262386+00:00","task_id":"train_model","logger":"task","filename":"task_runner.py","lineno":2280}
{"timestamp":"2026-10-05T13:11:35.465073Z","level":"info","event":"Task instance in success state","logger":"task.stdout"}
{"timestamp":"2026-10-05T13:11:35.465281Z","level":"info","event":" Previous state of the Task instance: TaskInstanceState.RUNNING","logger":"task.stdout"}
{"timestamp":"2026-10-05T13:11:35.465476Z","level":"info","event":"Task operator:<Task(_PythonDecoratedOperator): train_model>","logger":"task.stdout"}
{"timestamp":"2026-10-05T13:11:35.465464Z","level":"info","event":"::endgroup::","try_number":1,"dag_id":"sprint1_r_train","ti_id":"01a10c30-c55d-7721-ad9b-8a18167a5976","map_index":-1,"run_id":"manual__2026-10-05T13:11:25.262386+00:00","task_id":"train_model","logger":"task","filename":"task_runner.py","lineno":2379}
