{"timestamp":"2026-10-05T13:02:13.463585Z","level":"info","event":"::group::Pre Execute","logger":"task","filename":"task_runner.py","lineno":2412}
{"timestamp":"2026-10-05T13:02:20.075088Z","level":"info","event":"DAG bundles loaded: dags-folder, example_dags, apache-airflow-providers-common-sql-example-dags, apache-airflow-providers-standard-example-dags","try_number":1,"run_id":"scheduled__2023-01-01T00:00:00+00:00","dag_id":"sprint1_r_train","map_index":-1,"ti_id":"01a10c28-554e-7f2a-af4f-eda44cd63793","task_id":"split_data","logger":"airflow.dag_processing.bundles.manager.DagBundlesManager","filename":"manager.py","lineno":304}
{"timestamp":"2026-10-05T13:02:20.076496Z","level":"info","event":"Filling up the DagBag from /opt/airflow/dags/sprint1_r_train.py","try_number":1,"run_id":"scheduled__2023-01-01T00:00:00+00:00","dag_id":"sprint1_r_train","map_index":-1,"ti_id":"01a10c28-554e-7f2a-af4f-eda44cd63793","task_id":"split_data","logger":"airflow.dag_processing.dagbag.BundleDagBag","filename":"dagbag.py","lineno":460}
{"timestamp":"2026-10-05T13:02:25.544735Z","level":"info","event":"Worker startup parse complete","bundle_name":"dags-folder","bundle_version":null,"dag_file":"sprint1_r_train.py","dag_id":"sprint1_r_train","bundle_prepare_ms":3,"dag_file_parse_ms":5468,"try_number":1,"run_id":"scheduled__2023-01-01T00:00:00+00:00","map_index":-1,"ti_id":"01a10c28-554e-7f2a-af4f-eda44cd63793","task_id":"split_data","logger":"task","filename":"task_runner.py","lineno":1073}
{"timestamp":"2026-10-05T13:02:25.593363Z","level":"info","event":"Task instance is in running state","logger":"task.stdout"}
{"timestamp":"2026-10-05T13:02:25.593587Z","level":"info","event":" Previous state of the Task instance: TaskInstanceState.QUEUED","logger":"task.stdout"}
{"timestamp":"2026-10-05T13:02:25.593748Z","level":"info","event":"Current task name:split_data","logger":"task.stdout"}
{"timestamp":"2026-10-05T13:02:25.593854Z","level":"info","event":"Dag name:sprint1_r_train","logger":"task.stdout"}
{"timestamp":"2026-10-05T13:02:25.593980Z","level":"info","event":"::endgroup::","try_number":1,"run_id":"scheduled__2023-01-01T00:00:00+00:00","dag_id":"sprint1_r_train","map_index":-1,"ti_id":"01a10c28-554e-7f2a-af4f-eda44cd63793","task_id":"split_data","logger":"task","filename":"task_runner.py","lineno":2232}
{"timestamp":"2026-10-05T13:02:25.711135Z","level":"info","event":"Dataset shape: (7021, 18)","logger":"task.stdout"}
{"timestamp":"2026-10-05T13:02:25.930521Z","level":"info","event":"Train shape: (5265, 17)","logger":"task.stdout"}
{"timestamp":"2026-10-05T13:02:25.930762Z","level":"info","event":"Validation shape: (1756, 17)","logger":"task.stdout"}
{"timestamp":"2026-10-05T13:02:25.930881Z","level":"info","event":"Train target distribution:","logger":"task.stdout"}
{"timestamp":"2026-10-05T13:02:25.931967Z","level":"info","event":"target","logger":"task.stdout"}
{"timestamp":"2026-10-05T13:02:25.932136Z","level":"info","event":"0    0.735423","logger":"task.stdout"}
{"timestamp":"2026-10-05T13:02:25.932269Z","level":"info","event":"1    0.264577","logger":"task.stdout"}
{"timestamp":"2026-10-05T13:02:25.932451Z","level":"info","event":"Name: proportion, dtype: float64","logger":"task.stdout"}
{"timestamp":"2026-10-05T13:02:25.932658Z","level":"info","event":"Validation target distribution:","logger":"task.stdout"}
{"timestamp":"2026-10-05T13:02:25.933215Z","level":"info","event":"target","logger":"task.stdout"}
{"timestamp":"2026-10-05T13:02:25.933388Z","level":"info","event":"0    0.735763","logger":"task.stdout"}
{"timestamp":"2026-10-05T13:02:25.933520Z","level":"info","event":"1    0.264237","logger":"task.stdout"}
{"timestamp":"2026-10-05T13:02:25.933727Z","level":"info","event":"Name: proportion, dtype: float64","logger":"task.stdout"}
{"timestamp":"2026-10-05T13:02:25.964565Z","level":"info","event":"Done. Returned value was: {'x_train': '/opt/airflow/data/train/X_train.parquet', 'x_val': '/opt/airflow/data/train/X_val.parquet', 'y_train': '/opt/airflow/data/train/y_train.parquet', 'y_val': '/opt/airflow/data/train/y_val.parquet'}","try_number":1,"run_id":"scheduled__2023-01-01T00:00:00+00:00","dag_id":"sprint1_r_train","map_index":-1,"ti_id":"01a10c28-554e-7f2a-af4f-eda44cd63793","task_id":"split_data","logger":"airflow.task.operators.airflow.providers.standard.decorators.python._PythonDecoratedOperator","filename":"python.py","lineno":233}
{"timestamp":"2026-10-05T13:02:25.964774Z","level":"info","event":"::group::Post Execute","try_number":1,"run_id":"scheduled__2023-01-01T00:00:00+00:00","dag_id":"sprint1_r_train","map_index":-1,"ti_id":"01a10c28-554e-7f2a-af4f-eda44cd63793","task_id":"split_data","logger":"task","filename":"task_runner.py","lineno":1580}
{"timestamp":"2026-10-05T13:02:25.965024Z","level":"info","event":"Pushing xcom","ti":"RuntimeTaskInstance(id=UUID('01a10c28-554e-7f2a-af4f-eda44cd63793'), task_id='split_data', dag_id='sprint1_r_train', run_id='scheduled__2023-01-01T00:00:00+00:00', try_number=1, dag_version_id=UUID('01a10c22-6d6f-7dea-a4f8-cc4f4cb46570'), map_index=-1, hostname='5d7a0707f3b2', context_carrier={'traceparent': '00-10bd1b4ee01d90fe09967e58a4c78668-f41041b5755ecdde-00'}, queue='default', task=<Task(_PythonDecoratedOperator): split_data>, bundle_instance=LocalDagBundle(name=dags-folder), max_tries=0, start_date=datetime.datetime(2026, 10, 5, 13, 2, 19, 835289, tzinfo=datetime.timezone.utc), end_date=None, state=<TaskInstanceState.RUNNING: 'running'>, is_mapped=False, rendered_map_index=None, sentry_integration='sentry_sdk.integrations.celery.CeleryIntegration')","try_number":1,"run_id":"scheduled__2023-01-01T00:00:00+00:00","dag_id":"sprint1_r_train","map_index":-1,"ti_id":"01a10c28-554e-7f2a-af4f-eda44cd63793","task_id":"split_data","logger":"task","filename":"task_runner.py","lineno":2280}
{"timestamp":"2026-10-05T13:02:26.198100Z","level":"info","event":"Task instance in success state","logger":"task.stdout"}
{"timestamp":"2026-10-05T13:02:26.198328Z","level":"info","event":" Previous state of the Task instance: TaskInstanceState.RUNNING","logger":"task.stdout"}
{"timestamp":"2026-10-05T13:02:26.199027Z","level":"info","event":"Task operator:<Task(_PythonDecoratedOperator): split_data>","logger":"task.stdout"}
{"timestamp":"2026-10-05T13:02:26.199051Z","level":"info","event":"::endgroup::","try_number":1,"run_id":"scheduled__2023-01-01T00:00:00+00:00","dag_id":"sprint1_r_train","map_index":-1,"ti_id":"01a10c28-554e-7f2a-af4f-eda44cd63793","task_id":"split_data","logger":"task","filename":"task_runner.py","lineno":2379}
