{"timestamp":"2026-10-02T13:52:15.901700Z","level":"info","event":"::group::Pre Execute","logger":"task","filename":"task_runner.py","lineno":2412}
{"timestamp":"2026-10-02T13:52:16.167494Z","level":"info","event":"DAG bundles loaded: dags-folder, example_dags, apache-airflow-providers-common-sql-example-dags, apache-airflow-providers-standard-example-dags","task_id":"load","try_number":1,"dag_id":"sprint1_r","map_index":-1,"ti_id":"01a0fce3-082c-7710-b5b7-67223f0227a3","run_id":"manual__2026-10-02T13:52:12.312928+00:00","logger":"airflow.dag_processing.bundles.manager.DagBundlesManager","filename":"manager.py","lineno":304}
{"timestamp":"2026-10-02T13:52:16.169242Z","level":"info","event":"Filling up the DagBag from /opt/airflow/dags/charn.py","task_id":"load","try_number":1,"dag_id":"sprint1_r","map_index":-1,"ti_id":"01a0fce3-082c-7710-b5b7-67223f0227a3","run_id":"manual__2026-10-02T13:52:12.312928+00:00","logger":"airflow.dag_processing.dagbag.BundleDagBag","filename":"dagbag.py","lineno":460}
{"timestamp":"2026-10-02T13:52:16.839596Z","level":"warning","event":"The `airflow.decorators.dag` attribute is deprecated. Please use `'airflow.sdk.dag'`.","category":"UserWarning","filename":"/opt/airflow/dags/charn.py","lineno":7,"task_id":"load","try_number":1,"dag_id":"sprint1_r","map_index":-1,"ti_id":"01a0fce3-082c-7710-b5b7-67223f0227a3","run_id":"manual__2026-10-02T13:52:12.312928+00:00","logger":"py.warnings"}
{"timestamp":"2026-10-02T13:52:16.840806Z","level":"warning","event":"The `airflow.decorators.task` attribute is deprecated. Please use `'airflow.sdk.task'`.","category":"UserWarning","filename":"/opt/airflow/dags/charn.py","lineno":7,"task_id":"load","try_number":1,"dag_id":"sprint1_r","map_index":-1,"ti_id":"01a0fce3-082c-7710-b5b7-67223f0227a3","run_id":"manual__2026-10-02T13:52:12.312928+00:00","logger":"py.warnings"}
{"timestamp":"2026-10-02T13:52:16.842100Z","level":"info","event":"Worker startup parse complete","bundle_name":"dags-folder","bundle_version":null,"dag_file":"charn.py","dag_id":"sprint1_r","bundle_prepare_ms":3,"dag_file_parse_ms":673,"task_id":"load","try_number":1,"map_index":-1,"ti_id":"01a0fce3-082c-7710-b5b7-67223f0227a3","run_id":"manual__2026-10-02T13:52:12.312928+00:00","logger":"task","filename":"task_runner.py","lineno":1073}
{"timestamp":"2026-10-02T13:52:16.895842Z","level":"info","event":"Task instance is in running state","logger":"task.stdout"}
{"timestamp":"2026-10-02T13:52:16.896292Z","level":"info","event":" Previous state of the Task instance: TaskInstanceState.QUEUED","logger":"task.stdout"}
{"timestamp":"2026-10-02T13:52:16.897125Z","level":"info","event":"Current task name:load","logger":"task.stdout"}
{"timestamp":"2026-10-02T13:52:16.897434Z","level":"info","event":"Dag name:sprint1_r","logger":"task.stdout"}
{"timestamp":"2026-10-02T13:52:16.897963Z","level":"info","event":"::endgroup::","task_id":"load","try_number":1,"dag_id":"sprint1_r","map_index":-1,"ti_id":"01a0fce3-082c-7710-b5b7-67223f0227a3","run_id":"manual__2026-10-02T13:52:12.312928+00:00","logger":"task","filename":"task_runner.py","lineno":2232}
{"timestamp":"2026-10-02T13:52:16.992503Z","level":"info","event":"Final dataset saved: /opt/airflow/data/users_churn_sprint1.parquet","logger":"task.stdout"}
{"timestamp":"2026-10-02T13:52:16.992965Z","level":"info","event":"Rows: 7043","logger":"task.stdout"}
{"timestamp":"2026-10-02T13:52:16.993646Z","level":"info","event":"Done. Returned value was: /opt/airflow/data/users_churn_sprint1.parquet","task_id":"load","try_number":1,"dag_id":"sprint1_r","map_index":-1,"ti_id":"01a0fce3-082c-7710-b5b7-67223f0227a3","run_id":"manual__2026-10-02T13:52:12.312928+00:00","logger":"airflow.task.operators.airflow.providers.standard.decorators.python._PythonDecoratedOperator","filename":"python.py","lineno":233}
{"timestamp":"2026-10-02T13:52:16.994393Z","level":"info","event":"::group::Post Execute","task_id":"load","try_number":1,"dag_id":"sprint1_r","map_index":-1,"ti_id":"01a0fce3-082c-7710-b5b7-67223f0227a3","run_id":"manual__2026-10-02T13:52:12.312928+00:00","logger":"task","filename":"task_runner.py","lineno":1580}
{"timestamp":"2026-10-02T13:52:16.995155Z","level":"info","event":"Pushing xcom","ti":"RuntimeTaskInstance(id=UUID('01a0fce3-082c-7710-b5b7-67223f0227a3'), task_id='load', dag_id='sprint1_r', run_id='manual__2026-10-02T13:52:12.312928+00:00', try_number=1, dag_version_id=UUID('01a0fcdc-99ae-78b7-8854-1990de31ab21'), map_index=-1, hostname='1deac5f99f09', context_carrier={'traceparent': '00-3bdf345d0ccb1052b6cfb9906eb39043-0645a94388372ccc-00'}, queue='default', task=<Task(_PythonDecoratedOperator): load>, bundle_instance=LocalDagBundle(name=dags-folder), max_tries=0, start_date=datetime.datetime(2026, 10, 2, 13, 52, 15, 959279, tzinfo=datetime.timezone.utc), end_date=None, state=<TaskInstanceState.RUNNING: 'running'>, is_mapped=False, rendered_map_index=None, sentry_integration='sentry_sdk.integrations.celery.CeleryIntegration')","task_id":"load","try_number":1,"dag_id":"sprint1_r","map_index":-1,"ti_id":"01a0fce3-082c-7710-b5b7-67223f0227a3","run_id":"manual__2026-10-02T13:52:12.312928+00:00","logger":"task","filename":"task_runner.py","lineno":2280}
{"timestamp":"2026-10-02T13:52:17.041218Z","level":"info","event":"Task instance in success state","logger":"task.stdout"}
{"timestamp":"2026-10-02T13:52:17.041669Z","level":"info","event":" Previous state of the Task instance: TaskInstanceState.RUNNING","logger":"task.stdout"}
{"timestamp":"2026-10-02T13:52:17.042531Z","level":"info","event":"Task operator:<Task(_PythonDecoratedOperator): load>","logger":"task.stdout"}
{"timestamp":"2026-10-02T13:52:17.042913Z","level":"info","event":"::endgroup::","task_id":"load","try_number":1,"dag_id":"sprint1_r","map_index":-1,"ti_id":"01a0fce3-082c-7710-b5b7-67223f0227a3","run_id":"manual__2026-10-02T13:52:12.312928+00:00","logger":"task","filename":"task_runner.py","lineno":2379}
