{"timestamp":"2026-10-05T13:11:26.264267Z","level":"info","event":"::group::Pre Execute","logger":"task","filename":"task_runner.py","lineno":2412}
{"timestamp":"2026-10-05T13:11:26.392596Z","level":"info","event":"DAG bundles loaded: dags-folder, example_dags, apache-airflow-providers-common-sql-example-dags, apache-airflow-providers-standard-example-dags","task_id":"split_data","run_id":"manual__2026-10-05T13:11:25.262386+00:00","ti_id":"01a10c30-c55c-7389-b84a-5f665fa93388","try_number":1,"dag_id":"sprint1_r_train","map_index":-1,"logger":"airflow.dag_processing.bundles.manager.DagBundlesManager","filename":"manager.py","lineno":304}
{"timestamp":"2026-10-05T13:11:26.393676Z","level":"info","event":"Filling up the DagBag from /opt/airflow/dags/sprint1_r_train.py","task_id":"split_data","run_id":"manual__2026-10-05T13:11:25.262386+00:00","ti_id":"01a10c30-c55c-7389-b84a-5f665fa93388","try_number":1,"dag_id":"sprint1_r_train","map_index":-1,"logger":"airflow.dag_processing.dagbag.BundleDagBag","filename":"dagbag.py","lineno":460}
{"timestamp":"2026-10-05T13:11:27.971453Z","level":"info","event":"Worker startup parse complete","bundle_name":"dags-folder","bundle_version":null,"dag_file":"sprint1_r_train.py","dag_id":"sprint1_r_train","bundle_prepare_ms":2,"dag_file_parse_ms":1577,"task_id":"split_data","run_id":"manual__2026-10-05T13:11:25.262386+00:00","ti_id":"01a10c30-c55c-7389-b84a-5f665fa93388","try_number":1,"map_index":-1,"logger":"task","filename":"task_runner.py","lineno":1073}
{"timestamp":"2026-10-05T13:11:27.993100Z","level":"info","event":"Task instance is in running state","logger":"task.stdout"}
{"timestamp":"2026-10-05T13:11:27.993364Z","level":"info","event":" Previous state of the Task instance: TaskInstanceState.QUEUED","logger":"task.stdout"}
{"timestamp":"2026-10-05T13:11:27.993899Z","level":"info","event":"Current task name:split_data","logger":"task.stdout"}
{"timestamp":"2026-10-05T13:11:27.994072Z","level":"info","event":"Dag name:sprint1_r_train","logger":"task.stdout"}
{"timestamp":"2026-10-05T13:11:27.994415Z","level":"info","event":"::endgroup::","task_id":"split_data","run_id":"manual__2026-10-05T13:11:25.262386+00:00","ti_id":"01a10c30-c55c-7389-b84a-5f665fa93388","try_number":1,"dag_id":"sprint1_r_train","map_index":-1,"logger":"task","filename":"task_runner.py","lineno":2232}
{"timestamp":"2026-10-05T13:11:28.032302Z","level":"info","event":"Dataset shape: (7021, 18)","logger":"task.stdout"}
{"timestamp":"2026-10-05T13:11:28.101239Z","level":"info","event":"Train shape: (5265, 17)","logger":"task.stdout"}
{"timestamp":"2026-10-05T13:11:28.101524Z","level":"info","event":"Validation shape: (1756, 17)","logger":"task.stdout"}
{"timestamp":"2026-10-05T13:11:28.101681Z","level":"info","event":"Train target distribution:","logger":"task.stdout"}
{"timestamp":"2026-10-05T13:11:28.103421Z","level":"info","event":"target","logger":"task.stdout"}
{"timestamp":"2026-10-05T13:11:28.103583Z","level":"info","event":"0    0.735423","logger":"task.stdout"}
{"timestamp":"2026-10-05T13:11:28.103698Z","level":"info","event":"1    0.264577","logger":"task.stdout"}
{"timestamp":"2026-10-05T13:11:28.103887Z","level":"info","event":"Name: proportion, dtype: float64","logger":"task.stdout"}
{"timestamp":"2026-10-05T13:11:28.104019Z","level":"info","event":"Validation target distribution:","logger":"task.stdout"}
{"timestamp":"2026-10-05T13:11:28.104785Z","level":"info","event":"target","logger":"task.stdout"}
{"timestamp":"2026-10-05T13:11:28.104895Z","level":"info","event":"0    0.735763","logger":"task.stdout"}
{"timestamp":"2026-10-05T13:11:28.104965Z","level":"info","event":"1    0.264237","logger":"task.stdout"}
{"timestamp":"2026-10-05T13:11:28.105108Z","level":"info","event":"Name: proportion, dtype: float64","logger":"task.stdout"}
{"timestamp":"2026-10-05T13:11:28.137119Z","level":"info","event":"Done. Returned value was: {'x_train': '/opt/airflow/data/train/X_train.parquet', 'x_val': '/opt/airflow/data/train/X_val.parquet', 'y_train': '/opt/airflow/data/train/y_train.parquet', 'y_val': '/opt/airflow/data/train/y_val.parquet'}","task_id":"split_data","run_id":"manual__2026-10-05T13:11:25.262386+00:00","ti_id":"01a10c30-c55c-7389-b84a-5f665fa93388","try_number":1,"dag_id":"sprint1_r_train","map_index":-1,"logger":"airflow.task.operators.airflow.providers.standard.decorators.python._PythonDecoratedOperator","filename":"python.py","lineno":233}
{"timestamp":"2026-10-05T13:11:28.137691Z","level":"info","event":"::group::Post Execute","task_id":"split_data","run_id":"manual__2026-10-05T13:11:25.262386+00:00","ti_id":"01a10c30-c55c-7389-b84a-5f665fa93388","try_number":1,"dag_id":"sprint1_r_train","map_index":-1,"logger":"task","filename":"task_runner.py","lineno":1580}
{"timestamp":"2026-10-05T13:11:28.138219Z","level":"info","event":"Pushing xcom","ti":"RuntimeTaskInstance(id=UUID('01a10c30-c55c-7389-b84a-5f665fa93388'), task_id='split_data', dag_id='sprint1_r_train', run_id='manual__2026-10-05T13:11:25.262386+00:00', try_number=1, dag_version_id=UUID('01a10c2b-5bf8-777c-93b4-838546a5099a'), map_index=-1, hostname='5d7a0707f3b2', context_carrier={'traceparent': '00-33bfc45382889b0b975832f2f696cde9-e7388291c76f7198-00'}, queue='default', task=<Task(_PythonDecoratedOperator): split_data>, bundle_instance=LocalDagBundle(name=dags-folder), max_tries=0, start_date=datetime.datetime(2026, 10, 5, 13, 11, 26, 265554, tzinfo=datetime.timezone.utc), end_date=None, state=<TaskInstanceState.RUNNING: 'running'>, is_mapped=False, rendered_map_index=None, sentry_integration='sentry_sdk.integrations.celery.CeleryIntegration')","task_id":"split_data","run_id":"manual__2026-10-05T13:11:25.262386+00:00","ti_id":"01a10c30-c55c-7389-b84a-5f665fa93388","try_number":1,"dag_id":"sprint1_r_train","map_index":-1,"logger":"task","filename":"task_runner.py","lineno":2280}
{"timestamp":"2026-10-05T13:11:28.226010Z","level":"info","event":"Task instance in success state","logger":"task.stdout"}
{"timestamp":"2026-10-05T13:11:28.226190Z","level":"info","event":" Previous state of the Task instance: TaskInstanceState.RUNNING","logger":"task.stdout"}
{"timestamp":"2026-10-05T13:11:28.226289Z","level":"info","event":"Task operator:<Task(_PythonDecoratedOperator): split_data>","logger":"task.stdout"}
{"timestamp":"2026-10-05T13:11:28.225209Z","level":"info","event":"::endgroup::","task_id":"split_data","run_id":"manual__2026-10-05T13:11:25.262386+00:00","ti_id":"01a10c30-c55c-7389-b84a-5f665fa93388","try_number":1,"dag_id":"sprint1_r_train","map_index":-1,"logger":"task","filename":"task_runner.py","lineno":2379}
