{"timestamp":"2026-10-06T12:07:26.276585Z","level":"info","event":"::group::Pre Execute","logger":"task","filename":"task_runner.py","lineno":2412}
{"timestamp":"2026-10-06T12:07:36.044430Z","level":"info","event":"DAG bundles loaded: dags-folder, example_dags, apache-airflow-providers-common-sql-example-dags, apache-airflow-providers-standard-example-dags","task_id":"split_data","ti_id":"01a1111c-88a9-7a43-9328-3586f009180b","try_number":1,"dag_id":"sprint1_r_train","map_index":-1,"run_id":"manual__2026-10-06T12:07:25.005171+00:00","logger":"airflow.dag_processing.bundles.manager.DagBundlesManager","filename":"manager.py","lineno":304}
{"timestamp":"2026-10-06T12:07:36.045662Z","level":"info","event":"Filling up the DagBag from /opt/airflow/dags/sprint1_r_train.py","task_id":"split_data","ti_id":"01a1111c-88a9-7a43-9328-3586f009180b","try_number":1,"dag_id":"sprint1_r_train","map_index":-1,"run_id":"manual__2026-10-06T12:07:25.005171+00:00","logger":"airflow.dag_processing.dagbag.BundleDagBag","filename":"dagbag.py","lineno":460}
{"timestamp":"2026-10-06T12:07:41.827937Z","level":"info","event":"Worker startup parse complete","bundle_name":"dags-folder","bundle_version":null,"dag_file":"sprint1_r_train.py","dag_id":"sprint1_r_train","bundle_prepare_ms":4,"dag_file_parse_ms":5782,"task_id":"split_data","ti_id":"01a1111c-88a9-7a43-9328-3586f009180b","try_number":1,"map_index":-1,"run_id":"manual__2026-10-06T12:07:25.005171+00:00","logger":"task","filename":"task_runner.py","lineno":1073}
{"timestamp":"2026-10-06T12:07:41.872100Z","level":"info","event":"Task instance is in running state","logger":"task.stdout"}
{"timestamp":"2026-10-06T12:07:41.872468Z","level":"info","event":" Previous state of the Task instance: TaskInstanceState.QUEUED","logger":"task.stdout"}
{"timestamp":"2026-10-06T12:07:41.873226Z","level":"info","event":"Current task name:split_data","logger":"task.stdout"}
{"timestamp":"2026-10-06T12:07:41.873498Z","level":"info","event":"Dag name:sprint1_r_train","logger":"task.stdout"}
{"timestamp":"2026-10-06T12:07:41.873935Z","level":"info","event":"::endgroup::","task_id":"split_data","ti_id":"01a1111c-88a9-7a43-9328-3586f009180b","try_number":1,"dag_id":"sprint1_r_train","map_index":-1,"run_id":"manual__2026-10-06T12:07:25.005171+00:00","logger":"task","filename":"task_runner.py","lineno":2232}
{"timestamp":"2026-10-06T12:07:42.120128Z","level":"info","event":"Dataset shape: (7021, 18)","logger":"task.stdout"}
{"timestamp":"2026-10-06T12:07:42.262945Z","level":"info","event":"Train shape: (5265, 17)","logger":"task.stdout"}
{"timestamp":"2026-10-06T12:07:42.263180Z","level":"info","event":"Validation shape: (1756, 17)","logger":"task.stdout"}
{"timestamp":"2026-10-06T12:07:42.263359Z","level":"info","event":"Train target distribution:","logger":"task.stdout"}
{"timestamp":"2026-10-06T12:07:42.268267Z","level":"info","event":"target","logger":"task.stdout"}
{"timestamp":"2026-10-06T12:07:42.268495Z","level":"info","event":"0    0.735423","logger":"task.stdout"}
{"timestamp":"2026-10-06T12:07:42.268617Z","level":"info","event":"1    0.264577","logger":"task.stdout"}
{"timestamp":"2026-10-06T12:07:42.268742Z","level":"info","event":"Name: proportion, dtype: float64","logger":"task.stdout"}
{"timestamp":"2026-10-06T12:07:42.268864Z","level":"info","event":"Validation target distribution:","logger":"task.stdout"}
{"timestamp":"2026-10-06T12:07:42.269735Z","level":"info","event":"target","logger":"task.stdout"}
{"timestamp":"2026-10-06T12:07:42.271621Z","level":"info","event":"0    0.735763","logger":"task.stdout"}
{"timestamp":"2026-10-06T12:07:42.272452Z","level":"info","event":"1    0.264237","logger":"task.stdout"}
{"timestamp":"2026-10-06T12:07:42.272707Z","level":"info","event":"Name: proportion, dtype: float64","logger":"task.stdout"}
{"timestamp":"2026-10-06T12:07:42.307121Z","level":"info","event":"X_train saved: /opt/airflow/data/train/X_train.parquet","logger":"task.stdout"}
{"timestamp":"2026-10-06T12:07:42.307341Z","level":"info","event":"X_val saved: /opt/airflow/data/train/X_val.parquet","logger":"task.stdout"}
{"timestamp":"2026-10-06T12:07:42.307486Z","level":"info","event":"Done. Returned value was: {'x_train': '/opt/airflow/data/train/X_train.parquet', 'x_val': '/opt/airflow/data/train/X_val.parquet', 'y_train': '/opt/airflow/data/train/y_train.parquet', 'y_val': '/opt/airflow/data/train/y_val.parquet'}","task_id":"split_data","ti_id":"01a1111c-88a9-7a43-9328-3586f009180b","try_number":1,"dag_id":"sprint1_r_train","map_index":-1,"run_id":"manual__2026-10-06T12:07:25.005171+00:00","logger":"airflow.task.operators.airflow.providers.standard.decorators.python._PythonDecoratedOperator","filename":"python.py","lineno":233}
{"timestamp":"2026-10-06T12:07:42.307779Z","level":"info","event":"::group::Post Execute","task_id":"split_data","ti_id":"01a1111c-88a9-7a43-9328-3586f009180b","try_number":1,"dag_id":"sprint1_r_train","map_index":-1,"run_id":"manual__2026-10-06T12:07:25.005171+00:00","logger":"task","filename":"task_runner.py","lineno":1580}
{"timestamp":"2026-10-06T12:07:42.308121Z","level":"info","event":"Pushing xcom","ti":"RuntimeTaskInstance(id=UUID('01a1111c-88a9-7a43-9328-3586f009180b'), task_id='split_data', dag_id='sprint1_r_train', run_id='manual__2026-10-06T12:07:25.005171+00:00', try_number=1, dag_version_id=UUID('01a11111-bc37-7964-829e-e9b22b212ab0'), map_index=-1, hostname='4007fe033237', context_carrier={'traceparent': '00-410fafad17a6d992eb104a674fdbf019-5dd1fc655eb48693-00'}, queue='default', task=<Task(_PythonDecoratedOperator): split_data>, bundle_instance=LocalDagBundle(name=dags-folder), max_tries=0, start_date=datetime.datetime(2026, 10, 6, 12, 7, 35, 787600, tzinfo=datetime.timezone.utc), end_date=None, state=<TaskInstanceState.RUNNING: 'running'>, is_mapped=False, rendered_map_index=None, sentry_integration='sentry_sdk.integrations.celery.CeleryIntegration')","task_id":"split_data","ti_id":"01a1111c-88a9-7a43-9328-3586f009180b","try_number":1,"dag_id":"sprint1_r_train","map_index":-1,"run_id":"manual__2026-10-06T12:07:25.005171+00:00","logger":"task","filename":"task_runner.py","lineno":2280}
{"timestamp":"2026-10-06T12:07:42.475849Z","level":"info","event":"Task instance in success state","logger":"task.stdout"}
{"timestamp":"2026-10-06T12:07:42.476052Z","level":"info","event":" Previous state of the Task instance: TaskInstanceState.RUNNING","logger":"task.stdout"}
{"timestamp":"2026-10-06T12:07:42.476182Z","level":"info","event":"Task operator:<Task(_PythonDecoratedOperator): split_data>","logger":"task.stdout"}
{"timestamp":"2026-10-06T12:07:42.475100Z","level":"info","event":"::endgroup::","task_id":"split_data","ti_id":"01a1111c-88a9-7a43-9328-3586f009180b","try_number":1,"dag_id":"sprint1_r_train","map_index":-1,"run_id":"manual__2026-10-06T12:07:25.005171+00:00","logger":"task","filename":"task_runner.py","lineno":2379}
