{"timestamp":"2026-10-06T08:20:54.924119Z","level":"info","event":"::group::Pre Execute","logger":"task","filename":"task_runner.py","lineno":2412}
{"timestamp":"2026-10-06T08:21:01.071511Z","level":"info","event":"DAG bundles loaded: dags-folder, example_dags, apache-airflow-providers-common-sql-example-dags, apache-airflow-providers-standard-example-dags","dag_id":"sprint1_r_train","map_index":-1,"ti_id":"01a1104d-2383-780a-8422-bc15c64e8ead","task_id":"split_data","run_id":"manual__2026-10-06T08:20:53.214640+00:00","try_number":1,"logger":"airflow.dag_processing.bundles.manager.DagBundlesManager","filename":"manager.py","lineno":304}
{"timestamp":"2026-10-06T08:21:01.072573Z","level":"info","event":"Filling up the DagBag from /opt/airflow/dags/sprint1_r_train.py","dag_id":"sprint1_r_train","map_index":-1,"ti_id":"01a1104d-2383-780a-8422-bc15c64e8ead","task_id":"split_data","run_id":"manual__2026-10-06T08:20:53.214640+00:00","try_number":1,"logger":"airflow.dag_processing.dagbag.BundleDagBag","filename":"dagbag.py","lineno":460}
{"timestamp":"2026-10-06T08:21:06.044408Z","level":"info","event":"Worker startup parse complete","bundle_name":"dags-folder","bundle_version":null,"dag_file":"sprint1_r_train.py","dag_id":"sprint1_r_train","bundle_prepare_ms":2,"dag_file_parse_ms":4972,"map_index":-1,"ti_id":"01a1104d-2383-780a-8422-bc15c64e8ead","task_id":"split_data","run_id":"manual__2026-10-06T08:20:53.214640+00:00","try_number":1,"logger":"task","filename":"task_runner.py","lineno":1073}
{"timestamp":"2026-10-06T08:21:06.087573Z","level":"info","event":"Task instance is in running state","logger":"task.stdout"}
{"timestamp":"2026-10-06T08:21:06.087778Z","level":"info","event":" Previous state of the Task instance: TaskInstanceState.QUEUED","logger":"task.stdout"}
{"timestamp":"2026-10-06T08:21:06.087899Z","level":"info","event":"Current task name:split_data","logger":"task.stdout"}
{"timestamp":"2026-10-06T08:21:06.087972Z","level":"info","event":"Dag name:sprint1_r_train","logger":"task.stdout"}
{"timestamp":"2026-10-06T08:21:06.088089Z","level":"info","event":"::endgroup::","dag_id":"sprint1_r_train","map_index":-1,"ti_id":"01a1104d-2383-780a-8422-bc15c64e8ead","task_id":"split_data","run_id":"manual__2026-10-06T08:20:53.214640+00:00","try_number":1,"logger":"task","filename":"task_runner.py","lineno":2232}
{"timestamp":"2026-10-06T08:21:06.357444Z","level":"info","event":"Dataset shape: (7021, 18)","logger":"task.stdout"}
{"timestamp":"2026-10-06T08:21:06.626428Z","level":"info","event":"Train shape: (5265, 17)","logger":"task.stdout"}
{"timestamp":"2026-10-06T08:21:06.626627Z","level":"info","event":"Validation shape: (1756, 17)","logger":"task.stdout"}
{"timestamp":"2026-10-06T08:21:06.626746Z","level":"info","event":"Train target distribution:","logger":"task.stdout"}
{"timestamp":"2026-10-06T08:21:06.629757Z","level":"info","event":"target","logger":"task.stdout"}
{"timestamp":"2026-10-06T08:21:06.629920Z","level":"info","event":"0    0.735423","logger":"task.stdout"}
{"timestamp":"2026-10-06T08:21:06.630022Z","level":"info","event":"1    0.264577","logger":"task.stdout"}
{"timestamp":"2026-10-06T08:21:06.630113Z","level":"info","event":"Name: proportion, dtype: float64","logger":"task.stdout"}
{"timestamp":"2026-10-06T08:21:06.630206Z","level":"info","event":"Validation target distribution:","logger":"task.stdout"}
{"timestamp":"2026-10-06T08:21:06.630848Z","level":"info","event":"target","logger":"task.stdout"}
{"timestamp":"2026-10-06T08:21:06.630979Z","level":"info","event":"0    0.735763","logger":"task.stdout"}
{"timestamp":"2026-10-06T08:21:06.631074Z","level":"info","event":"1    0.264237","logger":"task.stdout"}
{"timestamp":"2026-10-06T08:21:06.631167Z","level":"info","event":"Name: proportion, dtype: float64","logger":"task.stdout"}
{"timestamp":"2026-10-06T08:21:06.754438Z","level":"info","event":"X_train saved: /opt/airflow/data/train/X_train.parquet","logger":"task.stdout"}
{"timestamp":"2026-10-06T08:21:06.754651Z","level":"info","event":"X_val saved: /opt/airflow/data/train/X_val.parquet","logger":"task.stdout"}
{"timestamp":"2026-10-06T08:21:06.754783Z","level":"info","event":"Done. Returned value was: {'x_train': '/opt/airflow/data/train/X_train.parquet', 'x_val': '/opt/airflow/data/train/X_val.parquet', 'y_train': '/opt/airflow/data/train/y_train.parquet', 'y_val': '/opt/airflow/data/train/y_val.parquet'}","dag_id":"sprint1_r_train","map_index":-1,"ti_id":"01a1104d-2383-780a-8422-bc15c64e8ead","task_id":"split_data","run_id":"manual__2026-10-06T08:20:53.214640+00:00","try_number":1,"logger":"airflow.task.operators.airflow.providers.standard.decorators.python._PythonDecoratedOperator","filename":"python.py","lineno":233}
{"timestamp":"2026-10-06T08:21:06.755016Z","level":"info","event":"::group::Post Execute","dag_id":"sprint1_r_train","map_index":-1,"ti_id":"01a1104d-2383-780a-8422-bc15c64e8ead","task_id":"split_data","run_id":"manual__2026-10-06T08:20:53.214640+00:00","try_number":1,"logger":"task","filename":"task_runner.py","lineno":1580}
{"timestamp":"2026-10-06T08:21:06.755267Z","level":"info","event":"Pushing xcom","ti":"RuntimeTaskInstance(id=UUID('01a1104d-2383-780a-8422-bc15c64e8ead'), task_id='split_data', dag_id='sprint1_r_train', run_id='manual__2026-10-06T08:20:53.214640+00:00', try_number=1, dag_version_id=UUID('01a10c8e-1354-7f9c-a0e6-b8326decbed9'), map_index=-1, hostname='4007fe033237', context_carrier={'traceparent': '00-ff9a0794f3cc33766eefd46d185c3cdf-1cecc4ad03b150ab-00'}, queue='default', task=<Task(_PythonDecoratedOperator): split_data>, bundle_instance=LocalDagBundle(name=dags-folder), max_tries=0, start_date=datetime.datetime(2026, 10, 6, 8, 21, 0, 949738, tzinfo=datetime.timezone.utc), end_date=None, state=<TaskInstanceState.RUNNING: 'running'>, is_mapped=False, rendered_map_index=None, sentry_integration='sentry_sdk.integrations.celery.CeleryIntegration')","dag_id":"sprint1_r_train","map_index":-1,"ti_id":"01a1104d-2383-780a-8422-bc15c64e8ead","task_id":"split_data","run_id":"manual__2026-10-06T08:20:53.214640+00:00","try_number":1,"logger":"task","filename":"task_runner.py","lineno":2280}
{"timestamp":"2026-10-06T08:21:06.909367Z","level":"info","event":"Task instance in success state","logger":"task.stdout"}
{"timestamp":"2026-10-06T08:21:06.909664Z","level":"info","event":" Previous state of the Task instance: TaskInstanceState.RUNNING","logger":"task.stdout"}
{"timestamp":"2026-10-06T08:21:06.910015Z","level":"info","event":"Task operator:<Task(_PythonDecoratedOperator): split_data>","logger":"task.stdout"}
{"timestamp":"2026-10-06T08:21:06.910030Z","level":"info","event":"::endgroup::","dag_id":"sprint1_r_train","map_index":-1,"ti_id":"01a1104d-2383-780a-8422-bc15c64e8ead","task_id":"split_data","run_id":"manual__2026-10-06T08:20:53.214640+00:00","try_number":1,"logger":"task","filename":"task_runner.py","lineno":2379}
