{"timestamp":"2026-10-02T13:52:13.511390Z","level":"info","event":"::group::Pre Execute","logger":"task","filename":"task_runner.py","lineno":2412}
{"timestamp":"2026-10-02T13:52:13.705551Z","level":"info","event":"DAG bundles loaded: dags-folder, example_dags, apache-airflow-providers-common-sql-example-dags, apache-airflow-providers-standard-example-dags","run_id":"manual__2026-10-02T13:52:12.312928+00:00","task_id":"extract","dag_id":"sprint1_r","ti_id":"01a0fce3-082a-708e-b110-e3fe02da87bf","map_index":-1,"try_number":1,"logger":"airflow.dag_processing.bundles.manager.DagBundlesManager","filename":"manager.py","lineno":304}
{"timestamp":"2026-10-02T13:52:13.706690Z","level":"info","event":"Filling up the DagBag from /opt/airflow/dags/charn.py","run_id":"manual__2026-10-02T13:52:12.312928+00:00","task_id":"extract","dag_id":"sprint1_r","ti_id":"01a0fce3-082a-708e-b110-e3fe02da87bf","map_index":-1,"try_number":1,"logger":"airflow.dag_processing.dagbag.BundleDagBag","filename":"dagbag.py","lineno":460}
{"timestamp":"2026-10-02T13:52:14.180936Z","level":"warning","event":"The `airflow.decorators.dag` attribute is deprecated. Please use `'airflow.sdk.dag'`.","category":"UserWarning","filename":"/opt/airflow/dags/charn.py","lineno":7,"run_id":"manual__2026-10-02T13:52:12.312928+00:00","task_id":"extract","dag_id":"sprint1_r","ti_id":"01a0fce3-082a-708e-b110-e3fe02da87bf","map_index":-1,"try_number":1,"logger":"py.warnings"}
{"timestamp":"2026-10-02T13:52:14.181235Z","level":"warning","event":"The `airflow.decorators.task` attribute is deprecated. Please use `'airflow.sdk.task'`.","category":"UserWarning","filename":"/opt/airflow/dags/charn.py","lineno":7,"run_id":"manual__2026-10-02T13:52:12.312928+00:00","task_id":"extract","dag_id":"sprint1_r","ti_id":"01a0fce3-082a-708e-b110-e3fe02da87bf","map_index":-1,"try_number":1,"logger":"py.warnings"}
{"timestamp":"2026-10-02T13:52:14.182076Z","level":"info","event":"Worker startup parse complete","bundle_name":"dags-folder","bundle_version":null,"dag_file":"charn.py","dag_id":"sprint1_r","bundle_prepare_ms":2,"dag_file_parse_ms":475,"run_id":"manual__2026-10-02T13:52:12.312928+00:00","task_id":"extract","ti_id":"01a0fce3-082a-708e-b110-e3fe02da87bf","map_index":-1,"try_number":1,"logger":"task","filename":"task_runner.py","lineno":1073}
{"timestamp":"2026-10-02T13:52:14.202795Z","level":"info","event":"Task instance is in running state","logger":"task.stdout"}
{"timestamp":"2026-10-02T13:52:14.203000Z","level":"info","event":" Previous state of the Task instance: TaskInstanceState.QUEUED","logger":"task.stdout"}
{"timestamp":"2026-10-02T13:52:14.203212Z","level":"info","event":"Current task name:extract","logger":"task.stdout"}
{"timestamp":"2026-10-02T13:52:14.203341Z","level":"info","event":"Dag name:sprint1_r","logger":"task.stdout"}
{"timestamp":"2026-10-02T13:52:14.203268Z","level":"info","event":"::endgroup::","run_id":"manual__2026-10-02T13:52:12.312928+00:00","task_id":"extract","dag_id":"sprint1_r","ti_id":"01a0fce3-082a-708e-b110-e3fe02da87bf","map_index":-1,"try_number":1,"logger":"task","filename":"task_runner.py","lineno":2232}
{"timestamp":"2026-10-02T13:52:14.370571Z","level":"info","event":"Raw dataset saved: /opt/airflow/data/raw/users_churn_raw.parquet","logger":"task.stdout"}
{"timestamp":"2026-10-02T13:52:14.370808Z","level":"info","event":"Rows: 7043","logger":"task.stdout"}
{"timestamp":"2026-10-02T13:52:14.370775Z","level":"info","event":"Done. Returned value was: /opt/airflow/data/raw/users_churn_raw.parquet","run_id":"manual__2026-10-02T13:52:12.312928+00:00","task_id":"extract","dag_id":"sprint1_r","ti_id":"01a0fce3-082a-708e-b110-e3fe02da87bf","map_index":-1,"try_number":1,"logger":"airflow.task.operators.airflow.providers.standard.decorators.python._PythonDecoratedOperator","filename":"python.py","lineno":233}
{"timestamp":"2026-10-02T13:52:14.371028Z","level":"info","event":"::group::Post Execute","run_id":"manual__2026-10-02T13:52:12.312928+00:00","task_id":"extract","dag_id":"sprint1_r","ti_id":"01a0fce3-082a-708e-b110-e3fe02da87bf","map_index":-1,"try_number":1,"logger":"task","filename":"task_runner.py","lineno":1580}
{"timestamp":"2026-10-02T13:52:14.371317Z","level":"info","event":"Pushing xcom","ti":"RuntimeTaskInstance(id=UUID('01a0fce3-082a-708e-b110-e3fe02da87bf'), task_id='extract', dag_id='sprint1_r', run_id='manual__2026-10-02T13:52:12.312928+00:00', try_number=1, dag_version_id=UUID('01a0fcdc-99ae-78b7-8854-1990de31ab21'), map_index=-1, hostname='1deac5f99f09', context_carrier={'traceparent': '00-3bdf345d0ccb1052b6cfb9906eb39043-0645a94388372ccc-00'}, queue='default', task=<Task(_PythonDecoratedOperator): extract>, bundle_instance=LocalDagBundle(name=dags-folder), max_tries=0, start_date=datetime.datetime(2026, 10, 2, 13, 52, 13, 525658, tzinfo=datetime.timezone.utc), end_date=None, state=<TaskInstanceState.RUNNING: 'running'>, is_mapped=False, rendered_map_index=None, sentry_integration='sentry_sdk.integrations.celery.CeleryIntegration')","run_id":"manual__2026-10-02T13:52:12.312928+00:00","task_id":"extract","dag_id":"sprint1_r","ti_id":"01a0fce3-082a-708e-b110-e3fe02da87bf","map_index":-1,"try_number":1,"logger":"task","filename":"task_runner.py","lineno":2280}
{"timestamp":"2026-10-02T13:52:14.401653Z","level":"info","event":"Task instance in success state","logger":"task.stdout"}
{"timestamp":"2026-10-02T13:52:14.401857Z","level":"info","event":" Previous state of the Task instance: TaskInstanceState.RUNNING","logger":"task.stdout"}
{"timestamp":"2026-10-02T13:52:14.402167Z","level":"info","event":"Task operator:<Task(_PythonDecoratedOperator): extract>","logger":"task.stdout"}
{"timestamp":"2026-10-02T13:52:14.402220Z","level":"info","event":"::endgroup::","run_id":"manual__2026-10-02T13:52:12.312928+00:00","task_id":"extract","dag_id":"sprint1_r","ti_id":"01a0fce3-082a-708e-b110-e3fe02da87bf","map_index":-1,"try_number":1,"logger":"task","filename":"task_runner.py","lineno":2379}
