{"timestamp":"2026-10-05T12:42:17.041680Z","level":"info","event":"::group::Pre Execute","logger":"task","filename":"task_runner.py","lineno":2412}
{"timestamp":"2026-10-05T12:42:17.183220Z","level":"info","event":"DAG bundles loaded: dags-folder, example_dags, apache-airflow-providers-common-sql-example-dags, apache-airflow-providers-standard-example-dags","task_id":"load","ti_id":"01a10c15-eecf-7bab-b768-59d3d97c9177","try_number":1,"map_index":-1,"run_id":"manual__2026-10-05T12:42:06.382223+00:00","dag_id":"sprint1_r","logger":"airflow.dag_processing.bundles.manager.DagBundlesManager","filename":"manager.py","lineno":304}
{"timestamp":"2026-10-05T12:42:17.184429Z","level":"info","event":"Filling up the DagBag from /opt/airflow/dags/charn.py","task_id":"load","ti_id":"01a10c15-eecf-7bab-b768-59d3d97c9177","try_number":1,"map_index":-1,"run_id":"manual__2026-10-05T12:42:06.382223+00:00","dag_id":"sprint1_r","logger":"airflow.dag_processing.dagbag.BundleDagBag","filename":"dagbag.py","lineno":460}
{"timestamp":"2026-10-05T12:42:17.712393Z","level":"warning","event":"The `airflow.decorators.dag` attribute is deprecated. Please use `'airflow.sdk.dag'`.","category":"UserWarning","filename":"/opt/airflow/dags/charn.py","lineno":7,"task_id":"load","ti_id":"01a10c15-eecf-7bab-b768-59d3d97c9177","try_number":1,"map_index":-1,"run_id":"manual__2026-10-05T12:42:06.382223+00:00","dag_id":"sprint1_r","logger":"py.warnings"}
{"timestamp":"2026-10-05T12:42:17.712744Z","level":"warning","event":"The `airflow.decorators.task` attribute is deprecated. Please use `'airflow.sdk.task'`.","category":"UserWarning","filename":"/opt/airflow/dags/charn.py","lineno":7,"task_id":"load","ti_id":"01a10c15-eecf-7bab-b768-59d3d97c9177","try_number":1,"map_index":-1,"run_id":"manual__2026-10-05T12:42:06.382223+00:00","dag_id":"sprint1_r","logger":"py.warnings"}
{"timestamp":"2026-10-05T12:42:17.713502Z","level":"info","event":"Worker startup parse complete","bundle_name":"dags-folder","bundle_version":null,"dag_file":"charn.py","dag_id":"sprint1_r","bundle_prepare_ms":2,"dag_file_parse_ms":529,"task_id":"load","ti_id":"01a10c15-eecf-7bab-b768-59d3d97c9177","try_number":1,"map_index":-1,"run_id":"manual__2026-10-05T12:42:06.382223+00:00","logger":"task","filename":"task_runner.py","lineno":1073}
{"timestamp":"2026-10-05T12:42:17.754201Z","level":"info","event":"Task instance is in running state","logger":"task.stdout"}
{"timestamp":"2026-10-05T12:42:17.754480Z","level":"info","event":" Previous state of the Task instance: TaskInstanceState.QUEUED","logger":"task.stdout"}
{"timestamp":"2026-10-05T12:42:17.754744Z","level":"info","event":"Current task name:load","logger":"task.stdout"}
{"timestamp":"2026-10-05T12:42:17.754919Z","level":"info","event":"Dag name:sprint1_r","logger":"task.stdout"}
{"timestamp":"2026-10-05T12:42:17.754675Z","level":"info","event":"::endgroup::","task_id":"load","ti_id":"01a10c15-eecf-7bab-b768-59d3d97c9177","try_number":1,"map_index":-1,"run_id":"manual__2026-10-05T12:42:06.382223+00:00","dag_id":"sprint1_r","logger":"task","filename":"task_runner.py","lineno":2232}
{"timestamp":"2026-10-05T12:42:17.834005Z","level":"info","event":"Final dataset saved: /opt/airflow/data/users_churn_sprint1.parquet","logger":"task.stdout"}
{"timestamp":"2026-10-05T12:42:17.834374Z","level":"info","event":"Rows: 7043","logger":"task.stdout"}
{"timestamp":"2026-10-05T12:42:17.834869Z","level":"info","event":"Done. Returned value was: /opt/airflow/data/users_churn_sprint1.parquet","task_id":"load","ti_id":"01a10c15-eecf-7bab-b768-59d3d97c9177","try_number":1,"map_index":-1,"run_id":"manual__2026-10-05T12:42:06.382223+00:00","dag_id":"sprint1_r","logger":"airflow.task.operators.airflow.providers.standard.decorators.python._PythonDecoratedOperator","filename":"python.py","lineno":233}
{"timestamp":"2026-10-05T12:42:17.835488Z","level":"info","event":"::group::Post Execute","task_id":"load","ti_id":"01a10c15-eecf-7bab-b768-59d3d97c9177","try_number":1,"map_index":-1,"run_id":"manual__2026-10-05T12:42:06.382223+00:00","dag_id":"sprint1_r","logger":"task","filename":"task_runner.py","lineno":1580}
{"timestamp":"2026-10-05T12:42:17.836238Z","level":"info","event":"Pushing xcom","ti":"RuntimeTaskInstance(id=UUID('01a10c15-eecf-7bab-b768-59d3d97c9177'), task_id='load', dag_id='sprint1_r', run_id='manual__2026-10-05T12:42:06.382223+00:00', try_number=1, dag_version_id=UUID('01a0fcdc-99ae-78b7-8854-1990de31ab21'), map_index=-1, hostname='d1cfd5b9f4be', context_carrier={'traceparent': '00-fadb24e86c666aa3d4547185e4fefffb-c75baa4607fab4bf-00'}, queue='default', task=<Task(_PythonDecoratedOperator): load>, bundle_instance=LocalDagBundle(name=dags-folder), max_tries=0, start_date=datetime.datetime(2026, 10, 5, 12, 42, 17, 45472, tzinfo=datetime.timezone.utc), end_date=None, state=<TaskInstanceState.RUNNING: 'running'>, is_mapped=False, rendered_map_index=None, sentry_integration='sentry_sdk.integrations.celery.CeleryIntegration')","task_id":"load","ti_id":"01a10c15-eecf-7bab-b768-59d3d97c9177","try_number":1,"map_index":-1,"run_id":"manual__2026-10-05T12:42:06.382223+00:00","dag_id":"sprint1_r","logger":"task","filename":"task_runner.py","lineno":2280}
{"timestamp":"2026-10-05T12:42:17.881937Z","level":"info","event":"Task instance in success state","logger":"task.stdout"}
{"timestamp":"2026-10-05T12:42:17.882281Z","level":"info","event":" Previous state of the Task instance: TaskInstanceState.RUNNING","logger":"task.stdout"}
{"timestamp":"2026-10-05T12:42:17.882989Z","level":"info","event":"Task operator:<Task(_PythonDecoratedOperator): load>","logger":"task.stdout"}
{"timestamp":"2026-10-05T12:42:17.883270Z","level":"info","event":"::endgroup::","task_id":"load","ti_id":"01a10c15-eecf-7bab-b768-59d3d97c9177","try_number":1,"map_index":-1,"run_id":"manual__2026-10-05T12:42:06.382223+00:00","dag_id":"sprint1_r","logger":"task","filename":"task_runner.py","lineno":2379}
