{"timestamp":"2026-10-06T12:49:45.493637Z","level":"info","event":"::group::Pre Execute","logger":"task","filename":"task_runner.py","lineno":2412}
{"timestamp":"2026-10-06T12:49:46.311898Z","level":"info","event":"DAG bundles loaded: dags-folder, example_dags, apache-airflow-providers-common-sql-example-dags, apache-airflow-providers-standard-example-dags","task_id":"train_lightgbm","run_id":"manual__2026-10-06T12:49:34.482227+00:00","ti_id":"01a11143-2142-7ea2-b596-943e63844e0d","dag_id":"sprint1_r_train","try_number":1,"map_index":-1,"logger":"airflow.dag_processing.bundles.manager.DagBundlesManager","filename":"manager.py","lineno":304}
{"timestamp":"2026-10-06T12:49:46.337472Z","level":"info","event":"Filling up the DagBag from /opt/airflow/dags/sprint1_r_train.py","task_id":"train_lightgbm","run_id":"manual__2026-10-06T12:49:34.482227+00:00","ti_id":"01a11143-2142-7ea2-b596-943e63844e0d","dag_id":"sprint1_r_train","try_number":1,"map_index":-1,"logger":"airflow.dag_processing.dagbag.BundleDagBag","filename":"dagbag.py","lineno":460}
{"timestamp":"2026-10-06T12:49:58.422786Z","level":"info","event":"Worker startup parse complete","bundle_name":"dags-folder","bundle_version":null,"dag_file":"sprint1_r_train.py","dag_id":"sprint1_r_train","bundle_prepare_ms":27,"dag_file_parse_ms":12085,"task_id":"train_lightgbm","run_id":"manual__2026-10-06T12:49:34.482227+00:00","ti_id":"01a11143-2142-7ea2-b596-943e63844e0d","try_number":1,"map_index":-1,"logger":"task","filename":"task_runner.py","lineno":1073}
{"timestamp":"2026-10-06T12:49:58.520106Z","level":"info","event":"Task instance is in running state","logger":"task.stdout"}
{"timestamp":"2026-10-06T12:49:58.520600Z","level":"info","event":" Previous state of the Task instance: TaskInstanceState.QUEUED","logger":"task.stdout"}
{"timestamp":"2026-10-06T12:49:58.521504Z","level":"info","event":"Current task name:train_lightgbm","logger":"task.stdout"}
{"timestamp":"2026-10-06T12:49:58.521814Z","level":"info","event":"Dag name:sprint1_r_train","logger":"task.stdout"}
{"timestamp":"2026-10-06T12:49:58.522332Z","level":"info","event":"::endgroup::","task_id":"train_lightgbm","run_id":"manual__2026-10-06T12:49:34.482227+00:00","ti_id":"01a11143-2142-7ea2-b596-943e63844e0d","dag_id":"sprint1_r_train","try_number":1,"map_index":-1,"logger":"task","filename":"task_runner.py","lineno":2232}
{"timestamp":"2026-10-06T12:50:00.087503Z","level":"info","event":"[LightGBM] [Info] Number of positive: 1393, number of negative: 3872","logger":"task.stdout"}
{"timestamp":"2026-10-06T12:50:00.302127Z","level":"info","event":"[LightGBM] [Info] Auto-choosing row-wise multi-threading, the overhead of testing was 0.109778 seconds.","logger":"task.stdout"}
{"timestamp":"2026-10-06T12:50:00.302349Z","level":"info","event":"You can set `force_row_wise=true` to remove the overhead.","logger":"task.stdout"}
{"timestamp":"2026-10-06T12:50:00.303407Z","level":"info","event":"And if memory is not enough, you can set `force_col_wise=true`.","logger":"task.stdout"}
{"timestamp":"2026-10-06T12:50:00.304384Z","level":"info","event":"[LightGBM] [Info] Total Bins 557","logger":"task.stdout"}
{"timestamp":"2026-10-06T12:50:00.320410Z","level":"info","event":"[LightGBM] [Info] Number of data points in the train set: 5265, number of used features: 17","logger":"task.stdout"}
{"timestamp":"2026-10-06T12:50:00.450134Z","level":"info","event":"[LightGBM] [Info] [binary:BoostFromScore]: pavg=0.500000 -> initscore=-0.000000","logger":"task.stdout"}
{"timestamp":"2026-10-06T12:50:00.543488Z","level":"info","event":"[LightGBM] [Info] Start training from score -0.000000","logger":"task.stdout"}
{"timestamp":"2026-10-06T12:50:09.899450Z","level":"info","event":"[LightGBM] [Warning] No further splits with positive gain, best gain: -inf","logger":"task.stdout"}
{"timestamp":"2026-10-06T12:50:09.977721Z","level":"info","event":"[LightGBM] [Warning] No further splits with positive gain, best gain: -inf","logger":"task.stdout"}
{"timestamp":"2026-10-06T12:50:10.348147Z","level":"info","event":"[LightGBM] [Warning] No further splits with positive gain, best gain: -inf","logger":"task.stdout"}
{"timestamp":"2026-10-06T12:50:10.349872Z","level":"info","event":"[LightGBM] [Warning] No further splits with positive gain, best gain: -inf","logger":"task.stdout"}
{"timestamp":"2026-10-06T12:50:10.442545Z","level":"info","event":"[LightGBM] [Warning] No further splits with positive gain, best gain: -inf","logger":"task.stdout"}
{"timestamp":"2026-10-06T12:50:10.443903Z","level":"info","event":"[LightGBM] [Warning] No further splits with positive gain, best gain: -inf","logger":"task.stdout"}
{"timestamp":"2026-10-06T12:50:10.511425Z","level":"info","event":"[LightGBM] [Warning] No further splits with positive gain, best gain: -inf","logger":"task.stdout"}
{"timestamp":"2026-10-06T12:50:10.517437Z","level":"info","event":"[LightGBM] [Warning] No further splits with positive gain, best gain: -inf","logger":"task.stdout"}
{"timestamp":"2026-10-06T12:50:13.189679Z","level":"info","event":"[LightGBM] [Warning] No further splits with positive gain, best gain: -inf","logger":"task.stdout"}
{"timestamp":"2026-10-06T12:50:13.204094Z","level":"info","event":"[LightGBM] [Warning] No further splits with positive gain, best gain: -inf","logger":"task.stdout"}
{"timestamp":"2026-10-06T12:50:13.273719Z","level":"info","event":"[LightGBM] [Warning] No further splits with positive gain, best gain: -inf","logger":"task.stdout"}
{"timestamp":"2026-10-06T12:50:13.295713Z","level":"info","event":"[LightGBM] [Warning] No further splits with positive gain, best gain: -inf","logger":"task.stdout"}
{"timestamp":"2026-10-06T12:50:14.249358Z","level":"info","event":"[LightGBM] [Warning] No further splits with positive gain, best gain: -inf","logger":"task.stdout"}
{"timestamp":"2026-10-06T12:50:14.251958Z","level":"info","event":"[LightGBM] [Warning] No further splits with positive gain, best gain: -inf","logger":"task.stdout"}
{"timestamp":"2026-10-06T12:50:14.278212Z","level":"info","event":"[LightGBM] [Warning] No further splits with positive gain, best gain: -inf","logger":"task.stdout"}
{"timestamp":"2026-10-06T12:50:14.612916Z","level":"info","event":"[LightGBM] [Warning] No further splits with positive gain, best gain: -inf","logger":"task.stdout"}
{"timestamp":"2026-10-06T12:50:14.615036Z","level":"info","event":"[LightGBM] [Warning] No further splits with positive gain, best gain: -inf","logger":"task.stdout"}
{"timestamp":"2026-10-06T12:50:14.634115Z","level":"info","event":"[LightGBM] [Warning] No further splits with positive gain, best gain: -inf","logger":"task.stdout"}
{"timestamp":"2026-10-06T12:50:14.636065Z","level":"info","event":"[LightGBM] [Warning] No further splits with positive gain, best gain: -inf","logger":"task.stdout"}
{"timestamp":"2026-10-06T12:50:15.410323Z","level":"info","event":"[LightGBM] [Warning] No further splits with positive gain, best gain: -inf","logger":"task.stdout"}
{"timestamp":"2026-10-06T12:50:15.566552Z","level":"info","event":"[LightGBM] [Warning] No further splits with positive gain, best gain: -inf","logger":"task.stdout"}
{"timestamp":"2026-10-06T12:50:16.272077Z","level":"info","event":"[LightGBM] [Warning] No further splits with positive gain, best gain: -inf","logger":"task.stdout"}
{"timestamp":"2026-10-06T12:50:17.559339Z","level":"info","event":"[LightGBM] [Warning] No further splits with positive gain, best gain: -inf","logger":"task.stdout"}
{"timestamp":"2026-10-06T12:50:17.605047Z","level":"info","event":"[LightGBM] [Warning] No further splits with positive gain, best gain: -inf","logger":"task.stdout"}
{"timestamp":"2026-10-06T12:50:17.607162Z","level":"info","event":"[LightGBM] [Warning] No further splits with positive gain, best gain: -inf","logger":"task.stdout"}
{"timestamp":"2026-10-06T12:50:17.608132Z","level":"info","event":"[LightGBM] [Warning] No further splits with positive gain, best gain: -inf","logger":"task.stdout"}
{"timestamp":"2026-10-06T12:50:17.608919Z","level":"info","event":"[LightGBM] [Warning] No further splits with positive gain, best gain: -inf","logger":"task.stdout"}
{"timestamp":"2026-10-06T12:50:17.841037Z","level":"info","event":"[LightGBM] [Warning] No further splits with positive gain, best gain: -inf","logger":"task.stdout"}
{"timestamp":"2026-10-06T12:50:17.842895Z","level":"info","event":"[LightGBM] [Warning] No further splits with positive gain, best gain: -inf","logger":"task.stdout"}
{"timestamp":"2026-10-06T12:50:17.908506Z","level":"info","event":"[LightGBM] [Warning] No further splits with positive gain, best gain: -inf","logger":"task.stdout"}
{"timestamp":"2026-10-06T12:50:17.910415Z","level":"info","event":"[LightGBM] [Warning] No further splits with positive gain, best gain: -inf","logger":"task.stdout"}
{"timestamp":"2026-10-06T12:50:17.911426Z","level":"info","event":"[LightGBM] [Warning] No further splits with positive gain, best gain: -inf","logger":"task.stdout"}
{"timestamp":"2026-10-06T12:50:17.935209Z","level":"info","event":"[LightGBM] [Warning] No further splits with positive gain, best gain: -inf","logger":"task.stdout"}
{"timestamp":"2026-10-06T12:50:17.947222Z","level":"info","event":"[LightGBM] [Warning] No further splits with positive gain, best gain: -inf","logger":"task.stdout"}
{"timestamp":"2026-10-06T12:50:18.370070Z","level":"info","event":"[LightGBM] [Warning] No further splits with positive gain, best gain: -inf","logger":"task.stdout"}
{"timestamp":"2026-10-06T12:50:19.068982Z","level":"info","event":"[LightGBM] [Warning] No further splits with positive gain, best gain: -inf","logger":"task.stdout"}
{"timestamp":"2026-10-06T12:50:19.069946Z","level":"info","event":"[LightGBM] [Warning] No further splits with positive gain, best gain: -inf","logger":"task.stdout"}
{"timestamp":"2026-10-06T12:50:19.242885Z","level":"info","event":"[LightGBM] [Warning] No further splits with positive gain, best gain: -inf","logger":"task.stdout"}
{"timestamp":"2026-10-06T12:50:19.243135Z","level":"info","event":"[LightGBM] [Warning] No further splits with positive gain, best gain: -inf","logger":"task.stdout"}
{"timestamp":"2026-10-06T12:50:19.243240Z","level":"info","event":"[LightGBM] [Warning] No further splits with positive gain, best gain: -inf","logger":"task.stdout"}
{"timestamp":"2026-10-06T12:50:19.490495Z","level":"info","event":"[LightGBM] [Warning] No further splits with positive gain, best gain: -inf","logger":"task.stdout"}
{"timestamp":"2026-10-06T12:50:19.505148Z","level":"info","event":"[LightGBM] [Warning] No further splits with positive gain, best gain: -inf","logger":"task.stdout"}
{"timestamp":"2026-10-06T12:50:20.552660Z","level":"info","event":"[LightGBM] [Warning] No further splits with positive gain, best gain: -inf","logger":"task.stdout"}
{"timestamp":"2026-10-06T12:50:20.553609Z","level":"info","event":"[LightGBM] [Warning] No further splits with positive gain, best gain: -inf","logger":"task.stdout"}
{"timestamp":"2026-10-06T12:50:20.554477Z","level":"info","event":"[LightGBM] [Warning] No further splits with positive gain, best gain: -inf","logger":"task.stdout"}
{"timestamp":"2026-10-06T12:50:20.556818Z","level":"info","event":"[LightGBM] [Warning] No further splits with positive gain, best gain: -inf","logger":"task.stdout"}
{"timestamp":"2026-10-06T12:50:20.588991Z","level":"info","event":"[LightGBM] [Warning] No further splits with positive gain, best gain: -inf","logger":"task.stdout"}
{"timestamp":"2026-10-06T12:50:20.690000Z","level":"info","event":"[LightGBM] [Warning] No further splits with positive gain, best gain: -inf","logger":"task.stdout"}
{"timestamp":"2026-10-06T12:50:20.691213Z","level":"info","event":"[LightGBM] [Warning] No further splits with positive gain, best gain: -inf","logger":"task.stdout"}
{"timestamp":"2026-10-06T12:50:20.769666Z","level":"info","event":"[LightGBM] [Warning] No further splits with positive gain, best gain: -inf","logger":"task.stdout"}
{"timestamp":"2026-10-06T12:50:20.770193Z","level":"info","event":"[LightGBM] [Warning] No further splits with positive gain, best gain: -inf","logger":"task.stdout"}
{"timestamp":"2026-10-06T12:50:20.771605Z","level":"info","event":"[LightGBM] [Warning] No further splits with positive gain, best gain: -inf","logger":"task.stdout"}
{"timestamp":"2026-10-06T12:50:20.772264Z","level":"info","event":"[LightGBM] [Warning] No further splits with positive gain, best gain: -inf","logger":"task.stdout"}
{"timestamp":"2026-10-06T12:50:21.177434Z","level":"info","event":"[LightGBM] [Warning] No further splits with positive gain, best gain: -inf","logger":"task.stdout"}
{"timestamp":"2026-10-06T12:50:21.178111Z","level":"info","event":"[LightGBM] [Warning] No further splits with positive gain, best gain: -inf","logger":"task.stdout"}
{"timestamp":"2026-10-06T12:50:21.178686Z","level":"info","event":"[LightGBM] [Warning] No further splits with positive gain, best gain: -inf","logger":"task.stdout"}
{"timestamp":"2026-10-06T12:50:21.180357Z","level":"info","event":"[LightGBM] [Warning] No further splits with positive gain, best gain: -inf","logger":"task.stdout"}
{"timestamp":"2026-10-06T12:50:21.217282Z","level":"info","event":"[LightGBM] [Warning] No further splits with positive gain, best gain: -inf","logger":"task.stdout"}
{"timestamp":"2026-10-06T12:50:21.219398Z","level":"info","event":"[LightGBM] [Warning] No further splits with positive gain, best gain: -inf","logger":"task.stdout"}
{"timestamp":"2026-10-06T12:50:21.242344Z","level":"info","event":"[LightGBM] [Warning] No further splits with positive gain, best gain: -inf","logger":"task.stdout"}
{"timestamp":"2026-10-06T12:50:21.295151Z","level":"info","event":"[LightGBM] [Warning] No further splits with positive gain, best gain: -inf","logger":"task.stdout"}
{"timestamp":"2026-10-06T12:50:21.845008Z","level":"info","event":"[LightGBM] [Warning] No further splits with positive gain, best gain: -inf","logger":"task.stdout"}
{"timestamp":"2026-10-06T12:50:21.895637Z","level":"info","event":"[LightGBM] [Warning] No further splits with positive gain, best gain: -inf","logger":"task.stdout"}
{"timestamp":"2026-10-06T12:50:21.895927Z","level":"info","event":"[LightGBM] [Warning] No further splits with positive gain, best gain: -inf","logger":"task.stdout"}
{"timestamp":"2026-10-06T12:50:21.896076Z","level":"info","event":"[LightGBM] [Warning] No further splits with positive gain, best gain: -inf","logger":"task.stdout"}
{"timestamp":"2026-10-06T12:50:21.896249Z","level":"info","event":"[LightGBM] [Warning] No further splits with positive gain, best gain: -inf","logger":"task.stdout"}
{"timestamp":"2026-10-06T12:50:21.896392Z","level":"info","event":"[LightGBM] [Warning] No further splits with positive gain, best gain: -inf","logger":"task.stdout"}
{"timestamp":"2026-10-06T12:50:23.645760Z","level":"info","event":"[LightGBM] [Warning] No further splits with positive gain, best gain: -inf","logger":"task.stdout"}
{"timestamp":"2026-10-06T12:50:25.767135Z","level":"info","event":"[LightGBM] [Warning] No further splits with positive gain, best gain: -inf","logger":"task.stdout"}
{"timestamp":"2026-10-06T12:50:26.519509Z","level":"info","event":"[LightGBM] [Warning] No further splits with positive gain, best gain: -inf","logger":"task.stdout"}
{"timestamp":"2026-10-06T12:50:26.798911Z","level":"info","event":"[LightGBM] [Warning] No further splits with positive gain, best gain: -inf","logger":"task.stdout"}
{"timestamp":"2026-10-06T12:50:26.800200Z","level":"info","event":"[LightGBM] [Warning] No further splits with positive gain, best gain: -inf","logger":"task.stdout"}
{"timestamp":"2026-10-06T12:50:26.829875Z","level":"info","event":"[LightGBM] [Warning] No further splits with positive gain, best gain: -inf","logger":"task.stdout"}
{"timestamp":"2026-10-06T12:50:26.865728Z","level":"info","event":"[LightGBM] [Warning] No further splits with positive gain, best gain: -inf","logger":"task.stdout"}
{"timestamp":"2026-10-06T12:50:26.866925Z","level":"info","event":"[LightGBM] [Warning] No further splits with positive gain, best gain: -inf","logger":"task.stdout"}
{"timestamp":"2026-10-06T12:50:26.867803Z","level":"info","event":"[LightGBM] [Warning] No further splits with positive gain, best gain: -inf","logger":"task.stdout"}
{"timestamp":"2026-10-06T12:50:27.763369Z","level":"info","event":"[LightGBM] [Warning] No further splits with positive gain, best gain: -inf","logger":"task.stdout"}
{"timestamp":"2026-10-06T12:50:28.100661Z","level":"info","event":"[LightGBM] [Warning] No further splits with positive gain, best gain: -inf","logger":"task.stdout"}
{"timestamp":"2026-10-06T12:50:28.440822Z","level":"info","event":"[LightGBM] [Warning] No further splits with positive gain, best gain: -inf","logger":"task.stdout"}
{"timestamp":"2026-10-06T12:50:28.877910Z","level":"info","event":"[LightGBM] [Warning] No further splits with positive gain, best gain: -inf","logger":"task.stdout"}
{"timestamp":"2026-10-06T12:50:29.026578Z","level":"info","event":"[LightGBM] [Warning] No further splits with positive gain, best gain: -inf","logger":"task.stdout"}
{"timestamp":"2026-10-06T12:50:29.085515Z","level":"info","event":"[LightGBM] [Warning] No further splits with positive gain, best gain: -inf","logger":"task.stdout"}
{"timestamp":"2026-10-06T12:50:29.689191Z","level":"info","event":"[LightGBM] [Warning] No further splits with positive gain, best gain: -inf","logger":"task.stdout"}
{"timestamp":"2026-10-06T12:50:29.691447Z","level":"info","event":"[LightGBM] [Warning] No further splits with positive gain, best gain: -inf","logger":"task.stdout"}
{"timestamp":"2026-10-06T12:50:29.692129Z","level":"info","event":"[LightGBM] [Warning] No further splits with positive gain, best gain: -inf","logger":"task.stdout"}
{"timestamp":"2026-10-06T12:50:29.758140Z","level":"info","event":"[LightGBM] [Warning] No further splits with positive gain, best gain: -inf","logger":"task.stdout"}
{"timestamp":"2026-10-06T12:50:29.759227Z","level":"info","event":"[LightGBM] [Warning] No further splits with positive gain, best gain: -inf","logger":"task.stdout"}
{"timestamp":"2026-10-06T12:50:29.760993Z","level":"info","event":"[LightGBM] [Warning] No further splits with positive gain, best gain: -inf","logger":"task.stdout"}
{"timestamp":"2026-10-06T12:50:29.761856Z","level":"info","event":"[LightGBM] [Warning] No further splits with positive gain, best gain: -inf","logger":"task.stdout"}
{"timestamp":"2026-10-06T12:50:29.762610Z","level":"info","event":"[LightGBM] [Warning] No further splits with positive gain, best gain: -inf","logger":"task.stdout"}
{"timestamp":"2026-10-06T12:50:29.763358Z","level":"info","event":"[LightGBM] [Warning] No further splits with positive gain, best gain: -inf","logger":"task.stdout"}
{"timestamp":"2026-10-06T12:50:29.820517Z","level":"info","event":"[LightGBM] [Warning] No further splits with positive gain, best gain: -inf","logger":"task.stdout"}
{"timestamp":"2026-10-06T12:50:29.821827Z","level":"info","event":"[LightGBM] [Warning] No further splits with positive gain, best gain: -inf","logger":"task.stdout"}
{"timestamp":"2026-10-06T12:50:29.822971Z","level":"info","event":"[LightGBM] [Warning] No further splits with positive gain, best gain: -inf","logger":"task.stdout"}
{"timestamp":"2026-10-06T12:50:29.920367Z","level":"info","event":"[LightGBM] [Warning] No further splits with positive gain, best gain: -inf","logger":"task.stdout"}
{"timestamp":"2026-10-06T12:50:29.920692Z","level":"info","event":"[LightGBM] [Warning] No further splits with positive gain, best gain: -inf","logger":"task.stdout"}
{"timestamp":"2026-10-06T12:50:29.920842Z","level":"info","event":"[LightGBM] [Warning] No further splits with positive gain, best gain: -inf","logger":"task.stdout"}
{"timestamp":"2026-10-06T12:50:29.930858Z","level":"info","event":"[LightGBM] [Warning] No further splits with positive gain, best gain: -inf","logger":"task.stdout"}
{"timestamp":"2026-10-06T12:50:29.963907Z","level":"info","event":"[LightGBM] [Warning] No further splits with positive gain, best gain: -inf","logger":"task.stdout"}
{"timestamp":"2026-10-06T12:50:30.225060Z","level":"info","event":"[LightGBM] [Warning] No further splits with positive gain, best gain: -inf","logger":"task.stdout"}
{"timestamp":"2026-10-06T12:50:30.226276Z","level":"info","event":"[LightGBM] [Warning] No further splits with positive gain, best gain: -inf","logger":"task.stdout"}
{"timestamp":"2026-10-06T12:50:30.227296Z","level":"info","event":"[LightGBM] [Warning] No further splits with positive gain, best gain: -inf","logger":"task.stdout"}
{"timestamp":"2026-10-06T12:50:30.228918Z","level":"info","event":"[LightGBM] [Warning] No further splits with positive gain, best gain: -inf","logger":"task.stdout"}
{"timestamp":"2026-10-06T12:50:30.312202Z","level":"info","event":"[LightGBM] [Warning] No further splits with positive gain, best gain: -inf","logger":"task.stdout"}
{"timestamp":"2026-10-06T12:50:30.313570Z","level":"info","event":"[LightGBM] [Warning] No further splits with positive gain, best gain: -inf","logger":"task.stdout"}
{"timestamp":"2026-10-06T12:50:30.342168Z","level":"info","event":"[LightGBM] [Warning] No further splits with positive gain, best gain: -inf","logger":"task.stdout"}
{"timestamp":"2026-10-06T12:50:30.343278Z","level":"info","event":"[LightGBM] [Warning] No further splits with positive gain, best gain: -inf","logger":"task.stdout"}
{"timestamp":"2026-10-06T12:50:30.344452Z","level":"info","event":"[LightGBM] [Warning] No further splits with positive gain, best gain: -inf","logger":"task.stdout"}
{"timestamp":"2026-10-06T12:50:30.345424Z","level":"info","event":"[LightGBM] [Warning] No further splits with positive gain, best gain: -inf","logger":"task.stdout"}
{"timestamp":"2026-10-06T12:50:30.382781Z","level":"info","event":"[LightGBM] [Warning] No further splits with positive gain, best gain: -inf","logger":"task.stdout"}
{"timestamp":"2026-10-06T12:50:30.383870Z","level":"info","event":"[LightGBM] [Warning] No further splits with positive gain, best gain: -inf","logger":"task.stdout"}
{"timestamp":"2026-10-06T12:50:30.385037Z","level":"info","event":"[LightGBM] [Warning] No further splits with positive gain, best gain: -inf","logger":"task.stdout"}
{"timestamp":"2026-10-06T12:50:30.433197Z","level":"info","event":"[LightGBM] [Warning] No further splits with positive gain, best gain: -inf","logger":"task.stdout"}
{"timestamp":"2026-10-06T12:50:30.434217Z","level":"info","event":"[LightGBM] [Warning] No further splits with positive gain, best gain: -inf","logger":"task.stdout"}
{"timestamp":"2026-10-06T12:50:30.435365Z","level":"info","event":"[LightGBM] [Warning] No further splits with positive gain, best gain: -inf","logger":"task.stdout"}
{"timestamp":"2026-10-06T12:50:30.439064Z","level":"info","event":"[LightGBM] [Warning] No further splits with positive gain, best gain: -inf","logger":"task.stdout"}
{"timestamp":"2026-10-06T12:50:30.504990Z","level":"info","event":"[LightGBM] [Warning] No further splits with positive gain, best gain: -inf","logger":"task.stdout"}
{"timestamp":"2026-10-06T12:50:30.528355Z","level":"info","event":"[LightGBM] [Warning] No further splits with positive gain, best gain: -inf","logger":"task.stdout"}
{"timestamp":"2026-10-06T12:50:30.528699Z","level":"info","event":"[LightGBM] [Warning] No further splits with positive gain, best gain: -inf","logger":"task.stdout"}
{"timestamp":"2026-10-06T12:50:30.528874Z","level":"info","event":"[LightGBM] [Warning] No further splits with positive gain, best gain: -inf","logger":"task.stdout"}
{"timestamp":"2026-10-06T12:50:30.529043Z","level":"info","event":"[LightGBM] [Warning] No further splits with positive gain, best gain: -inf","logger":"task.stdout"}
{"timestamp":"2026-10-06T12:50:30.529206Z","level":"info","event":"[LightGBM] [Warning] No further splits with positive gain, best gain: -inf","logger":"task.stdout"}
{"timestamp":"2026-10-06T12:50:30.564644Z","level":"info","event":"[LightGBM] [Warning] No further splits with positive gain, best gain: -inf","logger":"task.stdout"}
{"timestamp":"2026-10-06T12:50:30.567591Z","level":"info","event":"[LightGBM] [Warning] No further splits with positive gain, best gain: -inf","logger":"task.stdout"}
{"timestamp":"2026-10-06T12:50:31.762020Z","level":"info","event":"[LightGBM] [Warning] No further splits with positive gain, best gain: -inf","logger":"task.stdout"}
{"timestamp":"2026-10-06T12:50:32.199946Z","level":"info","event":"[LightGBM] [Warning] No further splits with positive gain, best gain: -inf","logger":"task.stdout"}
{"timestamp":"2026-10-06T12:50:32.253275Z","level":"info","event":"[LightGBM] [Warning] No further splits with positive gain, best gain: -inf","logger":"task.stdout"}
{"timestamp":"2026-10-06T12:50:32.431017Z","level":"info","event":"[LightGBM] [Warning] No further splits with positive gain, best gain: -inf","logger":"task.stdout"}
{"timestamp":"2026-10-06T12:50:32.649066Z","level":"info","event":"[LightGBM] [Warning] No further splits with positive gain, best gain: -inf","logger":"task.stdout"}
{"timestamp":"2026-10-06T12:50:32.650289Z","level":"info","event":"[LightGBM] [Warning] No further splits with positive gain, best gain: -inf","logger":"task.stdout"}
{"timestamp":"2026-10-06T12:50:32.867114Z","level":"info","event":"[LightGBM] [Warning] No further splits with positive gain, best gain: -inf","logger":"task.stdout"}
{"timestamp":"2026-10-06T12:50:32.867939Z","level":"info","event":"[LightGBM] [Warning] No further splits with positive gain, best gain: -inf","logger":"task.stdout"}
{"timestamp":"2026-10-06T12:50:33.150167Z","level":"info","event":"[LightGBM] [Warning] No further splits with positive gain, best gain: -inf","logger":"task.stdout"}
{"timestamp":"2026-10-06T12:50:33.151115Z","level":"info","event":"[LightGBM] [Warning] No further splits with positive gain, best gain: -inf","logger":"task.stdout"}
{"timestamp":"2026-10-06T12:50:33.151821Z","level":"info","event":"[LightGBM] [Warning] No further splits with positive gain, best gain: -inf","logger":"task.stdout"}
{"timestamp":"2026-10-06T12:50:33.317037Z","level":"info","event":"[LightGBM] [Warning] No further splits with positive gain, best gain: -inf","logger":"task.stdout"}
{"timestamp":"2026-10-06T12:50:34.736427Z","level":"info","event":"[LightGBM] [Warning] No further splits with positive gain, best gain: -inf","logger":"task.stdout"}
{"timestamp":"2026-10-06T12:50:35.384697Z","level":"info","event":"[LightGBM] [Warning] No further splits with positive gain, best gain: -inf","logger":"task.stdout"}
{"timestamp":"2026-10-06T12:50:35.492045Z","level":"info","event":"[LightGBM] [Warning] No further splits with positive gain, best gain: -inf","logger":"task.stdout"}
{"timestamp":"2026-10-06T12:50:35.545917Z","level":"info","event":"[LightGBM] [Warning] No further splits with positive gain, best gain: -inf","logger":"task.stdout"}
{"timestamp":"2026-10-06T12:50:35.546781Z","level":"info","event":"[LightGBM] [Warning] No further splits with positive gain, best gain: -inf","logger":"task.stdout"}
{"timestamp":"2026-10-06T12:50:35.547345Z","level":"info","event":"[LightGBM] [Warning] No further splits with positive gain, best gain: -inf","logger":"task.stdout"}
{"timestamp":"2026-10-06T12:50:35.548168Z","level":"info","event":"[LightGBM] [Warning] No further splits with positive gain, best gain: -inf","logger":"task.stdout"}
{"timestamp":"2026-10-06T12:50:36.478852Z","level":"info","event":"[LightGBM] [Warning] No further splits with positive gain, best gain: -inf","logger":"task.stdout"}
{"timestamp":"2026-10-06T12:50:36.560582Z","level":"info","event":"[LightGBM] [Warning] No further splits with positive gain, best gain: -inf","logger":"task.stdout"}
{"timestamp":"2026-10-06T12:50:36.561927Z","level":"info","event":"[LightGBM] [Warning] No further splits with positive gain, best gain: -inf","logger":"task.stdout"}
{"timestamp":"2026-10-06T12:50:36.775202Z","level":"info","event":"[LightGBM] [Warning] No further splits with positive gain, best gain: -inf","logger":"task.stdout"}
{"timestamp":"2026-10-06T12:50:36.776201Z","level":"info","event":"[LightGBM] [Warning] No further splits with positive gain, best gain: -inf","logger":"task.stdout"}
{"timestamp":"2026-10-06T12:50:36.842406Z","level":"info","event":"[LightGBM] [Warning] No further splits with positive gain, best gain: -inf","logger":"task.stdout"}
{"timestamp":"2026-10-06T12:50:37.261754Z","level":"info","event":"[LightGBM] [Warning] No further splits with positive gain, best gain: -inf","logger":"task.stdout"}
{"timestamp":"2026-10-06T12:50:37.266061Z","level":"info","event":"[LightGBM] [Warning] No further splits with positive gain, best gain: -inf","logger":"task.stdout"}
{"timestamp":"2026-10-06T12:50:37.441781Z","level":"info","event":"[LightGBM] [Warning] No further splits with positive gain, best gain: -inf","logger":"task.stdout"}
{"timestamp":"2026-10-06T12:50:37.949586Z","level":"info","event":"[LightGBM] [Warning] No further splits with positive gain, best gain: -inf","logger":"task.stdout"}
{"timestamp":"2026-10-06T12:50:38.053278Z","level":"info","event":"[LightGBM] [Warning] No further splits with positive gain, best gain: -inf","logger":"task.stdout"}
{"timestamp":"2026-10-06T12:50:39.227618Z","level":"info","event":"[LightGBM] [Warning] No further splits with positive gain, best gain: -inf","logger":"task.stdout"}
{"timestamp":"2026-10-06T12:50:39.650587Z","level":"info","event":"[LightGBM] [Warning] No further splits with positive gain, best gain: -inf","logger":"task.stdout"}
{"timestamp":"2026-10-06T12:50:39.689645Z","level":"info","event":"[LightGBM] [Warning] No further splits with positive gain, best gain: -inf","logger":"task.stdout"}
{"timestamp":"2026-10-06T12:50:39.690816Z","level":"info","event":"[LightGBM] [Warning] No further splits with positive gain, best gain: -inf","logger":"task.stdout"}
{"timestamp":"2026-10-06T12:50:39.939498Z","level":"info","event":"[LightGBM] [Warning] No further splits with positive gain, best gain: -inf","logger":"task.stdout"}
{"timestamp":"2026-10-06T12:50:39.962680Z","level":"info","event":"[LightGBM] [Warning] No further splits with positive gain, best gain: -inf","logger":"task.stdout"}
{"timestamp":"2026-10-06T12:50:39.963039Z","level":"info","event":"[LightGBM] [Warning] No further splits with positive gain, best gain: -inf","logger":"task.stdout"}
{"timestamp":"2026-10-06T12:50:40.416848Z","level":"info","event":"[LightGBM] [Warning] No further splits with positive gain, best gain: -inf","logger":"task.stdout"}
{"timestamp":"2026-10-06T12:50:41.221074Z","level":"info","event":"[LightGBM] [Warning] No further splits with positive gain, best gain: -inf","logger":"task.stdout"}
{"timestamp":"2026-10-06T12:50:41.222492Z","level":"info","event":"[LightGBM] [Warning] No further splits with positive gain, best gain: -inf","logger":"task.stdout"}
{"timestamp":"2026-10-06T12:50:41.482610Z","level":"info","event":"[LightGBM] [Warning] No further splits with positive gain, best gain: -inf","logger":"task.stdout"}
{"timestamp":"2026-10-06T12:50:41.929093Z","level":"info","event":"[LightGBM] [Warning] No further splits with positive gain, best gain: -inf","logger":"task.stdout"}
{"timestamp":"2026-10-06T12:50:41.930271Z","level":"info","event":"[LightGBM] [Warning] No further splits with positive gain, best gain: -inf","logger":"task.stdout"}
{"timestamp":"2026-10-06T12:50:42.318697Z","level":"info","event":"[LightGBM] [Warning] No further splits with positive gain, best gain: -inf","logger":"task.stdout"}
{"timestamp":"2026-10-06T12:50:42.319922Z","level":"info","event":"[LightGBM] [Warning] No further splits with positive gain, best gain: -inf","logger":"task.stdout"}
{"timestamp":"2026-10-06T12:50:43.500739Z","level":"info","event":"[LightGBM] [Warning] No further splits with positive gain, best gain: -inf","logger":"task.stdout"}
{"timestamp":"2026-10-06T12:50:43.501413Z","level":"info","event":"[LightGBM] [Warning] No further splits with positive gain, best gain: -inf","logger":"task.stdout"}
{"timestamp":"2026-10-06T12:50:43.502733Z","level":"info","event":"[LightGBM] [Warning] No further splits with positive gain, best gain: -inf","logger":"task.stdout"}
{"timestamp":"2026-10-06T12:50:43.502990Z","level":"info","event":"[LightGBM] [Warning] No further splits with positive gain, best gain: -inf","logger":"task.stdout"}
{"timestamp":"2026-10-06T12:50:43.503430Z","level":"info","event":"[LightGBM] [Warning] No further splits with positive gain, best gain: -inf","logger":"task.stdout"}
{"timestamp":"2026-10-06T12:50:43.504178Z","level":"info","event":"[LightGBM] [Warning] No further splits with positive gain, best gain: -inf","logger":"task.stdout"}
{"timestamp":"2026-10-06T12:50:44.524382Z","level":"info","event":"[LightGBM] [Warning] No further splits with positive gain, best gain: -inf","logger":"task.stdout"}
{"timestamp":"2026-10-06T12:50:44.525448Z","level":"info","event":"[LightGBM] [Warning] No further splits with positive gain, best gain: -inf","logger":"task.stdout"}
{"timestamp":"2026-10-06T12:50:44.529018Z","level":"info","event":"[LightGBM] [Warning] No further splits with positive gain, best gain: -inf","logger":"task.stdout"}
{"timestamp":"2026-10-06T12:50:44.529803Z","level":"info","event":"[LightGBM] [Warning] No further splits with positive gain, best gain: -inf","logger":"task.stdout"}
{"timestamp":"2026-10-06T12:50:44.530877Z","level":"info","event":"[LightGBM] [Warning] No further splits with positive gain, best gain: -inf","logger":"task.stdout"}
{"timestamp":"2026-10-06T12:50:44.531655Z","level":"info","event":"[LightGBM] [Warning] No further splits with positive gain, best gain: -inf","logger":"task.stdout"}
{"timestamp":"2026-10-06T12:50:44.539718Z","level":"info","event":"[LightGBM] [Warning] No further splits with positive gain, best gain: -inf","logger":"task.stdout"}
{"timestamp":"2026-10-06T12:50:44.583351Z","level":"info","event":"[LightGBM] [Warning] No further splits with positive gain, best gain: -inf","logger":"task.stdout"}
{"timestamp":"2026-10-06T12:50:44.649878Z","level":"info","event":"[LightGBM] [Warning] No further splits with positive gain, best gain: -inf","logger":"task.stdout"}
{"timestamp":"2026-10-06T12:50:44.651067Z","level":"info","event":"[LightGBM] [Warning] No further splits with positive gain, best gain: -inf","logger":"task.stdout"}
{"timestamp":"2026-10-06T12:50:44.652047Z","level":"info","event":"[LightGBM] [Warning] No further splits with positive gain, best gain: -inf","logger":"task.stdout"}
{"timestamp":"2026-10-06T12:50:44.707767Z","level":"info","event":"[LightGBM] [Warning] No further splits with positive gain, best gain: -inf","logger":"task.stdout"}
{"timestamp":"2026-10-06T12:50:44.805020Z","level":"info","event":"[LightGBM] [Warning] No further splits with positive gain, best gain: -inf","logger":"task.stdout"}
{"timestamp":"2026-10-06T12:50:44.810683Z","level":"info","event":"[LightGBM] [Warning] No further splits with positive gain, best gain: -inf","logger":"task.stdout"}
{"timestamp":"2026-10-06T12:50:44.947075Z","level":"info","event":"[LightGBM] [Warning] No further splits with positive gain, best gain: -inf","logger":"task.stdout"}
{"timestamp":"2026-10-06T12:50:44.977910Z","level":"info","event":"[LightGBM] [Warning] No further splits with positive gain, best gain: -inf","logger":"task.stdout"}
{"timestamp":"2026-10-06T12:50:44.979122Z","level":"info","event":"[LightGBM] [Warning] No further splits with positive gain, best gain: -inf","logger":"task.stdout"}
{"timestamp":"2026-10-06T12:50:45.240852Z","level":"info","event":"[LightGBM] [Warning] No further splits with positive gain, best gain: -inf","logger":"task.stdout"}
{"timestamp":"2026-10-06T12:50:45.699376Z","level":"info","event":"[LightGBM] [Warning] No further splits with positive gain, best gain: -inf","logger":"task.stdout"}
{"timestamp":"2026-10-06T12:50:45.748810Z","level":"info","event":"[LightGBM] [Warning] No further splits with positive gain, best gain: -inf","logger":"task.stdout"}
{"timestamp":"2026-10-06T12:50:45.754393Z","level":"info","event":"[LightGBM] [Warning] No further splits with positive gain, best gain: -inf","logger":"task.stdout"}
{"timestamp":"2026-10-06T12:50:45.802949Z","level":"info","event":"[LightGBM] [Warning] No further splits with positive gain, best gain: -inf","logger":"task.stdout"}
{"timestamp":"2026-10-06T12:50:46.560064Z","level":"info","event":"[LightGBM] [Warning] No further splits with positive gain, best gain: -inf","logger":"task.stdout"}
{"timestamp":"2026-10-06T12:50:47.332757Z","level":"info","event":"[LightGBM] [Warning] No further splits with positive gain, best gain: -inf","logger":"task.stdout"}
{"timestamp":"2026-10-06T12:50:47.334962Z","level":"info","event":"[LightGBM] [Warning] No further splits with positive gain, best gain: -inf","logger":"task.stdout"}
{"timestamp":"2026-10-06T12:50:47.335983Z","level":"info","event":"[LightGBM] [Warning] No further splits with positive gain, best gain: -inf","logger":"task.stdout"}
{"timestamp":"2026-10-06T12:50:47.553115Z","level":"info","event":"[LightGBM] [Warning] No further splits with positive gain, best gain: -inf","logger":"task.stdout"}
{"timestamp":"2026-10-06T12:50:48.004848Z","level":"info","event":"[LightGBM] [Warning] No further splits with positive gain, best gain: -inf","logger":"task.stdout"}
{"timestamp":"2026-10-06T12:50:48.014028Z","level":"info","event":"[LightGBM] [Warning] No further splits with positive gain, best gain: -inf","logger":"task.stdout"}
{"timestamp":"2026-10-06T12:50:48.017180Z","level":"info","event":"[LightGBM] [Warning] No further splits with positive gain, best gain: -inf","logger":"task.stdout"}
{"timestamp":"2026-10-06T12:50:48.397458Z","level":"info","event":"[LightGBM] [Warning] No further splits with positive gain, best gain: -inf","logger":"task.stdout"}
{"timestamp":"2026-10-06T12:50:48.399889Z","level":"info","event":"[LightGBM] [Warning] No further splits with positive gain, best gain: -inf","logger":"task.stdout"}
{"timestamp":"2026-10-06T12:50:48.403770Z","level":"info","event":"[LightGBM] [Warning] No further splits with positive gain, best gain: -inf","logger":"task.stdout"}
{"timestamp":"2026-10-06T12:50:48.407154Z","level":"info","event":"[LightGBM] [Warning] No further splits with positive gain, best gain: -inf","logger":"task.stdout"}
{"timestamp":"2026-10-06T12:50:48.407463Z","level":"info","event":"[LightGBM] [Warning] No further splits with positive gain, best gain: -inf","logger":"task.stdout"}
{"timestamp":"2026-10-06T12:50:48.408821Z","level":"info","event":"[LightGBM] [Warning] No further splits with positive gain, best gain: -inf","logger":"task.stdout"}
{"timestamp":"2026-10-06T12:50:48.409266Z","level":"info","event":"[LightGBM] [Warning] No further splits with positive gain, best gain: -inf","logger":"task.stdout"}
{"timestamp":"2026-10-06T12:50:48.677539Z","level":"info","event":"[LightGBM] [Warning] No further splits with positive gain, best gain: -inf","logger":"task.stdout"}
{"timestamp":"2026-10-06T12:50:48.677869Z","level":"info","event":"[LightGBM] [Warning] No further splits with positive gain, best gain: -inf","logger":"task.stdout"}
{"timestamp":"2026-10-06T12:50:48.678040Z","level":"info","event":"[LightGBM] [Warning] No further splits with positive gain, best gain: -inf","logger":"task.stdout"}
{"timestamp":"2026-10-06T12:50:49.339985Z","level":"info","event":"[LightGBM] [Warning] No further splits with positive gain, best gain: -inf","logger":"task.stdout"}
{"timestamp":"2026-10-06T12:50:49.590499Z","level":"info","event":"[LightGBM] [Warning] No further splits with positive gain, best gain: -inf","logger":"task.stdout"}
{"timestamp":"2026-10-06T12:50:49.591802Z","level":"info","event":"[LightGBM] [Warning] No further splits with positive gain, best gain: -inf","logger":"task.stdout"}
{"timestamp":"2026-10-06T12:50:51.224608Z","level":"info","event":"[LightGBM] [Warning] No further splits with positive gain, best gain: -inf","logger":"task.stdout"}
{"timestamp":"2026-10-06T12:50:51.748574Z","level":"info","event":"[LightGBM] [Warning] No further splits with positive gain, best gain: -inf","logger":"task.stdout"}
{"timestamp":"2026-10-06T12:50:51.792913Z","level":"info","event":"[LightGBM] [Warning] No further splits with positive gain, best gain: -inf","logger":"task.stdout"}
{"timestamp":"2026-10-06T12:50:51.813183Z","level":"info","event":"[LightGBM] [Warning] No further splits with positive gain, best gain: -inf","logger":"task.stdout"}
{"timestamp":"2026-10-06T12:50:51.886834Z","level":"info","event":"[LightGBM] [Warning] No further splits with positive gain, best gain: -inf","logger":"task.stdout"}
{"timestamp":"2026-10-06T12:50:51.904162Z","level":"info","event":"[LightGBM] [Warning] No further splits with positive gain, best gain: -inf","logger":"task.stdout"}
{"timestamp":"2026-10-06T12:50:52.072905Z","level":"info","event":"[LightGBM] [Warning] No further splits with positive gain, best gain: -inf","logger":"task.stdout"}
{"timestamp":"2026-10-06T12:50:52.085731Z","level":"info","event":"[LightGBM] [Warning] No further splits with positive gain, best gain: -inf","logger":"task.stdout"}
{"timestamp":"2026-10-06T12:50:52.353990Z","level":"info","event":"[LightGBM] [Warning] No further splits with positive gain, best gain: -inf","logger":"task.stdout"}
{"timestamp":"2026-10-06T12:50:52.356152Z","level":"info","event":"[LightGBM] [Warning] No further splits with positive gain, best gain: -inf","logger":"task.stdout"}
{"timestamp":"2026-10-06T12:50:52.362029Z","level":"info","event":"[LightGBM] [Warning] No further splits with positive gain, best gain: -inf","logger":"task.stdout"}
{"timestamp":"2026-10-06T12:50:52.373348Z","level":"info","event":"[LightGBM] [Warning] No further splits with positive gain, best gain: -inf","logger":"task.stdout"}
{"timestamp":"2026-10-06T12:50:52.651463Z","level":"info","event":"[LightGBM] [Warning] No further splits with positive gain, best gain: -inf","logger":"task.stdout"}
{"timestamp":"2026-10-06T12:50:53.828360Z","level":"info","event":"[LightGBM] [Warning] No further splits with positive gain, best gain: -inf","logger":"task.stdout"}
{"timestamp":"2026-10-06T12:50:53.828613Z","level":"info","event":"[LightGBM] [Warning] No further splits with positive gain, best gain: -inf","logger":"task.stdout"}
{"timestamp":"2026-10-06T12:50:53.828742Z","level":"info","event":"[LightGBM] [Warning] No further splits with positive gain, best gain: -inf","logger":"task.stdout"}
{"timestamp":"2026-10-06T12:50:53.828848Z","level":"info","event":"[LightGBM] [Warning] No further splits with positive gain, best gain: -inf","logger":"task.stdout"}
{"timestamp":"2026-10-06T12:50:53.828952Z","level":"info","event":"[LightGBM] [Warning] No further splits with positive gain, best gain: -inf","logger":"task.stdout"}
{"timestamp":"2026-10-06T12:50:54.105900Z","level":"info","event":"[LightGBM] [Warning] No further splits with positive gain, best gain: -inf","logger":"task.stdout"}
{"timestamp":"2026-10-06T12:50:55.156573Z","level":"info","event":"[LightGBM] [Warning] No further splits with positive gain, best gain: -inf","logger":"task.stdout"}
{"timestamp":"2026-10-06T12:50:55.239370Z","level":"info","event":"[LightGBM] [Warning] No further splits with positive gain, best gain: -inf","logger":"task.stdout"}
{"timestamp":"2026-10-06T12:50:55.429774Z","level":"info","event":"[LightGBM] [Warning] No further splits with positive gain, best gain: -inf","logger":"task.stdout"}
{"timestamp":"2026-10-06T12:50:55.576289Z","level":"info","event":"[LightGBM] [Warning] No further splits with positive gain, best gain: -inf","logger":"task.stdout"}
{"timestamp":"2026-10-06T12:50:55.672058Z","level":"info","event":"[LightGBM] [Warning] No further splits with positive gain, best gain: -inf","logger":"task.stdout"}
{"timestamp":"2026-10-06T12:50:55.721545Z","level":"info","event":"[LightGBM] [Warning] No further splits with positive gain, best gain: -inf","logger":"task.stdout"}
{"timestamp":"2026-10-06T12:50:56.498604Z","level":"info","event":"[LightGBM] [Warning] No further splits with positive gain, best gain: -inf","logger":"task.stdout"}
{"timestamp":"2026-10-06T12:50:56.676829Z","level":"info","event":"[LightGBM] [Warning] No further splits with positive gain, best gain: -inf","logger":"task.stdout"}
{"timestamp":"2026-10-06T12:50:56.678114Z","level":"info","event":"[LightGBM] [Warning] No further splits with positive gain, best gain: -inf","logger":"task.stdout"}
{"timestamp":"2026-10-06T12:50:56.690378Z","level":"info","event":"[LightGBM] [Warning] No further splits with positive gain, best gain: -inf","logger":"task.stdout"}
{"timestamp":"2026-10-06T12:50:58.026831Z","level":"info","event":"[LightGBM] [Warning] No further splits with positive gain, best gain: -inf","logger":"task.stdout"}
{"timestamp":"2026-10-06T12:50:58.027543Z","level":"info","event":"[LightGBM] [Warning] No further splits with positive gain, best gain: -inf","logger":"task.stdout"}
{"timestamp":"2026-10-06T12:50:58.152365Z","level":"info","event":"[LightGBM] [Warning] No further splits with positive gain, best gain: -inf","logger":"task.stdout"}
{"timestamp":"2026-10-06T12:50:58.153106Z","level":"info","event":"[LightGBM] [Warning] No further splits with positive gain, best gain: -inf","logger":"task.stdout"}
{"timestamp":"2026-10-06T12:50:58.153248Z","level":"info","event":"[LightGBM] [Warning] No further splits with positive gain, best gain: -inf","logger":"task.stdout"}
{"timestamp":"2026-10-06T12:50:58.206993Z","level":"info","event":"[LightGBM] [Warning] No further splits with positive gain, best gain: -inf","logger":"task.stdout"}
{"timestamp":"2026-10-06T12:50:58.209767Z","level":"info","event":"[LightGBM] [Warning] No further splits with positive gain, best gain: -inf","logger":"task.stdout"}
{"timestamp":"2026-10-06T12:50:58.210696Z","level":"info","event":"[LightGBM] [Warning] No further splits with positive gain, best gain: -inf","logger":"task.stdout"}
{"timestamp":"2026-10-06T12:50:58.211592Z","level":"info","event":"[LightGBM] [Warning] No further splits with positive gain, best gain: -inf","logger":"task.stdout"}
{"timestamp":"2026-10-06T12:50:58.317138Z","level":"info","event":"[LightGBM] [Warning] No further splits with positive gain, best gain: -inf","logger":"task.stdout"}
{"timestamp":"2026-10-06T12:50:58.317857Z","level":"info","event":"[LightGBM] [Warning] No further splits with positive gain, best gain: -inf","logger":"task.stdout"}
{"timestamp":"2026-10-06T12:50:58.318411Z","level":"info","event":"[LightGBM] [Warning] No further splits with positive gain, best gain: -inf","logger":"task.stdout"}
{"timestamp":"2026-10-06T12:50:58.319536Z","level":"info","event":"[LightGBM] [Warning] No further splits with positive gain, best gain: -inf","logger":"task.stdout"}
{"timestamp":"2026-10-06T12:50:58.405515Z","level":"info","event":"[LightGBM] [Warning] No further splits with positive gain, best gain: -inf","logger":"task.stdout"}
{"timestamp":"2026-10-06T12:50:58.405925Z","level":"info","event":"[LightGBM] [Warning] No further splits with positive gain, best gain: -inf","logger":"task.stdout"}
{"timestamp":"2026-10-06T12:50:58.408403Z","level":"info","event":"[LightGBM] [Warning] No further splits with positive gain, best gain: -inf","logger":"task.stdout"}
{"timestamp":"2026-10-06T12:50:58.412329Z","level":"info","event":"[LightGBM] [Warning] No further splits with positive gain, best gain: -inf","logger":"task.stdout"}
{"timestamp":"2026-10-06T12:50:58.412619Z","level":"info","event":"[LightGBM] [Warning] No further splits with positive gain, best gain: -inf","logger":"task.stdout"}
{"timestamp":"2026-10-06T12:50:58.412814Z","level":"info","event":"[LightGBM] [Warning] No further splits with positive gain, best gain: -inf","logger":"task.stdout"}
{"timestamp":"2026-10-06T12:50:58.463336Z","level":"info","event":"[LightGBM] [Warning] No further splits with positive gain, best gain: -inf","logger":"task.stdout"}
{"timestamp":"2026-10-06T12:50:58.580352Z","level":"info","event":"[LightGBM] [Warning] No further splits with positive gain, best gain: -inf","logger":"task.stdout"}
{"timestamp":"2026-10-06T12:50:58.580669Z","level":"info","event":"[LightGBM] [Warning] No further splits with positive gain, best gain: -inf","logger":"task.stdout"}
{"timestamp":"2026-10-06T12:50:58.580870Z","level":"info","event":"[LightGBM] [Warning] No further splits with positive gain, best gain: -inf","logger":"task.stdout"}
{"timestamp":"2026-10-06T12:50:58.675394Z","level":"info","event":"[LightGBM] [Warning] No further splits with positive gain, best gain: -inf","logger":"task.stdout"}
{"timestamp":"2026-10-06T12:50:58.740358Z","level":"info","event":"[LightGBM] [Warning] No further splits with positive gain, best gain: -inf","logger":"task.stdout"}
{"timestamp":"2026-10-06T12:50:58.740686Z","level":"info","event":"[LightGBM] [Warning] No further splits with positive gain, best gain: -inf","logger":"task.stdout"}
{"timestamp":"2026-10-06T12:50:59.105616Z","level":"info","event":"[LightGBM] [Warning] No further splits with positive gain, best gain: -inf","logger":"task.stdout"}
{"timestamp":"2026-10-06T12:50:59.106639Z","level":"info","event":"[LightGBM] [Warning] No further splits with positive gain, best gain: -inf","logger":"task.stdout"}
{"timestamp":"2026-10-06T12:50:59.107526Z","level":"info","event":"[LightGBM] [Warning] No further splits with positive gain, best gain: -inf","logger":"task.stdout"}
{"timestamp":"2026-10-06T12:50:59.140245Z","level":"info","event":"[LightGBM] [Warning] No further splits with positive gain, best gain: -inf","logger":"task.stdout"}
{"timestamp":"2026-10-06T12:50:59.932358Z","level":"info","event":"[LightGBM] [Warning] No further splits with positive gain, best gain: -inf","logger":"task.stdout"}
{"timestamp":"2026-10-06T12:50:59.989187Z","level":"info","event":"[LightGBM] [Warning] No further splits with positive gain, best gain: -inf","logger":"task.stdout"}
{"timestamp":"2026-10-06T12:50:59.990212Z","level":"info","event":"[LightGBM] [Warning] No further splits with positive gain, best gain: -inf","logger":"task.stdout"}
{"timestamp":"2026-10-06T12:50:59.992291Z","level":"info","event":"[LightGBM] [Warning] No further splits with positive gain, best gain: -inf","logger":"task.stdout"}
{"timestamp":"2026-10-06T12:51:00.151925Z","level":"info","event":"[LightGBM] [Warning] No further splits with positive gain, best gain: -inf","logger":"task.stdout"}
{"timestamp":"2026-10-06T12:51:00.153223Z","level":"info","event":"[LightGBM] [Warning] No further splits with positive gain, best gain: -inf","logger":"task.stdout"}
{"timestamp":"2026-10-06T12:51:00.155041Z","level":"info","event":"[LightGBM] [Warning] No further splits with positive gain, best gain: -inf","logger":"task.stdout"}
{"timestamp":"2026-10-06T12:51:00.155835Z","level":"info","event":"[LightGBM] [Warning] No further splits with positive gain, best gain: -inf","logger":"task.stdout"}
{"timestamp":"2026-10-06T12:51:00.157767Z","level":"info","event":"[LightGBM] [Warning] No further splits with positive gain, best gain: -inf","logger":"task.stdout"}
{"timestamp":"2026-10-06T12:51:00.171012Z","level":"info","event":"[LightGBM] [Warning] No further splits with positive gain, best gain: -inf","logger":"task.stdout"}
{"timestamp":"2026-10-06T12:51:00.183782Z","level":"info","event":"[LightGBM] [Warning] No further splits with positive gain, best gain: -inf","logger":"task.stdout"}
{"timestamp":"2026-10-06T12:51:00.234179Z","level":"info","event":"[LightGBM] [Warning] No further splits with positive gain, best gain: -inf","logger":"task.stdout"}
{"timestamp":"2026-10-06T12:51:00.235171Z","level":"info","event":"[LightGBM] [Warning] No further splits with positive gain, best gain: -inf","logger":"task.stdout"}
{"timestamp":"2026-10-06T12:51:00.264030Z","level":"info","event":"[LightGBM] [Warning] No further splits with positive gain, best gain: -inf","logger":"task.stdout"}
{"timestamp":"2026-10-06T12:51:02.180621Z","level":"info","event":"[LightGBM] [Warning] No further splits with positive gain, best gain: -inf","logger":"task.stdout"}
{"timestamp":"2026-10-06T12:51:02.205152Z","level":"info","event":"[LightGBM] [Warning] No further splits with positive gain, best gain: -inf","logger":"task.stdout"}
{"timestamp":"2026-10-06T12:51:02.386212Z","level":"info","event":"[LightGBM] [Warning] No further splits with positive gain, best gain: -inf","logger":"task.stdout"}
{"timestamp":"2026-10-06T12:51:02.389419Z","level":"info","event":"[LightGBM] [Warning] No further splits with positive gain, best gain: -inf","logger":"task.stdout"}
{"timestamp":"2026-10-06T12:51:02.672635Z","level":"info","event":"[LightGBM] [Warning] No further splits with positive gain, best gain: -inf","logger":"task.stdout"}
{"timestamp":"2026-10-06T12:51:02.684244Z","level":"info","event":"[LightGBM] [Warning] No further splits with positive gain, best gain: -inf","logger":"task.stdout"}
{"timestamp":"2026-10-06T12:51:02.872559Z","level":"info","event":"[LightGBM] [Warning] No further splits with positive gain, best gain: -inf","logger":"task.stdout"}
{"timestamp":"2026-10-06T12:51:02.873995Z","level":"info","event":"[LightGBM] [Warning] No further splits with positive gain, best gain: -inf","logger":"task.stdout"}
{"timestamp":"2026-10-06T12:51:03.536053Z","level":"info","event":"[LightGBM] [Warning] No further splits with positive gain, best gain: -inf","logger":"task.stdout"}
{"timestamp":"2026-10-06T12:51:06.836333Z","level":"info","event":"[LightGBM] [Warning] No further splits with positive gain, best gain: -inf","logger":"task.stdout"}
{"timestamp":"2026-10-06T12:51:09.491098Z","level":"info","event":"[LightGBM] [Warning] No further splits with positive gain, best gain: -inf","logger":"task.stdout"}
{"timestamp":"2026-10-06T12:51:09.636866Z","level":"info","event":"[LightGBM] [Warning] No further splits with positive gain, best gain: -inf","logger":"task.stdout"}
{"timestamp":"2026-10-06T12:51:09.684169Z","level":"info","event":"[LightGBM] [Warning] No further splits with positive gain, best gain: -inf","logger":"task.stdout"}
{"timestamp":"2026-10-06T12:51:09.687264Z","level":"info","event":"[LightGBM] [Warning] No further splits with positive gain, best gain: -inf","logger":"task.stdout"}
{"timestamp":"2026-10-06T12:51:10.339404Z","level":"info","event":"[LightGBM] [Warning] No further splits with positive gain, best gain: -inf","logger":"task.stdout"}
{"timestamp":"2026-10-06T12:51:10.621626Z","level":"info","event":"[LightGBM] [Warning] No further splits with positive gain, best gain: -inf","logger":"task.stdout"}
{"timestamp":"2026-10-06T12:51:10.628188Z","level":"info","event":"[LightGBM] [Warning] No further splits with positive gain, best gain: -inf","logger":"task.stdout"}
{"timestamp":"2026-10-06T12:51:11.356812Z","level":"info","event":"[LightGBM] [Warning] No further splits with positive gain, best gain: -inf","logger":"task.stdout"}
{"timestamp":"2026-10-06T12:51:11.555013Z","level":"info","event":"[LightGBM] [Warning] No further splits with positive gain, best gain: -inf","logger":"task.stdout"}
{"timestamp":"2026-10-06T12:51:11.555531Z","level":"info","event":"[LightGBM] [Warning] No further splits with positive gain, best gain: -inf","logger":"task.stdout"}
{"timestamp":"2026-10-06T12:51:11.581946Z","level":"info","event":"[LightGBM] [Warning] No further splits with positive gain, best gain: -inf","logger":"task.stdout"}
{"timestamp":"2026-10-06T12:51:11.599826Z","level":"info","event":"[LightGBM] [Warning] No further splits with positive gain, best gain: -inf","logger":"task.stdout"}
{"timestamp":"2026-10-06T12:51:11.601485Z","level":"info","event":"[LightGBM] [Warning] No further splits with positive gain, best gain: -inf","logger":"task.stdout"}
{"timestamp":"2026-10-06T12:51:11.601946Z","level":"info","event":"[LightGBM] [Warning] No further splits with positive gain, best gain: -inf","logger":"task.stdout"}
{"timestamp":"2026-10-06T12:51:11.602435Z","level":"info","event":"[LightGBM] [Warning] No further splits with positive gain, best gain: -inf","logger":"task.stdout"}
{"timestamp":"2026-10-06T12:51:11.603228Z","level":"info","event":"[LightGBM] [Warning] No further splits with positive gain, best gain: -inf","logger":"task.stdout"}
{"timestamp":"2026-10-06T12:51:11.603938Z","level":"info","event":"[LightGBM] [Warning] No further splits with positive gain, best gain: -inf","logger":"task.stdout"}
{"timestamp":"2026-10-06T12:51:12.582185Z","level":"info","event":"[LightGBM] [Warning] No further splits with positive gain, best gain: -inf","logger":"task.stdout"}
{"timestamp":"2026-10-06T12:51:13.114520Z","level":"info","event":"[LightGBM] [Warning] No further splits with positive gain, best gain: -inf","logger":"task.stdout"}
{"timestamp":"2026-10-06T12:51:13.121500Z","level":"info","event":"[LightGBM] [Warning] No further splits with positive gain, best gain: -inf","logger":"task.stdout"}
{"timestamp":"2026-10-06T12:51:13.122962Z","level":"info","event":"[LightGBM] [Warning] No further splits with positive gain, best gain: -inf","logger":"task.stdout"}
{"timestamp":"2026-10-06T12:51:13.788970Z","level":"info","event":"[LightGBM] [Warning] No further splits with positive gain, best gain: -inf","logger":"task.stdout"}
{"timestamp":"2026-10-06T12:51:13.790014Z","level":"info","event":"[LightGBM] [Warning] No further splits with positive gain, best gain: -inf","logger":"task.stdout"}
{"timestamp":"2026-10-06T12:51:13.791970Z","level":"info","event":"[LightGBM] [Warning] No further splits with positive gain, best gain: -inf","logger":"task.stdout"}
{"timestamp":"2026-10-06T12:51:14.200776Z","level":"info","event":"[LightGBM] [Warning] No further splits with positive gain, best gain: -inf","logger":"task.stdout"}
{"timestamp":"2026-10-06T12:51:15.481125Z","level":"info","event":"Done. Returned value was: /opt/airflow/data/models/lightgbm.txt","task_id":"train_lightgbm","run_id":"manual__2026-10-06T12:49:34.482227+00:00","ti_id":"01a11143-2142-7ea2-b596-943e63844e0d","dag_id":"sprint1_r_train","try_number":1,"map_index":-1,"logger":"airflow.task.operators.airflow.providers.standard.decorators.python._PythonDecoratedOperator","filename":"python.py","lineno":233}
{"timestamp":"2026-10-06T12:51:15.481386Z","level":"info","event":"::group::Post Execute","task_id":"train_lightgbm","run_id":"manual__2026-10-06T12:49:34.482227+00:00","ti_id":"01a11143-2142-7ea2-b596-943e63844e0d","dag_id":"sprint1_r_train","try_number":1,"map_index":-1,"logger":"task","filename":"task_runner.py","lineno":1580}
{"timestamp":"2026-10-06T12:51:15.481672Z","level":"info","event":"Pushing xcom","ti":"RuntimeTaskInstance(id=UUID('01a11143-2142-7ea2-b596-943e63844e0d'), task_id='train_lightgbm', dag_id='sprint1_r_train', run_id='manual__2026-10-06T12:49:34.482227+00:00', try_number=1, dag_version_id=UUID('01a11111-bc37-7964-829e-e9b22b212ab0'), map_index=-1, hostname='0b0dce97fdb5', context_carrier={'traceparent': '00-f2c95fdf01564b85c9aafa4bd4d68394-03d4ca41f7934cca-00'}, queue='default', task=<Task(_PythonDecoratedOperator): train_lightgbm>, bundle_instance=LocalDagBundle(name=dags-folder), max_tries=0, start_date=datetime.datetime(2026, 10, 6, 12, 49, 45, 150871, tzinfo=datetime.timezone.utc), end_date=None, state=<TaskInstanceState.RUNNING: 'running'>, is_mapped=False, rendered_map_index=None, sentry_integration='sentry_sdk.integrations.celery.CeleryIntegration')","task_id":"train_lightgbm","run_id":"manual__2026-10-06T12:49:34.482227+00:00","ti_id":"01a11143-2142-7ea2-b596-943e63844e0d","dag_id":"sprint1_r_train","try_number":1,"map_index":-1,"logger":"task","filename":"task_runner.py","lineno":2280}
{"timestamp":"2026-10-06T12:51:15.582007Z","level":"info","event":"Task instance in success state","logger":"task.stdout"}
{"timestamp":"2026-10-06T12:51:15.582313Z","level":"info","event":" Previous state of the Task instance: TaskInstanceState.RUNNING","logger":"task.stdout"}
{"timestamp":"2026-10-06T12:51:15.582508Z","level":"info","event":"Task operator:<Task(_PythonDecoratedOperator): train_lightgbm>","logger":"task.stdout"}
{"timestamp":"2026-10-06T12:51:15.581421Z","level":"info","event":"::endgroup::","task_id":"train_lightgbm","run_id":"manual__2026-10-06T12:49:34.482227+00:00","ti_id":"01a11143-2142-7ea2-b596-943e63844e0d","dag_id":"sprint1_r_train","try_number":1,"map_index":-1,"logger":"task","filename":"task_runner.py","lineno":2379}
