{"timestamp":"2026-10-05T14:54:41.324739Z","level":"info","event":"::group::Pre Execute","logger":"task","filename":"task_runner.py","lineno":2412}
{"timestamp":"2026-10-05T14:54:41.525376Z","level":"info","event":"DAG bundles loaded: dags-folder, example_dags, apache-airflow-providers-common-sql-example-dags, apache-airflow-providers-standard-example-dags","task_id":"compare_models","try_number":1,"ti_id":"01a10c8e-4ce4-723d-b795-5ff16118d0ce","dag_id":"sprint1_r_train","run_id":"manual__2026-10-05T14:53:34.749862+00:00","map_index":-1,"logger":"airflow.dag_processing.bundles.manager.DagBundlesManager","filename":"manager.py","lineno":304}
{"timestamp":"2026-10-05T14:54:41.527138Z","level":"info","event":"Filling up the DagBag from /opt/airflow/dags/sprint1_r_train.py","task_id":"compare_models","try_number":1,"ti_id":"01a10c8e-4ce4-723d-b795-5ff16118d0ce","dag_id":"sprint1_r_train","run_id":"manual__2026-10-05T14:53:34.749862+00:00","map_index":-1,"logger":"airflow.dag_processing.dagbag.BundleDagBag","filename":"dagbag.py","lineno":460}
{"timestamp":"2026-10-05T14:54:44.311100Z","level":"info","event":"Worker startup parse complete","bundle_name":"dags-folder","bundle_version":null,"dag_file":"sprint1_r_train.py","dag_id":"sprint1_r_train","bundle_prepare_ms":3,"dag_file_parse_ms":2784,"task_id":"compare_models","try_number":1,"ti_id":"01a10c8e-4ce4-723d-b795-5ff16118d0ce","run_id":"manual__2026-10-05T14:53:34.749862+00:00","map_index":-1,"logger":"task","filename":"task_runner.py","lineno":1073}
{"timestamp":"2026-10-05T14:54:44.367456Z","level":"info","event":"Task instance is in running state","logger":"task.stdout"}
{"timestamp":"2026-10-05T14:54:44.367830Z","level":"info","event":" Previous state of the Task instance: TaskInstanceState.QUEUED","logger":"task.stdout"}
{"timestamp":"2026-10-05T14:54:44.368051Z","level":"info","event":"Current task name:compare_models","logger":"task.stdout"}
{"timestamp":"2026-10-05T14:54:44.368224Z","level":"info","event":"Dag name:sprint1_r_train","logger":"task.stdout"}
{"timestamp":"2026-10-05T14:54:44.368004Z","level":"info","event":"::endgroup::","task_id":"compare_models","try_number":1,"ti_id":"01a10c8e-4ce4-723d-b795-5ff16118d0ce","dag_id":"sprint1_r_train","run_id":"manual__2026-10-05T14:53:34.749862+00:00","map_index":-1,"logger":"task","filename":"task_runner.py","lineno":2232}
{"timestamp":"2026-10-05T14:54:44.373896Z","level":"info","event":"","logger":"task.stdout"}
{"timestamp":"2026-10-05T14:54:44.374144Z","level":"info","event":"Model comparison:","logger":"task.stdout"}
{"timestamp":"2026-10-05T14:54:44.383756Z","level":"info","event":"      f1    model   pr_auc   recall  roc_auc  precision","logger":"task.stdout"}
{"timestamp":"2026-10-05T14:54:44.383965Z","level":"info","event":"0.626374 catboost 0.673214 0.737069 0.843632   0.544586","logger":"task.stdout"}
{"timestamp":"2026-10-05T14:54:44.384103Z","level":"info","event":"0.611265 lightgbm 0.638434 0.713362 0.829081   0.534733","logger":"task.stdout"}
{"timestamp":"2026-10-05T14:54:44.384221Z","level":"info","event":"0.596026  xgboost 0.621574 0.678879 0.823748   0.531197","logger":"task.stdout"}
{"timestamp":"2026-10-05T14:54:44.384428Z","level":"info","event":"","logger":"task.stdout"}
{"timestamp":"2026-10-05T14:54:44.384684Z","level":"info","event":"Best model:","logger":"task.stdout"}
{"timestamp":"2026-10-05T14:54:44.385325Z","level":"info","event":"f1           0.626374","logger":"task.stdout"}
{"timestamp":"2026-10-05T14:54:44.385484Z","level":"info","event":"model        catboost","logger":"task.stdout"}
{"timestamp":"2026-10-05T14:54:44.385751Z","level":"info","event":"pr_auc       0.673214","logger":"task.stdout"}
{"timestamp":"2026-10-05T14:54:44.385874Z","level":"info","event":"recall       0.737069","logger":"task.stdout"}
{"timestamp":"2026-10-05T14:54:44.385990Z","level":"info","event":"roc_auc      0.843632","logger":"task.stdout"}
{"timestamp":"2026-10-05T14:54:44.386108Z","level":"info","event":"precision    0.544586","logger":"task.stdout"}
{"timestamp":"2026-10-05T14:54:44.386226Z","level":"info","event":"Name: 0, dtype: object","logger":"task.stdout"}
{"timestamp":"2026-10-05T14:54:44.391935Z","level":"info","event":"Done. Returned value was: {'best_model': 'catboost', 'best_roc_auc': 0.8436315656026477, 'best_f1': 0.6263736263736264, 'comparison_path': '/opt/airflow/data/metrics/model_comparison.csv'}","task_id":"compare_models","try_number":1,"ti_id":"01a10c8e-4ce4-723d-b795-5ff16118d0ce","dag_id":"sprint1_r_train","run_id":"manual__2026-10-05T14:53:34.749862+00:00","map_index":-1,"logger":"airflow.task.operators.airflow.providers.standard.decorators.python._PythonDecoratedOperator","filename":"python.py","lineno":233}
{"timestamp":"2026-10-05T14:54:44.392158Z","level":"info","event":"::group::Post Execute","task_id":"compare_models","try_number":1,"ti_id":"01a10c8e-4ce4-723d-b795-5ff16118d0ce","dag_id":"sprint1_r_train","run_id":"manual__2026-10-05T14:53:34.749862+00:00","map_index":-1,"logger":"task","filename":"task_runner.py","lineno":1580}
{"timestamp":"2026-10-05T14:54:44.392354Z","level":"info","event":"Pushing xcom","ti":"RuntimeTaskInstance(id=UUID('01a10c8e-4ce4-723d-b795-5ff16118d0ce'), task_id='compare_models', dag_id='sprint1_r_train', run_id='manual__2026-10-05T14:53:34.749862+00:00', try_number=1, dag_version_id=UUID('01a10c8e-1354-7f9c-a0e6-b8326decbed9'), map_index=-1, hostname='e5212bcd53c4', context_carrier={'traceparent': '00-ddbee6c71206b93b60795a595e46c567-5639ba82a80cb118-00'}, queue='default', task=<Task(_PythonDecoratedOperator): compare_models>, bundle_instance=LocalDagBundle(name=dags-folder), max_tries=0, start_date=datetime.datetime(2026, 10, 5, 14, 54, 41, 308740, tzinfo=datetime.timezone.utc), end_date=None, state=<TaskInstanceState.RUNNING: 'running'>, is_mapped=False, rendered_map_index=None, sentry_integration='sentry_sdk.integrations.celery.CeleryIntegration')","task_id":"compare_models","try_number":1,"ti_id":"01a10c8e-4ce4-723d-b795-5ff16118d0ce","dag_id":"sprint1_r_train","run_id":"manual__2026-10-05T14:53:34.749862+00:00","map_index":-1,"logger":"task","filename":"task_runner.py","lineno":2280}
{"timestamp":"2026-10-05T14:54:44.544559Z","level":"info","event":"Task instance in success state","logger":"task.stdout"}
{"timestamp":"2026-10-05T14:54:44.544854Z","level":"info","event":" Previous state of the Task instance: TaskInstanceState.RUNNING","logger":"task.stdout"}
{"timestamp":"2026-10-05T14:54:44.545042Z","level":"info","event":"Task operator:<Task(_PythonDecoratedOperator): compare_models>","logger":"task.stdout"}
{"timestamp":"2026-10-05T14:54:44.544516Z","level":"info","event":"::endgroup::","task_id":"compare_models","try_number":1,"ti_id":"01a10c8e-4ce4-723d-b795-5ff16118d0ce","dag_id":"sprint1_r_train","run_id":"manual__2026-10-05T14:53:34.749862+00:00","map_index":-1,"logger":"task","filename":"task_runner.py","lineno":2379}
