{"timestamp":"2026-10-06T12:01:32.727915Z","level":"info","event":"::group::Pre Execute","logger":"task","filename":"task_runner.py","lineno":2412}
{"timestamp":"2026-10-06T12:01:33.071168Z","level":"info","event":"DAG bundles loaded: dags-folder, example_dags, apache-airflow-providers-common-sql-example-dags, apache-airflow-providers-standard-example-dags","try_number":1,"run_id":"manual__2026-10-06T12:01:28.524660+00:00","dag_id":"sprint1_r_train","map_index":-1,"ti_id":"01a11117-17ed-747a-997b-6eaceb010524","task_id":"train_lightgbm","logger":"airflow.dag_processing.bundles.manager.DagBundlesManager","filename":"manager.py","lineno":304}
{"timestamp":"2026-10-06T12:01:33.073066Z","level":"info","event":"Filling up the DagBag from /opt/airflow/dags/sprint1_r_train.py","try_number":1,"run_id":"manual__2026-10-06T12:01:28.524660+00:00","dag_id":"sprint1_r_train","map_index":-1,"ti_id":"01a11117-17ed-747a-997b-6eaceb010524","task_id":"train_lightgbm","logger":"airflow.dag_processing.dagbag.BundleDagBag","filename":"dagbag.py","lineno":460}
{"timestamp":"2026-10-06T12:01:37.241689Z","level":"info","event":"Worker startup parse complete","bundle_name":"dags-folder","bundle_version":null,"dag_file":"sprint1_r_train.py","dag_id":"sprint1_r_train","bundle_prepare_ms":3,"dag_file_parse_ms":4168,"try_number":1,"run_id":"manual__2026-10-06T12:01:28.524660+00:00","map_index":-1,"ti_id":"01a11117-17ed-747a-997b-6eaceb010524","task_id":"train_lightgbm","logger":"task","filename":"task_runner.py","lineno":1073}
{"timestamp":"2026-10-06T12:01:37.312229Z","level":"info","event":"Task instance is in running state","logger":"task.stdout"}
{"timestamp":"2026-10-06T12:01:37.312624Z","level":"info","event":" Previous state of the Task instance: TaskInstanceState.QUEUED","logger":"task.stdout"}
{"timestamp":"2026-10-06T12:01:37.322384Z","level":"info","event":"Current task name:train_lightgbm","logger":"task.stdout"}
{"timestamp":"2026-10-06T12:01:37.322699Z","level":"info","event":"Dag name:sprint1_r_train","logger":"task.stdout"}
{"timestamp":"2026-10-06T12:01:37.323189Z","level":"info","event":"::endgroup::","try_number":1,"run_id":"manual__2026-10-06T12:01:28.524660+00:00","dag_id":"sprint1_r_train","map_index":-1,"ti_id":"01a11117-17ed-747a-997b-6eaceb010524","task_id":"train_lightgbm","logger":"task","filename":"task_runner.py","lineno":2232}
{"timestamp":"2026-10-06T12:01:39.039276Z","level":"info","event":"[LightGBM] [Info] Number of positive: 1393, number of negative: 3872","logger":"task.stdout"}
{"timestamp":"2026-10-06T12:01:39.055164Z","level":"info","event":"[LightGBM] [Info] Auto-choosing row-wise multi-threading, the overhead of testing was 0.002806 seconds.","logger":"task.stdout"}
{"timestamp":"2026-10-06T12:01:39.055402Z","level":"info","event":"You can set `force_row_wise=true` to remove the overhead.","logger":"task.stdout"}
{"timestamp":"2026-10-06T12:01:39.055542Z","level":"info","event":"And if memory is not enough, you can set `force_col_wise=true`.","logger":"task.stdout"}
{"timestamp":"2026-10-06T12:01:39.055674Z","level":"info","event":"[LightGBM] [Info] Total Bins 557","logger":"task.stdout"}
{"timestamp":"2026-10-06T12:01:39.055801Z","level":"info","event":"[LightGBM] [Info] Number of data points in the train set: 5265, number of used features: 17","logger":"task.stdout"}
{"timestamp":"2026-10-06T12:01:39.055929Z","level":"info","event":"[LightGBM] [Info] [binary:BoostFromScore]: pavg=0.500000 -> initscore=-0.000000","logger":"task.stdout"}
{"timestamp":"2026-10-06T12:01:39.056068Z","level":"info","event":"[LightGBM] [Info] Start training from score -0.000000","logger":"task.stdout"}
{"timestamp":"2026-10-06T12:01:42.955527Z","level":"info","event":"[LightGBM] [Warning] No further splits with positive gain, best gain: -inf","logger":"task.stdout"}
{"timestamp":"2026-10-06T12:01:43.052580Z","level":"info","event":"[LightGBM] [Warning] No further splits with positive gain, best gain: -inf","logger":"task.stdout"}
{"timestamp":"2026-10-06T12:01:43.183952Z","level":"info","event":"[LightGBM] [Warning] No further splits with positive gain, best gain: -inf","logger":"task.stdout"}
{"timestamp":"2026-10-06T12:01:43.892039Z","level":"info","event":"[LightGBM] [Warning] No further splits with positive gain, best gain: -inf","logger":"task.stdout"}
{"timestamp":"2026-10-06T12:01:43.938957Z","level":"info","event":"[LightGBM] [Warning] No further splits with positive gain, best gain: -inf","logger":"task.stdout"}
{"timestamp":"2026-10-06T12:01:44.331641Z","level":"info","event":"[LightGBM] [Warning] No further splits with positive gain, best gain: -inf","logger":"task.stdout"}
{"timestamp":"2026-10-06T12:01:44.357712Z","level":"info","event":"[LightGBM] [Warning] No further splits with positive gain, best gain: -inf","logger":"task.stdout"}
{"timestamp":"2026-10-06T12:01:44.402835Z","level":"info","event":"[LightGBM] [Warning] No further splits with positive gain, best gain: -inf","logger":"task.stdout"}
{"timestamp":"2026-10-06T12:01:44.725977Z","level":"info","event":"[LightGBM] [Warning] No further splits with positive gain, best gain: -inf","logger":"task.stdout"}
{"timestamp":"2026-10-06T12:01:44.747790Z","level":"info","event":"[LightGBM] [Warning] No further splits with positive gain, best gain: -inf","logger":"task.stdout"}
{"timestamp":"2026-10-06T12:01:44.751741Z","level":"info","event":"[LightGBM] [Warning] No further splits with positive gain, best gain: -inf","logger":"task.stdout"}
{"timestamp":"2026-10-06T12:01:44.820255Z","level":"info","event":"[LightGBM] [Warning] No further splits with positive gain, best gain: -inf","logger":"task.stdout"}
{"timestamp":"2026-10-06T12:01:44.888898Z","level":"info","event":"[LightGBM] [Warning] No further splits with positive gain, best gain: -inf","logger":"task.stdout"}
{"timestamp":"2026-10-06T12:01:44.923030Z","level":"info","event":"[LightGBM] [Warning] No further splits with positive gain, best gain: -inf","logger":"task.stdout"}
{"timestamp":"2026-10-06T12:01:44.924816Z","level":"info","event":"[LightGBM] [Warning] No further splits with positive gain, best gain: -inf","logger":"task.stdout"}
{"timestamp":"2026-10-06T12:01:44.925792Z","level":"info","event":"[LightGBM] [Warning] No further splits with positive gain, best gain: -inf","logger":"task.stdout"}
{"timestamp":"2026-10-06T12:01:44.979599Z","level":"info","event":"[LightGBM] [Warning] No further splits with positive gain, best gain: -inf","logger":"task.stdout"}
{"timestamp":"2026-10-06T12:01:44.986230Z","level":"info","event":"[LightGBM] [Warning] No further splits with positive gain, best gain: -inf","logger":"task.stdout"}
{"timestamp":"2026-10-06T12:01:45.752637Z","level":"info","event":"[LightGBM] [Warning] No further splits with positive gain, best gain: -inf","logger":"task.stdout"}
{"timestamp":"2026-10-06T12:01:46.227406Z","level":"info","event":"[LightGBM] [Warning] No further splits with positive gain, best gain: -inf","logger":"task.stdout"}
{"timestamp":"2026-10-06T12:01:46.409603Z","level":"info","event":"[LightGBM] [Warning] No further splits with positive gain, best gain: -inf","logger":"task.stdout"}
{"timestamp":"2026-10-06T12:01:46.418031Z","level":"info","event":"[LightGBM] [Warning] No further splits with positive gain, best gain: -inf","logger":"task.stdout"}
{"timestamp":"2026-10-06T12:01:46.419821Z","level":"info","event":"[LightGBM] [Warning] No further splits with positive gain, best gain: -inf","logger":"task.stdout"}
{"timestamp":"2026-10-06T12:01:46.420647Z","level":"info","event":"[LightGBM] [Warning] No further splits with positive gain, best gain: -inf","logger":"task.stdout"}
{"timestamp":"2026-10-06T12:01:46.423857Z","level":"info","event":"[LightGBM] [Warning] No further splits with positive gain, best gain: -inf","logger":"task.stdout"}
{"timestamp":"2026-10-06T12:01:46.429593Z","level":"info","event":"[LightGBM] [Warning] No further splits with positive gain, best gain: -inf","logger":"task.stdout"}
{"timestamp":"2026-10-06T12:01:46.430346Z","level":"info","event":"[LightGBM] [Warning] No further splits with positive gain, best gain: -inf","logger":"task.stdout"}
{"timestamp":"2026-10-06T12:01:46.434291Z","level":"info","event":"[LightGBM] [Warning] No further splits with positive gain, best gain: -inf","logger":"task.stdout"}
{"timestamp":"2026-10-06T12:01:47.217194Z","level":"info","event":"[LightGBM] [Warning] No further splits with positive gain, best gain: -inf","logger":"task.stdout"}
{"timestamp":"2026-10-06T12:01:48.075756Z","level":"info","event":"[LightGBM] [Warning] No further splits with positive gain, best gain: -inf","logger":"task.stdout"}
{"timestamp":"2026-10-06T12:01:48.077306Z","level":"info","event":"[LightGBM] [Warning] No further splits with positive gain, best gain: -inf","logger":"task.stdout"}
{"timestamp":"2026-10-06T12:01:48.078036Z","level":"info","event":"[LightGBM] [Warning] No further splits with positive gain, best gain: -inf","logger":"task.stdout"}
{"timestamp":"2026-10-06T12:01:48.204383Z","level":"info","event":"[LightGBM] [Warning] No further splits with positive gain, best gain: -inf","logger":"task.stdout"}
{"timestamp":"2026-10-06T12:01:48.326897Z","level":"info","event":"[LightGBM] [Warning] No further splits with positive gain, best gain: -inf","logger":"task.stdout"}
{"timestamp":"2026-10-06T12:01:48.370052Z","level":"info","event":"[LightGBM] [Warning] No further splits with positive gain, best gain: -inf","logger":"task.stdout"}
{"timestamp":"2026-10-06T12:01:48.377403Z","level":"info","event":"[LightGBM] [Warning] No further splits with positive gain, best gain: -inf","logger":"task.stdout"}
{"timestamp":"2026-10-06T12:01:48.377627Z","level":"info","event":"[LightGBM] [Warning] No further splits with positive gain, best gain: -inf","logger":"task.stdout"}
{"timestamp":"2026-10-06T12:01:48.377764Z","level":"info","event":"[LightGBM] [Warning] No further splits with positive gain, best gain: -inf","logger":"task.stdout"}
{"timestamp":"2026-10-06T12:01:48.377891Z","level":"info","event":"[LightGBM] [Warning] No further splits with positive gain, best gain: -inf","logger":"task.stdout"}
{"timestamp":"2026-10-06T12:01:48.378038Z","level":"info","event":"[LightGBM] [Warning] No further splits with positive gain, best gain: -inf","logger":"task.stdout"}
{"timestamp":"2026-10-06T12:01:48.490485Z","level":"info","event":"[LightGBM] [Warning] No further splits with positive gain, best gain: -inf","logger":"task.stdout"}
{"timestamp":"2026-10-06T12:01:49.046708Z","level":"info","event":"[LightGBM] [Warning] No further splits with positive gain, best gain: -inf","logger":"task.stdout"}
{"timestamp":"2026-10-06T12:01:49.046925Z","level":"info","event":"[LightGBM] [Warning] No further splits with positive gain, best gain: -inf","logger":"task.stdout"}
{"timestamp":"2026-10-06T12:01:49.047051Z","level":"info","event":"[LightGBM] [Warning] No further splits with positive gain, best gain: -inf","logger":"task.stdout"}
{"timestamp":"2026-10-06T12:01:49.522426Z","level":"info","event":"[LightGBM] [Warning] No further splits with positive gain, best gain: -inf","logger":"task.stdout"}
{"timestamp":"2026-10-06T12:01:49.522780Z","level":"info","event":"[LightGBM] [Warning] No further splits with positive gain, best gain: -inf","logger":"task.stdout"}
{"timestamp":"2026-10-06T12:01:49.742784Z","level":"info","event":"[LightGBM] [Warning] No further splits with positive gain, best gain: -inf","logger":"task.stdout"}
{"timestamp":"2026-10-06T12:01:49.746153Z","level":"info","event":"[LightGBM] [Warning] No further splits with positive gain, best gain: -inf","logger":"task.stdout"}
{"timestamp":"2026-10-06T12:01:49.762209Z","level":"info","event":"[LightGBM] [Warning] No further splits with positive gain, best gain: -inf","logger":"task.stdout"}
{"timestamp":"2026-10-06T12:01:50.053157Z","level":"info","event":"[LightGBM] [Warning] No further splits with positive gain, best gain: -inf","logger":"task.stdout"}
{"timestamp":"2026-10-06T12:01:50.054192Z","level":"info","event":"[LightGBM] [Warning] No further splits with positive gain, best gain: -inf","logger":"task.stdout"}
{"timestamp":"2026-10-06T12:01:50.104194Z","level":"info","event":"[LightGBM] [Warning] No further splits with positive gain, best gain: -inf","logger":"task.stdout"}
{"timestamp":"2026-10-06T12:01:50.195448Z","level":"info","event":"[LightGBM] [Warning] No further splits with positive gain, best gain: -inf","logger":"task.stdout"}
{"timestamp":"2026-10-06T12:01:50.197514Z","level":"info","event":"[LightGBM] [Warning] No further splits with positive gain, best gain: -inf","logger":"task.stdout"}
{"timestamp":"2026-10-06T12:01:50.434884Z","level":"info","event":"[LightGBM] [Warning] No further splits with positive gain, best gain: -inf","logger":"task.stdout"}
{"timestamp":"2026-10-06T12:01:50.468189Z","level":"info","event":"[LightGBM] [Warning] No further splits with positive gain, best gain: -inf","logger":"task.stdout"}
{"timestamp":"2026-10-06T12:01:50.470368Z","level":"info","event":"[LightGBM] [Warning] No further splits with positive gain, best gain: -inf","logger":"task.stdout"}
{"timestamp":"2026-10-06T12:01:50.944703Z","level":"info","event":"[LightGBM] [Warning] No further splits with positive gain, best gain: -inf","logger":"task.stdout"}
{"timestamp":"2026-10-06T12:01:51.537994Z","level":"info","event":"[LightGBM] [Warning] No further splits with positive gain, best gain: -inf","logger":"task.stdout"}
{"timestamp":"2026-10-06T12:01:51.649924Z","level":"info","event":"[LightGBM] [Warning] No further splits with positive gain, best gain: -inf","logger":"task.stdout"}
{"timestamp":"2026-10-06T12:01:52.248632Z","level":"info","event":"[LightGBM] [Warning] No further splits with positive gain, best gain: -inf","logger":"task.stdout"}
{"timestamp":"2026-10-06T12:01:52.248918Z","level":"info","event":"[LightGBM] [Warning] No further splits with positive gain, best gain: -inf","logger":"task.stdout"}
{"timestamp":"2026-10-06T12:01:52.249824Z","level":"info","event":"[LightGBM] [Warning] No further splits with positive gain, best gain: -inf","logger":"task.stdout"}
{"timestamp":"2026-10-06T12:01:52.499687Z","level":"info","event":"[LightGBM] [Warning] No further splits with positive gain, best gain: -inf","logger":"task.stdout"}
{"timestamp":"2026-10-06T12:01:52.500827Z","level":"info","event":"[LightGBM] [Warning] No further splits with positive gain, best gain: -inf","logger":"task.stdout"}
{"timestamp":"2026-10-06T12:01:53.561042Z","level":"info","event":"[LightGBM] [Warning] No further splits with positive gain, best gain: -inf","logger":"task.stdout"}
{"timestamp":"2026-10-06T12:01:53.562331Z","level":"info","event":"[LightGBM] [Warning] No further splits with positive gain, best gain: -inf","logger":"task.stdout"}
{"timestamp":"2026-10-06T12:01:53.738072Z","level":"info","event":"[LightGBM] [Warning] No further splits with positive gain, best gain: -inf","logger":"task.stdout"}
{"timestamp":"2026-10-06T12:01:53.945641Z","level":"info","event":"[LightGBM] [Warning] No further splits with positive gain, best gain: -inf","logger":"task.stdout"}
{"timestamp":"2026-10-06T12:01:53.951746Z","level":"info","event":"[LightGBM] [Warning] No further splits with positive gain, best gain: -inf","logger":"task.stdout"}
{"timestamp":"2026-10-06T12:01:53.994613Z","level":"info","event":"[LightGBM] [Warning] No further splits with positive gain, best gain: -inf","logger":"task.stdout"}
{"timestamp":"2026-10-06T12:01:54.100480Z","level":"info","event":"[LightGBM] [Warning] No further splits with positive gain, best gain: -inf","logger":"task.stdout"}
{"timestamp":"2026-10-06T12:01:54.108467Z","level":"info","event":"[LightGBM] [Warning] No further splits with positive gain, best gain: -inf","logger":"task.stdout"}
{"timestamp":"2026-10-06T12:01:54.139813Z","level":"info","event":"[LightGBM] [Warning] No further splits with positive gain, best gain: -inf","logger":"task.stdout"}
{"timestamp":"2026-10-06T12:01:54.143145Z","level":"info","event":"[LightGBM] [Warning] No further splits with positive gain, best gain: -inf","logger":"task.stdout"}
{"timestamp":"2026-10-06T12:01:54.146484Z","level":"info","event":"[LightGBM] [Warning] No further splits with positive gain, best gain: -inf","logger":"task.stdout"}
{"timestamp":"2026-10-06T12:01:54.247821Z","level":"info","event":"[LightGBM] [Warning] No further splits with positive gain, best gain: -inf","logger":"task.stdout"}
{"timestamp":"2026-10-06T12:01:54.253532Z","level":"info","event":"[LightGBM] [Warning] No further splits with positive gain, best gain: -inf","logger":"task.stdout"}
{"timestamp":"2026-10-06T12:01:54.294196Z","level":"info","event":"[LightGBM] [Warning] No further splits with positive gain, best gain: -inf","logger":"task.stdout"}
{"timestamp":"2026-10-06T12:01:54.295143Z","level":"info","event":"[LightGBM] [Warning] No further splits with positive gain, best gain: -inf","logger":"task.stdout"}
{"timestamp":"2026-10-06T12:01:54.296866Z","level":"info","event":"[LightGBM] [Warning] No further splits with positive gain, best gain: -inf","logger":"task.stdout"}
{"timestamp":"2026-10-06T12:01:54.319838Z","level":"info","event":"[LightGBM] [Warning] No further splits with positive gain, best gain: -inf","logger":"task.stdout"}
{"timestamp":"2026-10-06T12:01:54.320858Z","level":"info","event":"[LightGBM] [Warning] No further splits with positive gain, best gain: -inf","logger":"task.stdout"}
{"timestamp":"2026-10-06T12:01:54.355363Z","level":"info","event":"[LightGBM] [Warning] No further splits with positive gain, best gain: -inf","logger":"task.stdout"}
{"timestamp":"2026-10-06T12:01:54.374787Z","level":"info","event":"[LightGBM] [Warning] No further splits with positive gain, best gain: -inf","logger":"task.stdout"}
{"timestamp":"2026-10-06T12:01:54.375949Z","level":"info","event":"[LightGBM] [Warning] No further splits with positive gain, best gain: -inf","logger":"task.stdout"}
{"timestamp":"2026-10-06T12:01:54.376843Z","level":"info","event":"[LightGBM] [Warning] No further splits with positive gain, best gain: -inf","logger":"task.stdout"}
{"timestamp":"2026-10-06T12:01:54.442413Z","level":"info","event":"[LightGBM] [Warning] No further splits with positive gain, best gain: -inf","logger":"task.stdout"}
{"timestamp":"2026-10-06T12:01:54.442720Z","level":"info","event":"[LightGBM] [Warning] No further splits with positive gain, best gain: -inf","logger":"task.stdout"}
{"timestamp":"2026-10-06T12:01:54.442850Z","level":"info","event":"[LightGBM] [Warning] No further splits with positive gain, best gain: -inf","logger":"task.stdout"}
{"timestamp":"2026-10-06T12:01:54.442966Z","level":"info","event":"[LightGBM] [Warning] No further splits with positive gain, best gain: -inf","logger":"task.stdout"}
{"timestamp":"2026-10-06T12:01:54.443081Z","level":"info","event":"[LightGBM] [Warning] No further splits with positive gain, best gain: -inf","logger":"task.stdout"}
{"timestamp":"2026-10-06T12:01:54.443194Z","level":"info","event":"[LightGBM] [Warning] No further splits with positive gain, best gain: -inf","logger":"task.stdout"}
{"timestamp":"2026-10-06T12:01:54.443308Z","level":"info","event":"[LightGBM] [Warning] No further splits with positive gain, best gain: -inf","logger":"task.stdout"}
{"timestamp":"2026-10-06T12:01:54.470877Z","level":"info","event":"[LightGBM] [Warning] No further splits with positive gain, best gain: -inf","logger":"task.stdout"}
{"timestamp":"2026-10-06T12:01:54.490959Z","level":"info","event":"[LightGBM] [Warning] No further splits with positive gain, best gain: -inf","logger":"task.stdout"}
{"timestamp":"2026-10-06T12:01:54.758163Z","level":"info","event":"[LightGBM] [Warning] No further splits with positive gain, best gain: -inf","logger":"task.stdout"}
{"timestamp":"2026-10-06T12:01:54.778214Z","level":"info","event":"[LightGBM] [Warning] No further splits with positive gain, best gain: -inf","logger":"task.stdout"}
{"timestamp":"2026-10-06T12:01:54.814044Z","level":"info","event":"[LightGBM] [Warning] No further splits with positive gain, best gain: -inf","logger":"task.stdout"}
{"timestamp":"2026-10-06T12:01:54.839179Z","level":"info","event":"[LightGBM] [Warning] No further splits with positive gain, best gain: -inf","logger":"task.stdout"}
{"timestamp":"2026-10-06T12:01:54.843031Z","level":"info","event":"[LightGBM] [Warning] No further splits with positive gain, best gain: -inf","logger":"task.stdout"}
{"timestamp":"2026-10-06T12:01:54.872042Z","level":"info","event":"[LightGBM] [Warning] No further splits with positive gain, best gain: -inf","logger":"task.stdout"}
{"timestamp":"2026-10-06T12:01:54.872886Z","level":"info","event":"[LightGBM] [Warning] No further splits with positive gain, best gain: -inf","logger":"task.stdout"}
{"timestamp":"2026-10-06T12:01:54.873765Z","level":"info","event":"[LightGBM] [Warning] No further splits with positive gain, best gain: -inf","logger":"task.stdout"}
{"timestamp":"2026-10-06T12:01:54.876749Z","level":"info","event":"[LightGBM] [Warning] No further splits with positive gain, best gain: -inf","logger":"task.stdout"}
{"timestamp":"2026-10-06T12:01:54.927953Z","level":"info","event":"[LightGBM] [Warning] No further splits with positive gain, best gain: -inf","logger":"task.stdout"}
{"timestamp":"2026-10-06T12:01:54.929309Z","level":"info","event":"[LightGBM] [Warning] No further splits with positive gain, best gain: -inf","logger":"task.stdout"}
{"timestamp":"2026-10-06T12:01:54.941785Z","level":"info","event":"[LightGBM] [Warning] No further splits with positive gain, best gain: -inf","logger":"task.stdout"}
{"timestamp":"2026-10-06T12:01:54.975539Z","level":"info","event":"[LightGBM] [Warning] No further splits with positive gain, best gain: -inf","logger":"task.stdout"}
{"timestamp":"2026-10-06T12:01:54.976690Z","level":"info","event":"[LightGBM] [Warning] No further splits with positive gain, best gain: -inf","logger":"task.stdout"}
{"timestamp":"2026-10-06T12:01:54.986915Z","level":"info","event":"[LightGBM] [Warning] No further splits with positive gain, best gain: -inf","logger":"task.stdout"}
{"timestamp":"2026-10-06T12:01:54.995725Z","level":"info","event":"[LightGBM] [Warning] No further splits with positive gain, best gain: -inf","logger":"task.stdout"}
{"timestamp":"2026-10-06T12:01:54.996663Z","level":"info","event":"[LightGBM] [Warning] No further splits with positive gain, best gain: -inf","logger":"task.stdout"}
{"timestamp":"2026-10-06T12:01:55.004702Z","level":"info","event":"[LightGBM] [Warning] No further splits with positive gain, best gain: -inf","logger":"task.stdout"}
{"timestamp":"2026-10-06T12:01:55.031540Z","level":"info","event":"[LightGBM] [Warning] No further splits with positive gain, best gain: -inf","logger":"task.stdout"}
{"timestamp":"2026-10-06T12:01:55.088906Z","level":"info","event":"[LightGBM] [Warning] No further splits with positive gain, best gain: -inf","logger":"task.stdout"}
{"timestamp":"2026-10-06T12:01:55.165291Z","level":"info","event":"[LightGBM] [Warning] No further splits with positive gain, best gain: -inf","logger":"task.stdout"}
{"timestamp":"2026-10-06T12:01:55.165872Z","level":"info","event":"[LightGBM] [Warning] No further splits with positive gain, best gain: -inf","logger":"task.stdout"}
{"timestamp":"2026-10-06T12:01:55.166598Z","level":"info","event":"[LightGBM] [Warning] No further splits with positive gain, best gain: -inf","logger":"task.stdout"}
{"timestamp":"2026-10-06T12:01:55.167144Z","level":"info","event":"[LightGBM] [Warning] No further splits with positive gain, best gain: -inf","logger":"task.stdout"}
{"timestamp":"2026-10-06T12:01:55.167915Z","level":"info","event":"[LightGBM] [Warning] No further splits with positive gain, best gain: -inf","logger":"task.stdout"}
{"timestamp":"2026-10-06T12:01:55.168691Z","level":"info","event":"[LightGBM] [Warning] No further splits with positive gain, best gain: -inf","logger":"task.stdout"}
{"timestamp":"2026-10-06T12:01:55.169250Z","level":"info","event":"[LightGBM] [Warning] No further splits with positive gain, best gain: -inf","logger":"task.stdout"}
{"timestamp":"2026-10-06T12:01:55.410944Z","level":"info","event":"[LightGBM] [Warning] No further splits with positive gain, best gain: -inf","logger":"task.stdout"}
{"timestamp":"2026-10-06T12:01:55.416805Z","level":"info","event":"[LightGBM] [Warning] No further splits with positive gain, best gain: -inf","logger":"task.stdout"}
{"timestamp":"2026-10-06T12:01:55.417739Z","level":"info","event":"[LightGBM] [Warning] No further splits with positive gain, best gain: -inf","logger":"task.stdout"}
{"timestamp":"2026-10-06T12:01:55.431197Z","level":"info","event":"[LightGBM] [Warning] No further splits with positive gain, best gain: -inf","logger":"task.stdout"}
{"timestamp":"2026-10-06T12:01:55.668326Z","level":"info","event":"[LightGBM] [Warning] No further splits with positive gain, best gain: -inf","logger":"task.stdout"}
{"timestamp":"2026-10-06T12:01:55.669004Z","level":"info","event":"[LightGBM] [Warning] No further splits with positive gain, best gain: -inf","logger":"task.stdout"}
{"timestamp":"2026-10-06T12:01:55.669482Z","level":"info","event":"[LightGBM] [Warning] No further splits with positive gain, best gain: -inf","logger":"task.stdout"}
{"timestamp":"2026-10-06T12:01:55.669891Z","level":"info","event":"[LightGBM] [Warning] No further splits with positive gain, best gain: -inf","logger":"task.stdout"}
{"timestamp":"2026-10-06T12:01:55.790238Z","level":"info","event":"[LightGBM] [Warning] No further splits with positive gain, best gain: -inf","logger":"task.stdout"}
{"timestamp":"2026-10-06T12:01:55.807409Z","level":"info","event":"[LightGBM] [Warning] No further splits with positive gain, best gain: -inf","logger":"task.stdout"}
{"timestamp":"2026-10-06T12:01:55.827733Z","level":"info","event":"[LightGBM] [Warning] No further splits with positive gain, best gain: -inf","logger":"task.stdout"}
{"timestamp":"2026-10-06T12:01:55.828737Z","level":"info","event":"[LightGBM] [Warning] No further splits with positive gain, best gain: -inf","logger":"task.stdout"}
{"timestamp":"2026-10-06T12:01:55.829609Z","level":"info","event":"[LightGBM] [Warning] No further splits with positive gain, best gain: -inf","logger":"task.stdout"}
{"timestamp":"2026-10-06T12:01:55.930642Z","level":"info","event":"[LightGBM] [Warning] No further splits with positive gain, best gain: -inf","logger":"task.stdout"}
{"timestamp":"2026-10-06T12:01:55.931646Z","level":"info","event":"[LightGBM] [Warning] No further splits with positive gain, best gain: -inf","logger":"task.stdout"}
{"timestamp":"2026-10-06T12:01:55.932778Z","level":"info","event":"[LightGBM] [Warning] No further splits with positive gain, best gain: -inf","logger":"task.stdout"}
{"timestamp":"2026-10-06T12:01:55.955072Z","level":"info","event":"[LightGBM] [Warning] No further splits with positive gain, best gain: -inf","logger":"task.stdout"}
{"timestamp":"2026-10-06T12:01:55.956151Z","level":"info","event":"[LightGBM] [Warning] No further splits with positive gain, best gain: -inf","logger":"task.stdout"}
{"timestamp":"2026-10-06T12:01:56.016205Z","level":"info","event":"[LightGBM] [Warning] No further splits with positive gain, best gain: -inf","logger":"task.stdout"}
{"timestamp":"2026-10-06T12:01:56.017357Z","level":"info","event":"[LightGBM] [Warning] No further splits with positive gain, best gain: -inf","logger":"task.stdout"}
{"timestamp":"2026-10-06T12:01:56.094843Z","level":"info","event":"[LightGBM] [Warning] No further splits with positive gain, best gain: -inf","logger":"task.stdout"}
{"timestamp":"2026-10-06T12:01:56.097987Z","level":"info","event":"[LightGBM] [Warning] No further splits with positive gain, best gain: -inf","logger":"task.stdout"}
{"timestamp":"2026-10-06T12:01:56.137946Z","level":"info","event":"[LightGBM] [Warning] No further splits with positive gain, best gain: -inf","logger":"task.stdout"}
{"timestamp":"2026-10-06T12:01:56.157868Z","level":"info","event":"[LightGBM] [Warning] No further splits with positive gain, best gain: -inf","logger":"task.stdout"}
{"timestamp":"2026-10-06T12:01:56.178675Z","level":"info","event":"[LightGBM] [Warning] No further splits with positive gain, best gain: -inf","logger":"task.stdout"}
{"timestamp":"2026-10-06T12:01:56.213491Z","level":"info","event":"[LightGBM] [Warning] No further splits with positive gain, best gain: -inf","logger":"task.stdout"}
{"timestamp":"2026-10-06T12:01:56.213957Z","level":"info","event":"[LightGBM] [Warning] No further splits with positive gain, best gain: -inf","logger":"task.stdout"}
{"timestamp":"2026-10-06T12:01:56.246339Z","level":"info","event":"[LightGBM] [Warning] No further splits with positive gain, best gain: -inf","logger":"task.stdout"}
{"timestamp":"2026-10-06T12:01:56.285780Z","level":"info","event":"[LightGBM] [Warning] No further splits with positive gain, best gain: -inf","logger":"task.stdout"}
{"timestamp":"2026-10-06T12:01:56.296404Z","level":"info","event":"[LightGBM] [Warning] No further splits with positive gain, best gain: -inf","logger":"task.stdout"}
{"timestamp":"2026-10-06T12:01:56.314643Z","level":"info","event":"[LightGBM] [Warning] No further splits with positive gain, best gain: -inf","logger":"task.stdout"}
{"timestamp":"2026-10-06T12:01:56.315894Z","level":"info","event":"[LightGBM] [Warning] No further splits with positive gain, best gain: -inf","logger":"task.stdout"}
{"timestamp":"2026-10-06T12:01:56.789268Z","level":"info","event":"[LightGBM] [Warning] No further splits with positive gain, best gain: -inf","logger":"task.stdout"}
{"timestamp":"2026-10-06T12:01:56.790365Z","level":"info","event":"[LightGBM] [Warning] No further splits with positive gain, best gain: -inf","logger":"task.stdout"}
{"timestamp":"2026-10-06T12:01:56.790893Z","level":"info","event":"[LightGBM] [Warning] No further splits with positive gain, best gain: -inf","logger":"task.stdout"}
{"timestamp":"2026-10-06T12:01:56.792168Z","level":"info","event":"[LightGBM] [Warning] No further splits with positive gain, best gain: -inf","logger":"task.stdout"}
{"timestamp":"2026-10-06T12:01:56.792876Z","level":"info","event":"[LightGBM] [Warning] No further splits with positive gain, best gain: -inf","logger":"task.stdout"}
{"timestamp":"2026-10-06T12:01:56.793462Z","level":"info","event":"[LightGBM] [Warning] No further splits with positive gain, best gain: -inf","logger":"task.stdout"}
{"timestamp":"2026-10-06T12:01:57.758752Z","level":"info","event":"[LightGBM] [Warning] No further splits with positive gain, best gain: -inf","logger":"task.stdout"}
{"timestamp":"2026-10-06T12:01:57.789081Z","level":"info","event":"[LightGBM] [Warning] No further splits with positive gain, best gain: -inf","logger":"task.stdout"}
{"timestamp":"2026-10-06T12:01:57.789950Z","level":"info","event":"[LightGBM] [Warning] No further splits with positive gain, best gain: -inf","logger":"task.stdout"}
{"timestamp":"2026-10-06T12:01:57.790825Z","level":"info","event":"[LightGBM] [Warning] No further splits with positive gain, best gain: -inf","logger":"task.stdout"}
{"timestamp":"2026-10-06T12:01:57.791669Z","level":"info","event":"[LightGBM] [Warning] No further splits with positive gain, best gain: -inf","logger":"task.stdout"}
{"timestamp":"2026-10-06T12:01:57.793070Z","level":"info","event":"[LightGBM] [Warning] No further splits with positive gain, best gain: -inf","logger":"task.stdout"}
{"timestamp":"2026-10-06T12:01:57.866407Z","level":"info","event":"[LightGBM] [Warning] No further splits with positive gain, best gain: -inf","logger":"task.stdout"}
{"timestamp":"2026-10-06T12:01:57.866675Z","level":"info","event":"[LightGBM] [Warning] No further splits with positive gain, best gain: -inf","logger":"task.stdout"}
{"timestamp":"2026-10-06T12:01:57.866825Z","level":"info","event":"[LightGBM] [Warning] No further splits with positive gain, best gain: -inf","logger":"task.stdout"}
{"timestamp":"2026-10-06T12:01:57.866967Z","level":"info","event":"[LightGBM] [Warning] No further splits with positive gain, best gain: -inf","logger":"task.stdout"}
{"timestamp":"2026-10-06T12:01:57.867107Z","level":"info","event":"[LightGBM] [Warning] No further splits with positive gain, best gain: -inf","logger":"task.stdout"}
{"timestamp":"2026-10-06T12:01:57.902281Z","level":"info","event":"[LightGBM] [Warning] No further splits with positive gain, best gain: -inf","logger":"task.stdout"}
{"timestamp":"2026-10-06T12:01:57.915235Z","level":"info","event":"[LightGBM] [Warning] No further splits with positive gain, best gain: -inf","logger":"task.stdout"}
{"timestamp":"2026-10-06T12:01:57.915790Z","level":"info","event":"[LightGBM] [Warning] No further splits with positive gain, best gain: -inf","logger":"task.stdout"}
{"timestamp":"2026-10-06T12:01:57.916425Z","level":"info","event":"[LightGBM] [Warning] No further splits with positive gain, best gain: -inf","logger":"task.stdout"}
{"timestamp":"2026-10-06T12:01:57.916925Z","level":"info","event":"[LightGBM] [Warning] No further splits with positive gain, best gain: -inf","logger":"task.stdout"}
{"timestamp":"2026-10-06T12:01:57.981916Z","level":"info","event":"[LightGBM] [Warning] No further splits with positive gain, best gain: -inf","logger":"task.stdout"}
{"timestamp":"2026-10-06T12:01:57.982301Z","level":"info","event":"[LightGBM] [Warning] No further splits with positive gain, best gain: -inf","logger":"task.stdout"}
{"timestamp":"2026-10-06T12:01:58.190653Z","level":"info","event":"[LightGBM] [Warning] No further splits with positive gain, best gain: -inf","logger":"task.stdout"}
{"timestamp":"2026-10-06T12:01:58.192268Z","level":"info","event":"[LightGBM] [Warning] No further splits with positive gain, best gain: -inf","logger":"task.stdout"}
{"timestamp":"2026-10-06T12:01:58.193774Z","level":"info","event":"[LightGBM] [Warning] No further splits with positive gain, best gain: -inf","logger":"task.stdout"}
{"timestamp":"2026-10-06T12:01:58.225547Z","level":"info","event":"[LightGBM] [Warning] No further splits with positive gain, best gain: -inf","logger":"task.stdout"}
{"timestamp":"2026-10-06T12:01:58.226717Z","level":"info","event":"[LightGBM] [Warning] No further splits with positive gain, best gain: -inf","logger":"task.stdout"}
{"timestamp":"2026-10-06T12:01:58.227576Z","level":"info","event":"[LightGBM] [Warning] No further splits with positive gain, best gain: -inf","logger":"task.stdout"}
{"timestamp":"2026-10-06T12:01:58.228645Z","level":"info","event":"[LightGBM] [Warning] No further splits with positive gain, best gain: -inf","logger":"task.stdout"}
{"timestamp":"2026-10-06T12:01:58.229769Z","level":"info","event":"[LightGBM] [Warning] No further splits with positive gain, best gain: -inf","logger":"task.stdout"}
{"timestamp":"2026-10-06T12:01:58.404368Z","level":"info","event":"[LightGBM] [Warning] No further splits with positive gain, best gain: -inf","logger":"task.stdout"}
{"timestamp":"2026-10-06T12:01:58.441834Z","level":"info","event":"[LightGBM] [Warning] No further splits with positive gain, best gain: -inf","logger":"task.stdout"}
{"timestamp":"2026-10-06T12:01:58.518332Z","level":"info","event":"[LightGBM] [Warning] No further splits with positive gain, best gain: -inf","logger":"task.stdout"}
{"timestamp":"2026-10-06T12:01:58.754782Z","level":"info","event":"[LightGBM] [Warning] No further splits with positive gain, best gain: -inf","logger":"task.stdout"}
{"timestamp":"2026-10-06T12:01:58.755577Z","level":"info","event":"[LightGBM] [Warning] No further splits with positive gain, best gain: -inf","logger":"task.stdout"}
{"timestamp":"2026-10-06T12:01:58.756288Z","level":"info","event":"[LightGBM] [Warning] No further splits with positive gain, best gain: -inf","logger":"task.stdout"}
{"timestamp":"2026-10-06T12:01:58.757011Z","level":"info","event":"[LightGBM] [Warning] No further splits with positive gain, best gain: -inf","logger":"task.stdout"}
{"timestamp":"2026-10-06T12:01:58.769618Z","level":"info","event":"[LightGBM] [Warning] No further splits with positive gain, best gain: -inf","logger":"task.stdout"}
{"timestamp":"2026-10-06T12:01:58.771116Z","level":"info","event":"[LightGBM] [Warning] No further splits with positive gain, best gain: -inf","logger":"task.stdout"}
{"timestamp":"2026-10-06T12:01:58.933148Z","level":"info","event":"[LightGBM] [Warning] No further splits with positive gain, best gain: -inf","logger":"task.stdout"}
{"timestamp":"2026-10-06T12:01:58.933687Z","level":"info","event":"[LightGBM] [Warning] No further splits with positive gain, best gain: -inf","logger":"task.stdout"}
{"timestamp":"2026-10-06T12:01:58.934234Z","level":"info","event":"[LightGBM] [Warning] No further splits with positive gain, best gain: -inf","logger":"task.stdout"}
{"timestamp":"2026-10-06T12:01:59.113411Z","level":"info","event":"[LightGBM] [Warning] No further splits with positive gain, best gain: -inf","logger":"task.stdout"}
{"timestamp":"2026-10-06T12:01:59.114036Z","level":"info","event":"[LightGBM] [Warning] No further splits with positive gain, best gain: -inf","logger":"task.stdout"}
{"timestamp":"2026-10-06T12:01:59.227766Z","level":"info","event":"[LightGBM] [Warning] No further splits with positive gain, best gain: -inf","logger":"task.stdout"}
{"timestamp":"2026-10-06T12:01:59.228366Z","level":"info","event":"[LightGBM] [Warning] No further splits with positive gain, best gain: -inf","logger":"task.stdout"}
{"timestamp":"2026-10-06T12:01:59.228955Z","level":"info","event":"[LightGBM] [Warning] No further splits with positive gain, best gain: -inf","logger":"task.stdout"}
{"timestamp":"2026-10-06T12:01:59.414334Z","level":"info","event":"[LightGBM] [Warning] No further splits with positive gain, best gain: -inf","logger":"task.stdout"}
{"timestamp":"2026-10-06T12:01:59.416250Z","level":"info","event":"[LightGBM] [Warning] No further splits with positive gain, best gain: -inf","logger":"task.stdout"}
{"timestamp":"2026-10-06T12:02:00.027317Z","level":"info","event":"[LightGBM] [Warning] No further splits with positive gain, best gain: -inf","logger":"task.stdout"}
{"timestamp":"2026-10-06T12:02:00.048690Z","level":"info","event":"[LightGBM] [Warning] No further splits with positive gain, best gain: -inf","logger":"task.stdout"}
{"timestamp":"2026-10-06T12:02:00.091644Z","level":"info","event":"[LightGBM] [Warning] No further splits with positive gain, best gain: -inf","logger":"task.stdout"}
{"timestamp":"2026-10-06T12:02:00.182878Z","level":"info","event":"[LightGBM] [Warning] No further splits with positive gain, best gain: -inf","logger":"task.stdout"}
{"timestamp":"2026-10-06T12:02:00.183946Z","level":"info","event":"[LightGBM] [Warning] No further splits with positive gain, best gain: -inf","logger":"task.stdout"}
{"timestamp":"2026-10-06T12:02:00.185607Z","level":"info","event":"[LightGBM] [Warning] No further splits with positive gain, best gain: -inf","logger":"task.stdout"}
{"timestamp":"2026-10-06T12:02:00.347957Z","level":"info","event":"[LightGBM] [Warning] No further splits with positive gain, best gain: -inf","logger":"task.stdout"}
{"timestamp":"2026-10-06T12:02:00.348920Z","level":"info","event":"[LightGBM] [Warning] No further splits with positive gain, best gain: -inf","logger":"task.stdout"}
{"timestamp":"2026-10-06T12:02:00.414262Z","level":"info","event":"[LightGBM] [Warning] No further splits with positive gain, best gain: -inf","logger":"task.stdout"}
{"timestamp":"2026-10-06T12:02:00.648349Z","level":"info","event":"[LightGBM] [Warning] No further splits with positive gain, best gain: -inf","logger":"task.stdout"}
{"timestamp":"2026-10-06T12:02:00.649402Z","level":"info","event":"[LightGBM] [Warning] No further splits with positive gain, best gain: -inf","logger":"task.stdout"}
{"timestamp":"2026-10-06T12:02:00.889227Z","level":"info","event":"[LightGBM] [Warning] No further splits with positive gain, best gain: -inf","logger":"task.stdout"}
{"timestamp":"2026-10-06T12:02:01.066352Z","level":"info","event":"[LightGBM] [Warning] No further splits with positive gain, best gain: -inf","logger":"task.stdout"}
{"timestamp":"2026-10-06T12:02:01.067432Z","level":"info","event":"[LightGBM] [Warning] No further splits with positive gain, best gain: -inf","logger":"task.stdout"}
{"timestamp":"2026-10-06T12:02:01.068198Z","level":"info","event":"[LightGBM] [Warning] No further splits with positive gain, best gain: -inf","logger":"task.stdout"}
{"timestamp":"2026-10-06T12:02:01.069223Z","level":"info","event":"[LightGBM] [Warning] No further splits with positive gain, best gain: -inf","logger":"task.stdout"}
{"timestamp":"2026-10-06T12:02:01.070209Z","level":"info","event":"[LightGBM] [Warning] No further splits with positive gain, best gain: -inf","logger":"task.stdout"}
{"timestamp":"2026-10-06T12:02:01.185491Z","level":"info","event":"[LightGBM] [Warning] No further splits with positive gain, best gain: -inf","logger":"task.stdout"}
{"timestamp":"2026-10-06T12:02:01.460582Z","level":"info","event":"[LightGBM] [Warning] No further splits with positive gain, best gain: -inf","logger":"task.stdout"}
{"timestamp":"2026-10-06T12:02:01.587700Z","level":"info","event":"[LightGBM] [Warning] No further splits with positive gain, best gain: -inf","logger":"task.stdout"}
{"timestamp":"2026-10-06T12:02:01.648567Z","level":"info","event":"[LightGBM] [Warning] No further splits with positive gain, best gain: -inf","logger":"task.stdout"}
{"timestamp":"2026-10-06T12:02:01.689467Z","level":"info","event":"[LightGBM] [Warning] No further splits with positive gain, best gain: -inf","logger":"task.stdout"}
{"timestamp":"2026-10-06T12:02:01.711889Z","level":"info","event":"[LightGBM] [Warning] No further splits with positive gain, best gain: -inf","logger":"task.stdout"}
{"timestamp":"2026-10-06T12:02:02.666433Z","level":"info","event":"[LightGBM] [Warning] No further splits with positive gain, best gain: -inf","logger":"task.stdout"}
{"timestamp":"2026-10-06T12:02:02.666832Z","level":"info","event":"[LightGBM] [Warning] No further splits with positive gain, best gain: -inf","logger":"task.stdout"}
{"timestamp":"2026-10-06T12:02:02.666989Z","level":"info","event":"[LightGBM] [Warning] No further splits with positive gain, best gain: -inf","logger":"task.stdout"}
{"timestamp":"2026-10-06T12:02:02.667116Z","level":"info","event":"[LightGBM] [Warning] No further splits with positive gain, best gain: -inf","logger":"task.stdout"}
{"timestamp":"2026-10-06T12:02:02.667241Z","level":"info","event":"[LightGBM] [Warning] No further splits with positive gain, best gain: -inf","logger":"task.stdout"}
{"timestamp":"2026-10-06T12:02:02.667364Z","level":"info","event":"[LightGBM] [Warning] No further splits with positive gain, best gain: -inf","logger":"task.stdout"}
{"timestamp":"2026-10-06T12:02:02.667485Z","level":"info","event":"[LightGBM] [Warning] No further splits with positive gain, best gain: -inf","logger":"task.stdout"}
{"timestamp":"2026-10-06T12:02:02.667607Z","level":"info","event":"[LightGBM] [Warning] No further splits with positive gain, best gain: -inf","logger":"task.stdout"}
{"timestamp":"2026-10-06T12:02:02.667730Z","level":"info","event":"[LightGBM] [Warning] No further splits with positive gain, best gain: -inf","logger":"task.stdout"}
{"timestamp":"2026-10-06T12:02:02.727902Z","level":"info","event":"[LightGBM] [Warning] No further splits with positive gain, best gain: -inf","logger":"task.stdout"}
{"timestamp":"2026-10-06T12:02:02.884007Z","level":"info","event":"[LightGBM] [Warning] No further splits with positive gain, best gain: -inf","logger":"task.stdout"}
{"timestamp":"2026-10-06T12:02:02.934773Z","level":"info","event":"[LightGBM] [Warning] No further splits with positive gain, best gain: -inf","logger":"task.stdout"}
{"timestamp":"2026-10-06T12:02:02.936679Z","level":"info","event":"[LightGBM] [Warning] No further splits with positive gain, best gain: -inf","logger":"task.stdout"}
{"timestamp":"2026-10-06T12:02:03.195854Z","level":"info","event":"[LightGBM] [Warning] No further splits with positive gain, best gain: -inf","logger":"task.stdout"}
{"timestamp":"2026-10-06T12:02:03.324439Z","level":"info","event":"[LightGBM] [Warning] No further splits with positive gain, best gain: -inf","logger":"task.stdout"}
{"timestamp":"2026-10-06T12:02:03.325476Z","level":"info","event":"[LightGBM] [Warning] No further splits with positive gain, best gain: -inf","logger":"task.stdout"}
{"timestamp":"2026-10-06T12:02:03.434262Z","level":"info","event":"[LightGBM] [Warning] No further splits with positive gain, best gain: -inf","logger":"task.stdout"}
{"timestamp":"2026-10-06T12:02:03.463601Z","level":"info","event":"[LightGBM] [Warning] No further splits with positive gain, best gain: -inf","logger":"task.stdout"}
{"timestamp":"2026-10-06T12:02:03.465387Z","level":"info","event":"[LightGBM] [Warning] No further splits with positive gain, best gain: -inf","logger":"task.stdout"}
{"timestamp":"2026-10-06T12:02:03.658890Z","level":"info","event":"[LightGBM] [Warning] No further splits with positive gain, best gain: -inf","logger":"task.stdout"}
{"timestamp":"2026-10-06T12:02:03.660571Z","level":"info","event":"[LightGBM] [Warning] No further splits with positive gain, best gain: -inf","logger":"task.stdout"}
{"timestamp":"2026-10-06T12:02:03.695124Z","level":"info","event":"[LightGBM] [Warning] No further splits with positive gain, best gain: -inf","logger":"task.stdout"}
{"timestamp":"2026-10-06T12:02:03.878605Z","level":"info","event":"[LightGBM] [Warning] No further splits with positive gain, best gain: -inf","logger":"task.stdout"}
{"timestamp":"2026-10-06T12:02:03.880436Z","level":"info","event":"[LightGBM] [Warning] No further splits with positive gain, best gain: -inf","logger":"task.stdout"}
{"timestamp":"2026-10-06T12:02:04.278571Z","level":"info","event":"[LightGBM] [Warning] No further splits with positive gain, best gain: -inf","logger":"task.stdout"}
{"timestamp":"2026-10-06T12:02:04.447704Z","level":"info","event":"[LightGBM] [Warning] No further splits with positive gain, best gain: -inf","logger":"task.stdout"}
{"timestamp":"2026-10-06T12:02:04.586215Z","level":"info","event":"[LightGBM] [Warning] No further splits with positive gain, best gain: -inf","logger":"task.stdout"}
{"timestamp":"2026-10-06T12:02:04.587409Z","level":"info","event":"[LightGBM] [Warning] No further splits with positive gain, best gain: -inf","logger":"task.stdout"}
{"timestamp":"2026-10-06T12:02:04.588212Z","level":"info","event":"[LightGBM] [Warning] No further splits with positive gain, best gain: -inf","logger":"task.stdout"}
{"timestamp":"2026-10-06T12:02:04.588901Z","level":"info","event":"[LightGBM] [Warning] No further splits with positive gain, best gain: -inf","logger":"task.stdout"}
{"timestamp":"2026-10-06T12:02:04.589918Z","level":"info","event":"[LightGBM] [Warning] No further splits with positive gain, best gain: -inf","logger":"task.stdout"}
{"timestamp":"2026-10-06T12:02:04.669426Z","level":"info","event":"[LightGBM] [Warning] No further splits with positive gain, best gain: -inf","logger":"task.stdout"}
{"timestamp":"2026-10-06T12:02:04.681913Z","level":"info","event":"[LightGBM] [Warning] No further splits with positive gain, best gain: -inf","logger":"task.stdout"}
{"timestamp":"2026-10-06T12:02:05.198745Z","level":"info","event":"[LightGBM] [Warning] No further splits with positive gain, best gain: -inf","logger":"task.stdout"}
{"timestamp":"2026-10-06T12:02:05.260099Z","level":"info","event":"[LightGBM] [Warning] No further splits with positive gain, best gain: -inf","logger":"task.stdout"}
{"timestamp":"2026-10-06T12:02:05.264194Z","level":"info","event":"[LightGBM] [Warning] No further splits with positive gain, best gain: -inf","logger":"task.stdout"}
{"timestamp":"2026-10-06T12:02:05.264391Z","level":"info","event":"[LightGBM] [Warning] No further splits with positive gain, best gain: -inf","logger":"task.stdout"}
{"timestamp":"2026-10-06T12:02:05.264524Z","level":"info","event":"[LightGBM] [Warning] No further splits with positive gain, best gain: -inf","logger":"task.stdout"}
{"timestamp":"2026-10-06T12:02:05.270217Z","level":"info","event":"[LightGBM] [Warning] No further splits with positive gain, best gain: -inf","logger":"task.stdout"}
{"timestamp":"2026-10-06T12:02:05.272000Z","level":"info","event":"[LightGBM] [Warning] No further splits with positive gain, best gain: -inf","logger":"task.stdout"}
{"timestamp":"2026-10-06T12:02:05.272186Z","level":"info","event":"[LightGBM] [Warning] No further splits with positive gain, best gain: -inf","logger":"task.stdout"}
{"timestamp":"2026-10-06T12:02:05.274149Z","level":"info","event":"[LightGBM] [Warning] No further splits with positive gain, best gain: -inf","logger":"task.stdout"}
{"timestamp":"2026-10-06T12:02:05.275990Z","level":"info","event":"[LightGBM] [Warning] No further splits with positive gain, best gain: -inf","logger":"task.stdout"}
{"timestamp":"2026-10-06T12:02:05.278721Z","level":"info","event":"[LightGBM] [Warning] No further splits with positive gain, best gain: -inf","logger":"task.stdout"}
{"timestamp":"2026-10-06T12:02:05.288804Z","level":"info","event":"[LightGBM] [Warning] No further splits with positive gain, best gain: -inf","logger":"task.stdout"}
{"timestamp":"2026-10-06T12:02:05.289598Z","level":"info","event":"[LightGBM] [Warning] No further splits with positive gain, best gain: -inf","logger":"task.stdout"}
{"timestamp":"2026-10-06T12:02:05.304127Z","level":"info","event":"[LightGBM] [Warning] No further splits with positive gain, best gain: -inf","logger":"task.stdout"}
{"timestamp":"2026-10-06T12:02:05.305274Z","level":"info","event":"[LightGBM] [Warning] No further splits with positive gain, best gain: -inf","logger":"task.stdout"}
{"timestamp":"2026-10-06T12:02:05.306139Z","level":"info","event":"[LightGBM] [Warning] No further splits with positive gain, best gain: -inf","logger":"task.stdout"}
{"timestamp":"2026-10-06T12:02:06.120999Z","level":"info","event":"[LightGBM] [Warning] No further splits with positive gain, best gain: -inf","logger":"task.stdout"}
{"timestamp":"2026-10-06T12:02:06.273443Z","level":"info","event":"[LightGBM] [Warning] No further splits with positive gain, best gain: -inf","logger":"task.stdout"}
{"timestamp":"2026-10-06T12:02:06.274083Z","level":"info","event":"[LightGBM] [Warning] No further splits with positive gain, best gain: -inf","logger":"task.stdout"}
{"timestamp":"2026-10-06T12:02:06.274602Z","level":"info","event":"[LightGBM] [Warning] No further splits with positive gain, best gain: -inf","logger":"task.stdout"}
{"timestamp":"2026-10-06T12:02:06.275270Z","level":"info","event":"[LightGBM] [Warning] No further splits with positive gain, best gain: -inf","logger":"task.stdout"}
{"timestamp":"2026-10-06T12:02:06.276697Z","level":"info","event":"[LightGBM] [Warning] No further splits with positive gain, best gain: -inf","logger":"task.stdout"}
{"timestamp":"2026-10-06T12:02:06.277142Z","level":"info","event":"[LightGBM] [Warning] No further splits with positive gain, best gain: -inf","logger":"task.stdout"}
{"timestamp":"2026-10-06T12:02:06.294929Z","level":"info","event":"[LightGBM] [Warning] No further splits with positive gain, best gain: -inf","logger":"task.stdout"}
{"timestamp":"2026-10-06T12:02:06.296667Z","level":"info","event":"[LightGBM] [Warning] No further splits with positive gain, best gain: -inf","logger":"task.stdout"}
{"timestamp":"2026-10-06T12:02:06.298055Z","level":"info","event":"[LightGBM] [Warning] No further splits with positive gain, best gain: -inf","logger":"task.stdout"}
{"timestamp":"2026-10-06T12:02:06.323014Z","level":"info","event":"[LightGBM] [Warning] No further splits with positive gain, best gain: -inf","logger":"task.stdout"}
{"timestamp":"2026-10-06T12:02:06.323523Z","level":"info","event":"[LightGBM] [Warning] No further splits with positive gain, best gain: -inf","logger":"task.stdout"}
{"timestamp":"2026-10-06T12:02:06.323964Z","level":"info","event":"[LightGBM] [Warning] No further splits with positive gain, best gain: -inf","logger":"task.stdout"}
{"timestamp":"2026-10-06T12:02:06.324582Z","level":"info","event":"[LightGBM] [Warning] No further splits with positive gain, best gain: -inf","logger":"task.stdout"}
{"timestamp":"2026-10-06T12:02:06.325036Z","level":"info","event":"[LightGBM] [Warning] No further splits with positive gain, best gain: -inf","logger":"task.stdout"}
{"timestamp":"2026-10-06T12:02:06.325504Z","level":"info","event":"[LightGBM] [Warning] No further splits with positive gain, best gain: -inf","logger":"task.stdout"}
{"timestamp":"2026-10-06T12:02:06.326040Z","level":"info","event":"[LightGBM] [Warning] No further splits with positive gain, best gain: -inf","logger":"task.stdout"}
{"timestamp":"2026-10-06T12:02:06.338261Z","level":"info","event":"[LightGBM] [Warning] No further splits with positive gain, best gain: -inf","logger":"task.stdout"}
{"timestamp":"2026-10-06T12:02:06.434962Z","level":"info","event":"[LightGBM] [Warning] No further splits with positive gain, best gain: -inf","logger":"task.stdout"}
{"timestamp":"2026-10-06T12:02:06.530739Z","level":"info","event":"[LightGBM] [Warning] No further splits with positive gain, best gain: -inf","logger":"task.stdout"}
{"timestamp":"2026-10-06T12:02:06.532618Z","level":"info","event":"[LightGBM] [Warning] No further splits with positive gain, best gain: -inf","logger":"task.stdout"}
{"timestamp":"2026-10-06T12:02:06.567755Z","level":"info","event":"[LightGBM] [Warning] No further splits with positive gain, best gain: -inf","logger":"task.stdout"}
{"timestamp":"2026-10-06T12:02:06.568395Z","level":"info","event":"[LightGBM] [Warning] No further splits with positive gain, best gain: -inf","logger":"task.stdout"}
{"timestamp":"2026-10-06T12:02:06.873086Z","level":"info","event":"[LightGBM] [Warning] No further splits with positive gain, best gain: -inf","logger":"task.stdout"}
{"timestamp":"2026-10-06T12:02:06.895851Z","level":"info","event":"[LightGBM] [Warning] No further splits with positive gain, best gain: -inf","logger":"task.stdout"}
{"timestamp":"2026-10-06T12:02:06.938223Z","level":"info","event":"[LightGBM] [Warning] No further splits with positive gain, best gain: -inf","logger":"task.stdout"}
{"timestamp":"2026-10-06T12:02:06.938933Z","level":"info","event":"[LightGBM] [Warning] No further splits with positive gain, best gain: -inf","logger":"task.stdout"}
{"timestamp":"2026-10-06T12:02:06.943977Z","level":"info","event":"[LightGBM] [Warning] No further splits with positive gain, best gain: -inf","logger":"task.stdout"}
{"timestamp":"2026-10-06T12:02:06.999947Z","level":"info","event":"[LightGBM] [Warning] No further splits with positive gain, best gain: -inf","logger":"task.stdout"}
{"timestamp":"2026-10-06T12:02:07.000561Z","level":"info","event":"[LightGBM] [Warning] No further splits with positive gain, best gain: -inf","logger":"task.stdout"}
{"timestamp":"2026-10-06T12:02:07.001255Z","level":"info","event":"[LightGBM] [Warning] No further splits with positive gain, best gain: -inf","logger":"task.stdout"}
{"timestamp":"2026-10-06T12:02:07.055634Z","level":"info","event":"[LightGBM] [Warning] No further splits with positive gain, best gain: -inf","logger":"task.stdout"}
{"timestamp":"2026-10-06T12:02:07.093955Z","level":"info","event":"[LightGBM] [Warning] No further splits with positive gain, best gain: -inf","logger":"task.stdout"}
{"timestamp":"2026-10-06T12:02:07.312669Z","level":"info","event":"[LightGBM] [Warning] No further splits with positive gain, best gain: -inf","logger":"task.stdout"}
{"timestamp":"2026-10-06T12:02:07.368583Z","level":"info","event":"[LightGBM] [Warning] No further splits with positive gain, best gain: -inf","logger":"task.stdout"}
{"timestamp":"2026-10-06T12:02:07.767266Z","level":"info","event":"[LightGBM] [Warning] No further splits with positive gain, best gain: -inf","logger":"task.stdout"}
{"timestamp":"2026-10-06T12:02:07.772819Z","level":"info","event":"[LightGBM] [Warning] No further splits with positive gain, best gain: -inf","logger":"task.stdout"}
{"timestamp":"2026-10-06T12:02:07.773985Z","level":"info","event":"[LightGBM] [Warning] No further splits with positive gain, best gain: -inf","logger":"task.stdout"}
{"timestamp":"2026-10-06T12:02:07.775116Z","level":"info","event":"[LightGBM] [Warning] No further splits with positive gain, best gain: -inf","logger":"task.stdout"}
{"timestamp":"2026-10-06T12:02:07.780394Z","level":"info","event":"[LightGBM] [Warning] No further splits with positive gain, best gain: -inf","logger":"task.stdout"}
{"timestamp":"2026-10-06T12:02:07.786940Z","level":"info","event":"[LightGBM] [Warning] No further splits with positive gain, best gain: -inf","logger":"task.stdout"}
{"timestamp":"2026-10-06T12:02:08.193589Z","level":"info","event":"[LightGBM] [Warning] No further splits with positive gain, best gain: -inf","logger":"task.stdout"}
{"timestamp":"2026-10-06T12:02:08.198871Z","level":"info","event":"[LightGBM] [Warning] No further splits with positive gain, best gain: -inf","logger":"task.stdout"}
{"timestamp":"2026-10-06T12:02:08.212491Z","level":"info","event":"[LightGBM] [Warning] No further splits with positive gain, best gain: -inf","logger":"task.stdout"}
{"timestamp":"2026-10-06T12:02:08.213377Z","level":"info","event":"[LightGBM] [Warning] No further splits with positive gain, best gain: -inf","logger":"task.stdout"}
{"timestamp":"2026-10-06T12:02:08.215821Z","level":"info","event":"[LightGBM] [Warning] No further splits with positive gain, best gain: -inf","logger":"task.stdout"}
{"timestamp":"2026-10-06T12:02:08.470992Z","level":"info","event":"[LightGBM] [Warning] No further splits with positive gain, best gain: -inf","logger":"task.stdout"}
{"timestamp":"2026-10-06T12:02:08.471940Z","level":"info","event":"[LightGBM] [Warning] No further splits with positive gain, best gain: -inf","logger":"task.stdout"}
{"timestamp":"2026-10-06T12:02:08.960344Z","level":"info","event":"Done. Returned value was: /opt/airflow/data/models/lightgbm.txt","try_number":1,"run_id":"manual__2026-10-06T12:01:28.524660+00:00","dag_id":"sprint1_r_train","map_index":-1,"ti_id":"01a11117-17ed-747a-997b-6eaceb010524","task_id":"train_lightgbm","logger":"airflow.task.operators.airflow.providers.standard.decorators.python._PythonDecoratedOperator","filename":"python.py","lineno":233}
{"timestamp":"2026-10-06T12:02:08.960622Z","level":"info","event":"::group::Post Execute","try_number":1,"run_id":"manual__2026-10-06T12:01:28.524660+00:00","dag_id":"sprint1_r_train","map_index":-1,"ti_id":"01a11117-17ed-747a-997b-6eaceb010524","task_id":"train_lightgbm","logger":"task","filename":"task_runner.py","lineno":1580}
{"timestamp":"2026-10-06T12:02:08.960901Z","level":"info","event":"Pushing xcom","ti":"RuntimeTaskInstance(id=UUID('01a11117-17ed-747a-997b-6eaceb010524'), task_id='train_lightgbm', dag_id='sprint1_r_train', run_id='manual__2026-10-06T12:01:28.524660+00:00', try_number=1, dag_version_id=UUID('01a11111-bc37-7964-829e-e9b22b212ab0'), map_index=-1, hostname='4007fe033237', context_carrier={'traceparent': '00-c6389cf0631168ce454a88519fdba568-f74d01909d9df439-00'}, queue='default', task=<Task(_PythonDecoratedOperator): train_lightgbm>, bundle_instance=LocalDagBundle(name=dags-folder), max_tries=0, start_date=datetime.datetime(2026, 10, 6, 12, 1, 32, 684945, tzinfo=datetime.timezone.utc), end_date=None, state=<TaskInstanceState.RUNNING: 'running'>, is_mapped=False, rendered_map_index=None, sentry_integration='sentry_sdk.integrations.celery.CeleryIntegration')","try_number":1,"run_id":"manual__2026-10-06T12:01:28.524660+00:00","dag_id":"sprint1_r_train","map_index":-1,"ti_id":"01a11117-17ed-747a-997b-6eaceb010524","task_id":"train_lightgbm","logger":"task","filename":"task_runner.py","lineno":2280}
{"timestamp":"2026-10-06T12:02:09.024515Z","level":"info","event":"Task instance in success state","logger":"task.stdout"}
{"timestamp":"2026-10-06T12:02:09.024783Z","level":"info","event":" Previous state of the Task instance: TaskInstanceState.RUNNING","logger":"task.stdout"}
{"timestamp":"2026-10-06T12:02:09.024940Z","level":"info","event":"Task operator:<Task(_PythonDecoratedOperator): train_lightgbm>","logger":"task.stdout"}
{"timestamp":"2026-10-06T12:02:09.023926Z","level":"info","event":"::endgroup::","try_number":1,"run_id":"manual__2026-10-06T12:01:28.524660+00:00","dag_id":"sprint1_r_train","map_index":-1,"ti_id":"01a11117-17ed-747a-997b-6eaceb010524","task_id":"train_lightgbm","logger":"task","filename":"task_runner.py","lineno":2379}
