{"timestamp":"2026-10-05T14:06:04.631987Z","level":"info","event":"::group::Pre Execute","logger":"task","filename":"task_runner.py","lineno":2412}
{"timestamp":"2026-10-05T14:06:04.860272Z","level":"info","event":"DAG bundles loaded: dags-folder, example_dags, apache-airflow-providers-common-sql-example-dags, apache-airflow-providers-standard-example-dags","try_number":1,"map_index":-1,"dag_id":"sprint1_r_train","ti_id":"01a10c62-cafb-740a-a45c-8b4e8c2371e0","run_id":"manual__2026-10-05T14:06:03.494194+00:00","task_id":"split_data","logger":"airflow.dag_processing.bundles.manager.DagBundlesManager","filename":"manager.py","lineno":304}
{"timestamp":"2026-10-05T14:06:04.866164Z","level":"info","event":"Filling up the DagBag from /opt/airflow/dags/sprint1_r_train.py","try_number":1,"map_index":-1,"dag_id":"sprint1_r_train","ti_id":"01a10c62-cafb-740a-a45c-8b4e8c2371e0","run_id":"manual__2026-10-05T14:06:03.494194+00:00","task_id":"split_data","logger":"airflow.dag_processing.dagbag.BundleDagBag","filename":"dagbag.py","lineno":460}
{"timestamp":"2026-10-05T14:06:07.735850Z","level":"info","event":"Worker startup parse complete","bundle_name":"dags-folder","bundle_version":null,"dag_file":"sprint1_r_train.py","dag_id":"sprint1_r_train","bundle_prepare_ms":7,"dag_file_parse_ms":2869,"try_number":1,"map_index":-1,"ti_id":"01a10c62-cafb-740a-a45c-8b4e8c2371e0","run_id":"manual__2026-10-05T14:06:03.494194+00:00","task_id":"split_data","logger":"task","filename":"task_runner.py","lineno":1073}
{"timestamp":"2026-10-05T14:06:07.792130Z","level":"info","event":"Task instance is in running state","logger":"task.stdout"}
{"timestamp":"2026-10-05T14:06:07.792522Z","level":"info","event":" Previous state of the Task instance: TaskInstanceState.QUEUED","logger":"task.stdout"}
{"timestamp":"2026-10-05T14:06:07.793320Z","level":"info","event":"Current task name:split_data","logger":"task.stdout"}
{"timestamp":"2026-10-05T14:06:07.793592Z","level":"info","event":"Dag name:sprint1_r_train","logger":"task.stdout"}
{"timestamp":"2026-10-05T14:06:07.794072Z","level":"info","event":"::endgroup::","try_number":1,"map_index":-1,"dag_id":"sprint1_r_train","ti_id":"01a10c62-cafb-740a-a45c-8b4e8c2371e0","run_id":"manual__2026-10-05T14:06:03.494194+00:00","task_id":"split_data","logger":"task","filename":"task_runner.py","lineno":2232}
{"timestamp":"2026-10-05T14:06:07.878578Z","level":"info","event":"Dataset shape: (7021, 18)","logger":"task.stdout"}
{"timestamp":"2026-10-05T14:06:08.051208Z","level":"info","event":"Train shape: (5265, 17)","logger":"task.stdout"}
{"timestamp":"2026-10-05T14:06:08.051582Z","level":"info","event":"Validation shape: (1756, 17)","logger":"task.stdout"}
{"timestamp":"2026-10-05T14:06:08.051843Z","level":"info","event":"Train target distribution:","logger":"task.stdout"}
{"timestamp":"2026-10-05T14:06:08.054679Z","level":"info","event":"target","logger":"task.stdout"}
{"timestamp":"2026-10-05T14:06:08.054846Z","level":"info","event":"0    0.735423","logger":"task.stdout"}
{"timestamp":"2026-10-05T14:06:08.054959Z","level":"info","event":"1    0.264577","logger":"task.stdout"}
{"timestamp":"2026-10-05T14:06:08.055181Z","level":"info","event":"Name: proportion, dtype: float64","logger":"task.stdout"}
{"timestamp":"2026-10-05T14:06:08.055441Z","level":"info","event":"Validation target distribution:","logger":"task.stdout"}
{"timestamp":"2026-10-05T14:06:08.061729Z","level":"info","event":"target","logger":"task.stdout"}
{"timestamp":"2026-10-05T14:06:08.061899Z","level":"info","event":"0    0.735763","logger":"task.stdout"}
{"timestamp":"2026-10-05T14:06:08.062015Z","level":"info","event":"1    0.264237","logger":"task.stdout"}
{"timestamp":"2026-10-05T14:06:08.062228Z","level":"info","event":"Name: proportion, dtype: float64","logger":"task.stdout"}
{"timestamp":"2026-10-05T14:06:08.109796Z","level":"info","event":"X_train saved: /opt/airflow/data/train/X_train.parquet","logger":"task.stdout"}
{"timestamp":"2026-10-05T14:06:08.110178Z","level":"info","event":"X_val saved: /opt/airflow/data/train/X_val.parquet","logger":"task.stdout"}
{"timestamp":"2026-10-05T14:06:08.110937Z","level":"info","event":"Done. Returned value was: {'x_train': '/opt/airflow/data/train/X_train.parquet', 'x_val': '/opt/airflow/data/train/X_val.parquet', 'y_train': '/opt/airflow/data/train/y_train.parquet', 'y_val': '/opt/airflow/data/train/y_val.parquet'}","try_number":1,"map_index":-1,"dag_id":"sprint1_r_train","ti_id":"01a10c62-cafb-740a-a45c-8b4e8c2371e0","run_id":"manual__2026-10-05T14:06:03.494194+00:00","task_id":"split_data","logger":"airflow.task.operators.airflow.providers.standard.decorators.python._PythonDecoratedOperator","filename":"python.py","lineno":233}
{"timestamp":"2026-10-05T14:06:08.111661Z","level":"info","event":"::group::Post Execute","try_number":1,"map_index":-1,"dag_id":"sprint1_r_train","ti_id":"01a10c62-cafb-740a-a45c-8b4e8c2371e0","run_id":"manual__2026-10-05T14:06:03.494194+00:00","task_id":"split_data","logger":"task","filename":"task_runner.py","lineno":1580}
{"timestamp":"2026-10-05T14:06:08.112297Z","level":"info","event":"Pushing xcom","ti":"RuntimeTaskInstance(id=UUID('01a10c62-cafb-740a-a45c-8b4e8c2371e0'), task_id='split_data', dag_id='sprint1_r_train', run_id='manual__2026-10-05T14:06:03.494194+00:00', try_number=1, dag_version_id=UUID('01a10c50-eae4-7038-9f49-a40eb340b7d4'), map_index=-1, hostname='8b9e1f85ab10', context_carrier={'traceparent': '00-8683917b2796cdef13e62e61a8532b4d-a6304823c2e22103-00'}, queue='default', task=<Task(_PythonDecoratedOperator): split_data>, bundle_instance=LocalDagBundle(name=dags-folder), max_tries=0, start_date=datetime.datetime(2026, 10, 5, 14, 6, 4, 614807, tzinfo=datetime.timezone.utc), end_date=None, state=<TaskInstanceState.RUNNING: 'running'>, is_mapped=False, rendered_map_index=None, sentry_integration='sentry_sdk.integrations.celery.CeleryIntegration')","try_number":1,"map_index":-1,"dag_id":"sprint1_r_train","ti_id":"01a10c62-cafb-740a-a45c-8b4e8c2371e0","run_id":"manual__2026-10-05T14:06:03.494194+00:00","task_id":"split_data","logger":"task","filename":"task_runner.py","lineno":2280}
{"timestamp":"2026-10-05T14:06:08.316871Z","level":"info","event":"Task instance in success state","logger":"task.stdout"}
{"timestamp":"2026-10-05T14:06:08.317096Z","level":"info","event":" Previous state of the Task instance: TaskInstanceState.RUNNING","logger":"task.stdout"}
{"timestamp":"2026-10-05T14:06:08.317227Z","level":"info","event":"Task operator:<Task(_PythonDecoratedOperator): split_data>","logger":"task.stdout"}
{"timestamp":"2026-10-05T14:06:08.289874Z","level":"info","event":"::endgroup::","try_number":1,"map_index":-1,"dag_id":"sprint1_r_train","ti_id":"01a10c62-cafb-740a-a45c-8b4e8c2371e0","run_id":"manual__2026-10-05T14:06:03.494194+00:00","task_id":"split_data","logger":"task","filename":"task_runner.py","lineno":2379}
