{"timestamp":"2026-10-02T13:04:26.207836Z","level":"info","event":"::group::Pre Execute","logger":"task","filename":"task_runner.py","lineno":2412}
{"timestamp":"2026-10-02T13:04:26.239457Z","level":"info","event":"DAG bundles loaded: dags-folder, example_dags, apache-airflow-providers-common-sql-example-dags, apache-airflow-providers-standard-example-dags","try_number":1,"run_id":"manual__2026-10-02T13:04:25.605044+00:00","ti_id":"01a0fcb7-4a13-7057-b2dd-7a5c02360f6c","task_id":"extract","map_index":-1,"dag_id":"sprint1_r","logger":"airflow.dag_processing.bundles.manager.DagBundlesManager","filename":"manager.py","lineno":304}
{"timestamp":"2026-10-02T13:04:26.242992Z","level":"info","event":"Filling up the DagBag from /opt/airflow/dags/charn.py","try_number":1,"run_id":"manual__2026-10-02T13:04:25.605044+00:00","ti_id":"01a0fcb7-4a13-7057-b2dd-7a5c02360f6c","task_id":"extract","map_index":-1,"dag_id":"sprint1_r","logger":"airflow.dag_processing.dagbag.BundleDagBag","filename":"dagbag.py","lineno":460}
{"timestamp":"2026-10-02T13:04:26.789017Z","level":"warning","event":"The `airflow.decorators.dag` attribute is deprecated. Please use `'airflow.sdk.dag'`.","category":"UserWarning","filename":"/opt/airflow/dags/charn.py","lineno":6,"try_number":1,"run_id":"manual__2026-10-02T13:04:25.605044+00:00","ti_id":"01a0fcb7-4a13-7057-b2dd-7a5c02360f6c","task_id":"extract","map_index":-1,"dag_id":"sprint1_r","logger":"py.warnings"}
{"timestamp":"2026-10-02T13:04:26.789352Z","level":"warning","event":"The `airflow.decorators.task` attribute is deprecated. Please use `'airflow.sdk.task'`.","category":"UserWarning","filename":"/opt/airflow/dags/charn.py","lineno":6,"try_number":1,"run_id":"manual__2026-10-02T13:04:25.605044+00:00","ti_id":"01a0fcb7-4a13-7057-b2dd-7a5c02360f6c","task_id":"extract","map_index":-1,"dag_id":"sprint1_r","logger":"py.warnings"}
{"timestamp":"2026-10-02T13:04:26.790160Z","level":"info","event":"Worker startup parse complete","bundle_name":"dags-folder","bundle_version":null,"dag_file":"charn.py","dag_id":"sprint1_r","bundle_prepare_ms":3,"dag_file_parse_ms":548,"try_number":1,"run_id":"manual__2026-10-02T13:04:25.605044+00:00","ti_id":"01a0fcb7-4a13-7057-b2dd-7a5c02360f6c","task_id":"extract","map_index":-1,"logger":"task","filename":"task_runner.py","lineno":1073}
{"timestamp":"2026-10-02T13:04:26.812509Z","level":"info","event":"Task instance is in running state","logger":"task.stdout"}
{"timestamp":"2026-10-02T13:04:26.812661Z","level":"info","event":" Previous state of the Task instance: TaskInstanceState.QUEUED","logger":"task.stdout"}
{"timestamp":"2026-10-02T13:04:26.812789Z","level":"info","event":"Current task name:extract","logger":"task.stdout"}
{"timestamp":"2026-10-02T13:04:26.812871Z","level":"info","event":"Dag name:sprint1_r","logger":"task.stdout"}
{"timestamp":"2026-10-02T13:04:26.812924Z","level":"info","event":"::endgroup::","try_number":1,"run_id":"manual__2026-10-02T13:04:25.605044+00:00","ti_id":"01a0fcb7-4a13-7057-b2dd-7a5c02360f6c","task_id":"extract","map_index":-1,"dag_id":"sprint1_r","logger":"task","filename":"task_runner.py","lineno":2232}
{"timestamp":"2026-10-02T13:04:26.979080Z","level":"info","event":"Raw dataset saved: /opt/airflow/data/raw/users_churn_raw.parquet","logger":"task.stdout"}
{"timestamp":"2026-10-02T13:04:26.979260Z","level":"info","event":"Rows: 7043","logger":"task.stdout"}
{"timestamp":"2026-10-02T13:04:26.979247Z","level":"info","event":"Done. Returned value was: /opt/airflow/data/raw/users_churn_raw.parquet","try_number":1,"run_id":"manual__2026-10-02T13:04:25.605044+00:00","ti_id":"01a0fcb7-4a13-7057-b2dd-7a5c02360f6c","task_id":"extract","map_index":-1,"dag_id":"sprint1_r","logger":"airflow.task.operators.airflow.providers.standard.decorators.python._PythonDecoratedOperator","filename":"python.py","lineno":233}
{"timestamp":"2026-10-02T13:04:26.979452Z","level":"info","event":"::group::Post Execute","try_number":1,"run_id":"manual__2026-10-02T13:04:25.605044+00:00","ti_id":"01a0fcb7-4a13-7057-b2dd-7a5c02360f6c","task_id":"extract","map_index":-1,"dag_id":"sprint1_r","logger":"task","filename":"task_runner.py","lineno":1580}
{"timestamp":"2026-10-02T13:04:26.979656Z","level":"info","event":"Pushing xcom","ti":"RuntimeTaskInstance(id=UUID('01a0fcb7-4a13-7057-b2dd-7a5c02360f6c'), task_id='extract', dag_id='sprint1_r', run_id='manual__2026-10-02T13:04:25.605044+00:00', try_number=1, dag_version_id=UUID('01a0fcab-f1a9-7c30-aa29-12b4c5a9e34c'), map_index=-1, hostname='a12ad0ab42c2', context_carrier={'traceparent': '00-45c97fe7468411220f7c6e1f766dd85a-5576f26cee61c552-00'}, queue='default', task=<Task(_PythonDecoratedOperator): extract>, bundle_instance=LocalDagBundle(name=dags-folder), max_tries=0, start_date=datetime.datetime(2026, 10, 2, 13, 4, 26, 213855, tzinfo=datetime.timezone.utc), end_date=None, state=<TaskInstanceState.RUNNING: 'running'>, is_mapped=False, rendered_map_index=None, sentry_integration='sentry_sdk.integrations.celery.CeleryIntegration')","try_number":1,"run_id":"manual__2026-10-02T13:04:25.605044+00:00","ti_id":"01a0fcb7-4a13-7057-b2dd-7a5c02360f6c","task_id":"extract","map_index":-1,"dag_id":"sprint1_r","logger":"task","filename":"task_runner.py","lineno":2280}
{"timestamp":"2026-10-02T13:04:27.009805Z","level":"info","event":"Task instance in success state","logger":"task.stdout"}
{"timestamp":"2026-10-02T13:04:27.010021Z","level":"info","event":" Previous state of the Task instance: TaskInstanceState.RUNNING","logger":"task.stdout"}
{"timestamp":"2026-10-02T13:04:27.010237Z","level":"info","event":"Task operator:<Task(_PythonDecoratedOperator): extract>","logger":"task.stdout"}
{"timestamp":"2026-10-02T13:04:27.010275Z","level":"info","event":"::endgroup::","try_number":1,"run_id":"manual__2026-10-02T13:04:25.605044+00:00","ti_id":"01a0fcb7-4a13-7057-b2dd-7a5c02360f6c","task_id":"extract","map_index":-1,"dag_id":"sprint1_r","logger":"task","filename":"task_runner.py","lineno":2379}
