{"timestamp":"2026-10-02T13:46:09.036724Z","level":"info","event":"::group::Pre Execute","logger":"task","filename":"task_runner.py","lineno":2412}
{"timestamp":"2026-10-02T13:46:15.558732Z","level":"info","event":"DAG bundles loaded: dags-folder, example_dags, apache-airflow-providers-common-sql-example-dags, apache-airflow-providers-standard-example-dags","ti_id":"01a0fcdd-7874-7b4c-90bc-01ec0b665fda","run_id":"manual__2026-10-02T13:46:07.825955+00:00","task_id":"extract","dag_id":"sprint1_r","map_index":-1,"try_number":1,"logger":"airflow.dag_processing.bundles.manager.DagBundlesManager","filename":"manager.py","lineno":304}
{"timestamp":"2026-10-02T13:46:15.559843Z","level":"info","event":"Filling up the DagBag from /opt/airflow/dags/charn.py","ti_id":"01a0fcdd-7874-7b4c-90bc-01ec0b665fda","run_id":"manual__2026-10-02T13:46:07.825955+00:00","task_id":"extract","dag_id":"sprint1_r","map_index":-1,"try_number":1,"logger":"airflow.dag_processing.dagbag.BundleDagBag","filename":"dagbag.py","lineno":460}
{"timestamp":"2026-10-02T13:46:17.760430Z","level":"warning","event":"The `airflow.decorators.dag` attribute is deprecated. Please use `'airflow.sdk.dag'`.","category":"UserWarning","filename":"/opt/airflow/dags/charn.py","lineno":7,"ti_id":"01a0fcdd-7874-7b4c-90bc-01ec0b665fda","run_id":"manual__2026-10-02T13:46:07.825955+00:00","task_id":"extract","dag_id":"sprint1_r","map_index":-1,"try_number":1,"logger":"py.warnings"}
{"timestamp":"2026-10-02T13:46:17.760683Z","level":"warning","event":"The `airflow.decorators.task` attribute is deprecated. Please use `'airflow.sdk.task'`.","category":"UserWarning","filename":"/opt/airflow/dags/charn.py","lineno":7,"ti_id":"01a0fcdd-7874-7b4c-90bc-01ec0b665fda","run_id":"manual__2026-10-02T13:46:07.825955+00:00","task_id":"extract","dag_id":"sprint1_r","map_index":-1,"try_number":1,"logger":"py.warnings"}
{"timestamp":"2026-10-02T13:46:17.761290Z","level":"info","event":"Worker startup parse complete","bundle_name":"dags-folder","bundle_version":null,"dag_file":"charn.py","dag_id":"sprint1_r","bundle_prepare_ms":3,"dag_file_parse_ms":2201,"ti_id":"01a0fcdd-7874-7b4c-90bc-01ec0b665fda","run_id":"manual__2026-10-02T13:46:07.825955+00:00","task_id":"extract","map_index":-1,"try_number":1,"logger":"task","filename":"task_runner.py","lineno":1073}
{"timestamp":"2026-10-02T13:46:17.792155Z","level":"info","event":"Task instance is in running state","logger":"task.stdout"}
{"timestamp":"2026-10-02T13:46:17.792302Z","level":"info","event":" Previous state of the Task instance: TaskInstanceState.QUEUED","logger":"task.stdout"}
{"timestamp":"2026-10-02T13:46:17.792443Z","level":"info","event":"Current task name:extract","logger":"task.stdout"}
{"timestamp":"2026-10-02T13:46:17.792535Z","level":"info","event":"Dag name:sprint1_r","logger":"task.stdout"}
{"timestamp":"2026-10-02T13:46:17.792573Z","level":"info","event":"::endgroup::","ti_id":"01a0fcdd-7874-7b4c-90bc-01ec0b665fda","run_id":"manual__2026-10-02T13:46:07.825955+00:00","task_id":"extract","dag_id":"sprint1_r","map_index":-1,"try_number":1,"logger":"task","filename":"task_runner.py","lineno":2232}
{"timestamp":"2026-10-02T13:46:17.999298Z","level":"info","event":"Raw dataset saved: /opt/airflow/data/raw/users_churn_raw.parquet","logger":"task.stdout"}
{"timestamp":"2026-10-02T13:46:17.999529Z","level":"info","event":"Rows: 7043","logger":"task.stdout"}
{"timestamp":"2026-10-02T13:46:17.999470Z","level":"info","event":"Done. Returned value was: /opt/airflow/data/raw/users_churn_raw.parquet","ti_id":"01a0fcdd-7874-7b4c-90bc-01ec0b665fda","run_id":"manual__2026-10-02T13:46:07.825955+00:00","task_id":"extract","dag_id":"sprint1_r","map_index":-1,"try_number":1,"logger":"airflow.task.operators.airflow.providers.standard.decorators.python._PythonDecoratedOperator","filename":"python.py","lineno":233}
{"timestamp":"2026-10-02T13:46:17.999670Z","level":"info","event":"::group::Post Execute","ti_id":"01a0fcdd-7874-7b4c-90bc-01ec0b665fda","run_id":"manual__2026-10-02T13:46:07.825955+00:00","task_id":"extract","dag_id":"sprint1_r","map_index":-1,"try_number":1,"logger":"task","filename":"task_runner.py","lineno":1580}
{"timestamp":"2026-10-02T13:46:17.999878Z","level":"info","event":"Pushing xcom","ti":"RuntimeTaskInstance(id=UUID('01a0fcdd-7874-7b4c-90bc-01ec0b665fda'), task_id='extract', dag_id='sprint1_r', run_id='manual__2026-10-02T13:46:07.825955+00:00', try_number=1, dag_version_id=UUID('01a0fcdc-99ae-78b7-8854-1990de31ab21'), map_index=-1, hostname='1deac5f99f09', context_carrier={'traceparent': '00-31d067d5149a22442f39973207cac41c-5a1186d73822ab60-00'}, queue='default', task=<Task(_PythonDecoratedOperator): extract>, bundle_instance=LocalDagBundle(name=dags-folder), max_tries=0, start_date=datetime.datetime(2026, 10, 2, 13, 46, 15, 372063, tzinfo=datetime.timezone.utc), end_date=None, state=<TaskInstanceState.RUNNING: 'running'>, is_mapped=False, rendered_map_index=None, sentry_integration='sentry_sdk.integrations.celery.CeleryIntegration')","ti_id":"01a0fcdd-7874-7b4c-90bc-01ec0b665fda","run_id":"manual__2026-10-02T13:46:07.825955+00:00","task_id":"extract","dag_id":"sprint1_r","map_index":-1,"try_number":1,"logger":"task","filename":"task_runner.py","lineno":2280}
{"timestamp":"2026-10-02T13:46:18.048941Z","level":"info","event":"Task instance in success state","logger":"task.stdout"}
{"timestamp":"2026-10-02T13:46:18.049105Z","level":"info","event":" Previous state of the Task instance: TaskInstanceState.RUNNING","logger":"task.stdout"}
{"timestamp":"2026-10-02T13:46:18.049295Z","level":"info","event":"Task operator:<Task(_PythonDecoratedOperator): extract>","logger":"task.stdout"}
{"timestamp":"2026-10-02T13:46:18.049320Z","level":"info","event":"::endgroup::","ti_id":"01a0fcdd-7874-7b4c-90bc-01ec0b665fda","run_id":"manual__2026-10-02T13:46:07.825955+00:00","task_id":"extract","dag_id":"sprint1_r","map_index":-1,"try_number":1,"logger":"task","filename":"task_runner.py","lineno":2379}
