{"timestamp":"2026-10-05T14:14:58.716317Z","level":"info","event":"::group::Pre Execute","logger":"task","filename":"task_runner.py","lineno":2412}
{"timestamp":"2026-10-05T14:14:58.860414Z","level":"info","event":"DAG bundles loaded: dags-folder, example_dags, apache-airflow-providers-common-sql-example-dags, apache-airflow-providers-standard-example-dags","try_number":1,"map_index":-1,"dag_id":"sprint1_r_train","ti_id":"01a10c6a-f480-742c-9c21-2a88f4c1943d","run_id":"manual__2026-10-05T14:14:58.414323+00:00","task_id":"split_data","logger":"airflow.dag_processing.bundles.manager.DagBundlesManager","filename":"manager.py","lineno":304}
{"timestamp":"2026-10-05T14:14:58.861398Z","level":"info","event":"Filling up the DagBag from /opt/airflow/dags/sprint1_r_train.py","try_number":1,"map_index":-1,"dag_id":"sprint1_r_train","ti_id":"01a10c6a-f480-742c-9c21-2a88f4c1943d","run_id":"manual__2026-10-05T14:14:58.414323+00:00","task_id":"split_data","logger":"airflow.dag_processing.dagbag.BundleDagBag","filename":"dagbag.py","lineno":460}
{"timestamp":"2026-10-05T14:15:00.432686Z","level":"info","event":"Worker startup parse complete","bundle_name":"dags-folder","bundle_version":null,"dag_file":"sprint1_r_train.py","dag_id":"sprint1_r_train","bundle_prepare_ms":2,"dag_file_parse_ms":1571,"try_number":1,"map_index":-1,"ti_id":"01a10c6a-f480-742c-9c21-2a88f4c1943d","run_id":"manual__2026-10-05T14:14:58.414323+00:00","task_id":"split_data","logger":"task","filename":"task_runner.py","lineno":1073}
{"timestamp":"2026-10-05T14:15:00.455218Z","level":"info","event":"Task instance is in running state","logger":"task.stdout"}
{"timestamp":"2026-10-05T14:15:00.455495Z","level":"info","event":" Previous state of the Task instance: TaskInstanceState.QUEUED","logger":"task.stdout"}
{"timestamp":"2026-10-05T14:15:00.455627Z","level":"info","event":"Current task name:split_data","logger":"task.stdout"}
{"timestamp":"2026-10-05T14:15:00.455811Z","level":"info","event":"Dag name:sprint1_r_train","logger":"task.stdout"}
{"timestamp":"2026-10-05T14:15:00.455758Z","level":"info","event":"::endgroup::","try_number":1,"map_index":-1,"dag_id":"sprint1_r_train","ti_id":"01a10c6a-f480-742c-9c21-2a88f4c1943d","run_id":"manual__2026-10-05T14:14:58.414323+00:00","task_id":"split_data","logger":"task","filename":"task_runner.py","lineno":2232}
{"timestamp":"2026-10-05T14:15:00.490054Z","level":"info","event":"Dataset shape: (7021, 18)","logger":"task.stdout"}
{"timestamp":"2026-10-05T14:15:00.554423Z","level":"info","event":"Train shape: (5265, 17)","logger":"task.stdout"}
{"timestamp":"2026-10-05T14:15:00.554594Z","level":"info","event":"Validation shape: (1756, 17)","logger":"task.stdout"}
{"timestamp":"2026-10-05T14:15:00.554671Z","level":"info","event":"Train target distribution:","logger":"task.stdout"}
{"timestamp":"2026-10-05T14:15:00.556206Z","level":"info","event":"target","logger":"task.stdout"}
{"timestamp":"2026-10-05T14:15:00.556303Z","level":"info","event":"0    0.735423","logger":"task.stdout"}
{"timestamp":"2026-10-05T14:15:00.556370Z","level":"info","event":"1    0.264577","logger":"task.stdout"}
{"timestamp":"2026-10-05T14:15:00.556434Z","level":"info","event":"Name: proportion, dtype: float64","logger":"task.stdout"}
{"timestamp":"2026-10-05T14:15:00.556535Z","level":"info","event":"Validation target distribution:","logger":"task.stdout"}
{"timestamp":"2026-10-05T14:15:00.557166Z","level":"info","event":"target","logger":"task.stdout"}
{"timestamp":"2026-10-05T14:15:00.557242Z","level":"info","event":"0    0.735763","logger":"task.stdout"}
{"timestamp":"2026-10-05T14:15:00.557311Z","level":"info","event":"1    0.264237","logger":"task.stdout"}
{"timestamp":"2026-10-05T14:15:00.557376Z","level":"info","event":"Name: proportion, dtype: float64","logger":"task.stdout"}
{"timestamp":"2026-10-05T14:15:00.581385Z","level":"info","event":"X_train saved: /opt/airflow/data/train/X_train.parquet","logger":"task.stdout"}
{"timestamp":"2026-10-05T14:15:00.581548Z","level":"info","event":"X_val saved: /opt/airflow/data/train/X_val.parquet","logger":"task.stdout"}
{"timestamp":"2026-10-05T14:15:00.581629Z","level":"info","event":"Done. Returned value was: {'x_train': '/opt/airflow/data/train/X_train.parquet', 'x_val': '/opt/airflow/data/train/X_val.parquet', 'y_train': '/opt/airflow/data/train/y_train.parquet', 'y_val': '/opt/airflow/data/train/y_val.parquet'}","try_number":1,"map_index":-1,"dag_id":"sprint1_r_train","ti_id":"01a10c6a-f480-742c-9c21-2a88f4c1943d","run_id":"manual__2026-10-05T14:14:58.414323+00:00","task_id":"split_data","logger":"airflow.task.operators.airflow.providers.standard.decorators.python._PythonDecoratedOperator","filename":"python.py","lineno":233}
{"timestamp":"2026-10-05T14:15:00.581826Z","level":"info","event":"::group::Post Execute","try_number":1,"map_index":-1,"dag_id":"sprint1_r_train","ti_id":"01a10c6a-f480-742c-9c21-2a88f4c1943d","run_id":"manual__2026-10-05T14:14:58.414323+00:00","task_id":"split_data","logger":"task","filename":"task_runner.py","lineno":1580}
{"timestamp":"2026-10-05T14:15:00.582003Z","level":"info","event":"Pushing xcom","ti":"RuntimeTaskInstance(id=UUID('01a10c6a-f480-742c-9c21-2a88f4c1943d'), task_id='split_data', dag_id='sprint1_r_train', run_id='manual__2026-10-05T14:14:58.414323+00:00', try_number=1, dag_version_id=UUID('01a10c50-eae4-7038-9f49-a40eb340b7d4'), map_index=-1, hostname='8b9e1f85ab10', context_carrier={'traceparent': '00-2c093225ab21af81edb3791971ee0717-a472a45a3b7a3f45-00'}, queue='default', task=<Task(_PythonDecoratedOperator): split_data>, bundle_instance=LocalDagBundle(name=dags-folder), max_tries=0, start_date=datetime.datetime(2026, 10, 5, 14, 14, 58, 732008, tzinfo=datetime.timezone.utc), end_date=None, state=<TaskInstanceState.RUNNING: 'running'>, is_mapped=False, rendered_map_index=None, sentry_integration='sentry_sdk.integrations.celery.CeleryIntegration')","try_number":1,"map_index":-1,"dag_id":"sprint1_r_train","ti_id":"01a10c6a-f480-742c-9c21-2a88f4c1943d","run_id":"manual__2026-10-05T14:14:58.414323+00:00","task_id":"split_data","logger":"task","filename":"task_runner.py","lineno":2280}
{"timestamp":"2026-10-05T14:15:00.666534Z","level":"info","event":"Task instance in success state","logger":"task.stdout"}
{"timestamp":"2026-10-05T14:15:00.666687Z","level":"info","event":" Previous state of the Task instance: TaskInstanceState.RUNNING","logger":"task.stdout"}
{"timestamp":"2026-10-05T14:15:00.666969Z","level":"info","event":"Task operator:<Task(_PythonDecoratedOperator): split_data>","logger":"task.stdout"}
{"timestamp":"2026-10-05T14:15:00.667021Z","level":"info","event":"::endgroup::","try_number":1,"map_index":-1,"dag_id":"sprint1_r_train","ti_id":"01a10c6a-f480-742c-9c21-2a88f4c1943d","run_id":"manual__2026-10-05T14:14:58.414323+00:00","task_id":"split_data","logger":"task","filename":"task_runner.py","lineno":2379}
