{"timestamp":"2026-10-05T12:42:07.268041Z","level":"info","event":"::group::Pre Execute","logger":"task","filename":"task_runner.py","lineno":2412}
{"timestamp":"2026-10-05T12:42:13.757084Z","level":"info","event":"DAG bundles loaded: dags-folder, example_dags, apache-airflow-providers-common-sql-example-dags, apache-airflow-providers-standard-example-dags","dag_id":"sprint1_r","task_id":"extract","run_id":"manual__2026-10-05T12:42:06.382223+00:00","ti_id":"01a10c15-eecd-7142-8cb0-6d1ea471c756","try_number":1,"map_index":-1,"logger":"airflow.dag_processing.bundles.manager.DagBundlesManager","filename":"manager.py","lineno":304}
{"timestamp":"2026-10-05T12:42:13.758385Z","level":"info","event":"Filling up the DagBag from /opt/airflow/dags/charn.py","dag_id":"sprint1_r","task_id":"extract","run_id":"manual__2026-10-05T12:42:06.382223+00:00","ti_id":"01a10c15-eecd-7142-8cb0-6d1ea471c756","try_number":1,"map_index":-1,"logger":"airflow.dag_processing.dagbag.BundleDagBag","filename":"dagbag.py","lineno":460}
{"timestamp":"2026-10-05T12:42:14.902047Z","level":"warning","event":"The `airflow.decorators.dag` attribute is deprecated. Please use `'airflow.sdk.dag'`.","category":"UserWarning","filename":"/opt/airflow/dags/charn.py","lineno":7,"dag_id":"sprint1_r","task_id":"extract","run_id":"manual__2026-10-05T12:42:06.382223+00:00","ti_id":"01a10c15-eecd-7142-8cb0-6d1ea471c756","try_number":1,"map_index":-1,"logger":"py.warnings"}
{"timestamp":"2026-10-05T12:42:14.902859Z","level":"warning","event":"The `airflow.decorators.task` attribute is deprecated. Please use `'airflow.sdk.task'`.","category":"UserWarning","filename":"/opt/airflow/dags/charn.py","lineno":7,"dag_id":"sprint1_r","task_id":"extract","run_id":"manual__2026-10-05T12:42:06.382223+00:00","ti_id":"01a10c15-eecd-7142-8cb0-6d1ea471c756","try_number":1,"map_index":-1,"logger":"py.warnings"}
{"timestamp":"2026-10-05T12:42:14.903933Z","level":"info","event":"Worker startup parse complete","bundle_name":"dags-folder","bundle_version":null,"dag_file":"charn.py","dag_id":"sprint1_r","bundle_prepare_ms":3,"dag_file_parse_ms":1145,"task_id":"extract","run_id":"manual__2026-10-05T12:42:06.382223+00:00","ti_id":"01a10c15-eecd-7142-8cb0-6d1ea471c756","try_number":1,"map_index":-1,"logger":"task","filename":"task_runner.py","lineno":1073}
{"timestamp":"2026-10-05T12:42:14.954558Z","level":"info","event":"Task instance is in running state","logger":"task.stdout"}
{"timestamp":"2026-10-05T12:42:14.954896Z","level":"info","event":" Previous state of the Task instance: TaskInstanceState.QUEUED","logger":"task.stdout"}
{"timestamp":"2026-10-05T12:42:14.955665Z","level":"info","event":"Current task name:extract","logger":"task.stdout"}
{"timestamp":"2026-10-05T12:42:14.955917Z","level":"info","event":"Dag name:sprint1_r","logger":"task.stdout"}
{"timestamp":"2026-10-05T12:42:14.956350Z","level":"info","event":"::endgroup::","dag_id":"sprint1_r","task_id":"extract","run_id":"manual__2026-10-05T12:42:06.382223+00:00","ti_id":"01a10c15-eecd-7142-8cb0-6d1ea471c756","try_number":1,"map_index":-1,"logger":"task","filename":"task_runner.py","lineno":2232}
{"timestamp":"2026-10-05T12:42:15.429538Z","level":"info","event":"Raw dataset saved: /opt/airflow/data/raw/users_churn_raw.parquet","logger":"task.stdout"}
{"timestamp":"2026-10-05T12:42:15.429729Z","level":"info","event":"Rows: 7043","logger":"task.stdout"}
{"timestamp":"2026-10-05T12:42:15.429873Z","level":"info","event":"Done. Returned value was: /opt/airflow/data/raw/users_churn_raw.parquet","dag_id":"sprint1_r","task_id":"extract","run_id":"manual__2026-10-05T12:42:06.382223+00:00","ti_id":"01a10c15-eecd-7142-8cb0-6d1ea471c756","try_number":1,"map_index":-1,"logger":"airflow.task.operators.airflow.providers.standard.decorators.python._PythonDecoratedOperator","filename":"python.py","lineno":233}
{"timestamp":"2026-10-05T12:42:15.430137Z","level":"info","event":"::group::Post Execute","dag_id":"sprint1_r","task_id":"extract","run_id":"manual__2026-10-05T12:42:06.382223+00:00","ti_id":"01a10c15-eecd-7142-8cb0-6d1ea471c756","try_number":1,"map_index":-1,"logger":"task","filename":"task_runner.py","lineno":1580}
{"timestamp":"2026-10-05T12:42:15.430428Z","level":"info","event":"Pushing xcom","ti":"RuntimeTaskInstance(id=UUID('01a10c15-eecd-7142-8cb0-6d1ea471c756'), task_id='extract', dag_id='sprint1_r', run_id='manual__2026-10-05T12:42:06.382223+00:00', try_number=1, dag_version_id=UUID('01a0fcdc-99ae-78b7-8854-1990de31ab21'), map_index=-1, hostname='d1cfd5b9f4be', context_carrier={'traceparent': '00-fadb24e86c666aa3d4547185e4fefffb-c75baa4607fab4bf-00'}, queue='default', task=<Task(_PythonDecoratedOperator): extract>, bundle_instance=LocalDagBundle(name=dags-folder), max_tries=0, start_date=datetime.datetime(2026, 10, 5, 12, 42, 13, 310522, tzinfo=datetime.timezone.utc), end_date=None, state=<TaskInstanceState.RUNNING: 'running'>, is_mapped=False, rendered_map_index=None, sentry_integration='sentry_sdk.integrations.celery.CeleryIntegration')","dag_id":"sprint1_r","task_id":"extract","run_id":"manual__2026-10-05T12:42:06.382223+00:00","ti_id":"01a10c15-eecd-7142-8cb0-6d1ea471c756","try_number":1,"map_index":-1,"logger":"task","filename":"task_runner.py","lineno":2280}
{"timestamp":"2026-10-05T12:42:15.495163Z","level":"info","event":"Task instance in success state","logger":"task.stdout"}
{"timestamp":"2026-10-05T12:42:15.495362Z","level":"info","event":" Previous state of the Task instance: TaskInstanceState.RUNNING","logger":"task.stdout"}
{"timestamp":"2026-10-05T12:42:15.495695Z","level":"info","event":"Task operator:<Task(_PythonDecoratedOperator): extract>","logger":"task.stdout"}
{"timestamp":"2026-10-05T12:42:15.495652Z","level":"info","event":"::endgroup::","dag_id":"sprint1_r","task_id":"extract","run_id":"manual__2026-10-05T12:42:06.382223+00:00","ti_id":"01a10c15-eecd-7142-8cb0-6d1ea471c756","try_number":1,"map_index":-1,"logger":"task","filename":"task_runner.py","lineno":2379}
