{"timestamp":"2026-10-05T13:52:40.902450Z","level":"info","event":"::group::Pre Execute","logger":"task","filename":"task_runner.py","lineno":2412}
{"timestamp":"2026-10-05T13:52:47.127321Z","level":"info","event":"DAG bundles loaded: dags-folder, example_dags, apache-airflow-providers-common-sql-example-dags, apache-airflow-providers-standard-example-dags","map_index":-1,"try_number":1,"run_id":"manual__2026-10-05T13:52:12.274054+00:00","dag_id":"sprint1_r_train","task_id":"split_data","ti_id":"01a10c56-1c0d-769b-8358-fdeb8e614a76","logger":"airflow.dag_processing.bundles.manager.DagBundlesManager","filename":"manager.py","lineno":304}
{"timestamp":"2026-10-05T13:52:47.129223Z","level":"info","event":"Filling up the DagBag from /opt/airflow/dags/sprint1_r_train.py","map_index":-1,"try_number":1,"run_id":"manual__2026-10-05T13:52:12.274054+00:00","dag_id":"sprint1_r_train","task_id":"split_data","ti_id":"01a10c56-1c0d-769b-8358-fdeb8e614a76","logger":"airflow.dag_processing.dagbag.BundleDagBag","filename":"dagbag.py","lineno":460}
{"timestamp":"2026-10-05T13:52:52.684573Z","level":"info","event":"Worker startup parse complete","bundle_name":"dags-folder","bundle_version":null,"dag_file":"sprint1_r_train.py","dag_id":"sprint1_r_train","bundle_prepare_ms":4,"dag_file_parse_ms":5555,"map_index":-1,"try_number":1,"run_id":"manual__2026-10-05T13:52:12.274054+00:00","task_id":"split_data","ti_id":"01a10c56-1c0d-769b-8358-fdeb8e614a76","logger":"task","filename":"task_runner.py","lineno":1073}
{"timestamp":"2026-10-05T13:52:52.728702Z","level":"info","event":"Task instance is in running state","logger":"task.stdout"}
{"timestamp":"2026-10-05T13:52:52.728984Z","level":"info","event":" Previous state of the Task instance: TaskInstanceState.QUEUED","logger":"task.stdout"}
{"timestamp":"2026-10-05T13:52:52.729170Z","level":"info","event":"Current task name:split_data","logger":"task.stdout"}
{"timestamp":"2026-10-05T13:52:52.729287Z","level":"info","event":"Dag name:sprint1_r_train","logger":"task.stdout"}
{"timestamp":"2026-10-05T13:52:52.729252Z","level":"info","event":"::endgroup::","map_index":-1,"try_number":1,"run_id":"manual__2026-10-05T13:52:12.274054+00:00","dag_id":"sprint1_r_train","task_id":"split_data","ti_id":"01a10c56-1c0d-769b-8358-fdeb8e614a76","logger":"task","filename":"task_runner.py","lineno":2232}
{"timestamp":"2026-10-05T13:52:52.811995Z","level":"info","event":"Dataset shape: (7021, 18)","logger":"task.stdout"}
{"timestamp":"2026-10-05T13:52:52.965849Z","level":"info","event":"Train shape: (5265, 17)","logger":"task.stdout"}
{"timestamp":"2026-10-05T13:52:52.966046Z","level":"info","event":"Validation shape: (1756, 17)","logger":"task.stdout"}
{"timestamp":"2026-10-05T13:52:52.966165Z","level":"info","event":"Train target distribution:","logger":"task.stdout"}
{"timestamp":"2026-10-05T13:52:52.968262Z","level":"info","event":"target","logger":"task.stdout"}
{"timestamp":"2026-10-05T13:52:52.968452Z","level":"info","event":"0    0.735423","logger":"task.stdout"}
{"timestamp":"2026-10-05T13:52:52.968652Z","level":"info","event":"1    0.264577","logger":"task.stdout"}
{"timestamp":"2026-10-05T13:52:52.968781Z","level":"info","event":"Name: proportion, dtype: float64","logger":"task.stdout"}
{"timestamp":"2026-10-05T13:52:52.968900Z","level":"info","event":"Validation target distribution:","logger":"task.stdout"}
{"timestamp":"2026-10-05T13:52:52.969597Z","level":"info","event":"target","logger":"task.stdout"}
{"timestamp":"2026-10-05T13:52:52.969760Z","level":"info","event":"0    0.735763","logger":"task.stdout"}
{"timestamp":"2026-10-05T13:52:52.969873Z","level":"info","event":"1    0.264237","logger":"task.stdout"}
{"timestamp":"2026-10-05T13:52:52.969981Z","level":"info","event":"Name: proportion, dtype: float64","logger":"task.stdout"}
{"timestamp":"2026-10-05T13:52:53.007876Z","level":"info","event":"X_train saved: /opt/airflow/data/train/X_train.parquet","logger":"task.stdout"}
{"timestamp":"2026-10-05T13:52:53.008096Z","level":"info","event":"X_val saved: /opt/airflow/data/train/X_val.parquet","logger":"task.stdout"}
{"timestamp":"2026-10-05T13:52:53.008265Z","level":"info","event":"Done. Returned value was: {'x_train': '/opt/airflow/data/train/X_train.parquet', 'x_val': '/opt/airflow/data/train/X_val.parquet', 'y_train': '/opt/airflow/data/train/y_train.parquet', 'y_val': '/opt/airflow/data/train/y_val.parquet'}","map_index":-1,"try_number":1,"run_id":"manual__2026-10-05T13:52:12.274054+00:00","dag_id":"sprint1_r_train","task_id":"split_data","ti_id":"01a10c56-1c0d-769b-8358-fdeb8e614a76","logger":"airflow.task.operators.airflow.providers.standard.decorators.python._PythonDecoratedOperator","filename":"python.py","lineno":233}
{"timestamp":"2026-10-05T13:52:53.008530Z","level":"info","event":"::group::Post Execute","map_index":-1,"try_number":1,"run_id":"manual__2026-10-05T13:52:12.274054+00:00","dag_id":"sprint1_r_train","task_id":"split_data","ti_id":"01a10c56-1c0d-769b-8358-fdeb8e614a76","logger":"task","filename":"task_runner.py","lineno":1580}
{"timestamp":"2026-10-05T13:52:53.008816Z","level":"info","event":"Pushing xcom","ti":"RuntimeTaskInstance(id=UUID('01a10c56-1c0d-769b-8358-fdeb8e614a76'), task_id='split_data', dag_id='sprint1_r_train', run_id='manual__2026-10-05T13:52:12.274054+00:00', try_number=1, dag_version_id=UUID('01a10c50-eae4-7038-9f49-a40eb340b7d4'), map_index=-1, hostname='538691136ec2', context_carrier={'traceparent': '00-3178100ca44c9e38b27e64abb97b528c-d5f8b4cb959c23da-00'}, queue='default', task=<Task(_PythonDecoratedOperator): split_data>, bundle_instance=LocalDagBundle(name=dags-folder), max_tries=0, start_date=datetime.datetime(2026, 10, 5, 13, 52, 46, 926949, tzinfo=datetime.timezone.utc), end_date=None, state=<TaskInstanceState.RUNNING: 'running'>, is_mapped=False, rendered_map_index=None, sentry_integration='sentry_sdk.integrations.celery.CeleryIntegration')","map_index":-1,"try_number":1,"run_id":"manual__2026-10-05T13:52:12.274054+00:00","dag_id":"sprint1_r_train","task_id":"split_data","ti_id":"01a10c56-1c0d-769b-8358-fdeb8e614a76","logger":"task","filename":"task_runner.py","lineno":2280}
{"timestamp":"2026-10-05T13:52:53.120069Z","level":"info","event":"Task instance in success state","logger":"task.stdout"}
{"timestamp":"2026-10-05T13:52:53.120265Z","level":"info","event":" Previous state of the Task instance: TaskInstanceState.RUNNING","logger":"task.stdout"}
{"timestamp":"2026-10-05T13:52:53.120498Z","level":"info","event":"Task operator:<Task(_PythonDecoratedOperator): split_data>","logger":"task.stdout"}
{"timestamp":"2026-10-05T13:52:53.120538Z","level":"info","event":"::endgroup::","map_index":-1,"try_number":1,"run_id":"manual__2026-10-05T13:52:12.274054+00:00","dag_id":"sprint1_r_train","task_id":"split_data","ti_id":"01a10c56-1c0d-769b-8358-fdeb8e614a76","logger":"task","filename":"task_runner.py","lineno":2379}
