{"timestamp":"2026-10-05T13:13:20.014888Z","level":"info","event":"::group::Pre Execute","logger":"task","filename":"task_runner.py","lineno":2412}
{"timestamp":"2026-10-05T13:13:20.193400Z","level":"info","event":"DAG bundles loaded: dags-folder, example_dags, apache-airflow-providers-common-sql-example-dags, apache-airflow-providers-standard-example-dags","map_index":-1,"try_number":1,"ti_id":"01a10c32-84f5-7574-b0cc-bc066a11b8d2","task_id":"split_data","dag_id":"sprint1_r_train","run_id":"manual__2026-10-05T13:13:19.847130+00:00","logger":"airflow.dag_processing.bundles.manager.DagBundlesManager","filename":"manager.py","lineno":304}
{"timestamp":"2026-10-05T13:13:20.195033Z","level":"info","event":"Filling up the DagBag from /opt/airflow/dags/sprint1_r_train.py","map_index":-1,"try_number":1,"ti_id":"01a10c32-84f5-7574-b0cc-bc066a11b8d2","task_id":"split_data","dag_id":"sprint1_r_train","run_id":"manual__2026-10-05T13:13:19.847130+00:00","logger":"airflow.dag_processing.dagbag.BundleDagBag","filename":"dagbag.py","lineno":460}
{"timestamp":"2026-10-05T13:13:21.780693Z","level":"info","event":"Worker startup parse complete","bundle_name":"dags-folder","bundle_version":null,"dag_file":"sprint1_r_train.py","dag_id":"sprint1_r_train","bundle_prepare_ms":3,"dag_file_parse_ms":1585,"map_index":-1,"try_number":1,"ti_id":"01a10c32-84f5-7574-b0cc-bc066a11b8d2","task_id":"split_data","run_id":"manual__2026-10-05T13:13:19.847130+00:00","logger":"task","filename":"task_runner.py","lineno":1073}
{"timestamp":"2026-10-05T13:13:21.806311Z","level":"info","event":"Task instance is in running state","logger":"task.stdout"}
{"timestamp":"2026-10-05T13:13:21.806577Z","level":"info","event":" Previous state of the Task instance: TaskInstanceState.QUEUED","logger":"task.stdout"}
{"timestamp":"2026-10-05T13:13:21.806708Z","level":"info","event":"Current task name:split_data","logger":"task.stdout"}
{"timestamp":"2026-10-05T13:13:21.806821Z","level":"info","event":"Dag name:sprint1_r_train","logger":"task.stdout"}
{"timestamp":"2026-10-05T13:13:21.806794Z","level":"info","event":"::endgroup::","map_index":-1,"try_number":1,"ti_id":"01a10c32-84f5-7574-b0cc-bc066a11b8d2","task_id":"split_data","dag_id":"sprint1_r_train","run_id":"manual__2026-10-05T13:13:19.847130+00:00","logger":"task","filename":"task_runner.py","lineno":2232}
{"timestamp":"2026-10-05T13:13:21.847819Z","level":"info","event":"Dataset shape: (7021, 18)","logger":"task.stdout"}
{"timestamp":"2026-10-05T13:13:21.910006Z","level":"info","event":"Train shape: (5265, 17)","logger":"task.stdout"}
{"timestamp":"2026-10-05T13:13:21.910215Z","level":"info","event":"Validation shape: (1756, 17)","logger":"task.stdout"}
{"timestamp":"2026-10-05T13:13:21.910340Z","level":"info","event":"Train target distribution:","logger":"task.stdout"}
{"timestamp":"2026-10-05T13:13:21.911533Z","level":"info","event":"target","logger":"task.stdout"}
{"timestamp":"2026-10-05T13:13:21.911728Z","level":"info","event":"0    0.735423","logger":"task.stdout"}
{"timestamp":"2026-10-05T13:13:21.911855Z","level":"info","event":"1    0.264577","logger":"task.stdout"}
{"timestamp":"2026-10-05T13:13:21.911971Z","level":"info","event":"Name: proportion, dtype: float64","logger":"task.stdout"}
{"timestamp":"2026-10-05T13:13:21.912104Z","level":"info","event":"Validation target distribution:","logger":"task.stdout"}
{"timestamp":"2026-10-05T13:13:21.912679Z","level":"info","event":"target","logger":"task.stdout"}
{"timestamp":"2026-10-05T13:13:21.912831Z","level":"info","event":"0    0.735763","logger":"task.stdout"}
{"timestamp":"2026-10-05T13:13:21.912943Z","level":"info","event":"1    0.264237","logger":"task.stdout"}
{"timestamp":"2026-10-05T13:13:21.913056Z","level":"info","event":"Name: proportion, dtype: float64","logger":"task.stdout"}
{"timestamp":"2026-10-05T13:13:21.937388Z","level":"info","event":"Done. Returned value was: {'x_train': '/opt/airflow/data/train/X_train.parquet', 'x_val': '/opt/airflow/data/train/X_val.parquet', 'y_train': '/opt/airflow/data/train/y_train.parquet', 'y_val': '/opt/airflow/data/train/y_val.parquet'}","map_index":-1,"try_number":1,"ti_id":"01a10c32-84f5-7574-b0cc-bc066a11b8d2","task_id":"split_data","dag_id":"sprint1_r_train","run_id":"manual__2026-10-05T13:13:19.847130+00:00","logger":"airflow.task.operators.airflow.providers.standard.decorators.python._PythonDecoratedOperator","filename":"python.py","lineno":233}
{"timestamp":"2026-10-05T13:13:21.937593Z","level":"info","event":"::group::Post Execute","map_index":-1,"try_number":1,"ti_id":"01a10c32-84f5-7574-b0cc-bc066a11b8d2","task_id":"split_data","dag_id":"sprint1_r_train","run_id":"manual__2026-10-05T13:13:19.847130+00:00","logger":"task","filename":"task_runner.py","lineno":1580}
{"timestamp":"2026-10-05T13:13:21.937859Z","level":"info","event":"Pushing xcom","ti":"RuntimeTaskInstance(id=UUID('01a10c32-84f5-7574-b0cc-bc066a11b8d2'), task_id='split_data', dag_id='sprint1_r_train', run_id='manual__2026-10-05T13:13:19.847130+00:00', try_number=1, dag_version_id=UUID('01a10c2b-5bf8-777c-93b4-838546a5099a'), map_index=-1, hostname='5d7a0707f3b2', context_carrier={'traceparent': '00-02e4514ee875abe61a8c57b26b50c2f3-3cd1de2ac922098a-00'}, queue='default', task=<Task(_PythonDecoratedOperator): split_data>, bundle_instance=LocalDagBundle(name=dags-folder), max_tries=0, start_date=datetime.datetime(2026, 10, 5, 13, 13, 20, 61335, tzinfo=datetime.timezone.utc), end_date=None, state=<TaskInstanceState.RUNNING: 'running'>, is_mapped=False, rendered_map_index=None, sentry_integration='sentry_sdk.integrations.celery.CeleryIntegration')","map_index":-1,"try_number":1,"ti_id":"01a10c32-84f5-7574-b0cc-bc066a11b8d2","task_id":"split_data","dag_id":"sprint1_r_train","run_id":"manual__2026-10-05T13:13:19.847130+00:00","logger":"task","filename":"task_runner.py","lineno":2280}
{"timestamp":"2026-10-05T13:13:22.017846Z","level":"info","event":"Task instance in success state","logger":"task.stdout"}
{"timestamp":"2026-10-05T13:13:22.018005Z","level":"info","event":" Previous state of the Task instance: TaskInstanceState.RUNNING","logger":"task.stdout"}
{"timestamp":"2026-10-05T13:13:22.018185Z","level":"info","event":"Task operator:<Task(_PythonDecoratedOperator): split_data>","logger":"task.stdout"}
{"timestamp":"2026-10-05T13:13:22.018204Z","level":"info","event":"::endgroup::","map_index":-1,"try_number":1,"ti_id":"01a10c32-84f5-7574-b0cc-bc066a11b8d2","task_id":"split_data","dag_id":"sprint1_r_train","run_id":"manual__2026-10-05T13:13:19.847130+00:00","logger":"task","filename":"task_runner.py","lineno":2379}
