{"timestamp":"2026-10-06T08:21:41.700123Z","level":"info","event":"::group::Pre Execute","logger":"task","filename":"task_runner.py","lineno":2412}
{"timestamp":"2026-10-06T08:21:41.936731Z","level":"info","event":"DAG bundles loaded: dags-folder, example_dags, apache-airflow-providers-common-sql-example-dags, apache-airflow-providers-standard-example-dags","run_id":"manual__2026-10-06T08:20:53.214640+00:00","dag_id":"sprint1_r_train","map_index":-1,"try_number":1,"ti_id":"01a1104d-238a-73b7-9e5a-733b0efdb190","task_id":"compare_models","logger":"airflow.dag_processing.bundles.manager.DagBundlesManager","filename":"manager.py","lineno":304}
{"timestamp":"2026-10-06T08:21:41.938295Z","level":"info","event":"Filling up the DagBag from /opt/airflow/dags/sprint1_r_train.py","run_id":"manual__2026-10-06T08:20:53.214640+00:00","dag_id":"sprint1_r_train","map_index":-1,"try_number":1,"ti_id":"01a1104d-238a-73b7-9e5a-733b0efdb190","task_id":"compare_models","logger":"airflow.dag_processing.dagbag.BundleDagBag","filename":"dagbag.py","lineno":460}
{"timestamp":"2026-10-06T08:21:43.769273Z","level":"info","event":"Worker startup parse complete","bundle_name":"dags-folder","bundle_version":null,"dag_file":"sprint1_r_train.py","dag_id":"sprint1_r_train","bundle_prepare_ms":3,"dag_file_parse_ms":1831,"run_id":"manual__2026-10-06T08:20:53.214640+00:00","map_index":-1,"try_number":1,"ti_id":"01a1104d-238a-73b7-9e5a-733b0efdb190","task_id":"compare_models","logger":"task","filename":"task_runner.py","lineno":1073}
{"timestamp":"2026-10-06T08:21:43.858380Z","level":"info","event":"Task instance is in running state","logger":"task.stdout"}
{"timestamp":"2026-10-06T08:21:43.858667Z","level":"info","event":" Previous state of the Task instance: TaskInstanceState.QUEUED","logger":"task.stdout"}
{"timestamp":"2026-10-06T08:21:43.858859Z","level":"info","event":"Current task name:compare_models","logger":"task.stdout"}
{"timestamp":"2026-10-06T08:21:43.859035Z","level":"info","event":"Dag name:sprint1_r_train","logger":"task.stdout"}
{"timestamp":"2026-10-06T08:21:43.859210Z","level":"info","event":"","logger":"task.stdout"}
{"timestamp":"2026-10-06T08:21:43.859368Z","level":"info","event":"Model comparison:","logger":"task.stdout"}
{"timestamp":"2026-10-06T08:21:43.852353Z","level":"info","event":"::endgroup::","run_id":"manual__2026-10-06T08:20:53.214640+00:00","dag_id":"sprint1_r_train","map_index":-1,"try_number":1,"ti_id":"01a1104d-238a-73b7-9e5a-733b0efdb190","task_id":"compare_models","logger":"task","filename":"task_runner.py","lineno":2232}
{"timestamp":"2026-10-06T08:21:43.875336Z","level":"info","event":"      f1    model   pr_auc   recall  roc_auc  precision","logger":"task.stdout"}
{"timestamp":"2026-10-06T08:21:43.876896Z","level":"info","event":"0.626374 catboost 0.673214 0.737069 0.843632   0.544586","logger":"task.stdout"}
{"timestamp":"2026-10-06T08:21:43.877114Z","level":"info","event":"0.611265 lightgbm 0.638434 0.713362 0.829081   0.534733","logger":"task.stdout"}
{"timestamp":"2026-10-06T08:21:43.877430Z","level":"info","event":"0.596026  xgboost 0.621574 0.678879 0.823748   0.531197","logger":"task.stdout"}
{"timestamp":"2026-10-06T08:21:43.881284Z","level":"info","event":"","logger":"task.stdout"}
{"timestamp":"2026-10-06T08:21:43.881597Z","level":"info","event":"Best model:","logger":"task.stdout"}
{"timestamp":"2026-10-06T08:21:43.883353Z","level":"info","event":"f1           0.626374","logger":"task.stdout"}
{"timestamp":"2026-10-06T08:21:43.883567Z","level":"info","event":"model        catboost","logger":"task.stdout"}
{"timestamp":"2026-10-06T08:21:43.883742Z","level":"info","event":"pr_auc       0.673214","logger":"task.stdout"}
{"timestamp":"2026-10-06T08:21:43.883913Z","level":"info","event":"recall       0.737069","logger":"task.stdout"}
{"timestamp":"2026-10-06T08:21:43.884082Z","level":"info","event":"roc_auc      0.843632","logger":"task.stdout"}
{"timestamp":"2026-10-06T08:21:43.884233Z","level":"info","event":"precision    0.544586","logger":"task.stdout"}
{"timestamp":"2026-10-06T08:21:43.885205Z","level":"info","event":"Name: 0, dtype: object","logger":"task.stdout"}
{"timestamp":"2026-10-06T08:21:43.896196Z","level":"info","event":"Done. Returned value was: {'best_model': 'catboost', 'best_roc_auc': 0.8436315656026477, 'best_f1': 0.6263736263736264, 'comparison_path': '/opt/airflow/data/metrics/model_comparison.csv'}","run_id":"manual__2026-10-06T08:20:53.214640+00:00","dag_id":"sprint1_r_train","map_index":-1,"try_number":1,"ti_id":"01a1104d-238a-73b7-9e5a-733b0efdb190","task_id":"compare_models","logger":"airflow.task.operators.airflow.providers.standard.decorators.python._PythonDecoratedOperator","filename":"python.py","lineno":233}
{"timestamp":"2026-10-06T08:21:43.897030Z","level":"info","event":"::group::Post Execute","run_id":"manual__2026-10-06T08:20:53.214640+00:00","dag_id":"sprint1_r_train","map_index":-1,"try_number":1,"ti_id":"01a1104d-238a-73b7-9e5a-733b0efdb190","task_id":"compare_models","logger":"task","filename":"task_runner.py","lineno":1580}
{"timestamp":"2026-10-06T08:21:43.897866Z","level":"info","event":"Pushing xcom","ti":"RuntimeTaskInstance(id=UUID('01a1104d-238a-73b7-9e5a-733b0efdb190'), task_id='compare_models', dag_id='sprint1_r_train', run_id='manual__2026-10-06T08:20:53.214640+00:00', try_number=1, dag_version_id=UUID('01a10c8e-1354-7f9c-a0e6-b8326decbed9'), map_index=-1, hostname='4007fe033237', context_carrier={'traceparent': '00-ff9a0794f3cc33766eefd46d185c3cdf-1cecc4ad03b150ab-00'}, queue='default', task=<Task(_PythonDecoratedOperator): compare_models>, bundle_instance=LocalDagBundle(name=dags-folder), max_tries=0, start_date=datetime.datetime(2026, 10, 6, 8, 21, 41, 668700, tzinfo=datetime.timezone.utc), end_date=None, state=<TaskInstanceState.RUNNING: 'running'>, is_mapped=False, rendered_map_index=None, sentry_integration='sentry_sdk.integrations.celery.CeleryIntegration')","run_id":"manual__2026-10-06T08:20:53.214640+00:00","dag_id":"sprint1_r_train","map_index":-1,"try_number":1,"ti_id":"01a1104d-238a-73b7-9e5a-733b0efdb190","task_id":"compare_models","logger":"task","filename":"task_runner.py","lineno":2280}
{"timestamp":"2026-10-06T08:21:44.034001Z","level":"info","event":"Task instance in success state","logger":"task.stdout"}
{"timestamp":"2026-10-06T08:21:44.034303Z","level":"info","event":" Previous state of the Task instance: TaskInstanceState.RUNNING","logger":"task.stdout"}
{"timestamp":"2026-10-06T08:21:44.034484Z","level":"info","event":"Task operator:<Task(_PythonDecoratedOperator): compare_models>","logger":"task.stdout"}
{"timestamp":"2026-10-06T08:21:44.024456Z","level":"info","event":"::endgroup::","run_id":"manual__2026-10-06T08:20:53.214640+00:00","dag_id":"sprint1_r_train","map_index":-1,"try_number":1,"ti_id":"01a1104d-238a-73b7-9e5a-733b0efdb190","task_id":"compare_models","logger":"task","filename":"task_runner.py","lineno":2379}
