{"timestamp":"2026-10-02T12:42:25.900647Z","level":"info","event":"::group::Pre Execute","logger":"task","filename":"task_runner.py","lineno":2412}
{"timestamp":"2026-10-02T12:42:25.925294Z","level":"info","event":"DAG bundles loaded: dags-folder, example_dags, apache-airflow-providers-common-sql-example-dags, apache-airflow-providers-standard-example-dags","dag_id":"sprint1_r","ti_id":"01a0fca3-2548-7e52-a7ea-0c1f03d723a2","map_index":-1,"run_id":"manual__2026-10-02T12:42:25.461994+00:00","try_number":1,"task_id":"create_table","logger":"airflow.dag_processing.bundles.manager.DagBundlesManager","filename":"manager.py","lineno":304}
{"timestamp":"2026-10-02T12:42:25.926666Z","level":"info","event":"Filling up the DagBag from /opt/airflow/dags/charn.py","dag_id":"sprint1_r","ti_id":"01a0fca3-2548-7e52-a7ea-0c1f03d723a2","map_index":-1,"run_id":"manual__2026-10-02T12:42:25.461994+00:00","try_number":1,"task_id":"create_table","logger":"airflow.dag_processing.dagbag.BundleDagBag","filename":"dagbag.py","lineno":460}
{"timestamp":"2026-10-02T12:42:26.901267Z","level":"warning","event":"The `airflow.decorators.dag` attribute is deprecated. Please use `'airflow.sdk.dag'`.","category":"UserWarning","filename":"/opt/airflow/dags/charn.py","lineno":6,"dag_id":"sprint1_r","ti_id":"01a0fca3-2548-7e52-a7ea-0c1f03d723a2","map_index":-1,"run_id":"manual__2026-10-02T12:42:25.461994+00:00","try_number":1,"task_id":"create_table","logger":"py.warnings"}
{"timestamp":"2026-10-02T12:42:26.902194Z","level":"warning","event":"The `airflow.decorators.task` attribute is deprecated. Please use `'airflow.sdk.task'`.","category":"UserWarning","filename":"/opt/airflow/dags/charn.py","lineno":6,"dag_id":"sprint1_r","ti_id":"01a0fca3-2548-7e52-a7ea-0c1f03d723a2","map_index":-1,"run_id":"manual__2026-10-02T12:42:25.461994+00:00","try_number":1,"task_id":"create_table","logger":"py.warnings"}
{"timestamp":"2026-10-02T12:42:26.903898Z","level":"info","event":"Worker startup parse complete","bundle_name":"dags-folder","bundle_version":null,"dag_file":"charn.py","dag_id":"sprint1_r","bundle_prepare_ms":4,"dag_file_parse_ms":977,"ti_id":"01a0fca3-2548-7e52-a7ea-0c1f03d723a2","map_index":-1,"run_id":"manual__2026-10-02T12:42:25.461994+00:00","try_number":1,"task_id":"create_table","logger":"task","filename":"task_runner.py","lineno":1073}
{"timestamp":"2026-10-02T12:42:26.933780Z","level":"info","event":"Task instance is in running state","logger":"task.stdout"}
{"timestamp":"2026-10-02T12:42:26.934232Z","level":"info","event":" Previous state of the Task instance: TaskInstanceState.QUEUED","logger":"task.stdout"}
{"timestamp":"2026-10-02T12:42:26.935102Z","level":"info","event":"Current task name:create_table","logger":"task.stdout"}
{"timestamp":"2026-10-02T12:42:26.935425Z","level":"info","event":"Dag name:sprint1_r","logger":"task.stdout"}
{"timestamp":"2026-10-02T12:42:26.935977Z","level":"info","event":"::endgroup::","dag_id":"sprint1_r","ti_id":"01a0fca3-2548-7e52-a7ea-0c1f03d723a2","map_index":-1,"run_id":"manual__2026-10-02T12:42:25.461994+00:00","try_number":1,"task_id":"create_table","logger":"task","filename":"task_runner.py","lineno":2232}
{"timestamp":"2026-10-02T12:42:27.025467Z","level":"error","event":"Task failed with exception","dag_id":"sprint1_r","ti_id":"01a0fca3-2548-7e52-a7ea-0c1f03d723a2","map_index":-1,"run_id":"manual__2026-10-02T12:42:25.461994+00:00","try_number":1,"task_id":"create_table","logger":"task","filename":"task_runner.py","lineno":1676,"error_detail":[{"exc_type":"ProgrammingError","exc_value":"(psycopg.errors.InsufficientPrivilege) permission denied for schema public\nLINE 2: CREATE TABLE users_churn_sprint1 (\n                     ^\n[SQL: \nCREATE TABLE users_churn_sprint1 (\n\tid SERIAL NOT NULL, \n\tcustomer_id VARCHAR, \n\tbegin_date TIMESTAMP WITHOUT TIME ZONE, \n\tend_date TIMESTAMP WITHOUT TIME ZONE, \n\ttype VARCHAR, \n\tpaperless_billing VARCHAR, \n\tpayment_method VARCHAR, \n\tmonthly_charges FLOAT, \n\ttotal_charges FLOAT, \n\tinternet_service VARCHAR, \n\tonline_security VARCHAR, \n\tonline_backup VARCHAR, \n\tdevice_protection VARCHAR, \n\ttech_support VARCHAR, \n\tstreaming_tv VARCHAR, \n\tstreaming_movies VARCHAR, \n\tgender VARCHAR, \n\tsenior_citizen INTEGER, \n\tpartner VARCHAR, \n\tdependents VARCHAR, \n\tmultiple_lines VARCHAR, \n\ttarget INTEGER, \n\tPRIMARY KEY (id), \n\tCONSTRAINT unique_employee_constraint UNIQUE (customer_id)\n)\n\n]\n(Background on this error at: https://sqlalche.me/e/20/f405)","exc_notes":[],"syntax_error":null,"is_cause":false,"frames":[{"filename":"/home/airflow/.local/lib/python3.13/site-packages/airflow/sdk/execution_time/task_runner.py","lineno":1579,"name":"_run_task_and_map_outcome"},{"filename":"/home/airflow/.local/lib/python3.13/site-packages/airflow/sdk/execution_time/task_runner.py","lineno":197,"name":"wrapper"},{"filename":"/home/airflow/.local/lib/python3.13/site-packages/airflow/sdk/execution_time/task_runner.py","lineno":2234,"name":"_execute_task"},{"filename":"/home/airflow/.local/lib/python3.13/site-packages/airflow/sdk/execution_time/task_runner.py","lineno":197,"name":"wrapper"},{"filename":"/home/airflow/.local/lib/python3.13/site-packages/airflow/sdk/execution_time/task_runner.py","lineno":2192,"name":"_run_execute_callable"},{"filename":"/home/airflow/.local/lib/python3.13/site-packages/airflow/sdk/bases/operator.py","lineno":462,"name":"wrapper"},{"filename":"/home/airflow/.local/lib/python3.13/site-packages/airflow/sdk/bases/decorator.py","lineno":435,"name":"execute"},{"filename":"/home/airflow/.local/lib/python3.13/site-packages/airflow/sdk/bases/operator.py","lineno":462,"name":"wrapper"},{"filename":"/home/airflow/.local/lib/python3.13/site-packages/airflow/providers/standard/operators/python.py","lineno":231,"name":"execute"},{"filename":"/home/airflow/.local/lib/python3.13/site-packages/airflow/providers/standard/operators/python.py","lineno":254,"name":"execute_callable"},{"filename":"/home/airflow/.local/lib/python3.13/site-packages/airflow/sdk/execution_time/callback_runner.py","lineno":97,"name":"run"},{"filename":"/opt/airflow/dags/charn.py","lineno":52,"name":"create_table"},{"filename":"/home/airflow/.local/lib/python3.13/site-packages/sqlalchemy/sql/schema.py","lineno":5929,"name":"create_all"},{"filename":"/home/airflow/.local/lib/python3.13/site-packages/sqlalchemy/engine/base.py","lineno":3270,"name":"_run_ddl_visitor"},{"filename":"/home/airflow/.local/lib/python3.13/site-packages/sqlalchemy/engine/base.py","lineno":2469,"name":"_run_ddl_visitor"},{"filename":"/home/airflow/.local/lib/python3.13/site-packages/sqlalchemy/sql/visitors.py","lineno":661,"name":"traverse_single"},{"filename":"/home/airflow/.local/lib/python3.13/site-packages/sqlalchemy/sql/ddl.py","lineno":985,"name":"visit_metadata"},{"filename":"/home/airflow/.local/lib/python3.13/site-packages/sqlalchemy/sql/visitors.py","lineno":661,"name":"traverse_single"},{"filename":"/home/airflow/.local/lib/python3.13/site-packages/sqlalchemy/sql/ddl.py","lineno":1023,"name":"visit_table"},{"filename":"/home/airflow/.local/lib/python3.13/site-packages/sqlalchemy/sql/ddl.py","lineno":322,"name":"_invoke_with"},{"filename":"/home/airflow/.local/lib/python3.13/site-packages/sqlalchemy/engine/base.py","lineno":1421,"name":"execute"},{"filename":"/home/airflow/.local/lib/python3.13/site-packages/sqlalchemy/sql/ddl.py","lineno":188,"name":"_execute_on_connection"},{"filename":"/home/airflow/.local/lib/python3.13/site-packages/sqlalchemy/engine/base.py","lineno":1532,"name":"_execute_ddl"},{"filename":"/home/airflow/.local/lib/python3.13/site-packages/sqlalchemy/engine/base.py","lineno":1848,"name":"_execute_context"},{"filename":"/home/airflow/.local/lib/python3.13/site-packages/sqlalchemy/engine/base.py","lineno":1988,"name":"_exec_single_context"},{"filename":"/home/airflow/.local/lib/python3.13/site-packages/sqlalchemy/engine/base.py","lineno":2365,"name":"_handle_dbapi_exception"},{"filename":"/home/airflow/.local/lib/python3.13/site-packages/sqlalchemy/engine/base.py","lineno":1969,"name":"_exec_single_context"},{"filename":"/home/airflow/.local/lib/python3.13/site-packages/sqlalchemy/engine/default.py","lineno":952,"name":"do_execute"},{"filename":"/home/airflow/.local/lib/python3.13/site-packages/psycopg/cursor.py","lineno":117,"name":"execute"}],"is_group":false,"exceptions":[]},{"exc_type":"InsufficientPrivilege","exc_value":"permission denied for schema public\nLINE 2: CREATE TABLE users_churn_sprint1 (\n                     ^","exc_notes":[],"syntax_error":null,"is_cause":true,"frames":[{"filename":"/home/airflow/.local/lib/python3.13/site-packages/sqlalchemy/engine/base.py","lineno":1969,"name":"_exec_single_context"},{"filename":"/home/airflow/.local/lib/python3.13/site-packages/sqlalchemy/engine/default.py","lineno":952,"name":"do_execute"},{"filename":"/home/airflow/.local/lib/python3.13/site-packages/psycopg/cursor.py","lineno":117,"name":"execute"}],"is_group":false,"exceptions":[]}]}
{"timestamp":"2026-10-02T12:42:27.028237Z","level":"info","event":"::group::Post Execute","dag_id":"sprint1_r","ti_id":"01a0fca3-2548-7e52-a7ea-0c1f03d723a2","map_index":-1,"run_id":"manual__2026-10-02T12:42:25.461994+00:00","try_number":1,"task_id":"create_table","logger":"task","filename":"task_runner.py","lineno":1677}
{"timestamp":"2026-10-02T12:42:27.033165Z","level":"info","event":"Task instance in failure state","logger":"task.stdout"}
{"timestamp":"2026-10-02T12:42:27.034004Z","level":"info","event":"Task start","logger":"task.stdout"}
{"timestamp":"2026-10-02T12:42:27.034380Z","level":"info","event":"Task:<Task(_PythonDecoratedOperator): create_table>","logger":"task.stdout"}
{"timestamp":"2026-10-02T12:42:27.034758Z","level":"info","event":"Failure caused by (psycopg.errors.InsufficientPrivilege) permission denied for schema public","logger":"task.stdout"}
{"timestamp":"2026-10-02T12:42:27.034968Z","level":"info","event":"LINE 2: CREATE TABLE users_churn_sprint1 (","logger":"task.stdout"}
{"timestamp":"2026-10-02T12:42:27.035147Z","level":"info","event":"                     ^","logger":"task.stdout"}
{"timestamp":"2026-10-02T12:42:27.035323Z","level":"info","event":"[SQL:","logger":"task.stdout"}
{"timestamp":"2026-10-02T12:42:27.035488Z","level":"info","event":"CREATE TABLE users_churn_sprint1 (","logger":"task.stdout"}
{"timestamp":"2026-10-02T12:42:27.035651Z","level":"info","event":"\tid SERIAL NOT NULL,","logger":"task.stdout"}
{"timestamp":"2026-10-02T12:42:27.035911Z","level":"info","event":"\tcustomer_id VARCHAR,","logger":"task.stdout"}
{"timestamp":"2026-10-02T12:42:27.036083Z","level":"info","event":"\tbegin_date TIMESTAMP WITHOUT TIME ZONE,","logger":"task.stdout"}
{"timestamp":"2026-10-02T12:42:27.036255Z","level":"info","event":"\tend_date TIMESTAMP WITHOUT TIME ZONE,","logger":"task.stdout"}
{"timestamp":"2026-10-02T12:42:27.036419Z","level":"info","event":"\ttype VARCHAR,","logger":"task.stdout"}
{"timestamp":"2026-10-02T12:42:27.036595Z","level":"info","event":"\tpaperless_billing VARCHAR,","logger":"task.stdout"}
{"timestamp":"2026-10-02T12:42:27.036742Z","level":"info","event":"\tpayment_method VARCHAR,","logger":"task.stdout"}
{"timestamp":"2026-10-02T12:42:27.036882Z","level":"info","event":"\tmonthly_charges FLOAT,","logger":"task.stdout"}
{"timestamp":"2026-10-02T12:42:27.037023Z","level":"info","event":"\ttotal_charges FLOAT,","logger":"task.stdout"}
{"timestamp":"2026-10-02T12:42:27.037165Z","level":"info","event":"\tinternet_service VARCHAR,","logger":"task.stdout"}
{"timestamp":"2026-10-02T12:42:27.037305Z","level":"info","event":"\tonline_security VARCHAR,","logger":"task.stdout"}
{"timestamp":"2026-10-02T12:42:27.037446Z","level":"info","event":"\tonline_backup VARCHAR,","logger":"task.stdout"}
{"timestamp":"2026-10-02T12:42:27.037591Z","level":"info","event":"\tdevice_protection VARCHAR,","logger":"task.stdout"}
{"timestamp":"2026-10-02T12:42:27.037767Z","level":"info","event":"\ttech_support VARCHAR,","logger":"task.stdout"}
{"timestamp":"2026-10-02T12:42:27.037918Z","level":"info","event":"\tstreaming_tv VARCHAR,","logger":"task.stdout"}
{"timestamp":"2026-10-02T12:42:27.038073Z","level":"info","event":"\tstreaming_movies VARCHAR,","logger":"task.stdout"}
{"timestamp":"2026-10-02T12:42:27.038220Z","level":"info","event":"\tgender VARCHAR,","logger":"task.stdout"}
{"timestamp":"2026-10-02T12:42:27.038370Z","level":"info","event":"\tsenior_citizen INTEGER,","logger":"task.stdout"}
{"timestamp":"2026-10-02T12:42:27.038514Z","level":"info","event":"\tpartner VARCHAR,","logger":"task.stdout"}
{"timestamp":"2026-10-02T12:42:27.038670Z","level":"info","event":"\tdependents VARCHAR,","logger":"task.stdout"}
{"timestamp":"2026-10-02T12:42:27.038809Z","level":"info","event":"\tmultiple_lines VARCHAR,","logger":"task.stdout"}
{"timestamp":"2026-10-02T12:42:27.038948Z","level":"info","event":"\ttarget INTEGER,","logger":"task.stdout"}
{"timestamp":"2026-10-02T12:42:27.039086Z","level":"info","event":"\tPRIMARY KEY (id),","logger":"task.stdout"}
{"timestamp":"2026-10-02T12:42:27.039236Z","level":"info","event":"\tCONSTRAINT unique_employee_constraint UNIQUE (customer_id)","logger":"task.stdout"}
{"timestamp":"2026-10-02T12:42:27.039394Z","level":"info","event":")","logger":"task.stdout"}
{"timestamp":"2026-10-02T12:42:27.039543Z","level":"info","event":"","logger":"task.stdout"}
{"timestamp":"2026-10-02T12:42:27.039685Z","level":"info","event":"]","logger":"task.stdout"}
{"timestamp":"2026-10-02T12:42:27.040003Z","level":"info","event":"(Background on this error at: https://sqlalche.me/e/20/f405)","logger":"task.stdout"}
{"timestamp":"2026-10-02T12:42:27.040267Z","level":"info","event":"::endgroup::","dag_id":"sprint1_r","ti_id":"01a0fca3-2548-7e52-a7ea-0c1f03d723a2","map_index":-1,"run_id":"manual__2026-10-02T12:42:25.461994+00:00","try_number":1,"task_id":"create_table","logger":"task","filename":"task_runner.py","lineno":2379}
