{"timestamp":"2026-10-06T13:33:13.303845Z","level":"info","event":"::group::Pre Execute","logger":"task","filename":"task_runner.py","lineno":2412}
{"timestamp":"2026-10-06T13:33:13.429998Z","level":"info","event":"DAG bundles loaded: dags-folder, example_dags, apache-airflow-providers-common-sql-example-dags, apache-airflow-providers-standard-example-dags","dag_id":"sprint1_r_train","ti_id":"01a1116b-13c8-79a7-9383-9dc2e9433f03","task_id":"split_data","run_id":"manual__2026-10-06T13:33:12.500559+00:00","map_index":-1,"try_number":1,"logger":"airflow.dag_processing.bundles.manager.DagBundlesManager","filename":"manager.py","lineno":304}
{"timestamp":"2026-10-06T13:33:13.431085Z","level":"info","event":"Filling up the DagBag from /opt/airflow/dags/sprint1_r_train.py","dag_id":"sprint1_r_train","ti_id":"01a1116b-13c8-79a7-9383-9dc2e9433f03","task_id":"split_data","run_id":"manual__2026-10-06T13:33:12.500559+00:00","map_index":-1,"try_number":1,"logger":"airflow.dag_processing.dagbag.BundleDagBag","filename":"dagbag.py","lineno":460}
{"timestamp":"2026-10-06T13:33:15.324845Z","level":"info","event":"Worker startup parse complete","bundle_name":"dags-folder","bundle_version":null,"dag_file":"sprint1_r_train.py","dag_id":"sprint1_r_train","bundle_prepare_ms":2,"dag_file_parse_ms":1893,"ti_id":"01a1116b-13c8-79a7-9383-9dc2e9433f03","task_id":"split_data","run_id":"manual__2026-10-06T13:33:12.500559+00:00","map_index":-1,"try_number":1,"logger":"task","filename":"task_runner.py","lineno":1073}
{"timestamp":"2026-10-06T13:33:15.346589Z","level":"info","event":"Task instance is in running state","logger":"task.stdout"}
{"timestamp":"2026-10-06T13:33:15.346793Z","level":"info","event":" Previous state of the Task instance: TaskInstanceState.QUEUED","logger":"task.stdout"}
{"timestamp":"2026-10-06T13:33:15.346913Z","level":"info","event":"Current task name:split_data","logger":"task.stdout"}
{"timestamp":"2026-10-06T13:33:15.347006Z","level":"info","event":"Dag name:sprint1_r_train","logger":"task.stdout"}
{"timestamp":"2026-10-06T13:33:15.346976Z","level":"info","event":"::endgroup::","dag_id":"sprint1_r_train","ti_id":"01a1116b-13c8-79a7-9383-9dc2e9433f03","task_id":"split_data","run_id":"manual__2026-10-06T13:33:12.500559+00:00","map_index":-1,"try_number":1,"logger":"task","filename":"task_runner.py","lineno":2232}
{"timestamp":"2026-10-06T13:33:15.381733Z","level":"info","event":"Dataset shape: (7021, 18)","logger":"task.stdout"}
{"timestamp":"2026-10-06T13:33:15.451912Z","level":"info","event":"Train shape: (5265, 17)","logger":"task.stdout"}
{"timestamp":"2026-10-06T13:33:15.452102Z","level":"info","event":"Validation shape: (1756, 17)","logger":"task.stdout"}
{"timestamp":"2026-10-06T13:33:15.452183Z","level":"info","event":"Train target distribution:","logger":"task.stdout"}
{"timestamp":"2026-10-06T13:33:15.454566Z","level":"info","event":"target","logger":"task.stdout"}
{"timestamp":"2026-10-06T13:33:15.454713Z","level":"info","event":"0    0.735423","logger":"task.stdout"}
{"timestamp":"2026-10-06T13:33:15.454786Z","level":"info","event":"1    0.264577","logger":"task.stdout"}
{"timestamp":"2026-10-06T13:33:15.454853Z","level":"info","event":"Name: proportion, dtype: float64","logger":"task.stdout"}
{"timestamp":"2026-10-06T13:33:15.454935Z","level":"info","event":"Validation target distribution:","logger":"task.stdout"}
{"timestamp":"2026-10-06T13:33:15.455918Z","level":"info","event":"target","logger":"task.stdout"}
{"timestamp":"2026-10-06T13:33:15.456049Z","level":"info","event":"0    0.735763","logger":"task.stdout"}
{"timestamp":"2026-10-06T13:33:15.456124Z","level":"info","event":"1    0.264237","logger":"task.stdout"}
{"timestamp":"2026-10-06T13:33:15.456193Z","level":"info","event":"Name: proportion, dtype: float64","logger":"task.stdout"}
{"timestamp":"2026-10-06T13:33:15.486935Z","level":"info","event":"X_train saved: /opt/airflow/data/train/X_train.parquet","logger":"task.stdout"}
{"timestamp":"2026-10-06T13:33:15.487123Z","level":"info","event":"X_val saved: /opt/airflow/data/train/X_val.parquet","logger":"task.stdout"}
{"timestamp":"2026-10-06T13:33:15.487213Z","level":"info","event":"Done. Returned value was: {'x_train': '/opt/airflow/data/train/X_train.parquet', 'x_val': '/opt/airflow/data/train/X_val.parquet', 'y_train': '/opt/airflow/data/train/y_train.parquet', 'y_val': '/opt/airflow/data/train/y_val.parquet'}","dag_id":"sprint1_r_train","ti_id":"01a1116b-13c8-79a7-9383-9dc2e9433f03","task_id":"split_data","run_id":"manual__2026-10-06T13:33:12.500559+00:00","map_index":-1,"try_number":1,"logger":"airflow.task.operators.airflow.providers.standard.decorators.python._PythonDecoratedOperator","filename":"python.py","lineno":233}
{"timestamp":"2026-10-06T13:33:15.487465Z","level":"info","event":"::group::Post Execute","dag_id":"sprint1_r_train","ti_id":"01a1116b-13c8-79a7-9383-9dc2e9433f03","task_id":"split_data","run_id":"manual__2026-10-06T13:33:12.500559+00:00","map_index":-1,"try_number":1,"logger":"task","filename":"task_runner.py","lineno":1580}
{"timestamp":"2026-10-06T13:33:15.487733Z","level":"info","event":"Pushing xcom","ti":"RuntimeTaskInstance(id=UUID('01a1116b-13c8-79a7-9383-9dc2e9433f03'), task_id='split_data', dag_id='sprint1_r_train', run_id='manual__2026-10-06T13:33:12.500559+00:00', try_number=1, dag_version_id=UUID('01a1116a-d3fd-7773-a271-4c62a33dc851'), map_index=-1, hostname='0b0dce97fdb5', context_carrier={'traceparent': '00-fbf2373735f5cc88104b3f4929a5ed4b-c5dc753b793a7be3-00'}, queue='default', task=<Task(_PythonDecoratedOperator): split_data>, bundle_instance=LocalDagBundle(name=dags-folder), max_tries=0, start_date=datetime.datetime(2026, 10, 6, 13, 33, 13, 307183, tzinfo=datetime.timezone.utc), end_date=None, state=<TaskInstanceState.RUNNING: 'running'>, is_mapped=False, rendered_map_index=None, sentry_integration='sentry_sdk.integrations.celery.CeleryIntegration')","dag_id":"sprint1_r_train","ti_id":"01a1116b-13c8-79a7-9383-9dc2e9433f03","task_id":"split_data","run_id":"manual__2026-10-06T13:33:12.500559+00:00","map_index":-1,"try_number":1,"logger":"task","filename":"task_runner.py","lineno":2280}
{"timestamp":"2026-10-06T13:33:15.591965Z","level":"info","event":"Task instance in success state","logger":"task.stdout"}
{"timestamp":"2026-10-06T13:33:15.592169Z","level":"info","event":" Previous state of the Task instance: TaskInstanceState.RUNNING","logger":"task.stdout"}
{"timestamp":"2026-10-06T13:33:15.592415Z","level":"info","event":"Task operator:<Task(_PythonDecoratedOperator): split_data>","logger":"task.stdout"}
{"timestamp":"2026-10-06T13:33:15.592445Z","level":"info","event":"::endgroup::","dag_id":"sprint1_r_train","ti_id":"01a1116b-13c8-79a7-9383-9dc2e9433f03","task_id":"split_data","run_id":"manual__2026-10-06T13:33:12.500559+00:00","map_index":-1,"try_number":1,"logger":"task","filename":"task_runner.py","lineno":2379}
