{"timestamp":"2026-10-05T13:46:41.098432Z","level":"info","event":"::group::Pre Execute","logger":"task","filename":"task_runner.py","lineno":2412}
{"timestamp":"2026-10-05T13:46:41.244843Z","level":"info","event":"DAG bundles loaded: dags-folder, example_dags, apache-airflow-providers-common-sql-example-dags, apache-airflow-providers-standard-example-dags","dag_id":"sprint1_r_train","try_number":1,"ti_id":"01a10c51-0d39-737d-85f2-3898c5f5be69","map_index":-1,"run_id":"manual__2026-10-05T13:46:40.807628+00:00","task_id":"split_data","logger":"airflow.dag_processing.bundles.manager.DagBundlesManager","filename":"manager.py","lineno":304}
{"timestamp":"2026-10-05T13:46:41.245945Z","level":"info","event":"Filling up the DagBag from /opt/airflow/dags/sprint1_r_train.py","dag_id":"sprint1_r_train","try_number":1,"ti_id":"01a10c51-0d39-737d-85f2-3898c5f5be69","map_index":-1,"run_id":"manual__2026-10-05T13:46:40.807628+00:00","task_id":"split_data","logger":"airflow.dag_processing.dagbag.BundleDagBag","filename":"dagbag.py","lineno":460}
{"timestamp":"2026-10-05T13:46:42.837637Z","level":"info","event":"Worker startup parse complete","bundle_name":"dags-folder","bundle_version":null,"dag_file":"sprint1_r_train.py","dag_id":"sprint1_r_train","bundle_prepare_ms":2,"dag_file_parse_ms":1591,"try_number":1,"ti_id":"01a10c51-0d39-737d-85f2-3898c5f5be69","map_index":-1,"run_id":"manual__2026-10-05T13:46:40.807628+00:00","task_id":"split_data","logger":"task","filename":"task_runner.py","lineno":1073}
{"timestamp":"2026-10-05T13:46:42.861108Z","level":"info","event":"Task instance is in running state","logger":"task.stdout"}
{"timestamp":"2026-10-05T13:46:42.861281Z","level":"info","event":" Previous state of the Task instance: TaskInstanceState.QUEUED","logger":"task.stdout"}
{"timestamp":"2026-10-05T13:46:42.861476Z","level":"info","event":"Current task name:split_data","logger":"task.stdout"}
{"timestamp":"2026-10-05T13:46:42.865491Z","level":"info","event":"Dag name:sprint1_r_train","logger":"task.stdout"}
{"timestamp":"2026-10-05T13:46:42.861654Z","level":"info","event":"::endgroup::","dag_id":"sprint1_r_train","try_number":1,"ti_id":"01a10c51-0d39-737d-85f2-3898c5f5be69","map_index":-1,"run_id":"manual__2026-10-05T13:46:40.807628+00:00","task_id":"split_data","logger":"task","filename":"task_runner.py","lineno":2232}
{"timestamp":"2026-10-05T13:46:42.905183Z","level":"info","event":"Dataset shape: (7021, 18)","logger":"task.stdout"}
{"timestamp":"2026-10-05T13:46:42.969605Z","level":"info","event":"Train shape: (5265, 17)","logger":"task.stdout"}
{"timestamp":"2026-10-05T13:46:42.969923Z","level":"info","event":"Validation shape: (1756, 17)","logger":"task.stdout"}
{"timestamp":"2026-10-05T13:46:42.970123Z","level":"info","event":"Train target distribution:","logger":"task.stdout"}
{"timestamp":"2026-10-05T13:46:42.971265Z","level":"info","event":"target","logger":"task.stdout"}
{"timestamp":"2026-10-05T13:46:42.971496Z","level":"info","event":"0    0.735423","logger":"task.stdout"}
{"timestamp":"2026-10-05T13:46:42.971680Z","level":"info","event":"1    0.264577","logger":"task.stdout"}
{"timestamp":"2026-10-05T13:46:42.971869Z","level":"info","event":"Name: proportion, dtype: float64","logger":"task.stdout"}
{"timestamp":"2026-10-05T13:46:42.972043Z","level":"info","event":"Validation target distribution:","logger":"task.stdout"}
{"timestamp":"2026-10-05T13:46:42.972505Z","level":"info","event":"target","logger":"task.stdout"}
{"timestamp":"2026-10-05T13:46:42.972711Z","level":"info","event":"0    0.735763","logger":"task.stdout"}
{"timestamp":"2026-10-05T13:46:42.972896Z","level":"info","event":"1    0.264237","logger":"task.stdout"}
{"timestamp":"2026-10-05T13:46:42.973068Z","level":"info","event":"Name: proportion, dtype: float64","logger":"task.stdout"}
{"timestamp":"2026-10-05T13:46:42.998705Z","level":"info","event":"X_train saved: /opt/airflow/data/train/X_train.parquet","logger":"task.stdout"}
{"timestamp":"2026-10-05T13:46:42.998927Z","level":"info","event":"X_val saved: /opt/airflow/data/train/X_val.parquet","logger":"task.stdout"}
{"timestamp":"2026-10-05T13:46:42.999048Z","level":"info","event":"Done. Returned value was: {'x_train': '/opt/airflow/data/train/X_train.parquet', 'x_val': '/opt/airflow/data/train/X_val.parquet', 'y_train': '/opt/airflow/data/train/y_train.parquet', 'y_val': '/opt/airflow/data/train/y_val.parquet'}","dag_id":"sprint1_r_train","try_number":1,"ti_id":"01a10c51-0d39-737d-85f2-3898c5f5be69","map_index":-1,"run_id":"manual__2026-10-05T13:46:40.807628+00:00","task_id":"split_data","logger":"airflow.task.operators.airflow.providers.standard.decorators.python._PythonDecoratedOperator","filename":"python.py","lineno":233}
{"timestamp":"2026-10-05T13:46:42.999284Z","level":"info","event":"::group::Post Execute","dag_id":"sprint1_r_train","try_number":1,"ti_id":"01a10c51-0d39-737d-85f2-3898c5f5be69","map_index":-1,"run_id":"manual__2026-10-05T13:46:40.807628+00:00","task_id":"split_data","logger":"task","filename":"task_runner.py","lineno":1580}
{"timestamp":"2026-10-05T13:46:42.999533Z","level":"info","event":"Pushing xcom","ti":"RuntimeTaskInstance(id=UUID('01a10c51-0d39-737d-85f2-3898c5f5be69'), task_id='split_data', dag_id='sprint1_r_train', run_id='manual__2026-10-05T13:46:40.807628+00:00', try_number=1, dag_version_id=UUID('01a10c50-eae4-7038-9f49-a40eb340b7d4'), map_index=-1, hostname='5d7a0707f3b2', context_carrier={'traceparent': '00-d72ed0887e689bcefbe3b8d58a68451b-5279c8d9af403ea2-00'}, queue='default', task=<Task(_PythonDecoratedOperator): split_data>, bundle_instance=LocalDagBundle(name=dags-folder), max_tries=0, start_date=datetime.datetime(2026, 10, 5, 13, 46, 41, 107804, tzinfo=datetime.timezone.utc), end_date=None, state=<TaskInstanceState.RUNNING: 'running'>, is_mapped=False, rendered_map_index=None, sentry_integration='sentry_sdk.integrations.celery.CeleryIntegration')","dag_id":"sprint1_r_train","try_number":1,"ti_id":"01a10c51-0d39-737d-85f2-3898c5f5be69","map_index":-1,"run_id":"manual__2026-10-05T13:46:40.807628+00:00","task_id":"split_data","logger":"task","filename":"task_runner.py","lineno":2280}
{"timestamp":"2026-10-05T13:46:43.098557Z","level":"info","event":"Task instance in success state","logger":"task.stdout"}
{"timestamp":"2026-10-05T13:46:43.098885Z","level":"info","event":" Previous state of the Task instance: TaskInstanceState.RUNNING","logger":"task.stdout"}
{"timestamp":"2026-10-05T13:46:43.099445Z","level":"info","event":"Task operator:<Task(_PythonDecoratedOperator): split_data>","logger":"task.stdout"}
{"timestamp":"2026-10-05T13:46:43.098848Z","level":"info","event":"::endgroup::","dag_id":"sprint1_r_train","try_number":1,"ti_id":"01a10c51-0d39-737d-85f2-3898c5f5be69","map_index":-1,"run_id":"manual__2026-10-05T13:46:40.807628+00:00","task_id":"split_data","logger":"task","filename":"task_runner.py","lineno":2379}
