{"timestamp":"2026-10-05T13:52:53.810256Z","level":"info","event":"::group::Pre Execute","logger":"task","filename":"task_runner.py","lineno":2412}
{"timestamp":"2026-10-05T13:52:53.968850Z","level":"info","event":"DAG bundles loaded: dags-folder, example_dags, apache-airflow-providers-common-sql-example-dags, apache-airflow-providers-standard-example-dags","dag_id":"sprint1_r_train","ti_id":"01a10c56-1c0e-7ecd-96d1-800ae3031c52","task_id":"train_model","map_index":-1,"run_id":"manual__2026-10-05T13:52:12.274054+00:00","try_number":1,"logger":"airflow.dag_processing.bundles.manager.DagBundlesManager","filename":"manager.py","lineno":304}
{"timestamp":"2026-10-05T13:52:53.970526Z","level":"info","event":"Filling up the DagBag from /opt/airflow/dags/sprint1_r_train.py","dag_id":"sprint1_r_train","ti_id":"01a10c56-1c0e-7ecd-96d1-800ae3031c52","task_id":"train_model","map_index":-1,"run_id":"manual__2026-10-05T13:52:12.274054+00:00","try_number":1,"logger":"airflow.dag_processing.dagbag.BundleDagBag","filename":"dagbag.py","lineno":460}
{"timestamp":"2026-10-05T13:52:56.072349Z","level":"info","event":"Worker startup parse complete","bundle_name":"dags-folder","bundle_version":null,"dag_file":"sprint1_r_train.py","dag_id":"sprint1_r_train","bundle_prepare_ms":3,"dag_file_parse_ms":2101,"ti_id":"01a10c56-1c0e-7ecd-96d1-800ae3031c52","task_id":"train_model","map_index":-1,"run_id":"manual__2026-10-05T13:52:12.274054+00:00","try_number":1,"logger":"task","filename":"task_runner.py","lineno":1073}
{"timestamp":"2026-10-05T13:52:56.130030Z","level":"info","event":"Task instance is in running state","logger":"task.stdout"}
{"timestamp":"2026-10-05T13:52:56.134361Z","level":"info","event":" Previous state of the Task instance: TaskInstanceState.QUEUED","logger":"task.stdout"}
{"timestamp":"2026-10-05T13:52:56.134614Z","level":"info","event":"Current task name:train_model","logger":"task.stdout"}
{"timestamp":"2026-10-05T13:52:56.134828Z","level":"info","event":"Dag name:sprint1_r_train","logger":"task.stdout"}
{"timestamp":"2026-10-05T13:52:56.131161Z","level":"info","event":"::endgroup::","dag_id":"sprint1_r_train","ti_id":"01a10c56-1c0e-7ecd-96d1-800ae3031c52","task_id":"train_model","map_index":-1,"run_id":"manual__2026-10-05T13:52:12.274054+00:00","try_number":1,"logger":"task","filename":"task_runner.py","lineno":2232}
{"timestamp":"2026-10-05T13:52:56.200628Z","level":"info","event":"Categorical features:","logger":"task.stdout"}
{"timestamp":"2026-10-05T13:52:56.200940Z","level":"info","event":"['type', 'paperless_billing', 'payment_method', 'internet_service', 'online_security', 'online_backup', 'device_protection', 'tech_support', 'streaming_tv', 'streaming_movies', 'gender', 'partner', 'dependents', 'multiple_lines']","logger":"task.stdout"}
{"timestamp":"2026-10-05T13:52:56.201134Z","level":"info","event":"Model parameters:","logger":"task.stdout"}
{"timestamp":"2026-10-05T13:52:56.201306Z","level":"info","event":"{'iterations': 500, 'learning_rate': 0.05, 'depth': 6, 'loss_function': 'Logloss', 'eval_metric': 'AUC', 'auto_class_weights': 'Balanced', 'random_seed': 42, 'verbose': 0}","logger":"task.stdout"}
{"timestamp":"2026-10-05T13:53:12.348008Z","level":"info","event":"Model saved to: /opt/airflow/data/models/churn_catboost.cbm","logger":"task.stdout"}
{"timestamp":"2026-10-05T13:53:12.349390Z","level":"info","event":"Done. Returned value was: /opt/airflow/data/models/churn_catboost.cbm","dag_id":"sprint1_r_train","ti_id":"01a10c56-1c0e-7ecd-96d1-800ae3031c52","task_id":"train_model","map_index":-1,"run_id":"manual__2026-10-05T13:52:12.274054+00:00","try_number":1,"logger":"airflow.task.operators.airflow.providers.standard.decorators.python._PythonDecoratedOperator","filename":"python.py","lineno":233}
{"timestamp":"2026-10-05T13:53:12.350186Z","level":"info","event":"::group::Post Execute","dag_id":"sprint1_r_train","ti_id":"01a10c56-1c0e-7ecd-96d1-800ae3031c52","task_id":"train_model","map_index":-1,"run_id":"manual__2026-10-05T13:52:12.274054+00:00","try_number":1,"logger":"task","filename":"task_runner.py","lineno":1580}
{"timestamp":"2026-10-05T13:53:12.350942Z","level":"info","event":"Pushing xcom","ti":"RuntimeTaskInstance(id=UUID('01a10c56-1c0e-7ecd-96d1-800ae3031c52'), task_id='train_model', dag_id='sprint1_r_train', run_id='manual__2026-10-05T13:52:12.274054+00:00', try_number=1, dag_version_id=UUID('01a10c50-eae4-7038-9f49-a40eb340b7d4'), map_index=-1, hostname='538691136ec2', context_carrier={'traceparent': '00-3178100ca44c9e38b27e64abb97b528c-d5f8b4cb959c23da-00'}, queue='default', task=<Task(_PythonDecoratedOperator): train_model>, bundle_instance=LocalDagBundle(name=dags-folder), max_tries=0, start_date=datetime.datetime(2026, 10, 5, 13, 52, 53, 825933, tzinfo=datetime.timezone.utc), end_date=None, state=<TaskInstanceState.RUNNING: 'running'>, is_mapped=False, rendered_map_index=None, sentry_integration='sentry_sdk.integrations.celery.CeleryIntegration')","dag_id":"sprint1_r_train","ti_id":"01a10c56-1c0e-7ecd-96d1-800ae3031c52","task_id":"train_model","map_index":-1,"run_id":"manual__2026-10-05T13:52:12.274054+00:00","try_number":1,"logger":"task","filename":"task_runner.py","lineno":2280}
{"timestamp":"2026-10-05T13:53:12.396721Z","level":"info","event":"Task instance in success state","logger":"task.stdout"}
{"timestamp":"2026-10-05T13:53:12.397069Z","level":"info","event":" Previous state of the Task instance: TaskInstanceState.RUNNING","logger":"task.stdout"}
{"timestamp":"2026-10-05T13:53:12.397787Z","level":"info","event":"Task operator:<Task(_PythonDecoratedOperator): train_model>","logger":"task.stdout"}
{"timestamp":"2026-10-05T13:53:12.398082Z","level":"info","event":"::endgroup::","dag_id":"sprint1_r_train","ti_id":"01a10c56-1c0e-7ecd-96d1-800ae3031c52","task_id":"train_model","map_index":-1,"run_id":"manual__2026-10-05T13:52:12.274054+00:00","try_number":1,"logger":"task","filename":"task_runner.py","lineno":2379}
