{"timestamp":"2026-10-02T13:46:19.996555Z","level":"info","event":"::group::Pre Execute","logger":"task","filename":"task_runner.py","lineno":2412}
{"timestamp":"2026-10-02T13:46:20.126858Z","level":"info","event":"DAG bundles loaded: dags-folder, example_dags, apache-airflow-providers-common-sql-example-dags, apache-airflow-providers-standard-example-dags","dag_id":"sprint1_r","ti_id":"01a0fcdd-7876-79e8-ba59-2acfee557e30","try_number":1,"task_id":"load","map_index":-1,"run_id":"manual__2026-10-02T13:46:07.825955+00:00","logger":"airflow.dag_processing.bundles.manager.DagBundlesManager","filename":"manager.py","lineno":304}
{"timestamp":"2026-10-02T13:46:20.127937Z","level":"info","event":"Filling up the DagBag from /opt/airflow/dags/charn.py","dag_id":"sprint1_r","ti_id":"01a0fcdd-7876-79e8-ba59-2acfee557e30","try_number":1,"task_id":"load","map_index":-1,"run_id":"manual__2026-10-02T13:46:07.825955+00:00","logger":"airflow.dag_processing.dagbag.BundleDagBag","filename":"dagbag.py","lineno":460}
{"timestamp":"2026-10-02T13:46:20.599848Z","level":"warning","event":"The `airflow.decorators.dag` attribute is deprecated. Please use `'airflow.sdk.dag'`.","category":"UserWarning","filename":"/opt/airflow/dags/charn.py","lineno":7,"dag_id":"sprint1_r","ti_id":"01a0fcdd-7876-79e8-ba59-2acfee557e30","try_number":1,"task_id":"load","map_index":-1,"run_id":"manual__2026-10-02T13:46:07.825955+00:00","logger":"py.warnings"}
{"timestamp":"2026-10-02T13:46:20.600149Z","level":"warning","event":"The `airflow.decorators.task` attribute is deprecated. Please use `'airflow.sdk.task'`.","category":"UserWarning","filename":"/opt/airflow/dags/charn.py","lineno":7,"dag_id":"sprint1_r","ti_id":"01a0fcdd-7876-79e8-ba59-2acfee557e30","try_number":1,"task_id":"load","map_index":-1,"run_id":"manual__2026-10-02T13:46:07.825955+00:00","logger":"py.warnings"}
{"timestamp":"2026-10-02T13:46:20.600954Z","level":"info","event":"Worker startup parse complete","bundle_name":"dags-folder","bundle_version":null,"dag_file":"charn.py","dag_id":"sprint1_r","bundle_prepare_ms":2,"dag_file_parse_ms":473,"ti_id":"01a0fcdd-7876-79e8-ba59-2acfee557e30","try_number":1,"task_id":"load","map_index":-1,"run_id":"manual__2026-10-02T13:46:07.825955+00:00","logger":"task","filename":"task_runner.py","lineno":1073}
{"timestamp":"2026-10-02T13:46:20.633864Z","level":"info","event":"Task instance is in running state","logger":"task.stdout"}
{"timestamp":"2026-10-02T13:46:20.634081Z","level":"info","event":" Previous state of the Task instance: TaskInstanceState.QUEUED","logger":"task.stdout"}
{"timestamp":"2026-10-02T13:46:20.634300Z","level":"info","event":"Current task name:load","logger":"task.stdout"}
{"timestamp":"2026-10-02T13:46:20.634429Z","level":"info","event":"Dag name:sprint1_r","logger":"task.stdout"}
{"timestamp":"2026-10-02T13:46:20.634395Z","level":"info","event":"::endgroup::","dag_id":"sprint1_r","ti_id":"01a0fcdd-7876-79e8-ba59-2acfee557e30","try_number":1,"task_id":"load","map_index":-1,"run_id":"manual__2026-10-02T13:46:07.825955+00:00","logger":"task","filename":"task_runner.py","lineno":2232}
{"timestamp":"2026-10-02T13:46:20.700563Z","level":"info","event":"Final dataset saved: /opt/airflow/data/users_churn_sprint1.parquet","logger":"task.stdout"}
{"timestamp":"2026-10-02T13:46:20.700751Z","level":"info","event":"Rows: 7043","logger":"task.stdout"}
{"timestamp":"2026-10-02T13:46:20.700731Z","level":"info","event":"Done. Returned value was: /opt/airflow/data/users_churn_sprint1.parquet","dag_id":"sprint1_r","ti_id":"01a0fcdd-7876-79e8-ba59-2acfee557e30","try_number":1,"task_id":"load","map_index":-1,"run_id":"manual__2026-10-02T13:46:07.825955+00:00","logger":"airflow.task.operators.airflow.providers.standard.decorators.python._PythonDecoratedOperator","filename":"python.py","lineno":233}
{"timestamp":"2026-10-02T13:46:20.700961Z","level":"info","event":"::group::Post Execute","dag_id":"sprint1_r","ti_id":"01a0fcdd-7876-79e8-ba59-2acfee557e30","try_number":1,"task_id":"load","map_index":-1,"run_id":"manual__2026-10-02T13:46:07.825955+00:00","logger":"task","filename":"task_runner.py","lineno":1580}
{"timestamp":"2026-10-02T13:46:20.701164Z","level":"info","event":"Pushing xcom","ti":"RuntimeTaskInstance(id=UUID('01a0fcdd-7876-79e8-ba59-2acfee557e30'), task_id='load', dag_id='sprint1_r', run_id='manual__2026-10-02T13:46:07.825955+00:00', try_number=1, dag_version_id=UUID('01a0fcdc-99ae-78b7-8854-1990de31ab21'), map_index=-1, hostname='1deac5f99f09', context_carrier={'traceparent': '00-31d067d5149a22442f39973207cac41c-5a1186d73822ab60-00'}, queue='default', task=<Task(_PythonDecoratedOperator): load>, bundle_instance=LocalDagBundle(name=dags-folder), max_tries=0, start_date=datetime.datetime(2026, 10, 2, 13, 46, 19, 999092, tzinfo=datetime.timezone.utc), end_date=None, state=<TaskInstanceState.RUNNING: 'running'>, is_mapped=False, rendered_map_index=None, sentry_integration='sentry_sdk.integrations.celery.CeleryIntegration')","dag_id":"sprint1_r","ti_id":"01a0fcdd-7876-79e8-ba59-2acfee557e30","try_number":1,"task_id":"load","map_index":-1,"run_id":"manual__2026-10-02T13:46:07.825955+00:00","logger":"task","filename":"task_runner.py","lineno":2280}
{"timestamp":"2026-10-02T13:46:20.731321Z","level":"info","event":"Task instance in success state","logger":"task.stdout"}
{"timestamp":"2026-10-02T13:46:20.731538Z","level":"info","event":" Previous state of the Task instance: TaskInstanceState.RUNNING","logger":"task.stdout"}
{"timestamp":"2026-10-02T13:46:20.731739Z","level":"info","event":"Task operator:<Task(_PythonDecoratedOperator): load>","logger":"task.stdout"}
{"timestamp":"2026-10-02T13:46:20.731728Z","level":"info","event":"::endgroup::","dag_id":"sprint1_r","ti_id":"01a0fcdd-7876-79e8-ba59-2acfee557e30","try_number":1,"task_id":"load","map_index":-1,"run_id":"manual__2026-10-02T13:46:07.825955+00:00","logger":"task","filename":"task_runner.py","lineno":2379}
