{"timestamp":"2026-10-06T12:49:35.574872Z","level":"info","event":"::group::Pre Execute","logger":"task","filename":"task_runner.py","lineno":2412}
{"timestamp":"2026-10-06T12:49:36.659583Z","level":"info","event":"DAG bundles loaded: dags-folder, example_dags, apache-airflow-providers-common-sql-example-dags, apache-airflow-providers-standard-example-dags","run_id":"manual__2026-10-06T12:49:34.482227+00:00","ti_id":"01a11143-213c-7485-9af6-2b2b9a80bf39","task_id":"split_data","map_index":-1,"try_number":1,"dag_id":"sprint1_r_train","logger":"airflow.dag_processing.bundles.manager.DagBundlesManager","filename":"manager.py","lineno":304}
{"timestamp":"2026-10-06T12:49:36.670262Z","level":"info","event":"Filling up the DagBag from /opt/airflow/dags/sprint1_r_train.py","run_id":"manual__2026-10-06T12:49:34.482227+00:00","ti_id":"01a11143-213c-7485-9af6-2b2b9a80bf39","task_id":"split_data","map_index":-1,"try_number":1,"dag_id":"sprint1_r_train","logger":"airflow.dag_processing.dagbag.BundleDagBag","filename":"dagbag.py","lineno":460}
{"timestamp":"2026-10-06T12:49:43.553338Z","level":"info","event":"Worker startup parse complete","bundle_name":"dags-folder","bundle_version":null,"dag_file":"sprint1_r_train.py","dag_id":"sprint1_r_train","bundle_prepare_ms":12,"dag_file_parse_ms":6883,"run_id":"manual__2026-10-06T12:49:34.482227+00:00","ti_id":"01a11143-213c-7485-9af6-2b2b9a80bf39","task_id":"split_data","map_index":-1,"try_number":1,"logger":"task","filename":"task_runner.py","lineno":1073}
{"timestamp":"2026-10-06T12:49:43.596952Z","level":"info","event":"Task instance is in running state","logger":"task.stdout"}
{"timestamp":"2026-10-06T12:49:43.597274Z","level":"info","event":" Previous state of the Task instance: TaskInstanceState.QUEUED","logger":"task.stdout"}
{"timestamp":"2026-10-06T12:49:43.597441Z","level":"info","event":"Current task name:split_data","logger":"task.stdout"}
{"timestamp":"2026-10-06T12:49:43.597574Z","level":"info","event":"Dag name:sprint1_r_train","logger":"task.stdout"}
{"timestamp":"2026-10-06T12:49:43.597429Z","level":"info","event":"::endgroup::","run_id":"manual__2026-10-06T12:49:34.482227+00:00","ti_id":"01a11143-213c-7485-9af6-2b2b9a80bf39","task_id":"split_data","map_index":-1,"try_number":1,"dag_id":"sprint1_r_train","logger":"task","filename":"task_runner.py","lineno":2232}
{"timestamp":"2026-10-06T12:49:43.706880Z","level":"info","event":"Dataset shape: (7021, 18)","logger":"task.stdout"}
{"timestamp":"2026-10-06T12:49:43.839199Z","level":"info","event":"Train shape: (5265, 17)","logger":"task.stdout"}
{"timestamp":"2026-10-06T12:49:43.839501Z","level":"info","event":"Validation shape: (1756, 17)","logger":"task.stdout"}
{"timestamp":"2026-10-06T12:49:43.839645Z","level":"info","event":"Train target distribution:","logger":"task.stdout"}
{"timestamp":"2026-10-06T12:49:43.856846Z","level":"info","event":"target","logger":"task.stdout"}
{"timestamp":"2026-10-06T12:49:43.857100Z","level":"info","event":"0    0.735423","logger":"task.stdout"}
{"timestamp":"2026-10-06T12:49:43.857240Z","level":"info","event":"1    0.264577","logger":"task.stdout"}
{"timestamp":"2026-10-06T12:49:43.857375Z","level":"info","event":"Name: proportion, dtype: float64","logger":"task.stdout"}
{"timestamp":"2026-10-06T12:49:43.857511Z","level":"info","event":"Validation target distribution:","logger":"task.stdout"}
{"timestamp":"2026-10-06T12:49:43.858105Z","level":"info","event":"target","logger":"task.stdout"}
{"timestamp":"2026-10-06T12:49:43.858257Z","level":"info","event":"0    0.735763","logger":"task.stdout"}
{"timestamp":"2026-10-06T12:49:43.858391Z","level":"info","event":"1    0.264237","logger":"task.stdout"}
{"timestamp":"2026-10-06T12:49:43.858524Z","level":"info","event":"Name: proportion, dtype: float64","logger":"task.stdout"}
{"timestamp":"2026-10-06T12:49:44.026629Z","level":"info","event":"X_train saved: /opt/airflow/data/train/X_train.parquet","logger":"task.stdout"}
{"timestamp":"2026-10-06T12:49:44.026918Z","level":"info","event":"X_val saved: /opt/airflow/data/train/X_val.parquet","logger":"task.stdout"}
{"timestamp":"2026-10-06T12:49:44.026996Z","level":"info","event":"Done. Returned value was: {'x_train': '/opt/airflow/data/train/X_train.parquet', 'x_val': '/opt/airflow/data/train/X_val.parquet', 'y_train': '/opt/airflow/data/train/y_train.parquet', 'y_val': '/opt/airflow/data/train/y_val.parquet'}","run_id":"manual__2026-10-06T12:49:34.482227+00:00","ti_id":"01a11143-213c-7485-9af6-2b2b9a80bf39","task_id":"split_data","map_index":-1,"try_number":1,"dag_id":"sprint1_r_train","logger":"airflow.task.operators.airflow.providers.standard.decorators.python._PythonDecoratedOperator","filename":"python.py","lineno":233}
{"timestamp":"2026-10-06T12:49:44.027276Z","level":"info","event":"::group::Post Execute","run_id":"manual__2026-10-06T12:49:34.482227+00:00","ti_id":"01a11143-213c-7485-9af6-2b2b9a80bf39","task_id":"split_data","map_index":-1,"try_number":1,"dag_id":"sprint1_r_train","logger":"task","filename":"task_runner.py","lineno":1580}
{"timestamp":"2026-10-06T12:49:44.032388Z","level":"info","event":"Pushing xcom","ti":"RuntimeTaskInstance(id=UUID('01a11143-213c-7485-9af6-2b2b9a80bf39'), task_id='split_data', dag_id='sprint1_r_train', run_id='manual__2026-10-06T12:49:34.482227+00:00', try_number=1, dag_version_id=UUID('01a11111-bc37-7964-829e-e9b22b212ab0'), map_index=-1, hostname='0b0dce97fdb5', context_carrier={'traceparent': '00-f2c95fdf01564b85c9aafa4bd4d68394-03d4ca41f7934cca-00'}, queue='default', task=<Task(_PythonDecoratedOperator): split_data>, bundle_instance=LocalDagBundle(name=dags-folder), max_tries=0, start_date=datetime.datetime(2026, 10, 6, 12, 49, 35, 390491, tzinfo=datetime.timezone.utc), end_date=None, state=<TaskInstanceState.RUNNING: 'running'>, is_mapped=False, rendered_map_index=None, sentry_integration='sentry_sdk.integrations.celery.CeleryIntegration')","run_id":"manual__2026-10-06T12:49:34.482227+00:00","ti_id":"01a11143-213c-7485-9af6-2b2b9a80bf39","task_id":"split_data","map_index":-1,"try_number":1,"dag_id":"sprint1_r_train","logger":"task","filename":"task_runner.py","lineno":2280}
{"timestamp":"2026-10-06T12:49:44.193111Z","level":"info","event":"Task instance in success state","logger":"task.stdout"}
{"timestamp":"2026-10-06T12:49:44.193419Z","level":"info","event":" Previous state of the Task instance: TaskInstanceState.RUNNING","logger":"task.stdout"}
{"timestamp":"2026-10-06T12:49:44.193785Z","level":"info","event":"Task operator:<Task(_PythonDecoratedOperator): split_data>","logger":"task.stdout"}
{"timestamp":"2026-10-06T12:49:44.193821Z","level":"info","event":"::endgroup::","run_id":"manual__2026-10-06T12:49:34.482227+00:00","ti_id":"01a11143-213c-7485-9af6-2b2b9a80bf39","task_id":"split_data","map_index":-1,"try_number":1,"dag_id":"sprint1_r_train","logger":"task","filename":"task_runner.py","lineno":2379}
