{"timestamp":"2026-10-02T12:52:29.876378Z","level":"info","event":"::group::Pre Execute","logger":"task","filename":"task_runner.py","lineno":2412}
{"timestamp":"2026-10-02T12:52:29.977457Z","level":"info","event":"DAG bundles loaded: dags-folder, example_dags, apache-airflow-providers-common-sql-example-dags, apache-airflow-providers-standard-example-dags","try_number":1,"dag_id":"sprint1_r","map_index":-1,"task_id":"load","run_id":"manual__2026-10-02T12:52:26.025104+00:00","ti_id":"01a0fcac-4f41-704d-bcb8-239b728378df","logger":"airflow.dag_processing.bundles.manager.DagBundlesManager","filename":"manager.py","lineno":304}
{"timestamp":"2026-10-02T12:52:29.978782Z","level":"info","event":"Filling up the DagBag from /opt/airflow/dags/charn.py","try_number":1,"dag_id":"sprint1_r","map_index":-1,"task_id":"load","run_id":"manual__2026-10-02T12:52:26.025104+00:00","ti_id":"01a0fcac-4f41-704d-bcb8-239b728378df","logger":"airflow.dag_processing.dagbag.BundleDagBag","filename":"dagbag.py","lineno":460}
{"timestamp":"2026-10-02T12:52:30.579057Z","level":"warning","event":"The `airflow.decorators.dag` attribute is deprecated. Please use `'airflow.sdk.dag'`.","category":"UserWarning","filename":"/opt/airflow/dags/charn.py","lineno":6,"try_number":1,"dag_id":"sprint1_r","map_index":-1,"task_id":"load","run_id":"manual__2026-10-02T12:52:26.025104+00:00","ti_id":"01a0fcac-4f41-704d-bcb8-239b728378df","logger":"py.warnings"}
{"timestamp":"2026-10-02T12:52:30.579312Z","level":"warning","event":"The `airflow.decorators.task` attribute is deprecated. Please use `'airflow.sdk.task'`.","category":"UserWarning","filename":"/opt/airflow/dags/charn.py","lineno":6,"try_number":1,"dag_id":"sprint1_r","map_index":-1,"task_id":"load","run_id":"manual__2026-10-02T12:52:26.025104+00:00","ti_id":"01a0fcac-4f41-704d-bcb8-239b728378df","logger":"py.warnings"}
{"timestamp":"2026-10-02T12:52:30.580018Z","level":"info","event":"Worker startup parse complete","bundle_name":"dags-folder","bundle_version":null,"dag_file":"charn.py","dag_id":"sprint1_r","bundle_prepare_ms":3,"dag_file_parse_ms":601,"try_number":1,"map_index":-1,"task_id":"load","run_id":"manual__2026-10-02T12:52:26.025104+00:00","ti_id":"01a0fcac-4f41-704d-bcb8-239b728378df","logger":"task","filename":"task_runner.py","lineno":1073}
{"timestamp":"2026-10-02T12:52:30.617412Z","level":"info","event":"Task instance is in running state","logger":"task.stdout"}
{"timestamp":"2026-10-02T12:52:30.617637Z","level":"info","event":" Previous state of the Task instance: TaskInstanceState.QUEUED","logger":"task.stdout"}
{"timestamp":"2026-10-02T12:52:30.617894Z","level":"info","event":"Current task name:load","logger":"task.stdout"}
{"timestamp":"2026-10-02T12:52:30.618029Z","level":"info","event":"Dag name:sprint1_r","logger":"task.stdout"}
{"timestamp":"2026-10-02T12:52:30.617818Z","level":"info","event":"::endgroup::","try_number":1,"dag_id":"sprint1_r","map_index":-1,"task_id":"load","run_id":"manual__2026-10-02T12:52:26.025104+00:00","ti_id":"01a0fcac-4f41-704d-bcb8-239b728378df","logger":"task","filename":"task_runner.py","lineno":2232}
{"timestamp":"2026-10-02T12:52:30.683222Z","level":"info","event":"Final dataset saved: /opt/airflow/data/users_churn_sprint1.parquet","logger":"task.stdout"}
{"timestamp":"2026-10-02T12:52:30.683419Z","level":"info","event":"Rows: 7043","logger":"task.stdout"}
{"timestamp":"2026-10-02T12:52:30.683443Z","level":"info","event":"Done. Returned value was: /opt/airflow/data/users_churn_sprint1.parquet","try_number":1,"dag_id":"sprint1_r","map_index":-1,"task_id":"load","run_id":"manual__2026-10-02T12:52:26.025104+00:00","ti_id":"01a0fcac-4f41-704d-bcb8-239b728378df","logger":"airflow.task.operators.airflow.providers.standard.decorators.python._PythonDecoratedOperator","filename":"python.py","lineno":233}
{"timestamp":"2026-10-02T12:52:30.683713Z","level":"info","event":"::group::Post Execute","try_number":1,"dag_id":"sprint1_r","map_index":-1,"task_id":"load","run_id":"manual__2026-10-02T12:52:26.025104+00:00","ti_id":"01a0fcac-4f41-704d-bcb8-239b728378df","logger":"task","filename":"task_runner.py","lineno":1580}
{"timestamp":"2026-10-02T12:52:30.683987Z","level":"info","event":"Pushing xcom","ti":"RuntimeTaskInstance(id=UUID('01a0fcac-4f41-704d-bcb8-239b728378df'), task_id='load', dag_id='sprint1_r', run_id='manual__2026-10-02T12:52:26.025104+00:00', try_number=1, dag_version_id=UUID('01a0fcab-f1a9-7c30-aa29-12b4c5a9e34c'), map_index=-1, hostname='fa31c4250f8e', context_carrier={'traceparent': '00-a1182582d77a9287df4d107697e707dd-d119b0bbf5d9b1d8-00'}, queue='default', task=<Task(_PythonDecoratedOperator): load>, bundle_instance=LocalDagBundle(name=dags-folder), max_tries=0, start_date=datetime.datetime(2026, 10, 2, 12, 52, 29, 950576, tzinfo=datetime.timezone.utc), end_date=None, state=<TaskInstanceState.RUNNING: 'running'>, is_mapped=False, rendered_map_index=None, sentry_integration='sentry_sdk.integrations.celery.CeleryIntegration')","try_number":1,"dag_id":"sprint1_r","map_index":-1,"task_id":"load","run_id":"manual__2026-10-02T12:52:26.025104+00:00","ti_id":"01a0fcac-4f41-704d-bcb8-239b728378df","logger":"task","filename":"task_runner.py","lineno":2280}
{"timestamp":"2026-10-02T12:52:30.719000Z","level":"info","event":"Task instance in success state","logger":"task.stdout"}
{"timestamp":"2026-10-02T12:52:30.719224Z","level":"info","event":" Previous state of the Task instance: TaskInstanceState.RUNNING","logger":"task.stdout"}
{"timestamp":"2026-10-02T12:52:30.719457Z","level":"info","event":"Task operator:<Task(_PythonDecoratedOperator): load>","logger":"task.stdout"}
{"timestamp":"2026-10-02T12:52:30.719340Z","level":"info","event":"::endgroup::","try_number":1,"dag_id":"sprint1_r","map_index":-1,"task_id":"load","run_id":"manual__2026-10-02T12:52:26.025104+00:00","ti_id":"01a0fcac-4f41-704d-bcb8-239b728378df","logger":"task","filename":"task_runner.py","lineno":2379}
