{"timestamp":"2026-10-02T13:23:59.511220Z","level":"info","event":"::group::Pre Execute","logger":"task","filename":"task_runner.py","lineno":2412}
{"timestamp":"2026-10-02T13:23:59.551368Z","level":"info","event":"DAG bundles loaded: dags-folder, example_dags, apache-airflow-providers-common-sql-example-dags, apache-airflow-providers-standard-example-dags","task_id":"extract","run_id":"manual__2026-10-02T13:23:58.876966+00:00","map_index":-1,"try_number":1,"dag_id":"sprint1_r","ti_id":"01a0fcc9-312d-7922-947e-ca1d71fe336c","logger":"airflow.dag_processing.bundles.manager.DagBundlesManager","filename":"manager.py","lineno":304}
{"timestamp":"2026-10-02T13:23:59.552664Z","level":"info","event":"Filling up the DagBag from /opt/airflow/dags/charn.py","task_id":"extract","run_id":"manual__2026-10-02T13:23:58.876966+00:00","map_index":-1,"try_number":1,"dag_id":"sprint1_r","ti_id":"01a0fcc9-312d-7922-947e-ca1d71fe336c","logger":"airflow.dag_processing.dagbag.BundleDagBag","filename":"dagbag.py","lineno":460}
{"timestamp":"2026-10-02T13:24:00.087328Z","level":"warning","event":"The `airflow.decorators.dag` attribute is deprecated. Please use `'airflow.sdk.dag'`.","category":"UserWarning","filename":"/opt/airflow/dags/charn.py","lineno":6,"task_id":"extract","run_id":"manual__2026-10-02T13:23:58.876966+00:00","map_index":-1,"try_number":1,"dag_id":"sprint1_r","ti_id":"01a0fcc9-312d-7922-947e-ca1d71fe336c","logger":"py.warnings"}
{"timestamp":"2026-10-02T13:24:00.087585Z","level":"warning","event":"The `airflow.decorators.task` attribute is deprecated. Please use `'airflow.sdk.task'`.","category":"UserWarning","filename":"/opt/airflow/dags/charn.py","lineno":6,"task_id":"extract","run_id":"manual__2026-10-02T13:23:58.876966+00:00","map_index":-1,"try_number":1,"dag_id":"sprint1_r","ti_id":"01a0fcc9-312d-7922-947e-ca1d71fe336c","logger":"py.warnings"}
{"timestamp":"2026-10-02T13:24:00.088167Z","level":"info","event":"Worker startup parse complete","bundle_name":"dags-folder","bundle_version":null,"dag_file":"charn.py","dag_id":"sprint1_r","bundle_prepare_ms":3,"dag_file_parse_ms":535,"task_id":"extract","run_id":"manual__2026-10-02T13:23:58.876966+00:00","map_index":-1,"try_number":1,"ti_id":"01a0fcc9-312d-7922-947e-ca1d71fe336c","logger":"task","filename":"task_runner.py","lineno":1073}
{"timestamp":"2026-10-02T13:24:00.120329Z","level":"info","event":"Task instance is in running state","logger":"task.stdout"}
{"timestamp":"2026-10-02T13:24:00.120537Z","level":"info","event":" Previous state of the Task instance: TaskInstanceState.QUEUED","logger":"task.stdout"}
{"timestamp":"2026-10-02T13:24:00.120740Z","level":"info","event":"Current task name:extract","logger":"task.stdout"}
{"timestamp":"2026-10-02T13:24:00.120866Z","level":"info","event":"Dag name:sprint1_r","logger":"task.stdout"}
{"timestamp":"2026-10-02T13:24:00.120874Z","level":"info","event":"::endgroup::","task_id":"extract","run_id":"manual__2026-10-02T13:23:58.876966+00:00","map_index":-1,"try_number":1,"dag_id":"sprint1_r","ti_id":"01a0fcc9-312d-7922-947e-ca1d71fe336c","logger":"task","filename":"task_runner.py","lineno":2232}
{"timestamp":"2026-10-02T13:24:00.334043Z","level":"info","event":"Raw dataset saved: /opt/airflow/data/raw/users_churn_raw.parquet","logger":"task.stdout"}
{"timestamp":"2026-10-02T13:24:00.334257Z","level":"info","event":"Rows: 7043","logger":"task.stdout"}
{"timestamp":"2026-10-02T13:24:00.334281Z","level":"info","event":"Done. Returned value was: /opt/airflow/data/raw/users_churn_raw.parquet","task_id":"extract","run_id":"manual__2026-10-02T13:23:58.876966+00:00","map_index":-1,"try_number":1,"dag_id":"sprint1_r","ti_id":"01a0fcc9-312d-7922-947e-ca1d71fe336c","logger":"airflow.task.operators.airflow.providers.standard.decorators.python._PythonDecoratedOperator","filename":"python.py","lineno":233}
{"timestamp":"2026-10-02T13:24:00.334558Z","level":"info","event":"::group::Post Execute","task_id":"extract","run_id":"manual__2026-10-02T13:23:58.876966+00:00","map_index":-1,"try_number":1,"dag_id":"sprint1_r","ti_id":"01a0fcc9-312d-7922-947e-ca1d71fe336c","logger":"task","filename":"task_runner.py","lineno":1580}
{"timestamp":"2026-10-02T13:24:00.334846Z","level":"info","event":"Pushing xcom","ti":"RuntimeTaskInstance(id=UUID('01a0fcc9-312d-7922-947e-ca1d71fe336c'), task_id='extract', dag_id='sprint1_r', run_id='manual__2026-10-02T13:23:58.876966+00:00', try_number=1, dag_version_id=UUID('01a0fcab-f1a9-7c30-aa29-12b4c5a9e34c'), map_index=-1, hostname='a12ad0ab42c2', context_carrier={'traceparent': '00-9900702cef66328b6990685e59f5ac21-b86e173a740ff974-00'}, queue='default', task=<Task(_PythonDecoratedOperator): extract>, bundle_instance=LocalDagBundle(name=dags-folder), max_tries=0, start_date=datetime.datetime(2026, 10, 2, 13, 23, 59, 524957, tzinfo=datetime.timezone.utc), end_date=None, state=<TaskInstanceState.RUNNING: 'running'>, is_mapped=False, rendered_map_index=None, sentry_integration='sentry_sdk.integrations.celery.CeleryIntegration')","task_id":"extract","run_id":"manual__2026-10-02T13:23:58.876966+00:00","map_index":-1,"try_number":1,"dag_id":"sprint1_r","ti_id":"01a0fcc9-312d-7922-947e-ca1d71fe336c","logger":"task","filename":"task_runner.py","lineno":2280}
{"timestamp":"2026-10-02T13:24:00.372946Z","level":"info","event":"Task instance in success state","logger":"task.stdout"}
{"timestamp":"2026-10-02T13:24:00.373179Z","level":"info","event":" Previous state of the Task instance: TaskInstanceState.RUNNING","logger":"task.stdout"}
{"timestamp":"2026-10-02T13:24:00.373401Z","level":"info","event":"Task operator:<Task(_PythonDecoratedOperator): extract>","logger":"task.stdout"}
{"timestamp":"2026-10-02T13:24:00.373759Z","level":"info","event":"::endgroup::","task_id":"extract","run_id":"manual__2026-10-02T13:23:58.876966+00:00","map_index":-1,"try_number":1,"dag_id":"sprint1_r","ti_id":"01a0fcc9-312d-7922-947e-ca1d71fe336c","logger":"task","filename":"task_runner.py","lineno":2379}
