{"timestamp":"2026-10-06T12:01:29.012916Z","level":"info","event":"::group::Pre Execute","logger":"task","filename":"task_runner.py","lineno":2412}
{"timestamp":"2026-10-06T12:01:29.182018Z","level":"info","event":"DAG bundles loaded: dags-folder, example_dags, apache-airflow-providers-common-sql-example-dags, apache-airflow-providers-standard-example-dags","map_index":-1,"dag_id":"sprint1_r_train","task_id":"split_data","run_id":"manual__2026-10-06T12:01:28.524660+00:00","try_number":1,"ti_id":"01a11117-17e7-7c83-b0ce-21d4bfec9a94","logger":"airflow.dag_processing.bundles.manager.DagBundlesManager","filename":"manager.py","lineno":304}
{"timestamp":"2026-10-06T12:01:29.183729Z","level":"info","event":"Filling up the DagBag from /opt/airflow/dags/sprint1_r_train.py","map_index":-1,"dag_id":"sprint1_r_train","task_id":"split_data","run_id":"manual__2026-10-06T12:01:28.524660+00:00","try_number":1,"ti_id":"01a11117-17e7-7c83-b0ce-21d4bfec9a94","logger":"airflow.dag_processing.dagbag.BundleDagBag","filename":"dagbag.py","lineno":460}
{"timestamp":"2026-10-06T12:01:31.295065Z","level":"info","event":"Worker startup parse complete","bundle_name":"dags-folder","bundle_version":null,"dag_file":"sprint1_r_train.py","dag_id":"sprint1_r_train","bundle_prepare_ms":3,"dag_file_parse_ms":2111,"map_index":-1,"task_id":"split_data","run_id":"manual__2026-10-06T12:01:28.524660+00:00","try_number":1,"ti_id":"01a11117-17e7-7c83-b0ce-21d4bfec9a94","logger":"task","filename":"task_runner.py","lineno":1073}
{"timestamp":"2026-10-06T12:01:31.316756Z","level":"info","event":"Task instance is in running state","logger":"task.stdout"}
{"timestamp":"2026-10-06T12:01:31.316942Z","level":"info","event":" Previous state of the Task instance: TaskInstanceState.QUEUED","logger":"task.stdout"}
{"timestamp":"2026-10-06T12:01:31.317021Z","level":"info","event":"Current task name:split_data","logger":"task.stdout"}
{"timestamp":"2026-10-06T12:01:31.317085Z","level":"info","event":"Dag name:sprint1_r_train","logger":"task.stdout"}
{"timestamp":"2026-10-06T12:01:31.317069Z","level":"info","event":"::endgroup::","map_index":-1,"dag_id":"sprint1_r_train","task_id":"split_data","run_id":"manual__2026-10-06T12:01:28.524660+00:00","try_number":1,"ti_id":"01a11117-17e7-7c83-b0ce-21d4bfec9a94","logger":"task","filename":"task_runner.py","lineno":2232}
{"timestamp":"2026-10-06T12:01:31.348502Z","level":"info","event":"Dataset shape: (7021, 18)","logger":"task.stdout"}
{"timestamp":"2026-10-06T12:01:31.405094Z","level":"info","event":"Train shape: (5265, 17)","logger":"task.stdout"}
{"timestamp":"2026-10-06T12:01:31.405258Z","level":"info","event":"Validation shape: (1756, 17)","logger":"task.stdout"}
{"timestamp":"2026-10-06T12:01:31.405331Z","level":"info","event":"Train target distribution:","logger":"task.stdout"}
{"timestamp":"2026-10-06T12:01:31.406753Z","level":"info","event":"target","logger":"task.stdout"}
{"timestamp":"2026-10-06T12:01:31.406924Z","level":"info","event":"0    0.735423","logger":"task.stdout"}
{"timestamp":"2026-10-06T12:01:31.407042Z","level":"info","event":"1    0.264577","logger":"task.stdout"}
{"timestamp":"2026-10-06T12:01:31.407154Z","level":"info","event":"Name: proportion, dtype: float64","logger":"task.stdout"}
{"timestamp":"2026-10-06T12:01:31.407334Z","level":"info","event":"Validation target distribution:","logger":"task.stdout"}
{"timestamp":"2026-10-06T12:01:31.407854Z","level":"info","event":"target","logger":"task.stdout"}
{"timestamp":"2026-10-06T12:01:31.407990Z","level":"info","event":"0    0.735763","logger":"task.stdout"}
{"timestamp":"2026-10-06T12:01:31.408106Z","level":"info","event":"1    0.264237","logger":"task.stdout"}
{"timestamp":"2026-10-06T12:01:31.408208Z","level":"info","event":"Name: proportion, dtype: float64","logger":"task.stdout"}
{"timestamp":"2026-10-06T12:01:31.429203Z","level":"info","event":"X_train saved: /opt/airflow/data/train/X_train.parquet","logger":"task.stdout"}
{"timestamp":"2026-10-06T12:01:31.429337Z","level":"info","event":"X_val saved: /opt/airflow/data/train/X_val.parquet","logger":"task.stdout"}
{"timestamp":"2026-10-06T12:01:31.429445Z","level":"info","event":"Done. Returned value was: {'x_train': '/opt/airflow/data/train/X_train.parquet', 'x_val': '/opt/airflow/data/train/X_val.parquet', 'y_train': '/opt/airflow/data/train/y_train.parquet', 'y_val': '/opt/airflow/data/train/y_val.parquet'}","map_index":-1,"dag_id":"sprint1_r_train","task_id":"split_data","run_id":"manual__2026-10-06T12:01:28.524660+00:00","try_number":1,"ti_id":"01a11117-17e7-7c83-b0ce-21d4bfec9a94","logger":"airflow.task.operators.airflow.providers.standard.decorators.python._PythonDecoratedOperator","filename":"python.py","lineno":233}
{"timestamp":"2026-10-06T12:01:31.429618Z","level":"info","event":"::group::Post Execute","map_index":-1,"dag_id":"sprint1_r_train","task_id":"split_data","run_id":"manual__2026-10-06T12:01:28.524660+00:00","try_number":1,"ti_id":"01a11117-17e7-7c83-b0ce-21d4bfec9a94","logger":"task","filename":"task_runner.py","lineno":1580}
{"timestamp":"2026-10-06T12:01:31.429815Z","level":"info","event":"Pushing xcom","ti":"RuntimeTaskInstance(id=UUID('01a11117-17e7-7c83-b0ce-21d4bfec9a94'), task_id='split_data', dag_id='sprint1_r_train', run_id='manual__2026-10-06T12:01:28.524660+00:00', try_number=1, dag_version_id=UUID('01a11111-bc37-7964-829e-e9b22b212ab0'), map_index=-1, hostname='4007fe033237', context_carrier={'traceparent': '00-c6389cf0631168ce454a88519fdba568-f74d01909d9df439-00'}, queue='default', task=<Task(_PythonDecoratedOperator): split_data>, bundle_instance=LocalDagBundle(name=dags-folder), max_tries=0, start_date=datetime.datetime(2026, 10, 6, 12, 1, 29, 1623, tzinfo=datetime.timezone.utc), end_date=None, state=<TaskInstanceState.RUNNING: 'running'>, is_mapped=False, rendered_map_index=None, sentry_integration='sentry_sdk.integrations.celery.CeleryIntegration')","map_index":-1,"dag_id":"sprint1_r_train","task_id":"split_data","run_id":"manual__2026-10-06T12:01:28.524660+00:00","try_number":1,"ti_id":"01a11117-17e7-7c83-b0ce-21d4bfec9a94","logger":"task","filename":"task_runner.py","lineno":2280}
{"timestamp":"2026-10-06T12:01:31.507000Z","level":"info","event":"Task instance in success state","logger":"task.stdout"}
{"timestamp":"2026-10-06T12:01:31.507146Z","level":"info","event":" Previous state of the Task instance: TaskInstanceState.RUNNING","logger":"task.stdout"}
{"timestamp":"2026-10-06T12:01:31.507305Z","level":"info","event":"Task operator:<Task(_PythonDecoratedOperator): split_data>","logger":"task.stdout"}
{"timestamp":"2026-10-06T12:01:31.507319Z","level":"info","event":"::endgroup::","map_index":-1,"dag_id":"sprint1_r_train","task_id":"split_data","run_id":"manual__2026-10-06T12:01:28.524660+00:00","try_number":1,"ti_id":"01a11117-17e7-7c83-b0ce-21d4bfec9a94","logger":"task","filename":"task_runner.py","lineno":2379}
