{"timestamp":"2026-10-05T14:03:39.811320Z","level":"info","event":"::group::Pre Execute","logger":"task","filename":"task_runner.py","lineno":2412}
{"timestamp":"2026-10-05T14:03:47.247437Z","level":"info","event":"DAG bundles loaded: dags-folder, example_dags, apache-airflow-providers-common-sql-example-dags, apache-airflow-providers-standard-example-dags","map_index":-1,"try_number":1,"dag_id":"sprint1_r_train","run_id":"manual__2026-10-05T14:03:37.733809+00:00","task_id":"split_data","ti_id":"01a10c60-91a9-76b9-be5c-53bb7923ceba","logger":"airflow.dag_processing.bundles.manager.DagBundlesManager","filename":"manager.py","lineno":304}
{"timestamp":"2026-10-05T14:03:47.248401Z","level":"info","event":"Filling up the DagBag from /opt/airflow/dags/sprint1_r_train.py","map_index":-1,"try_number":1,"dag_id":"sprint1_r_train","run_id":"manual__2026-10-05T14:03:37.733809+00:00","task_id":"split_data","ti_id":"01a10c60-91a9-76b9-be5c-53bb7923ceba","logger":"airflow.dag_processing.dagbag.BundleDagBag","filename":"dagbag.py","lineno":460}
{"timestamp":"2026-10-05T14:03:52.532094Z","level":"info","event":"Worker startup parse complete","bundle_name":"dags-folder","bundle_version":null,"dag_file":"sprint1_r_train.py","dag_id":"sprint1_r_train","bundle_prepare_ms":2,"dag_file_parse_ms":5283,"map_index":-1,"try_number":1,"run_id":"manual__2026-10-05T14:03:37.733809+00:00","task_id":"split_data","ti_id":"01a10c60-91a9-76b9-be5c-53bb7923ceba","logger":"task","filename":"task_runner.py","lineno":1073}
{"timestamp":"2026-10-05T14:03:52.566858Z","level":"info","event":"Task instance is in running state","logger":"task.stdout"}
{"timestamp":"2026-10-05T14:03:52.567055Z","level":"info","event":" Previous state of the Task instance: TaskInstanceState.QUEUED","logger":"task.stdout"}
{"timestamp":"2026-10-05T14:03:52.567173Z","level":"info","event":"Current task name:split_data","logger":"task.stdout"}
{"timestamp":"2026-10-05T14:03:52.567259Z","level":"info","event":"Dag name:sprint1_r_train","logger":"task.stdout"}
{"timestamp":"2026-10-05T14:03:52.567280Z","level":"info","event":"::endgroup::","map_index":-1,"try_number":1,"dag_id":"sprint1_r_train","run_id":"manual__2026-10-05T14:03:37.733809+00:00","task_id":"split_data","ti_id":"01a10c60-91a9-76b9-be5c-53bb7923ceba","logger":"task","filename":"task_runner.py","lineno":2232}
{"timestamp":"2026-10-05T14:03:52.633332Z","level":"info","event":"Dataset shape: (7021, 18)","logger":"task.stdout"}
{"timestamp":"2026-10-05T14:03:52.761194Z","level":"info","event":"Train shape: (5265, 17)","logger":"task.stdout"}
{"timestamp":"2026-10-05T14:03:52.761353Z","level":"info","event":"Validation shape: (1756, 17)","logger":"task.stdout"}
{"timestamp":"2026-10-05T14:03:52.761427Z","level":"info","event":"Train target distribution:","logger":"task.stdout"}
{"timestamp":"2026-10-05T14:03:52.762951Z","level":"info","event":"target","logger":"task.stdout"}
{"timestamp":"2026-10-05T14:03:52.763054Z","level":"info","event":"0    0.735423","logger":"task.stdout"}
{"timestamp":"2026-10-05T14:03:52.763120Z","level":"info","event":"1    0.264577","logger":"task.stdout"}
{"timestamp":"2026-10-05T14:03:52.763185Z","level":"info","event":"Name: proportion, dtype: float64","logger":"task.stdout"}
{"timestamp":"2026-10-05T14:03:52.763249Z","level":"info","event":"Validation target distribution:","logger":"task.stdout"}
{"timestamp":"2026-10-05T14:03:52.763808Z","level":"info","event":"target","logger":"task.stdout"}
{"timestamp":"2026-10-05T14:03:52.763884Z","level":"info","event":"0    0.735763","logger":"task.stdout"}
{"timestamp":"2026-10-05T14:03:52.763951Z","level":"info","event":"1    0.264237","logger":"task.stdout"}
{"timestamp":"2026-10-05T14:03:52.764016Z","level":"info","event":"Name: proportion, dtype: float64","logger":"task.stdout"}
{"timestamp":"2026-10-05T14:03:52.789141Z","level":"info","event":"X_train saved: /opt/airflow/data/train/X_train.parquet","logger":"task.stdout"}
{"timestamp":"2026-10-05T14:03:52.789301Z","level":"info","event":"X_val saved: /opt/airflow/data/train/X_val.parquet","logger":"task.stdout"}
{"timestamp":"2026-10-05T14:03:52.789364Z","level":"info","event":"Done. Returned value was: {'x_train': '/opt/airflow/data/train/X_train.parquet', 'x_val': '/opt/airflow/data/train/X_val.parquet', 'y_train': '/opt/airflow/data/train/y_train.parquet', 'y_val': '/opt/airflow/data/train/y_val.parquet'}","map_index":-1,"try_number":1,"dag_id":"sprint1_r_train","run_id":"manual__2026-10-05T14:03:37.733809+00:00","task_id":"split_data","ti_id":"01a10c60-91a9-76b9-be5c-53bb7923ceba","logger":"airflow.task.operators.airflow.providers.standard.decorators.python._PythonDecoratedOperator","filename":"python.py","lineno":233}
{"timestamp":"2026-10-05T14:03:52.789562Z","level":"info","event":"::group::Post Execute","map_index":-1,"try_number":1,"dag_id":"sprint1_r_train","run_id":"manual__2026-10-05T14:03:37.733809+00:00","task_id":"split_data","ti_id":"01a10c60-91a9-76b9-be5c-53bb7923ceba","logger":"task","filename":"task_runner.py","lineno":1580}
{"timestamp":"2026-10-05T14:03:52.789760Z","level":"info","event":"Pushing xcom","ti":"RuntimeTaskInstance(id=UUID('01a10c60-91a9-76b9-be5c-53bb7923ceba'), task_id='split_data', dag_id='sprint1_r_train', run_id='manual__2026-10-05T14:03:37.733809+00:00', try_number=1, dag_version_id=UUID('01a10c50-eae4-7038-9f49-a40eb340b7d4'), map_index=-1, hostname='8b9e1f85ab10', context_carrier={'traceparent': '00-833b1f8491da3bc1ff9c44fad03addfb-ad2507613de5c2ae-00'}, queue='default', task=<Task(_PythonDecoratedOperator): split_data>, bundle_instance=LocalDagBundle(name=dags-folder), max_tries=0, start_date=datetime.datetime(2026, 10, 5, 14, 3, 47, 80403, tzinfo=datetime.timezone.utc), end_date=None, state=<TaskInstanceState.RUNNING: 'running'>, is_mapped=False, rendered_map_index=None, sentry_integration='sentry_sdk.integrations.celery.CeleryIntegration')","map_index":-1,"try_number":1,"dag_id":"sprint1_r_train","run_id":"manual__2026-10-05T14:03:37.733809+00:00","task_id":"split_data","ti_id":"01a10c60-91a9-76b9-be5c-53bb7923ceba","logger":"task","filename":"task_runner.py","lineno":2280}
{"timestamp":"2026-10-05T14:03:52.886912Z","level":"info","event":"Task instance in success state","logger":"task.stdout"}
{"timestamp":"2026-10-05T14:03:52.887065Z","level":"info","event":" Previous state of the Task instance: TaskInstanceState.RUNNING","logger":"task.stdout"}
{"timestamp":"2026-10-05T14:03:52.887232Z","level":"info","event":"Task operator:<Task(_PythonDecoratedOperator): split_data>","logger":"task.stdout"}
{"timestamp":"2026-10-05T14:03:52.887259Z","level":"info","event":"::endgroup::","map_index":-1,"try_number":1,"dag_id":"sprint1_r_train","run_id":"manual__2026-10-05T14:03:37.733809+00:00","task_id":"split_data","ti_id":"01a10c60-91a9-76b9-be5c-53bb7923ceba","logger":"task","filename":"task_runner.py","lineno":2379}
