{"timestamp":"2026-10-05T14:53:49.986612Z","level":"info","event":"::group::Pre Execute","logger":"task","filename":"task_runner.py","lineno":2412}
{"timestamp":"2026-10-05T14:53:56.171005Z","level":"info","event":"DAG bundles loaded: dags-folder, example_dags, apache-airflow-providers-common-sql-example-dags, apache-airflow-providers-standard-example-dags","task_id":"split_data","ti_id":"01a10c8e-4cdd-75d5-a857-03711d70445f","dag_id":"sprint1_r_train","map_index":-1,"try_number":1,"run_id":"manual__2026-10-05T14:53:34.749862+00:00","logger":"airflow.dag_processing.bundles.manager.DagBundlesManager","filename":"manager.py","lineno":304}
{"timestamp":"2026-10-05T14:53:56.172811Z","level":"info","event":"Filling up the DagBag from /opt/airflow/dags/sprint1_r_train.py","task_id":"split_data","ti_id":"01a10c8e-4cdd-75d5-a857-03711d70445f","dag_id":"sprint1_r_train","map_index":-1,"try_number":1,"run_id":"manual__2026-10-05T14:53:34.749862+00:00","logger":"airflow.dag_processing.dagbag.BundleDagBag","filename":"dagbag.py","lineno":460}
{"timestamp":"2026-10-05T14:54:01.900731Z","level":"info","event":"Worker startup parse complete","bundle_name":"dags-folder","bundle_version":null,"dag_file":"sprint1_r_train.py","dag_id":"sprint1_r_train","bundle_prepare_ms":4,"dag_file_parse_ms":5728,"task_id":"split_data","ti_id":"01a10c8e-4cdd-75d5-a857-03711d70445f","map_index":-1,"try_number":1,"run_id":"manual__2026-10-05T14:53:34.749862+00:00","logger":"task","filename":"task_runner.py","lineno":1073}
{"timestamp":"2026-10-05T14:54:01.937058Z","level":"info","event":"Task instance is in running state","logger":"task.stdout"}
{"timestamp":"2026-10-05T14:54:01.937241Z","level":"info","event":" Previous state of the Task instance: TaskInstanceState.QUEUED","logger":"task.stdout"}
{"timestamp":"2026-10-05T14:54:01.937412Z","level":"info","event":"Current task name:split_data","logger":"task.stdout"}
{"timestamp":"2026-10-05T14:54:01.937509Z","level":"info","event":"Dag name:sprint1_r_train","logger":"task.stdout"}
{"timestamp":"2026-10-05T14:54:01.937442Z","level":"info","event":"::endgroup::","task_id":"split_data","ti_id":"01a10c8e-4cdd-75d5-a857-03711d70445f","dag_id":"sprint1_r_train","map_index":-1,"try_number":1,"run_id":"manual__2026-10-05T14:53:34.749862+00:00","logger":"task","filename":"task_runner.py","lineno":2232}
{"timestamp":"2026-10-05T14:54:02.014852Z","level":"info","event":"Dataset shape: (7021, 18)","logger":"task.stdout"}
{"timestamp":"2026-10-05T14:54:02.149783Z","level":"info","event":"Train shape: (5265, 17)","logger":"task.stdout"}
{"timestamp":"2026-10-05T14:54:02.149950Z","level":"info","event":"Validation shape: (1756, 17)","logger":"task.stdout"}
{"timestamp":"2026-10-05T14:54:02.150026Z","level":"info","event":"Train target distribution:","logger":"task.stdout"}
{"timestamp":"2026-10-05T14:54:02.151858Z","level":"info","event":"target","logger":"task.stdout"}
{"timestamp":"2026-10-05T14:54:02.151974Z","level":"info","event":"0    0.735423","logger":"task.stdout"}
{"timestamp":"2026-10-05T14:54:02.152042Z","level":"info","event":"1    0.264577","logger":"task.stdout"}
{"timestamp":"2026-10-05T14:54:02.152123Z","level":"info","event":"Name: proportion, dtype: float64","logger":"task.stdout"}
{"timestamp":"2026-10-05T14:54:02.152207Z","level":"info","event":"Validation target distribution:","logger":"task.stdout"}
{"timestamp":"2026-10-05T14:54:02.152834Z","level":"info","event":"target","logger":"task.stdout"}
{"timestamp":"2026-10-05T14:54:02.152929Z","level":"info","event":"0    0.735763","logger":"task.stdout"}
{"timestamp":"2026-10-05T14:54:02.152998Z","level":"info","event":"1    0.264237","logger":"task.stdout"}
{"timestamp":"2026-10-05T14:54:02.153064Z","level":"info","event":"Name: proportion, dtype: float64","logger":"task.stdout"}
{"timestamp":"2026-10-05T14:54:02.177384Z","level":"info","event":"X_train saved: /opt/airflow/data/train/X_train.parquet","logger":"task.stdout"}
{"timestamp":"2026-10-05T14:54:02.177538Z","level":"info","event":"X_val saved: /opt/airflow/data/train/X_val.parquet","logger":"task.stdout"}
{"timestamp":"2026-10-05T14:54:02.177637Z","level":"info","event":"Done. Returned value was: {'x_train': '/opt/airflow/data/train/X_train.parquet', 'x_val': '/opt/airflow/data/train/X_val.parquet', 'y_train': '/opt/airflow/data/train/y_train.parquet', 'y_val': '/opt/airflow/data/train/y_val.parquet'}","task_id":"split_data","ti_id":"01a10c8e-4cdd-75d5-a857-03711d70445f","dag_id":"sprint1_r_train","map_index":-1,"try_number":1,"run_id":"manual__2026-10-05T14:53:34.749862+00:00","logger":"airflow.task.operators.airflow.providers.standard.decorators.python._PythonDecoratedOperator","filename":"python.py","lineno":233}
{"timestamp":"2026-10-05T14:54:02.177828Z","level":"info","event":"::group::Post Execute","task_id":"split_data","ti_id":"01a10c8e-4cdd-75d5-a857-03711d70445f","dag_id":"sprint1_r_train","map_index":-1,"try_number":1,"run_id":"manual__2026-10-05T14:53:34.749862+00:00","logger":"task","filename":"task_runner.py","lineno":1580}
{"timestamp":"2026-10-05T14:54:02.178028Z","level":"info","event":"Pushing xcom","ti":"RuntimeTaskInstance(id=UUID('01a10c8e-4cdd-75d5-a857-03711d70445f'), task_id='split_data', dag_id='sprint1_r_train', run_id='manual__2026-10-05T14:53:34.749862+00:00', try_number=1, dag_version_id=UUID('01a10c8e-1354-7f9c-a0e6-b8326decbed9'), map_index=-1, hostname='e5212bcd53c4', context_carrier={'traceparent': '00-ddbee6c71206b93b60795a595e46c567-5639ba82a80cb118-00'}, queue='default', task=<Task(_PythonDecoratedOperator): split_data>, bundle_instance=LocalDagBundle(name=dags-folder), max_tries=0, start_date=datetime.datetime(2026, 10, 5, 14, 53, 56, 14136, tzinfo=datetime.timezone.utc), end_date=None, state=<TaskInstanceState.RUNNING: 'running'>, is_mapped=False, rendered_map_index=None, sentry_integration='sentry_sdk.integrations.celery.CeleryIntegration')","task_id":"split_data","ti_id":"01a10c8e-4cdd-75d5-a857-03711d70445f","dag_id":"sprint1_r_train","map_index":-1,"try_number":1,"run_id":"manual__2026-10-05T14:53:34.749862+00:00","logger":"task","filename":"task_runner.py","lineno":2280}
{"timestamp":"2026-10-05T14:54:02.273372Z","level":"info","event":"Task instance in success state","logger":"task.stdout"}
{"timestamp":"2026-10-05T14:54:02.273522Z","level":"info","event":" Previous state of the Task instance: TaskInstanceState.RUNNING","logger":"task.stdout"}
{"timestamp":"2026-10-05T14:54:02.273719Z","level":"info","event":"Task operator:<Task(_PythonDecoratedOperator): split_data>","logger":"task.stdout"}
{"timestamp":"2026-10-05T14:54:02.273748Z","level":"info","event":"::endgroup::","task_id":"split_data","ti_id":"01a10c8e-4cdd-75d5-a857-03711d70445f","dag_id":"sprint1_r_train","map_index":-1,"try_number":1,"run_id":"manual__2026-10-05T14:53:34.749862+00:00","logger":"task","filename":"task_runner.py","lineno":2379}
