{"timestamp":"2026-10-05T13:02:13.461971Z","level":"info","event":"::group::Pre Execute","logger":"task","filename":"task_runner.py","lineno":2412}
{"timestamp":"2026-10-05T13:02:20.077143Z","level":"info","event":"DAG bundles loaded: dags-folder, example_dags, apache-airflow-providers-common-sql-example-dags, apache-airflow-providers-standard-example-dags","ti_id":"01a10c28-5362-71fc-b72f-c96e17393750","try_number":1,"run_id":"manual__2026-10-05T13:02:11.763004+00:00","map_index":-1,"task_id":"split_data","dag_id":"sprint1_r_train","logger":"airflow.dag_processing.bundles.manager.DagBundlesManager","filename":"manager.py","lineno":304}
{"timestamp":"2026-10-05T13:02:20.078978Z","level":"info","event":"Filling up the DagBag from /opt/airflow/dags/sprint1_r_train.py","ti_id":"01a10c28-5362-71fc-b72f-c96e17393750","try_number":1,"run_id":"manual__2026-10-05T13:02:11.763004+00:00","map_index":-1,"task_id":"split_data","dag_id":"sprint1_r_train","logger":"airflow.dag_processing.dagbag.BundleDagBag","filename":"dagbag.py","lineno":460}
{"timestamp":"2026-10-05T13:02:25.543775Z","level":"info","event":"Worker startup parse complete","bundle_name":"dags-folder","bundle_version":null,"dag_file":"sprint1_r_train.py","dag_id":"sprint1_r_train","bundle_prepare_ms":3,"dag_file_parse_ms":5465,"ti_id":"01a10c28-5362-71fc-b72f-c96e17393750","try_number":1,"run_id":"manual__2026-10-05T13:02:11.763004+00:00","map_index":-1,"task_id":"split_data","logger":"task","filename":"task_runner.py","lineno":1073}
{"timestamp":"2026-10-05T13:02:25.591172Z","level":"info","event":"Task instance is in running state","logger":"task.stdout"}
{"timestamp":"2026-10-05T13:02:25.591476Z","level":"info","event":" Previous state of the Task instance: TaskInstanceState.QUEUED","logger":"task.stdout"}
{"timestamp":"2026-10-05T13:02:25.591694Z","level":"info","event":"Current task name:split_data","logger":"task.stdout"}
{"timestamp":"2026-10-05T13:02:25.591867Z","level":"info","event":"Dag name:sprint1_r_train","logger":"task.stdout"}
{"timestamp":"2026-10-05T13:02:25.591600Z","level":"info","event":"::endgroup::","ti_id":"01a10c28-5362-71fc-b72f-c96e17393750","try_number":1,"run_id":"manual__2026-10-05T13:02:11.763004+00:00","map_index":-1,"task_id":"split_data","dag_id":"sprint1_r_train","logger":"task","filename":"task_runner.py","lineno":2232}
{"timestamp":"2026-10-05T13:02:25.711496Z","level":"info","event":"Dataset shape: (7021, 18)","logger":"task.stdout"}
{"timestamp":"2026-10-05T13:02:25.930147Z","level":"info","event":"Train shape: (5265, 17)","logger":"task.stdout"}
{"timestamp":"2026-10-05T13:02:25.930337Z","level":"info","event":"Validation shape: (1756, 17)","logger":"task.stdout"}
{"timestamp":"2026-10-05T13:02:25.930506Z","level":"info","event":"Train target distribution:","logger":"task.stdout"}
{"timestamp":"2026-10-05T13:02:25.931967Z","level":"info","event":"target","logger":"task.stdout"}
{"timestamp":"2026-10-05T13:02:25.932193Z","level":"info","event":"0    0.735423","logger":"task.stdout"}
{"timestamp":"2026-10-05T13:02:25.932416Z","level":"info","event":"1    0.264577","logger":"task.stdout"}
{"timestamp":"2026-10-05T13:02:25.932607Z","level":"info","event":"Name: proportion, dtype: float64","logger":"task.stdout"}
{"timestamp":"2026-10-05T13:02:25.933026Z","level":"info","event":"Validation target distribution:","logger":"task.stdout"}
{"timestamp":"2026-10-05T13:02:25.933225Z","level":"info","event":"target","logger":"task.stdout"}
{"timestamp":"2026-10-05T13:02:25.933324Z","level":"info","event":"0    0.735763","logger":"task.stdout"}
{"timestamp":"2026-10-05T13:02:25.933433Z","level":"info","event":"1    0.264237","logger":"task.stdout"}
{"timestamp":"2026-10-05T13:02:25.933531Z","level":"info","event":"Name: proportion, dtype: float64","logger":"task.stdout"}
{"timestamp":"2026-10-05T13:02:25.971041Z","level":"info","event":"Done. Returned value was: {'x_train': '/opt/airflow/data/train/X_train.parquet', 'x_val': '/opt/airflow/data/train/X_val.parquet', 'y_train': '/opt/airflow/data/train/y_train.parquet', 'y_val': '/opt/airflow/data/train/y_val.parquet'}","ti_id":"01a10c28-5362-71fc-b72f-c96e17393750","try_number":1,"run_id":"manual__2026-10-05T13:02:11.763004+00:00","map_index":-1,"task_id":"split_data","dag_id":"sprint1_r_train","logger":"airflow.task.operators.airflow.providers.standard.decorators.python._PythonDecoratedOperator","filename":"python.py","lineno":233}
{"timestamp":"2026-10-05T13:02:25.971281Z","level":"info","event":"::group::Post Execute","ti_id":"01a10c28-5362-71fc-b72f-c96e17393750","try_number":1,"run_id":"manual__2026-10-05T13:02:11.763004+00:00","map_index":-1,"task_id":"split_data","dag_id":"sprint1_r_train","logger":"task","filename":"task_runner.py","lineno":1580}
{"timestamp":"2026-10-05T13:02:25.971559Z","level":"info","event":"Pushing xcom","ti":"RuntimeTaskInstance(id=UUID('01a10c28-5362-71fc-b72f-c96e17393750'), task_id='split_data', dag_id='sprint1_r_train', run_id='manual__2026-10-05T13:02:11.763004+00:00', try_number=1, dag_version_id=UUID('01a10c22-6d6f-7dea-a4f8-cc4f4cb46570'), map_index=-1, hostname='5d7a0707f3b2', context_carrier={'traceparent': '00-c46578daaedce8236bb000df98a58d98-b0ff676dbb0a196d-00'}, queue='default', task=<Task(_PythonDecoratedOperator): split_data>, bundle_instance=LocalDagBundle(name=dags-folder), max_tries=0, start_date=datetime.datetime(2026, 10, 5, 13, 2, 19, 820423, tzinfo=datetime.timezone.utc), end_date=None, state=<TaskInstanceState.RUNNING: 'running'>, is_mapped=False, rendered_map_index=None, sentry_integration='sentry_sdk.integrations.celery.CeleryIntegration')","ti_id":"01a10c28-5362-71fc-b72f-c96e17393750","try_number":1,"run_id":"manual__2026-10-05T13:02:11.763004+00:00","map_index":-1,"task_id":"split_data","dag_id":"sprint1_r_train","logger":"task","filename":"task_runner.py","lineno":2280}
{"timestamp":"2026-10-05T13:02:26.199913Z","level":"info","event":"Task instance in success state","logger":"task.stdout"}
{"timestamp":"2026-10-05T13:02:26.200175Z","level":"info","event":" Previous state of the Task instance: TaskInstanceState.RUNNING","logger":"task.stdout"}
{"timestamp":"2026-10-05T13:02:26.200571Z","level":"info","event":"Task operator:<Task(_PythonDecoratedOperator): split_data>","logger":"task.stdout"}
{"timestamp":"2026-10-05T13:02:26.200420Z","level":"info","event":"::endgroup::","ti_id":"01a10c28-5362-71fc-b72f-c96e17393750","try_number":1,"run_id":"manual__2026-10-05T13:02:11.763004+00:00","map_index":-1,"task_id":"split_data","dag_id":"sprint1_r_train","logger":"task","filename":"task_runner.py","lineno":2379}
