{"timestamp":"2026-10-02T13:24:02.958560Z","level":"info","event":"::group::Pre Execute","logger":"task","filename":"task_runner.py","lineno":2412}
{"timestamp":"2026-10-02T13:24:02.984163Z","level":"info","event":"DAG bundles loaded: dags-folder, example_dags, apache-airflow-providers-common-sql-example-dags, apache-airflow-providers-standard-example-dags","task_id":"load","try_number":1,"dag_id":"sprint1_r","ti_id":"01a0fcc9-312f-7fe4-94d8-76021b5883fb","map_index":-1,"run_id":"manual__2026-10-02T13:23:58.876966+00:00","logger":"airflow.dag_processing.bundles.manager.DagBundlesManager","filename":"manager.py","lineno":304}
{"timestamp":"2026-10-02T13:24:02.985465Z","level":"info","event":"Filling up the DagBag from /opt/airflow/dags/charn.py","task_id":"load","try_number":1,"dag_id":"sprint1_r","ti_id":"01a0fcc9-312f-7fe4-94d8-76021b5883fb","map_index":-1,"run_id":"manual__2026-10-02T13:23:58.876966+00:00","logger":"airflow.dag_processing.dagbag.BundleDagBag","filename":"dagbag.py","lineno":460}
{"timestamp":"2026-10-02T13:24:03.491035Z","level":"warning","event":"The `airflow.decorators.dag` attribute is deprecated. Please use `'airflow.sdk.dag'`.","category":"UserWarning","filename":"/opt/airflow/dags/charn.py","lineno":6,"task_id":"load","try_number":1,"dag_id":"sprint1_r","ti_id":"01a0fcc9-312f-7fe4-94d8-76021b5883fb","map_index":-1,"run_id":"manual__2026-10-02T13:23:58.876966+00:00","logger":"py.warnings"}
{"timestamp":"2026-10-02T13:24:03.491350Z","level":"warning","event":"The `airflow.decorators.task` attribute is deprecated. Please use `'airflow.sdk.task'`.","category":"UserWarning","filename":"/opt/airflow/dags/charn.py","lineno":6,"task_id":"load","try_number":1,"dag_id":"sprint1_r","ti_id":"01a0fcc9-312f-7fe4-94d8-76021b5883fb","map_index":-1,"run_id":"manual__2026-10-02T13:23:58.876966+00:00","logger":"py.warnings"}
{"timestamp":"2026-10-02T13:24:03.492136Z","level":"info","event":"Worker startup parse complete","bundle_name":"dags-folder","bundle_version":null,"dag_file":"charn.py","dag_id":"sprint1_r","bundle_prepare_ms":3,"dag_file_parse_ms":506,"task_id":"load","try_number":1,"ti_id":"01a0fcc9-312f-7fe4-94d8-76021b5883fb","map_index":-1,"run_id":"manual__2026-10-02T13:23:58.876966+00:00","logger":"task","filename":"task_runner.py","lineno":1073}
{"timestamp":"2026-10-02T13:24:03.530239Z","level":"info","event":"Task instance is in running state","logger":"task.stdout"}
{"timestamp":"2026-10-02T13:24:03.530418Z","level":"info","event":" Previous state of the Task instance: TaskInstanceState.QUEUED","logger":"task.stdout"}
{"timestamp":"2026-10-02T13:24:03.530568Z","level":"info","event":"Current task name:load","logger":"task.stdout"}
{"timestamp":"2026-10-02T13:24:03.530656Z","level":"info","event":"Dag name:sprint1_r","logger":"task.stdout"}
{"timestamp":"2026-10-02T13:24:03.530695Z","level":"info","event":"::endgroup::","task_id":"load","try_number":1,"dag_id":"sprint1_r","ti_id":"01a0fcc9-312f-7fe4-94d8-76021b5883fb","map_index":-1,"run_id":"manual__2026-10-02T13:23:58.876966+00:00","logger":"task","filename":"task_runner.py","lineno":2232}
{"timestamp":"2026-10-02T13:24:03.592997Z","level":"info","event":"Final dataset saved: /opt/airflow/data/users_churn_sprint1.parquet","logger":"task.stdout"}
{"timestamp":"2026-10-02T13:24:03.593190Z","level":"info","event":"Rows: 7043","logger":"task.stdout"}
{"timestamp":"2026-10-02T13:24:03.593235Z","level":"info","event":"Done. Returned value was: /opt/airflow/data/users_churn_sprint1.parquet","task_id":"load","try_number":1,"dag_id":"sprint1_r","ti_id":"01a0fcc9-312f-7fe4-94d8-76021b5883fb","map_index":-1,"run_id":"manual__2026-10-02T13:23:58.876966+00:00","logger":"airflow.task.operators.airflow.providers.standard.decorators.python._PythonDecoratedOperator","filename":"python.py","lineno":233}
{"timestamp":"2026-10-02T13:24:03.593502Z","level":"info","event":"::group::Post Execute","task_id":"load","try_number":1,"dag_id":"sprint1_r","ti_id":"01a0fcc9-312f-7fe4-94d8-76021b5883fb","map_index":-1,"run_id":"manual__2026-10-02T13:23:58.876966+00:00","logger":"task","filename":"task_runner.py","lineno":1580}
{"timestamp":"2026-10-02T13:24:03.593730Z","level":"info","event":"Pushing xcom","ti":"RuntimeTaskInstance(id=UUID('01a0fcc9-312f-7fe4-94d8-76021b5883fb'), task_id='load', dag_id='sprint1_r', run_id='manual__2026-10-02T13:23:58.876966+00:00', try_number=1, dag_version_id=UUID('01a0fcab-f1a9-7c30-aa29-12b4c5a9e34c'), map_index=-1, hostname='a12ad0ab42c2', context_carrier={'traceparent': '00-9900702cef66328b6990685e59f5ac21-b86e173a740ff974-00'}, queue='default', task=<Task(_PythonDecoratedOperator): load>, bundle_instance=LocalDagBundle(name=dags-folder), max_tries=0, start_date=datetime.datetime(2026, 10, 2, 13, 24, 2, 957915, tzinfo=datetime.timezone.utc), end_date=None, state=<TaskInstanceState.RUNNING: 'running'>, is_mapped=False, rendered_map_index=None, sentry_integration='sentry_sdk.integrations.celery.CeleryIntegration')","task_id":"load","try_number":1,"dag_id":"sprint1_r","ti_id":"01a0fcc9-312f-7fe4-94d8-76021b5883fb","map_index":-1,"run_id":"manual__2026-10-02T13:23:58.876966+00:00","logger":"task","filename":"task_runner.py","lineno":2280}
{"timestamp":"2026-10-02T13:24:03.630028Z","level":"info","event":"Task instance in success state","logger":"task.stdout"}
{"timestamp":"2026-10-02T13:24:03.630329Z","level":"info","event":" Previous state of the Task instance: TaskInstanceState.RUNNING","logger":"task.stdout"}
{"timestamp":"2026-10-02T13:24:03.630554Z","level":"info","event":"Task operator:<Task(_PythonDecoratedOperator): load>","logger":"task.stdout"}
{"timestamp":"2026-10-02T13:24:03.630454Z","level":"info","event":"::endgroup::","task_id":"load","try_number":1,"dag_id":"sprint1_r","ti_id":"01a0fcc9-312f-7fe4-94d8-76021b5883fb","map_index":-1,"run_id":"manual__2026-10-02T13:23:58.876966+00:00","logger":"task","filename":"task_runner.py","lineno":2379}
