{"timestamp":"2026-10-02T12:54:53.803338Z","level":"info","event":"::group::Pre Execute","logger":"task","filename":"task_runner.py","lineno":2412}
{"timestamp":"2026-10-02T12:54:53.952660Z","level":"info","event":"DAG bundles loaded: dags-folder, example_dags, apache-airflow-providers-common-sql-example-dags, apache-airflow-providers-standard-example-dags","dag_id":"sprint1_r","map_index":-1,"run_id":"manual__2026-10-02T12:54:53.441781+00:00","task_id":"extract","ti_id":"01a0fcae-8f13-76e5-aebb-b4103bf9f36e","try_number":1,"logger":"airflow.dag_processing.bundles.manager.DagBundlesManager","filename":"manager.py","lineno":304}
{"timestamp":"2026-10-02T12:54:53.961683Z","level":"info","event":"Filling up the DagBag from /opt/airflow/dags/charn.py","dag_id":"sprint1_r","map_index":-1,"run_id":"manual__2026-10-02T12:54:53.441781+00:00","task_id":"extract","ti_id":"01a0fcae-8f13-76e5-aebb-b4103bf9f36e","try_number":1,"logger":"airflow.dag_processing.dagbag.BundleDagBag","filename":"dagbag.py","lineno":460}
{"timestamp":"2026-10-02T12:54:54.713211Z","level":"warning","event":"The `airflow.decorators.dag` attribute is deprecated. Please use `'airflow.sdk.dag'`.","category":"UserWarning","filename":"/opt/airflow/dags/charn.py","lineno":6,"dag_id":"sprint1_r","map_index":-1,"run_id":"manual__2026-10-02T12:54:53.441781+00:00","task_id":"extract","ti_id":"01a0fcae-8f13-76e5-aebb-b4103bf9f36e","try_number":1,"logger":"py.warnings"}
{"timestamp":"2026-10-02T12:54:54.714135Z","level":"warning","event":"The `airflow.decorators.task` attribute is deprecated. Please use `'airflow.sdk.task'`.","category":"UserWarning","filename":"/opt/airflow/dags/charn.py","lineno":6,"dag_id":"sprint1_r","map_index":-1,"run_id":"manual__2026-10-02T12:54:53.441781+00:00","task_id":"extract","ti_id":"01a0fcae-8f13-76e5-aebb-b4103bf9f36e","try_number":1,"logger":"py.warnings"}
{"timestamp":"2026-10-02T12:54:54.715463Z","level":"info","event":"Worker startup parse complete","bundle_name":"dags-folder","bundle_version":null,"dag_file":"charn.py","dag_id":"sprint1_r","bundle_prepare_ms":3,"dag_file_parse_ms":761,"map_index":-1,"run_id":"manual__2026-10-02T12:54:53.441781+00:00","task_id":"extract","ti_id":"01a0fcae-8f13-76e5-aebb-b4103bf9f36e","try_number":1,"logger":"task","filename":"task_runner.py","lineno":1073}
{"timestamp":"2026-10-02T12:54:54.752283Z","level":"info","event":"Task instance is in running state","logger":"task.stdout"}
{"timestamp":"2026-10-02T12:54:54.752627Z","level":"info","event":" Previous state of the Task instance: TaskInstanceState.QUEUED","logger":"task.stdout"}
{"timestamp":"2026-10-02T12:54:54.753388Z","level":"info","event":"Current task name:extract","logger":"task.stdout"}
{"timestamp":"2026-10-02T12:54:54.753667Z","level":"info","event":"Dag name:sprint1_r","logger":"task.stdout"}
{"timestamp":"2026-10-02T12:54:54.754414Z","level":"info","event":"::endgroup::","dag_id":"sprint1_r","map_index":-1,"run_id":"manual__2026-10-02T12:54:53.441781+00:00","task_id":"extract","ti_id":"01a0fcae-8f13-76e5-aebb-b4103bf9f36e","try_number":1,"logger":"task","filename":"task_runner.py","lineno":2232}
{"timestamp":"2026-10-02T12:54:55.003732Z","level":"info","event":"Raw dataset saved: /opt/airflow/data/raw/users_churn_raw.parquet","logger":"task.stdout"}
{"timestamp":"2026-10-02T12:54:55.004130Z","level":"info","event":"Rows: 7043","logger":"task.stdout"}
{"timestamp":"2026-10-02T12:54:55.004661Z","level":"info","event":"Done. Returned value was: /opt/airflow/data/raw/users_churn_raw.parquet","dag_id":"sprint1_r","map_index":-1,"run_id":"manual__2026-10-02T12:54:53.441781+00:00","task_id":"extract","ti_id":"01a0fcae-8f13-76e5-aebb-b4103bf9f36e","try_number":1,"logger":"airflow.task.operators.airflow.providers.standard.decorators.python._PythonDecoratedOperator","filename":"python.py","lineno":233}
{"timestamp":"2026-10-02T12:54:55.005512Z","level":"info","event":"::group::Post Execute","dag_id":"sprint1_r","map_index":-1,"run_id":"manual__2026-10-02T12:54:53.441781+00:00","task_id":"extract","ti_id":"01a0fcae-8f13-76e5-aebb-b4103bf9f36e","try_number":1,"logger":"task","filename":"task_runner.py","lineno":1580}
{"timestamp":"2026-10-02T12:54:55.005879Z","level":"info","event":"Pushing xcom","ti":"RuntimeTaskInstance(id=UUID('01a0fcae-8f13-76e5-aebb-b4103bf9f36e'), task_id='extract', dag_id='sprint1_r', run_id='manual__2026-10-02T12:54:53.441781+00:00', try_number=1, dag_version_id=UUID('01a0fcab-f1a9-7c30-aa29-12b4c5a9e34c'), map_index=-1, hostname='fa31c4250f8e', context_carrier={'traceparent': '00-a62eaf3119cb027cb1d6879a70334cc0-d02d017bbaa3c2f8-00'}, queue='default', task=<Task(_PythonDecoratedOperator): extract>, bundle_instance=LocalDagBundle(name=dags-folder), max_tries=0, start_date=datetime.datetime(2026, 10, 2, 12, 54, 53, 932384, tzinfo=datetime.timezone.utc), end_date=None, state=<TaskInstanceState.RUNNING: 'running'>, is_mapped=False, rendered_map_index=None, sentry_integration='sentry_sdk.integrations.celery.CeleryIntegration')","dag_id":"sprint1_r","map_index":-1,"run_id":"manual__2026-10-02T12:54:53.441781+00:00","task_id":"extract","ti_id":"01a0fcae-8f13-76e5-aebb-b4103bf9f36e","try_number":1,"logger":"task","filename":"task_runner.py","lineno":2280}
{"timestamp":"2026-10-02T12:54:55.046245Z","level":"info","event":"Task instance in success state","logger":"task.stdout"}
{"timestamp":"2026-10-02T12:54:55.046406Z","level":"info","event":" Previous state of the Task instance: TaskInstanceState.RUNNING","logger":"task.stdout"}
{"timestamp":"2026-10-02T12:54:55.046717Z","level":"info","event":"Task operator:<Task(_PythonDecoratedOperator): extract>","logger":"task.stdout"}
{"timestamp":"2026-10-02T12:54:55.046749Z","level":"info","event":"::endgroup::","dag_id":"sprint1_r","map_index":-1,"run_id":"manual__2026-10-02T12:54:53.441781+00:00","task_id":"extract","ti_id":"01a0fcae-8f13-76e5-aebb-b4103bf9f36e","try_number":1,"logger":"task","filename":"task_runner.py","lineno":2379}
