{"timestamp":"2026-10-06T08:21:08.168782Z","level":"info","event":"::group::Pre Execute","logger":"task","filename":"task_runner.py","lineno":2412}
{"timestamp":"2026-10-06T08:21:08.443964Z","level":"info","event":"DAG bundles loaded: dags-folder, example_dags, apache-airflow-providers-common-sql-example-dags, apache-airflow-providers-standard-example-dags","ti_id":"01a1104d-2385-7172-b6e8-872107891bac","task_id":"train_lightgbm","dag_id":"sprint1_r_train","map_index":-1,"run_id":"manual__2026-10-06T08:20:53.214640+00:00","try_number":1,"logger":"airflow.dag_processing.bundles.manager.DagBundlesManager","filename":"manager.py","lineno":304}
{"timestamp":"2026-10-06T08:21:08.445729Z","level":"info","event":"Filling up the DagBag from /opt/airflow/dags/sprint1_r_train.py","ti_id":"01a1104d-2385-7172-b6e8-872107891bac","task_id":"train_lightgbm","dag_id":"sprint1_r_train","map_index":-1,"run_id":"manual__2026-10-06T08:20:53.214640+00:00","try_number":1,"logger":"airflow.dag_processing.dagbag.BundleDagBag","filename":"dagbag.py","lineno":460}
{"timestamp":"2026-10-06T08:21:10.809923Z","level":"info","event":"Worker startup parse complete","bundle_name":"dags-folder","bundle_version":null,"dag_file":"sprint1_r_train.py","dag_id":"sprint1_r_train","bundle_prepare_ms":3,"dag_file_parse_ms":2364,"ti_id":"01a1104d-2385-7172-b6e8-872107891bac","task_id":"train_lightgbm","map_index":-1,"run_id":"manual__2026-10-06T08:20:53.214640+00:00","try_number":1,"logger":"task","filename":"task_runner.py","lineno":1073}
{"timestamp":"2026-10-06T08:21:10.863889Z","level":"info","event":"Task instance is in running state","logger":"task.stdout"}
{"timestamp":"2026-10-06T08:21:10.864097Z","level":"info","event":" Previous state of the Task instance: TaskInstanceState.QUEUED","logger":"task.stdout"}
{"timestamp":"2026-10-06T08:21:10.864316Z","level":"info","event":"Current task name:train_lightgbm","logger":"task.stdout"}
{"timestamp":"2026-10-06T08:21:10.864457Z","level":"info","event":"Dag name:sprint1_r_train","logger":"task.stdout"}
{"timestamp":"2026-10-06T08:21:10.864363Z","level":"info","event":"::endgroup::","ti_id":"01a1104d-2385-7172-b6e8-872107891bac","task_id":"train_lightgbm","dag_id":"sprint1_r_train","map_index":-1,"run_id":"manual__2026-10-06T08:20:53.214640+00:00","try_number":1,"logger":"task","filename":"task_runner.py","lineno":2232}
{"timestamp":"2026-10-06T08:21:11.099630Z","level":"info","event":"[LightGBM] [Info] Number of positive: 1393, number of negative: 3872","logger":"task.stdout"}
{"timestamp":"2026-10-06T08:21:11.153600Z","level":"info","event":"[LightGBM] [Info] Auto-choosing row-wise multi-threading, the overhead of testing was 0.044707 seconds.","logger":"task.stdout"}
{"timestamp":"2026-10-06T08:21:11.153912Z","level":"info","event":"You can set `force_row_wise=true` to remove the overhead.","logger":"task.stdout"}
{"timestamp":"2026-10-06T08:21:11.154228Z","level":"info","event":"And if memory is not enough, you can set `force_col_wise=true`.","logger":"task.stdout"}
{"timestamp":"2026-10-06T08:21:11.159608Z","level":"info","event":"[LightGBM] [Info] Total Bins 557","logger":"task.stdout"}
{"timestamp":"2026-10-06T08:21:11.167256Z","level":"info","event":"[LightGBM] [Info] Number of data points in the train set: 5265, number of used features: 17","logger":"task.stdout"}
{"timestamp":"2026-10-06T08:21:11.168709Z","level":"info","event":"[LightGBM] [Info] [binary:BoostFromScore]: pavg=0.500000 -> initscore=-0.000000","logger":"task.stdout"}
{"timestamp":"2026-10-06T08:21:11.169106Z","level":"info","event":"[LightGBM] [Info] Start training from score -0.000000","logger":"task.stdout"}
{"timestamp":"2026-10-06T08:21:11.520458Z","level":"info","event":"[LightGBM] [Warning] No further splits with positive gain, best gain: -inf","logger":"task.stdout"}
{"timestamp":"2026-10-06T08:21:11.528855Z","level":"info","event":"[LightGBM] [Warning] No further splits with positive gain, best gain: -inf","logger":"task.stdout"}
{"timestamp":"2026-10-06T08:21:11.542401Z","level":"info","event":"[LightGBM] [Warning] No further splits with positive gain, best gain: -inf","logger":"task.stdout"}
{"timestamp":"2026-10-06T08:21:11.544233Z","level":"info","event":"[LightGBM] [Warning] No further splits with positive gain, best gain: -inf","logger":"task.stdout"}
{"timestamp":"2026-10-06T08:21:11.545017Z","level":"info","event":"[LightGBM] [Warning] No further splits with positive gain, best gain: -inf","logger":"task.stdout"}
{"timestamp":"2026-10-06T08:21:11.546073Z","level":"info","event":"[LightGBM] [Warning] No further splits with positive gain, best gain: -inf","logger":"task.stdout"}
{"timestamp":"2026-10-06T08:21:11.547139Z","level":"info","event":"[LightGBM] [Warning] No further splits with positive gain, best gain: -inf","logger":"task.stdout"}
{"timestamp":"2026-10-06T08:21:11.556155Z","level":"info","event":"[LightGBM] [Warning] No further splits with positive gain, best gain: -inf","logger":"task.stdout"}
{"timestamp":"2026-10-06T08:21:11.559691Z","level":"info","event":"[LightGBM] [Warning] No further splits with positive gain, best gain: -inf","logger":"task.stdout"}
{"timestamp":"2026-10-06T08:21:11.560512Z","level":"info","event":"[LightGBM] [Warning] No further splits with positive gain, best gain: -inf","logger":"task.stdout"}
{"timestamp":"2026-10-06T08:21:11.562379Z","level":"info","event":"[LightGBM] [Warning] No further splits with positive gain, best gain: -inf","logger":"task.stdout"}
{"timestamp":"2026-10-06T08:21:11.570977Z","level":"info","event":"[LightGBM] [Warning] No further splits with positive gain, best gain: -inf","logger":"task.stdout"}
{"timestamp":"2026-10-06T08:21:11.573468Z","level":"info","event":"[LightGBM] [Warning] No further splits with positive gain, best gain: -inf","logger":"task.stdout"}
{"timestamp":"2026-10-06T08:21:11.574263Z","level":"info","event":"[LightGBM] [Warning] No further splits with positive gain, best gain: -inf","logger":"task.stdout"}
{"timestamp":"2026-10-06T08:21:11.575319Z","level":"info","event":"[LightGBM] [Warning] No further splits with positive gain, best gain: -inf","logger":"task.stdout"}
{"timestamp":"2026-10-06T08:21:11.576198Z","level":"info","event":"[LightGBM] [Warning] No further splits with positive gain, best gain: -inf","logger":"task.stdout"}
{"timestamp":"2026-10-06T08:21:11.584494Z","level":"info","event":"[LightGBM] [Warning] No further splits with positive gain, best gain: -inf","logger":"task.stdout"}
{"timestamp":"2026-10-06T08:21:11.586991Z","level":"info","event":"[LightGBM] [Warning] No further splits with positive gain, best gain: -inf","logger":"task.stdout"}
{"timestamp":"2026-10-06T08:21:11.588485Z","level":"info","event":"[LightGBM] [Warning] No further splits with positive gain, best gain: -inf","logger":"task.stdout"}
{"timestamp":"2026-10-06T08:21:11.590181Z","level":"info","event":"[LightGBM] [Warning] No further splits with positive gain, best gain: -inf","logger":"task.stdout"}
{"timestamp":"2026-10-06T08:21:11.710478Z","level":"info","event":"[LightGBM] [Warning] No further splits with positive gain, best gain: -inf","logger":"task.stdout"}
{"timestamp":"2026-10-06T08:21:11.711555Z","level":"info","event":"[LightGBM] [Warning] No further splits with positive gain, best gain: -inf","logger":"task.stdout"}
{"timestamp":"2026-10-06T08:21:11.713059Z","level":"info","event":"[LightGBM] [Warning] No further splits with positive gain, best gain: -inf","logger":"task.stdout"}
{"timestamp":"2026-10-06T08:21:11.713845Z","level":"info","event":"[LightGBM] [Warning] No further splits with positive gain, best gain: -inf","logger":"task.stdout"}
{"timestamp":"2026-10-06T08:21:11.723787Z","level":"info","event":"[LightGBM] [Warning] No further splits with positive gain, best gain: -inf","logger":"task.stdout"}
{"timestamp":"2026-10-06T08:21:11.724653Z","level":"info","event":"[LightGBM] [Warning] No further splits with positive gain, best gain: -inf","logger":"task.stdout"}
{"timestamp":"2026-10-06T08:21:11.725415Z","level":"info","event":"[LightGBM] [Warning] No further splits with positive gain, best gain: -inf","logger":"task.stdout"}
{"timestamp":"2026-10-06T08:21:11.727886Z","level":"info","event":"[LightGBM] [Warning] No further splits with positive gain, best gain: -inf","logger":"task.stdout"}
{"timestamp":"2026-10-06T08:21:11.745055Z","level":"info","event":"[LightGBM] [Warning] No further splits with positive gain, best gain: -inf","logger":"task.stdout"}
{"timestamp":"2026-10-06T08:21:11.747304Z","level":"info","event":"[LightGBM] [Warning] No further splits with positive gain, best gain: -inf","logger":"task.stdout"}
{"timestamp":"2026-10-06T08:21:11.749270Z","level":"info","event":"[LightGBM] [Warning] No further splits with positive gain, best gain: -inf","logger":"task.stdout"}
{"timestamp":"2026-10-06T08:21:11.750085Z","level":"info","event":"[LightGBM] [Warning] No further splits with positive gain, best gain: -inf","logger":"task.stdout"}
{"timestamp":"2026-10-06T08:21:11.764436Z","level":"info","event":"[LightGBM] [Warning] No further splits with positive gain, best gain: -inf","logger":"task.stdout"}
{"timestamp":"2026-10-06T08:21:11.766136Z","level":"info","event":"[LightGBM] [Warning] No further splits with positive gain, best gain: -inf","logger":"task.stdout"}
{"timestamp":"2026-10-06T08:21:11.896179Z","level":"info","event":"[LightGBM] [Warning] No further splits with positive gain, best gain: -inf","logger":"task.stdout"}
{"timestamp":"2026-10-06T08:21:11.900223Z","level":"info","event":"[LightGBM] [Warning] No further splits with positive gain, best gain: -inf","logger":"task.stdout"}
{"timestamp":"2026-10-06T08:21:11.908287Z","level":"info","event":"[LightGBM] [Warning] No further splits with positive gain, best gain: -inf","logger":"task.stdout"}
{"timestamp":"2026-10-06T08:21:11.909566Z","level":"info","event":"[LightGBM] [Warning] No further splits with positive gain, best gain: -inf","logger":"task.stdout"}
{"timestamp":"2026-10-06T08:21:11.931668Z","level":"info","event":"[LightGBM] [Warning] No further splits with positive gain, best gain: -inf","logger":"task.stdout"}
{"timestamp":"2026-10-06T08:21:11.979671Z","level":"info","event":"[LightGBM] [Warning] No further splits with positive gain, best gain: -inf","logger":"task.stdout"}
{"timestamp":"2026-10-06T08:21:11.981194Z","level":"info","event":"[LightGBM] [Warning] No further splits with positive gain, best gain: -inf","logger":"task.stdout"}
{"timestamp":"2026-10-06T08:21:11.995536Z","level":"info","event":"[LightGBM] [Warning] No further splits with positive gain, best gain: -inf","logger":"task.stdout"}
{"timestamp":"2026-10-06T08:21:11.996480Z","level":"info","event":"[LightGBM] [Warning] No further splits with positive gain, best gain: -inf","logger":"task.stdout"}
{"timestamp":"2026-10-06T08:21:12.001047Z","level":"info","event":"[LightGBM] [Warning] No further splits with positive gain, best gain: -inf","logger":"task.stdout"}
{"timestamp":"2026-10-06T08:21:12.003212Z","level":"info","event":"[LightGBM] [Warning] No further splits with positive gain, best gain: -inf","logger":"task.stdout"}
{"timestamp":"2026-10-06T08:21:12.005857Z","level":"info","event":"[LightGBM] [Warning] No further splits with positive gain, best gain: -inf","logger":"task.stdout"}
{"timestamp":"2026-10-06T08:21:12.012370Z","level":"info","event":"[LightGBM] [Warning] No further splits with positive gain, best gain: -inf","logger":"task.stdout"}
{"timestamp":"2026-10-06T08:21:12.013976Z","level":"info","event":"[LightGBM] [Warning] No further splits with positive gain, best gain: -inf","logger":"task.stdout"}
{"timestamp":"2026-10-06T08:21:12.032203Z","level":"info","event":"[LightGBM] [Warning] No further splits with positive gain, best gain: -inf","logger":"task.stdout"}
{"timestamp":"2026-10-06T08:21:12.044166Z","level":"info","event":"[LightGBM] [Warning] No further splits with positive gain, best gain: -inf","logger":"task.stdout"}
{"timestamp":"2026-10-06T08:21:12.045203Z","level":"info","event":"[LightGBM] [Warning] No further splits with positive gain, best gain: -inf","logger":"task.stdout"}
{"timestamp":"2026-10-06T08:21:12.048872Z","level":"info","event":"[LightGBM] [Warning] No further splits with positive gain, best gain: -inf","logger":"task.stdout"}
{"timestamp":"2026-10-06T08:21:12.053693Z","level":"info","event":"[LightGBM] [Warning] No further splits with positive gain, best gain: -inf","logger":"task.stdout"}
{"timestamp":"2026-10-06T08:21:12.071792Z","level":"info","event":"[LightGBM] [Warning] No further splits with positive gain, best gain: -inf","logger":"task.stdout"}
{"timestamp":"2026-10-06T08:21:12.072687Z","level":"info","event":"[LightGBM] [Warning] No further splits with positive gain, best gain: -inf","logger":"task.stdout"}
{"timestamp":"2026-10-06T08:21:12.073435Z","level":"info","event":"[LightGBM] [Warning] No further splits with positive gain, best gain: -inf","logger":"task.stdout"}
{"timestamp":"2026-10-06T08:21:12.086222Z","level":"info","event":"[LightGBM] [Warning] No further splits with positive gain, best gain: -inf","logger":"task.stdout"}
{"timestamp":"2026-10-06T08:21:12.099557Z","level":"info","event":"[LightGBM] [Warning] No further splits with positive gain, best gain: -inf","logger":"task.stdout"}
{"timestamp":"2026-10-06T08:21:12.101228Z","level":"info","event":"[LightGBM] [Warning] No further splits with positive gain, best gain: -inf","logger":"task.stdout"}
{"timestamp":"2026-10-06T08:21:12.122017Z","level":"info","event":"[LightGBM] [Warning] No further splits with positive gain, best gain: -inf","logger":"task.stdout"}
{"timestamp":"2026-10-06T08:21:12.195855Z","level":"info","event":"[LightGBM] [Warning] No further splits with positive gain, best gain: -inf","logger":"task.stdout"}
{"timestamp":"2026-10-06T08:21:12.250503Z","level":"info","event":"[LightGBM] [Warning] No further splits with positive gain, best gain: -inf","logger":"task.stdout"}
{"timestamp":"2026-10-06T08:21:12.250803Z","level":"info","event":"[LightGBM] [Warning] No further splits with positive gain, best gain: -inf","logger":"task.stdout"}
{"timestamp":"2026-10-06T08:21:12.259660Z","level":"info","event":"[LightGBM] [Warning] No further splits with positive gain, best gain: -inf","logger":"task.stdout"}
{"timestamp":"2026-10-06T08:21:12.260149Z","level":"info","event":"[LightGBM] [Warning] No further splits with positive gain, best gain: -inf","logger":"task.stdout"}
{"timestamp":"2026-10-06T08:21:12.264456Z","level":"info","event":"[LightGBM] [Warning] No further splits with positive gain, best gain: -inf","logger":"task.stdout"}
{"timestamp":"2026-10-06T08:21:12.264865Z","level":"info","event":"[LightGBM] [Warning] No further splits with positive gain, best gain: -inf","logger":"task.stdout"}
{"timestamp":"2026-10-06T08:21:12.282646Z","level":"info","event":"[LightGBM] [Warning] No further splits with positive gain, best gain: -inf","logger":"task.stdout"}
{"timestamp":"2026-10-06T08:21:12.312174Z","level":"info","event":"[LightGBM] [Warning] No further splits with positive gain, best gain: -inf","logger":"task.stdout"}
{"timestamp":"2026-10-06T08:21:12.312764Z","level":"info","event":"[LightGBM] [Warning] No further splits with positive gain, best gain: -inf","logger":"task.stdout"}
{"timestamp":"2026-10-06T08:21:12.313950Z","level":"info","event":"[LightGBM] [Warning] No further splits with positive gain, best gain: -inf","logger":"task.stdout"}
{"timestamp":"2026-10-06T08:21:12.333532Z","level":"info","event":"[LightGBM] [Warning] No further splits with positive gain, best gain: -inf","logger":"task.stdout"}
{"timestamp":"2026-10-06T08:21:12.436318Z","level":"info","event":"[LightGBM] [Warning] No further splits with positive gain, best gain: -inf","logger":"task.stdout"}
{"timestamp":"2026-10-06T08:21:12.457978Z","level":"info","event":"[LightGBM] [Warning] No further splits with positive gain, best gain: -inf","logger":"task.stdout"}
{"timestamp":"2026-10-06T08:21:12.464262Z","level":"info","event":"[LightGBM] [Warning] No further splits with positive gain, best gain: -inf","logger":"task.stdout"}
{"timestamp":"2026-10-06T08:21:12.470848Z","level":"info","event":"[LightGBM] [Warning] No further splits with positive gain, best gain: -inf","logger":"task.stdout"}
{"timestamp":"2026-10-06T08:21:12.471697Z","level":"info","event":"[LightGBM] [Warning] No further splits with positive gain, best gain: -inf","logger":"task.stdout"}
{"timestamp":"2026-10-06T08:21:12.473287Z","level":"info","event":"[LightGBM] [Warning] No further splits with positive gain, best gain: -inf","logger":"task.stdout"}
{"timestamp":"2026-10-06T08:21:12.484830Z","level":"info","event":"[LightGBM] [Warning] No further splits with positive gain, best gain: -inf","logger":"task.stdout"}
{"timestamp":"2026-10-06T08:21:12.491692Z","level":"info","event":"[LightGBM] [Warning] No further splits with positive gain, best gain: -inf","logger":"task.stdout"}
{"timestamp":"2026-10-06T08:21:12.505005Z","level":"info","event":"[LightGBM] [Warning] No further splits with positive gain, best gain: -inf","logger":"task.stdout"}
{"timestamp":"2026-10-06T08:21:12.661811Z","level":"info","event":"[LightGBM] [Warning] No further splits with positive gain, best gain: -inf","logger":"task.stdout"}
{"timestamp":"2026-10-06T08:21:12.667985Z","level":"info","event":"[LightGBM] [Warning] No further splits with positive gain, best gain: -inf","logger":"task.stdout"}
{"timestamp":"2026-10-06T08:21:12.681439Z","level":"info","event":"[LightGBM] [Warning] No further splits with positive gain, best gain: -inf","logger":"task.stdout"}
{"timestamp":"2026-10-06T08:21:12.733331Z","level":"info","event":"[LightGBM] [Warning] No further splits with positive gain, best gain: -inf","logger":"task.stdout"}
{"timestamp":"2026-10-06T08:21:12.734413Z","level":"info","event":"[LightGBM] [Warning] No further splits with positive gain, best gain: -inf","logger":"task.stdout"}
{"timestamp":"2026-10-06T08:21:12.735245Z","level":"info","event":"[LightGBM] [Warning] No further splits with positive gain, best gain: -inf","logger":"task.stdout"}
{"timestamp":"2026-10-06T08:21:12.736828Z","level":"info","event":"[LightGBM] [Warning] No further splits with positive gain, best gain: -inf","logger":"task.stdout"}
{"timestamp":"2026-10-06T08:21:12.737677Z","level":"info","event":"[LightGBM] [Warning] No further splits with positive gain, best gain: -inf","logger":"task.stdout"}
{"timestamp":"2026-10-06T08:21:12.739414Z","level":"info","event":"[LightGBM] [Warning] No further splits with positive gain, best gain: -inf","logger":"task.stdout"}
{"timestamp":"2026-10-06T08:21:12.740063Z","level":"info","event":"[LightGBM] [Warning] No further splits with positive gain, best gain: -inf","logger":"task.stdout"}
{"timestamp":"2026-10-06T08:21:12.740962Z","level":"info","event":"[LightGBM] [Warning] No further splits with positive gain, best gain: -inf","logger":"task.stdout"}
{"timestamp":"2026-10-06T08:21:12.741987Z","level":"info","event":"[LightGBM] [Warning] No further splits with positive gain, best gain: -inf","logger":"task.stdout"}
{"timestamp":"2026-10-06T08:21:12.745682Z","level":"info","event":"[LightGBM] [Warning] No further splits with positive gain, best gain: -inf","logger":"task.stdout"}
{"timestamp":"2026-10-06T08:21:12.746406Z","level":"info","event":"[LightGBM] [Warning] No further splits with positive gain, best gain: -inf","logger":"task.stdout"}
{"timestamp":"2026-10-06T08:21:12.747207Z","level":"info","event":"[LightGBM] [Warning] No further splits with positive gain, best gain: -inf","logger":"task.stdout"}
{"timestamp":"2026-10-06T08:21:12.751730Z","level":"info","event":"[LightGBM] [Warning] No further splits with positive gain, best gain: -inf","logger":"task.stdout"}
{"timestamp":"2026-10-06T08:21:12.752500Z","level":"info","event":"[LightGBM] [Warning] No further splits with positive gain, best gain: -inf","logger":"task.stdout"}
{"timestamp":"2026-10-06T08:21:12.755482Z","level":"info","event":"[LightGBM] [Warning] No further splits with positive gain, best gain: -inf","logger":"task.stdout"}
{"timestamp":"2026-10-06T08:21:12.756336Z","level":"info","event":"[LightGBM] [Warning] No further splits with positive gain, best gain: -inf","logger":"task.stdout"}
{"timestamp":"2026-10-06T08:21:12.760623Z","level":"info","event":"[LightGBM] [Warning] No further splits with positive gain, best gain: -inf","logger":"task.stdout"}
{"timestamp":"2026-10-06T08:21:12.764318Z","level":"info","event":"[LightGBM] [Warning] No further splits with positive gain, best gain: -inf","logger":"task.stdout"}
{"timestamp":"2026-10-06T08:21:12.765031Z","level":"info","event":"[LightGBM] [Warning] No further splits with positive gain, best gain: -inf","logger":"task.stdout"}
{"timestamp":"2026-10-06T08:21:12.765952Z","level":"info","event":"[LightGBM] [Warning] No further splits with positive gain, best gain: -inf","logger":"task.stdout"}
{"timestamp":"2026-10-06T08:21:12.767635Z","level":"info","event":"[LightGBM] [Warning] No further splits with positive gain, best gain: -inf","logger":"task.stdout"}
{"timestamp":"2026-10-06T08:21:12.768499Z","level":"info","event":"[LightGBM] [Warning] No further splits with positive gain, best gain: -inf","logger":"task.stdout"}
{"timestamp":"2026-10-06T08:21:12.771148Z","level":"info","event":"[LightGBM] [Warning] No further splits with positive gain, best gain: -inf","logger":"task.stdout"}
{"timestamp":"2026-10-06T08:21:12.772169Z","level":"info","event":"[LightGBM] [Warning] No further splits with positive gain, best gain: -inf","logger":"task.stdout"}
{"timestamp":"2026-10-06T08:21:12.773014Z","level":"info","event":"[LightGBM] [Warning] No further splits with positive gain, best gain: -inf","logger":"task.stdout"}
{"timestamp":"2026-10-06T08:21:12.773783Z","level":"info","event":"[LightGBM] [Warning] No further splits with positive gain, best gain: -inf","logger":"task.stdout"}
{"timestamp":"2026-10-06T08:21:12.774797Z","level":"info","event":"[LightGBM] [Warning] No further splits with positive gain, best gain: -inf","logger":"task.stdout"}
{"timestamp":"2026-10-06T08:21:12.776076Z","level":"info","event":"[LightGBM] [Warning] No further splits with positive gain, best gain: -inf","logger":"task.stdout"}
{"timestamp":"2026-10-06T08:21:12.776927Z","level":"info","event":"[LightGBM] [Warning] No further splits with positive gain, best gain: -inf","logger":"task.stdout"}
{"timestamp":"2026-10-06T08:21:12.777687Z","level":"info","event":"[LightGBM] [Warning] No further splits with positive gain, best gain: -inf","logger":"task.stdout"}
{"timestamp":"2026-10-06T08:21:12.784702Z","level":"info","event":"[LightGBM] [Warning] No further splits with positive gain, best gain: -inf","logger":"task.stdout"}
{"timestamp":"2026-10-06T08:21:12.785722Z","level":"info","event":"[LightGBM] [Warning] No further splits with positive gain, best gain: -inf","logger":"task.stdout"}
{"timestamp":"2026-10-06T08:21:12.786429Z","level":"info","event":"[LightGBM] [Warning] No further splits with positive gain, best gain: -inf","logger":"task.stdout"}
{"timestamp":"2026-10-06T08:21:12.787334Z","level":"info","event":"[LightGBM] [Warning] No further splits with positive gain, best gain: -inf","logger":"task.stdout"}
{"timestamp":"2026-10-06T08:21:12.789718Z","level":"info","event":"[LightGBM] [Warning] No further splits with positive gain, best gain: -inf","logger":"task.stdout"}
{"timestamp":"2026-10-06T08:21:12.790423Z","level":"info","event":"[LightGBM] [Warning] No further splits with positive gain, best gain: -inf","logger":"task.stdout"}
{"timestamp":"2026-10-06T08:21:12.791290Z","level":"info","event":"[LightGBM] [Warning] No further splits with positive gain, best gain: -inf","logger":"task.stdout"}
{"timestamp":"2026-10-06T08:21:12.792108Z","level":"info","event":"[LightGBM] [Warning] No further splits with positive gain, best gain: -inf","logger":"task.stdout"}
{"timestamp":"2026-10-06T08:21:12.792790Z","level":"info","event":"[LightGBM] [Warning] No further splits with positive gain, best gain: -inf","logger":"task.stdout"}
{"timestamp":"2026-10-06T08:21:12.794112Z","level":"info","event":"[LightGBM] [Warning] No further splits with positive gain, best gain: -inf","logger":"task.stdout"}
{"timestamp":"2026-10-06T08:21:12.801568Z","level":"info","event":"[LightGBM] [Warning] No further splits with positive gain, best gain: -inf","logger":"task.stdout"}
{"timestamp":"2026-10-06T08:21:12.802528Z","level":"info","event":"[LightGBM] [Warning] No further splits with positive gain, best gain: -inf","logger":"task.stdout"}
{"timestamp":"2026-10-06T08:21:12.803483Z","level":"info","event":"[LightGBM] [Warning] No further splits with positive gain, best gain: -inf","logger":"task.stdout"}
{"timestamp":"2026-10-06T08:21:12.804162Z","level":"info","event":"[LightGBM] [Warning] No further splits with positive gain, best gain: -inf","logger":"task.stdout"}
{"timestamp":"2026-10-06T08:21:12.809002Z","level":"info","event":"[LightGBM] [Warning] No further splits with positive gain, best gain: -inf","logger":"task.stdout"}
{"timestamp":"2026-10-06T08:21:12.810703Z","level":"info","event":"[LightGBM] [Warning] No further splits with positive gain, best gain: -inf","logger":"task.stdout"}
{"timestamp":"2026-10-06T08:21:12.813839Z","level":"info","event":"[LightGBM] [Warning] No further splits with positive gain, best gain: -inf","logger":"task.stdout"}
{"timestamp":"2026-10-06T08:21:12.814775Z","level":"info","event":"[LightGBM] [Warning] No further splits with positive gain, best gain: -inf","logger":"task.stdout"}
{"timestamp":"2026-10-06T08:21:12.815508Z","level":"info","event":"[LightGBM] [Warning] No further splits with positive gain, best gain: -inf","logger":"task.stdout"}
{"timestamp":"2026-10-06T08:21:12.816425Z","level":"info","event":"[LightGBM] [Warning] No further splits with positive gain, best gain: -inf","logger":"task.stdout"}
{"timestamp":"2026-10-06T08:21:12.817153Z","level":"info","event":"[LightGBM] [Warning] No further splits with positive gain, best gain: -inf","logger":"task.stdout"}
{"timestamp":"2026-10-06T08:21:12.817907Z","level":"info","event":"[LightGBM] [Warning] No further splits with positive gain, best gain: -inf","logger":"task.stdout"}
{"timestamp":"2026-10-06T08:21:12.823216Z","level":"info","event":"[LightGBM] [Warning] No further splits with positive gain, best gain: -inf","logger":"task.stdout"}
{"timestamp":"2026-10-06T08:21:12.823995Z","level":"info","event":"[LightGBM] [Warning] No further splits with positive gain, best gain: -inf","logger":"task.stdout"}
{"timestamp":"2026-10-06T08:21:12.828284Z","level":"info","event":"[LightGBM] [Warning] No further splits with positive gain, best gain: -inf","logger":"task.stdout"}
{"timestamp":"2026-10-06T08:21:12.835858Z","level":"info","event":"[LightGBM] [Warning] No further splits with positive gain, best gain: -inf","logger":"task.stdout"}
{"timestamp":"2026-10-06T08:21:12.836719Z","level":"info","event":"[LightGBM] [Warning] No further splits with positive gain, best gain: -inf","logger":"task.stdout"}
{"timestamp":"2026-10-06T08:21:12.837409Z","level":"info","event":"[LightGBM] [Warning] No further splits with positive gain, best gain: -inf","logger":"task.stdout"}
{"timestamp":"2026-10-06T08:21:12.838240Z","level":"info","event":"[LightGBM] [Warning] No further splits with positive gain, best gain: -inf","logger":"task.stdout"}
{"timestamp":"2026-10-06T08:21:12.838940Z","level":"info","event":"[LightGBM] [Warning] No further splits with positive gain, best gain: -inf","logger":"task.stdout"}
{"timestamp":"2026-10-06T08:21:12.839708Z","level":"info","event":"[LightGBM] [Warning] No further splits with positive gain, best gain: -inf","logger":"task.stdout"}
{"timestamp":"2026-10-06T08:21:12.848327Z","level":"info","event":"[LightGBM] [Warning] No further splits with positive gain, best gain: -inf","logger":"task.stdout"}
{"timestamp":"2026-10-06T08:21:12.849359Z","level":"info","event":"[LightGBM] [Warning] No further splits with positive gain, best gain: -inf","logger":"task.stdout"}
{"timestamp":"2026-10-06T08:21:12.850068Z","level":"info","event":"[LightGBM] [Warning] No further splits with positive gain, best gain: -inf","logger":"task.stdout"}
{"timestamp":"2026-10-06T08:21:12.851658Z","level":"info","event":"[LightGBM] [Warning] No further splits with positive gain, best gain: -inf","logger":"task.stdout"}
{"timestamp":"2026-10-06T08:21:12.852305Z","level":"info","event":"[LightGBM] [Warning] No further splits with positive gain, best gain: -inf","logger":"task.stdout"}
{"timestamp":"2026-10-06T08:21:12.852978Z","level":"info","event":"[LightGBM] [Warning] No further splits with positive gain, best gain: -inf","logger":"task.stdout"}
{"timestamp":"2026-10-06T08:21:12.853932Z","level":"info","event":"[LightGBM] [Warning] No further splits with positive gain, best gain: -inf","logger":"task.stdout"}
{"timestamp":"2026-10-06T08:21:12.855377Z","level":"info","event":"[LightGBM] [Warning] No further splits with positive gain, best gain: -inf","logger":"task.stdout"}
{"timestamp":"2026-10-06T08:21:12.856001Z","level":"info","event":"[LightGBM] [Warning] No further splits with positive gain, best gain: -inf","logger":"task.stdout"}
{"timestamp":"2026-10-06T08:21:12.861117Z","level":"info","event":"[LightGBM] [Warning] No further splits with positive gain, best gain: -inf","logger":"task.stdout"}
{"timestamp":"2026-10-06T08:21:12.866365Z","level":"info","event":"[LightGBM] [Warning] No further splits with positive gain, best gain: -inf","logger":"task.stdout"}
{"timestamp":"2026-10-06T08:21:12.867347Z","level":"info","event":"[LightGBM] [Warning] No further splits with positive gain, best gain: -inf","logger":"task.stdout"}
{"timestamp":"2026-10-06T08:21:12.868085Z","level":"info","event":"[LightGBM] [Warning] No further splits with positive gain, best gain: -inf","logger":"task.stdout"}
{"timestamp":"2026-10-06T08:21:12.869764Z","level":"info","event":"[LightGBM] [Warning] No further splits with positive gain, best gain: -inf","logger":"task.stdout"}
{"timestamp":"2026-10-06T08:21:12.870787Z","level":"info","event":"[LightGBM] [Warning] No further splits with positive gain, best gain: -inf","logger":"task.stdout"}
{"timestamp":"2026-10-06T08:21:12.871685Z","level":"info","event":"[LightGBM] [Warning] No further splits with positive gain, best gain: -inf","logger":"task.stdout"}
{"timestamp":"2026-10-06T08:21:12.873138Z","level":"info","event":"[LightGBM] [Warning] No further splits with positive gain, best gain: -inf","logger":"task.stdout"}
{"timestamp":"2026-10-06T08:21:12.874001Z","level":"info","event":"[LightGBM] [Warning] No further splits with positive gain, best gain: -inf","logger":"task.stdout"}
{"timestamp":"2026-10-06T08:21:12.880471Z","level":"info","event":"[LightGBM] [Warning] No further splits with positive gain, best gain: -inf","logger":"task.stdout"}
{"timestamp":"2026-10-06T08:21:12.881432Z","level":"info","event":"[LightGBM] [Warning] No further splits with positive gain, best gain: -inf","logger":"task.stdout"}
{"timestamp":"2026-10-06T08:21:12.882286Z","level":"info","event":"[LightGBM] [Warning] No further splits with positive gain, best gain: -inf","logger":"task.stdout"}
{"timestamp":"2026-10-06T08:21:12.883051Z","level":"info","event":"[LightGBM] [Warning] No further splits with positive gain, best gain: -inf","logger":"task.stdout"}
{"timestamp":"2026-10-06T08:21:12.899027Z","level":"info","event":"[LightGBM] [Warning] No further splits with positive gain, best gain: -inf","logger":"task.stdout"}
{"timestamp":"2026-10-06T08:21:12.899730Z","level":"info","event":"[LightGBM] [Warning] No further splits with positive gain, best gain: -inf","logger":"task.stdout"}
{"timestamp":"2026-10-06T08:21:12.900549Z","level":"info","event":"[LightGBM] [Warning] No further splits with positive gain, best gain: -inf","logger":"task.stdout"}
{"timestamp":"2026-10-06T08:21:12.901408Z","level":"info","event":"[LightGBM] [Warning] No further splits with positive gain, best gain: -inf","logger":"task.stdout"}
{"timestamp":"2026-10-06T08:21:12.902135Z","level":"info","event":"[LightGBM] [Warning] No further splits with positive gain, best gain: -inf","logger":"task.stdout"}
{"timestamp":"2026-10-06T08:21:12.903026Z","level":"info","event":"[LightGBM] [Warning] No further splits with positive gain, best gain: -inf","logger":"task.stdout"}
{"timestamp":"2026-10-06T08:21:12.903900Z","level":"info","event":"[LightGBM] [Warning] No further splits with positive gain, best gain: -inf","logger":"task.stdout"}
{"timestamp":"2026-10-06T08:21:12.904595Z","level":"info","event":"[LightGBM] [Warning] No further splits with positive gain, best gain: -inf","logger":"task.stdout"}
{"timestamp":"2026-10-06T08:21:12.905428Z","level":"info","event":"[LightGBM] [Warning] No further splits with positive gain, best gain: -inf","logger":"task.stdout"}
{"timestamp":"2026-10-06T08:21:12.906102Z","level":"info","event":"[LightGBM] [Warning] No further splits with positive gain, best gain: -inf","logger":"task.stdout"}
{"timestamp":"2026-10-06T08:21:12.908248Z","level":"info","event":"[LightGBM] [Warning] No further splits with positive gain, best gain: -inf","logger":"task.stdout"}
{"timestamp":"2026-10-06T08:21:12.908895Z","level":"info","event":"[LightGBM] [Warning] No further splits with positive gain, best gain: -inf","logger":"task.stdout"}
{"timestamp":"2026-10-06T08:21:12.920034Z","level":"info","event":"[LightGBM] [Warning] No further splits with positive gain, best gain: -inf","logger":"task.stdout"}
{"timestamp":"2026-10-06T08:21:12.920739Z","level":"info","event":"[LightGBM] [Warning] No further splits with positive gain, best gain: -inf","logger":"task.stdout"}
{"timestamp":"2026-10-06T08:21:12.925213Z","level":"info","event":"[LightGBM] [Warning] No further splits with positive gain, best gain: -inf","logger":"task.stdout"}
{"timestamp":"2026-10-06T08:21:12.927339Z","level":"info","event":"[LightGBM] [Warning] No further splits with positive gain, best gain: -inf","logger":"task.stdout"}
{"timestamp":"2026-10-06T08:21:12.928253Z","level":"info","event":"[LightGBM] [Warning] No further splits with positive gain, best gain: -inf","logger":"task.stdout"}
{"timestamp":"2026-10-06T08:21:12.929028Z","level":"info","event":"[LightGBM] [Warning] No further splits with positive gain, best gain: -inf","logger":"task.stdout"}
{"timestamp":"2026-10-06T08:21:12.929861Z","level":"info","event":"[LightGBM] [Warning] No further splits with positive gain, best gain: -inf","logger":"task.stdout"}
{"timestamp":"2026-10-06T08:21:12.930813Z","level":"info","event":"[LightGBM] [Warning] No further splits with positive gain, best gain: -inf","logger":"task.stdout"}
{"timestamp":"2026-10-06T08:21:12.931598Z","level":"info","event":"[LightGBM] [Warning] No further splits with positive gain, best gain: -inf","logger":"task.stdout"}
{"timestamp":"2026-10-06T08:21:12.948376Z","level":"info","event":"[LightGBM] [Warning] No further splits with positive gain, best gain: -inf","logger":"task.stdout"}
{"timestamp":"2026-10-06T08:21:12.949422Z","level":"info","event":"[LightGBM] [Warning] No further splits with positive gain, best gain: -inf","logger":"task.stdout"}
{"timestamp":"2026-10-06T08:21:12.953805Z","level":"info","event":"[LightGBM] [Warning] No further splits with positive gain, best gain: -inf","logger":"task.stdout"}
{"timestamp":"2026-10-06T08:21:12.954813Z","level":"info","event":"[LightGBM] [Warning] No further splits with positive gain, best gain: -inf","logger":"task.stdout"}
{"timestamp":"2026-10-06T08:21:12.955599Z","level":"info","event":"[LightGBM] [Warning] No further splits with positive gain, best gain: -inf","logger":"task.stdout"}
{"timestamp":"2026-10-06T08:21:12.956438Z","level":"info","event":"[LightGBM] [Warning] No further splits with positive gain, best gain: -inf","logger":"task.stdout"}
{"timestamp":"2026-10-06T08:21:12.957327Z","level":"info","event":"[LightGBM] [Warning] No further splits with positive gain, best gain: -inf","logger":"task.stdout"}
{"timestamp":"2026-10-06T08:21:12.957977Z","level":"info","event":"[LightGBM] [Warning] No further splits with positive gain, best gain: -inf","logger":"task.stdout"}
{"timestamp":"2026-10-06T08:21:12.959488Z","level":"info","event":"[LightGBM] [Warning] No further splits with positive gain, best gain: -inf","logger":"task.stdout"}
{"timestamp":"2026-10-06T08:21:12.960205Z","level":"info","event":"[LightGBM] [Warning] No further splits with positive gain, best gain: -inf","logger":"task.stdout"}
{"timestamp":"2026-10-06T08:21:12.973437Z","level":"info","event":"[LightGBM] [Warning] No further splits with positive gain, best gain: -inf","logger":"task.stdout"}
{"timestamp":"2026-10-06T08:21:12.974926Z","level":"info","event":"[LightGBM] [Warning] No further splits with positive gain, best gain: -inf","logger":"task.stdout"}
{"timestamp":"2026-10-06T08:21:12.978817Z","level":"info","event":"[LightGBM] [Warning] No further splits with positive gain, best gain: -inf","logger":"task.stdout"}
{"timestamp":"2026-10-06T08:21:12.979660Z","level":"info","event":"[LightGBM] [Warning] No further splits with positive gain, best gain: -inf","logger":"task.stdout"}
{"timestamp":"2026-10-06T08:21:12.980308Z","level":"info","event":"[LightGBM] [Warning] No further splits with positive gain, best gain: -inf","logger":"task.stdout"}
{"timestamp":"2026-10-06T08:21:12.980978Z","level":"info","event":"[LightGBM] [Warning] No further splits with positive gain, best gain: -inf","logger":"task.stdout"}
{"timestamp":"2026-10-06T08:21:12.981729Z","level":"info","event":"[LightGBM] [Warning] No further splits with positive gain, best gain: -inf","logger":"task.stdout"}
{"timestamp":"2026-10-06T08:21:12.984774Z","level":"info","event":"[LightGBM] [Warning] No further splits with positive gain, best gain: -inf","logger":"task.stdout"}
{"timestamp":"2026-10-06T08:21:12.991032Z","level":"info","event":"[LightGBM] [Warning] No further splits with positive gain, best gain: -inf","logger":"task.stdout"}
{"timestamp":"2026-10-06T08:21:12.991802Z","level":"info","event":"[LightGBM] [Warning] No further splits with positive gain, best gain: -inf","logger":"task.stdout"}
{"timestamp":"2026-10-06T08:21:12.992454Z","level":"info","event":"[LightGBM] [Warning] No further splits with positive gain, best gain: -inf","logger":"task.stdout"}
{"timestamp":"2026-10-06T08:21:12.993037Z","level":"info","event":"[LightGBM] [Warning] No further splits with positive gain, best gain: -inf","logger":"task.stdout"}
{"timestamp":"2026-10-06T08:21:12.993787Z","level":"info","event":"[LightGBM] [Warning] No further splits with positive gain, best gain: -inf","logger":"task.stdout"}
{"timestamp":"2026-10-06T08:21:12.994525Z","level":"info","event":"[LightGBM] [Warning] No further splits with positive gain, best gain: -inf","logger":"task.stdout"}
{"timestamp":"2026-10-06T08:21:13.000670Z","level":"info","event":"[LightGBM] [Warning] No further splits with positive gain, best gain: -inf","logger":"task.stdout"}
{"timestamp":"2026-10-06T08:21:13.002773Z","level":"info","event":"[LightGBM] [Warning] No further splits with positive gain, best gain: -inf","logger":"task.stdout"}
{"timestamp":"2026-10-06T08:21:13.003441Z","level":"info","event":"[LightGBM] [Warning] No further splits with positive gain, best gain: -inf","logger":"task.stdout"}
{"timestamp":"2026-10-06T08:21:13.009241Z","level":"info","event":"[LightGBM] [Warning] No further splits with positive gain, best gain: -inf","logger":"task.stdout"}
{"timestamp":"2026-10-06T08:21:13.014015Z","level":"info","event":"[LightGBM] [Warning] No further splits with positive gain, best gain: -inf","logger":"task.stdout"}
{"timestamp":"2026-10-06T08:21:13.016933Z","level":"info","event":"[LightGBM] [Warning] No further splits with positive gain, best gain: -inf","logger":"task.stdout"}
{"timestamp":"2026-10-06T08:21:13.043223Z","level":"info","event":"[LightGBM] [Warning] No further splits with positive gain, best gain: -inf","logger":"task.stdout"}
{"timestamp":"2026-10-06T08:21:13.044219Z","level":"info","event":"[LightGBM] [Warning] No further splits with positive gain, best gain: -inf","logger":"task.stdout"}
{"timestamp":"2026-10-06T08:21:13.045118Z","level":"info","event":"[LightGBM] [Warning] No further splits with positive gain, best gain: -inf","logger":"task.stdout"}
{"timestamp":"2026-10-06T08:21:13.046408Z","level":"info","event":"[LightGBM] [Warning] No further splits with positive gain, best gain: -inf","logger":"task.stdout"}
{"timestamp":"2026-10-06T08:21:13.047366Z","level":"info","event":"[LightGBM] [Warning] No further splits with positive gain, best gain: -inf","logger":"task.stdout"}
{"timestamp":"2026-10-06T08:21:13.055150Z","level":"info","event":"[LightGBM] [Warning] No further splits with positive gain, best gain: -inf","logger":"task.stdout"}
{"timestamp":"2026-10-06T08:21:13.056686Z","level":"info","event":"[LightGBM] [Warning] No further splits with positive gain, best gain: -inf","logger":"task.stdout"}
{"timestamp":"2026-10-06T08:21:13.057578Z","level":"info","event":"[LightGBM] [Warning] No further splits with positive gain, best gain: -inf","logger":"task.stdout"}
{"timestamp":"2026-10-06T08:21:13.078019Z","level":"info","event":"[LightGBM] [Warning] No further splits with positive gain, best gain: -inf","logger":"task.stdout"}
{"timestamp":"2026-10-06T08:21:13.079727Z","level":"info","event":"[LightGBM] [Warning] No further splits with positive gain, best gain: -inf","logger":"task.stdout"}
{"timestamp":"2026-10-06T08:21:13.136215Z","level":"info","event":"[LightGBM] [Warning] No further splits with positive gain, best gain: -inf","logger":"task.stdout"}
{"timestamp":"2026-10-06T08:21:13.138189Z","level":"info","event":"[LightGBM] [Warning] No further splits with positive gain, best gain: -inf","logger":"task.stdout"}
{"timestamp":"2026-10-06T08:21:13.141873Z","level":"info","event":"[LightGBM] [Warning] No further splits with positive gain, best gain: -inf","logger":"task.stdout"}
{"timestamp":"2026-10-06T08:21:13.143209Z","level":"info","event":"[LightGBM] [Warning] No further splits with positive gain, best gain: -inf","logger":"task.stdout"}
{"timestamp":"2026-10-06T08:21:13.144168Z","level":"info","event":"[LightGBM] [Warning] No further splits with positive gain, best gain: -inf","logger":"task.stdout"}
{"timestamp":"2026-10-06T08:21:13.144877Z","level":"info","event":"[LightGBM] [Warning] No further splits with positive gain, best gain: -inf","logger":"task.stdout"}
{"timestamp":"2026-10-06T08:21:13.145964Z","level":"info","event":"[LightGBM] [Warning] No further splits with positive gain, best gain: -inf","logger":"task.stdout"}
{"timestamp":"2026-10-06T08:21:13.148427Z","level":"info","event":"[LightGBM] [Warning] No further splits with positive gain, best gain: -inf","logger":"task.stdout"}
{"timestamp":"2026-10-06T08:21:13.149524Z","level":"info","event":"[LightGBM] [Warning] No further splits with positive gain, best gain: -inf","logger":"task.stdout"}
{"timestamp":"2026-10-06T08:21:13.151199Z","level":"info","event":"[LightGBM] [Warning] No further splits with positive gain, best gain: -inf","logger":"task.stdout"}
{"timestamp":"2026-10-06T08:21:13.152084Z","level":"info","event":"[LightGBM] [Warning] No further splits with positive gain, best gain: -inf","logger":"task.stdout"}
{"timestamp":"2026-10-06T08:21:13.153772Z","level":"info","event":"[LightGBM] [Warning] No further splits with positive gain, best gain: -inf","logger":"task.stdout"}
{"timestamp":"2026-10-06T08:21:13.155481Z","level":"info","event":"[LightGBM] [Warning] No further splits with positive gain, best gain: -inf","logger":"task.stdout"}
{"timestamp":"2026-10-06T08:21:13.157115Z","level":"info","event":"[LightGBM] [Warning] No further splits with positive gain, best gain: -inf","logger":"task.stdout"}
{"timestamp":"2026-10-06T08:21:13.158000Z","level":"info","event":"[LightGBM] [Warning] No further splits with positive gain, best gain: -inf","logger":"task.stdout"}
{"timestamp":"2026-10-06T08:21:13.160333Z","level":"info","event":"[LightGBM] [Warning] No further splits with positive gain, best gain: -inf","logger":"task.stdout"}
{"timestamp":"2026-10-06T08:21:13.161320Z","level":"info","event":"[LightGBM] [Warning] No further splits with positive gain, best gain: -inf","logger":"task.stdout"}
{"timestamp":"2026-10-06T08:21:13.162338Z","level":"info","event":"[LightGBM] [Warning] No further splits with positive gain, best gain: -inf","logger":"task.stdout"}
{"timestamp":"2026-10-06T08:21:13.163173Z","level":"info","event":"[LightGBM] [Warning] No further splits with positive gain, best gain: -inf","logger":"task.stdout"}
{"timestamp":"2026-10-06T08:21:13.164071Z","level":"info","event":"[LightGBM] [Warning] No further splits with positive gain, best gain: -inf","logger":"task.stdout"}
{"timestamp":"2026-10-06T08:21:13.164899Z","level":"info","event":"[LightGBM] [Warning] No further splits with positive gain, best gain: -inf","logger":"task.stdout"}
{"timestamp":"2026-10-06T08:21:13.166462Z","level":"info","event":"[LightGBM] [Warning] No further splits with positive gain, best gain: -inf","logger":"task.stdout"}
{"timestamp":"2026-10-06T08:21:13.167389Z","level":"info","event":"[LightGBM] [Warning] No further splits with positive gain, best gain: -inf","logger":"task.stdout"}
{"timestamp":"2026-10-06T08:21:13.168171Z","level":"info","event":"[LightGBM] [Warning] No further splits with positive gain, best gain: -inf","logger":"task.stdout"}
{"timestamp":"2026-10-06T08:21:13.169878Z","level":"info","event":"[LightGBM] [Warning] No further splits with positive gain, best gain: -inf","logger":"task.stdout"}
{"timestamp":"2026-10-06T08:21:13.181606Z","level":"info","event":"[LightGBM] [Warning] No further splits with positive gain, best gain: -inf","logger":"task.stdout"}
{"timestamp":"2026-10-06T08:21:13.181789Z","level":"info","event":"[LightGBM] [Warning] No further splits with positive gain, best gain: -inf","logger":"task.stdout"}
{"timestamp":"2026-10-06T08:21:13.181924Z","level":"info","event":"[LightGBM] [Warning] No further splits with positive gain, best gain: -inf","logger":"task.stdout"}
{"timestamp":"2026-10-06T08:21:13.182081Z","level":"info","event":"[LightGBM] [Warning] No further splits with positive gain, best gain: -inf","logger":"task.stdout"}
{"timestamp":"2026-10-06T08:21:13.182199Z","level":"info","event":"[LightGBM] [Warning] No further splits with positive gain, best gain: -inf","logger":"task.stdout"}
{"timestamp":"2026-10-06T08:21:13.182330Z","level":"info","event":"[LightGBM] [Warning] No further splits with positive gain, best gain: -inf","logger":"task.stdout"}
{"timestamp":"2026-10-06T08:21:13.183043Z","level":"info","event":"[LightGBM] [Warning] No further splits with positive gain, best gain: -inf","logger":"task.stdout"}
{"timestamp":"2026-10-06T08:21:13.183761Z","level":"info","event":"[LightGBM] [Warning] No further splits with positive gain, best gain: -inf","logger":"task.stdout"}
{"timestamp":"2026-10-06T08:21:13.184644Z","level":"info","event":"[LightGBM] [Warning] No further splits with positive gain, best gain: -inf","logger":"task.stdout"}
{"timestamp":"2026-10-06T08:21:13.185361Z","level":"info","event":"[LightGBM] [Warning] No further splits with positive gain, best gain: -inf","logger":"task.stdout"}
{"timestamp":"2026-10-06T08:21:13.186059Z","level":"info","event":"[LightGBM] [Warning] No further splits with positive gain, best gain: -inf","logger":"task.stdout"}
{"timestamp":"2026-10-06T08:21:13.187212Z","level":"info","event":"[LightGBM] [Warning] No further splits with positive gain, best gain: -inf","logger":"task.stdout"}
{"timestamp":"2026-10-06T08:21:13.188660Z","level":"info","event":"[LightGBM] [Warning] No further splits with positive gain, best gain: -inf","logger":"task.stdout"}
{"timestamp":"2026-10-06T08:21:13.189590Z","level":"info","event":"[LightGBM] [Warning] No further splits with positive gain, best gain: -inf","logger":"task.stdout"}
{"timestamp":"2026-10-06T08:21:13.191127Z","level":"info","event":"[LightGBM] [Warning] No further splits with positive gain, best gain: -inf","logger":"task.stdout"}
{"timestamp":"2026-10-06T08:21:13.191859Z","level":"info","event":"[LightGBM] [Warning] No further splits with positive gain, best gain: -inf","logger":"task.stdout"}
{"timestamp":"2026-10-06T08:21:13.192756Z","level":"info","event":"[LightGBM] [Warning] No further splits with positive gain, best gain: -inf","logger":"task.stdout"}
{"timestamp":"2026-10-06T08:21:13.195021Z","level":"info","event":"[LightGBM] [Warning] No further splits with positive gain, best gain: -inf","logger":"task.stdout"}
{"timestamp":"2026-10-06T08:21:13.290587Z","level":"info","event":"[LightGBM] [Warning] No further splits with positive gain, best gain: -inf","logger":"task.stdout"}
{"timestamp":"2026-10-06T08:21:13.291781Z","level":"info","event":"[LightGBM] [Warning] No further splits with positive gain, best gain: -inf","logger":"task.stdout"}
{"timestamp":"2026-10-06T08:21:13.293589Z","level":"info","event":"[LightGBM] [Warning] No further splits with positive gain, best gain: -inf","logger":"task.stdout"}
{"timestamp":"2026-10-06T08:21:13.294401Z","level":"info","event":"[LightGBM] [Warning] No further splits with positive gain, best gain: -inf","logger":"task.stdout"}
{"timestamp":"2026-10-06T08:21:13.295226Z","level":"info","event":"[LightGBM] [Warning] No further splits with positive gain, best gain: -inf","logger":"task.stdout"}
{"timestamp":"2026-10-06T08:21:13.296043Z","level":"info","event":"[LightGBM] [Warning] No further splits with positive gain, best gain: -inf","logger":"task.stdout"}
{"timestamp":"2026-10-06T08:21:13.296854Z","level":"info","event":"[LightGBM] [Warning] No further splits with positive gain, best gain: -inf","logger":"task.stdout"}
{"timestamp":"2026-10-06T08:21:13.297899Z","level":"info","event":"[LightGBM] [Warning] No further splits with positive gain, best gain: -inf","logger":"task.stdout"}
{"timestamp":"2026-10-06T08:21:13.298670Z","level":"info","event":"[LightGBM] [Warning] No further splits with positive gain, best gain: -inf","logger":"task.stdout"}
{"timestamp":"2026-10-06T08:21:13.299515Z","level":"info","event":"[LightGBM] [Warning] No further splits with positive gain, best gain: -inf","logger":"task.stdout"}
{"timestamp":"2026-10-06T08:21:13.300333Z","level":"info","event":"[LightGBM] [Warning] No further splits with positive gain, best gain: -inf","logger":"task.stdout"}
{"timestamp":"2026-10-06T08:21:13.301213Z","level":"info","event":"[LightGBM] [Warning] No further splits with positive gain, best gain: -inf","logger":"task.stdout"}
{"timestamp":"2026-10-06T08:21:13.302815Z","level":"info","event":"[LightGBM] [Warning] No further splits with positive gain, best gain: -inf","logger":"task.stdout"}
{"timestamp":"2026-10-06T08:21:13.366516Z","level":"info","event":"[LightGBM] [Warning] No further splits with positive gain, best gain: -inf","logger":"task.stdout"}
{"timestamp":"2026-10-06T08:21:13.438601Z","level":"info","event":"[LightGBM] [Warning] No further splits with positive gain, best gain: -inf","logger":"task.stdout"}
{"timestamp":"2026-10-06T08:21:13.440657Z","level":"info","event":"[LightGBM] [Warning] No further splits with positive gain, best gain: -inf","logger":"task.stdout"}
{"timestamp":"2026-10-06T08:21:13.442331Z","level":"info","event":"[LightGBM] [Warning] No further splits with positive gain, best gain: -inf","logger":"task.stdout"}
{"timestamp":"2026-10-06T08:21:13.443148Z","level":"info","event":"[LightGBM] [Warning] No further splits with positive gain, best gain: -inf","logger":"task.stdout"}
{"timestamp":"2026-10-06T08:21:13.443988Z","level":"info","event":"[LightGBM] [Warning] No further splits with positive gain, best gain: -inf","logger":"task.stdout"}
{"timestamp":"2026-10-06T08:21:13.455406Z","level":"info","event":"[LightGBM] [Warning] No further splits with positive gain, best gain: -inf","logger":"task.stdout"}
{"timestamp":"2026-10-06T08:21:13.456282Z","level":"info","event":"[LightGBM] [Warning] No further splits with positive gain, best gain: -inf","logger":"task.stdout"}
{"timestamp":"2026-10-06T08:21:13.457044Z","level":"info","event":"[LightGBM] [Warning] No further splits with positive gain, best gain: -inf","logger":"task.stdout"}
{"timestamp":"2026-10-06T08:21:13.457787Z","level":"info","event":"[LightGBM] [Warning] No further splits with positive gain, best gain: -inf","logger":"task.stdout"}
{"timestamp":"2026-10-06T08:21:13.458624Z","level":"info","event":"[LightGBM] [Warning] No further splits with positive gain, best gain: -inf","logger":"task.stdout"}
{"timestamp":"2026-10-06T08:21:13.460219Z","level":"info","event":"[LightGBM] [Warning] No further splits with positive gain, best gain: -inf","logger":"task.stdout"}
{"timestamp":"2026-10-06T08:21:13.461126Z","level":"info","event":"[LightGBM] [Warning] No further splits with positive gain, best gain: -inf","logger":"task.stdout"}
{"timestamp":"2026-10-06T08:21:13.461963Z","level":"info","event":"[LightGBM] [Warning] No further splits with positive gain, best gain: -inf","logger":"task.stdout"}
{"timestamp":"2026-10-06T08:21:13.464112Z","level":"info","event":"[LightGBM] [Warning] No further splits with positive gain, best gain: -inf","logger":"task.stdout"}
{"timestamp":"2026-10-06T08:21:13.581597Z","level":"info","event":"[LightGBM] [Warning] No further splits with positive gain, best gain: -inf","logger":"task.stdout"}
{"timestamp":"2026-10-06T08:21:13.585214Z","level":"info","event":"[LightGBM] [Warning] No further splits with positive gain, best gain: -inf","logger":"task.stdout"}
{"timestamp":"2026-10-06T08:21:13.585740Z","level":"info","event":"[LightGBM] [Warning] No further splits with positive gain, best gain: -inf","logger":"task.stdout"}
{"timestamp":"2026-10-06T08:21:13.586198Z","level":"info","event":"[LightGBM] [Warning] No further splits with positive gain, best gain: -inf","logger":"task.stdout"}
{"timestamp":"2026-10-06T08:21:13.586647Z","level":"info","event":"[LightGBM] [Warning] No further splits with positive gain, best gain: -inf","logger":"task.stdout"}
{"timestamp":"2026-10-06T08:21:13.587750Z","level":"info","event":"[LightGBM] [Warning] No further splits with positive gain, best gain: -inf","logger":"task.stdout"}
{"timestamp":"2026-10-06T08:21:13.588175Z","level":"info","event":"[LightGBM] [Warning] No further splits with positive gain, best gain: -inf","logger":"task.stdout"}
{"timestamp":"2026-10-06T08:21:13.601012Z","level":"info","event":"[LightGBM] [Warning] No further splits with positive gain, best gain: -inf","logger":"task.stdout"}
{"timestamp":"2026-10-06T08:21:13.601636Z","level":"info","event":"[LightGBM] [Warning] No further splits with positive gain, best gain: -inf","logger":"task.stdout"}
{"timestamp":"2026-10-06T08:21:13.602219Z","level":"info","event":"[LightGBM] [Warning] No further splits with positive gain, best gain: -inf","logger":"task.stdout"}
{"timestamp":"2026-10-06T08:21:13.715811Z","level":"info","event":"[LightGBM] [Warning] No further splits with positive gain, best gain: -inf","logger":"task.stdout"}
{"timestamp":"2026-10-06T08:21:13.716919Z","level":"info","event":"[LightGBM] [Warning] No further splits with positive gain, best gain: -inf","logger":"task.stdout"}
{"timestamp":"2026-10-06T08:21:13.718390Z","level":"info","event":"[LightGBM] [Warning] No further splits with positive gain, best gain: -inf","logger":"task.stdout"}
{"timestamp":"2026-10-06T08:21:13.719612Z","level":"info","event":"[LightGBM] [Warning] No further splits with positive gain, best gain: -inf","logger":"task.stdout"}
{"timestamp":"2026-10-06T08:21:13.720888Z","level":"info","event":"[LightGBM] [Warning] No further splits with positive gain, best gain: -inf","logger":"task.stdout"}
{"timestamp":"2026-10-06T08:21:13.721283Z","level":"info","event":"[LightGBM] [Warning] No further splits with positive gain, best gain: -inf","logger":"task.stdout"}
{"timestamp":"2026-10-06T08:21:13.721690Z","level":"info","event":"[LightGBM] [Warning] No further splits with positive gain, best gain: -inf","logger":"task.stdout"}
{"timestamp":"2026-10-06T08:21:13.722363Z","level":"info","event":"[LightGBM] [Warning] No further splits with positive gain, best gain: -inf","logger":"task.stdout"}
{"timestamp":"2026-10-06T08:21:13.846449Z","level":"info","event":"[LightGBM] [Warning] No further splits with positive gain, best gain: -inf","logger":"task.stdout"}
{"timestamp":"2026-10-06T08:21:13.902586Z","level":"info","event":"[LightGBM] [Warning] No further splits with positive gain, best gain: -inf","logger":"task.stdout"}
{"timestamp":"2026-10-06T08:21:13.903594Z","level":"info","event":"[LightGBM] [Warning] No further splits with positive gain, best gain: -inf","logger":"task.stdout"}
{"timestamp":"2026-10-06T08:21:13.910584Z","level":"info","event":"[LightGBM] [Warning] No further splits with positive gain, best gain: -inf","logger":"task.stdout"}
{"timestamp":"2026-10-06T08:21:13.942513Z","level":"info","event":"[LightGBM] [Warning] No further splits with positive gain, best gain: -inf","logger":"task.stdout"}
{"timestamp":"2026-10-06T08:21:13.946535Z","level":"info","event":"[LightGBM] [Warning] No further splits with positive gain, best gain: -inf","logger":"task.stdout"}
{"timestamp":"2026-10-06T08:21:13.964275Z","level":"info","event":"[LightGBM] [Warning] No further splits with positive gain, best gain: -inf","logger":"task.stdout"}
{"timestamp":"2026-10-06T08:21:13.974019Z","level":"info","event":"[LightGBM] [Warning] No further splits with positive gain, best gain: -inf","logger":"task.stdout"}
{"timestamp":"2026-10-06T08:21:13.975087Z","level":"info","event":"[LightGBM] [Warning] No further splits with positive gain, best gain: -inf","logger":"task.stdout"}
{"timestamp":"2026-10-06T08:21:14.297024Z","level":"info","event":"Done. Returned value was: /opt/airflow/data/models/lightgbm.txt","ti_id":"01a1104d-2385-7172-b6e8-872107891bac","task_id":"train_lightgbm","dag_id":"sprint1_r_train","map_index":-1,"run_id":"manual__2026-10-06T08:20:53.214640+00:00","try_number":1,"logger":"airflow.task.operators.airflow.providers.standard.decorators.python._PythonDecoratedOperator","filename":"python.py","lineno":233}
{"timestamp":"2026-10-06T08:21:14.297895Z","level":"info","event":"::group::Post Execute","ti_id":"01a1104d-2385-7172-b6e8-872107891bac","task_id":"train_lightgbm","dag_id":"sprint1_r_train","map_index":-1,"run_id":"manual__2026-10-06T08:20:53.214640+00:00","try_number":1,"logger":"task","filename":"task_runner.py","lineno":1580}
{"timestamp":"2026-10-06T08:21:14.298943Z","level":"info","event":"Pushing xcom","ti":"RuntimeTaskInstance(id=UUID('01a1104d-2385-7172-b6e8-872107891bac'), task_id='train_lightgbm', dag_id='sprint1_r_train', run_id='manual__2026-10-06T08:20:53.214640+00:00', try_number=1, dag_version_id=UUID('01a10c8e-1354-7f9c-a0e6-b8326decbed9'), map_index=-1, hostname='4007fe033237', context_carrier={'traceparent': '00-ff9a0794f3cc33766eefd46d185c3cdf-1cecc4ad03b150ab-00'}, queue='default', task=<Task(_PythonDecoratedOperator): train_lightgbm>, bundle_instance=LocalDagBundle(name=dags-folder), max_tries=0, start_date=datetime.datetime(2026, 10, 6, 8, 21, 8, 109741, tzinfo=datetime.timezone.utc), end_date=None, state=<TaskInstanceState.RUNNING: 'running'>, is_mapped=False, rendered_map_index=None, sentry_integration='sentry_sdk.integrations.celery.CeleryIntegration')","ti_id":"01a1104d-2385-7172-b6e8-872107891bac","task_id":"train_lightgbm","dag_id":"sprint1_r_train","map_index":-1,"run_id":"manual__2026-10-06T08:20:53.214640+00:00","try_number":1,"logger":"task","filename":"task_runner.py","lineno":2280}
{"timestamp":"2026-10-06T08:21:14.340064Z","level":"info","event":"Task instance in success state","logger":"task.stdout"}
{"timestamp":"2026-10-06T08:21:14.340235Z","level":"info","event":" Previous state of the Task instance: TaskInstanceState.RUNNING","logger":"task.stdout"}
{"timestamp":"2026-10-06T08:21:14.340960Z","level":"info","event":"Task operator:<Task(_PythonDecoratedOperator): train_lightgbm>","logger":"task.stdout"}
{"timestamp":"2026-10-06T08:21:14.340531Z","level":"info","event":"::endgroup::","ti_id":"01a1104d-2385-7172-b6e8-872107891bac","task_id":"train_lightgbm","dag_id":"sprint1_r_train","map_index":-1,"run_id":"manual__2026-10-06T08:20:53.214640+00:00","try_number":1,"logger":"task","filename":"task_runner.py","lineno":2379}
