{"timestamp":"2026-10-05T13:02:27.274205Z","level":"info","event":"::group::Pre Execute","logger":"task","filename":"task_runner.py","lineno":2412}
{"timestamp":"2026-10-05T13:02:27.473406Z","level":"info","event":"DAG bundles loaded: dags-folder, example_dags, apache-airflow-providers-common-sql-example-dags, apache-airflow-providers-standard-example-dags","try_number":1,"run_id":"scheduled__2023-01-01T00:00:00+00:00","dag_id":"sprint1_r_train","map_index":-1,"ti_id":"01a10c28-554f-7065-8da0-3e54e2ef1c9c","task_id":"train_model","logger":"airflow.dag_processing.bundles.manager.DagBundlesManager","filename":"manager.py","lineno":304}
{"timestamp":"2026-10-05T13:02:27.475281Z","level":"info","event":"Filling up the DagBag from /opt/airflow/dags/sprint1_r_train.py","try_number":1,"run_id":"scheduled__2023-01-01T00:00:00+00:00","dag_id":"sprint1_r_train","map_index":-1,"ti_id":"01a10c28-554f-7065-8da0-3e54e2ef1c9c","task_id":"train_model","logger":"airflow.dag_processing.dagbag.BundleDagBag","filename":"dagbag.py","lineno":460}
{"timestamp":"2026-10-05T13:02:29.916441Z","level":"info","event":"Worker startup parse complete","bundle_name":"dags-folder","bundle_version":null,"dag_file":"sprint1_r_train.py","dag_id":"sprint1_r_train","bundle_prepare_ms":3,"dag_file_parse_ms":2441,"try_number":1,"run_id":"scheduled__2023-01-01T00:00:00+00:00","map_index":-1,"ti_id":"01a10c28-554f-7065-8da0-3e54e2ef1c9c","task_id":"train_model","logger":"task","filename":"task_runner.py","lineno":1073}
{"timestamp":"2026-10-05T13:02:29.961916Z","level":"info","event":"Task instance is in running state","logger":"task.stdout"}
{"timestamp":"2026-10-05T13:02:29.962218Z","level":"info","event":" Previous state of the Task instance: TaskInstanceState.QUEUED","logger":"task.stdout"}
{"timestamp":"2026-10-05T13:02:29.962503Z","level":"info","event":"Current task name:train_model","logger":"task.stdout"}
{"timestamp":"2026-10-05T13:02:29.962697Z","level":"info","event":"Dag name:sprint1_r_train","logger":"task.stdout"}
{"timestamp":"2026-10-05T13:02:29.962288Z","level":"info","event":"::endgroup::","try_number":1,"run_id":"scheduled__2023-01-01T00:00:00+00:00","dag_id":"sprint1_r_train","map_index":-1,"ti_id":"01a10c28-554f-7065-8da0-3e54e2ef1c9c","task_id":"train_model","logger":"task","filename":"task_runner.py","lineno":2232}
{"timestamp":"2026-10-05T13:02:30.016742Z","level":"info","event":"Categorical features: ['type', 'paperless_billing', 'payment_method', 'internet_service', 'online_security', 'online_backup', 'device_protection', 'tech_support', 'streaming_tv', 'streaming_movies', 'gender', 'partner', 'dependents', 'multiple_lines']","logger":"task.stdout"}
{"timestamp":"2026-10-05T13:02:30.130463Z","level":"info","event":"0:\ttotal: 67ms\tremaining: 33.4s","logger":"task.stdout"}
{"timestamp":"2026-10-05T13:02:32.550621Z","level":"info","event":"100:\ttotal: 2.47s\tremaining: 9.77s","logger":"task.stdout"}
{"timestamp":"2026-10-05T13:02:34.975779Z","level":"info","event":"200:\ttotal: 4.89s\tremaining: 7.27s","logger":"task.stdout"}
{"timestamp":"2026-10-05T13:02:37.417276Z","level":"info","event":"300:\ttotal: 7.32s\tremaining: 4.84s","logger":"task.stdout"}
{"timestamp":"2026-10-05T13:02:41.443549Z","level":"info","event":"400:\ttotal: 11.3s\tremaining: 2.79s","logger":"task.stdout"}
{"timestamp":"2026-10-05T13:02:43.639127Z","level":"info","event":"499:\ttotal: 13.5s\tremaining: 0us","logger":"task.stdout"}
{"timestamp":"2026-10-05T13:02:43.693627Z","level":"info","event":"Model saved to: /opt/airflow/data/models/churn_catboost.cbm","logger":"task.stdout"}
{"timestamp":"2026-10-05T13:02:43.694334Z","level":"info","event":"Done. Returned value was: /opt/airflow/data/models/churn_catboost.cbm","try_number":1,"run_id":"scheduled__2023-01-01T00:00:00+00:00","dag_id":"sprint1_r_train","map_index":-1,"ti_id":"01a10c28-554f-7065-8da0-3e54e2ef1c9c","task_id":"train_model","logger":"airflow.task.operators.airflow.providers.standard.decorators.python._PythonDecoratedOperator","filename":"python.py","lineno":233}
{"timestamp":"2026-10-05T13:02:43.694585Z","level":"info","event":"::group::Post Execute","try_number":1,"run_id":"scheduled__2023-01-01T00:00:00+00:00","dag_id":"sprint1_r_train","map_index":-1,"ti_id":"01a10c28-554f-7065-8da0-3e54e2ef1c9c","task_id":"train_model","logger":"task","filename":"task_runner.py","lineno":1580}
{"timestamp":"2026-10-05T13:02:43.694844Z","level":"info","event":"Pushing xcom","ti":"RuntimeTaskInstance(id=UUID('01a10c28-554f-7065-8da0-3e54e2ef1c9c'), task_id='train_model', dag_id='sprint1_r_train', run_id='scheduled__2023-01-01T00:00:00+00:00', try_number=1, dag_version_id=UUID('01a10c22-6d6f-7dea-a4f8-cc4f4cb46570'), map_index=-1, hostname='5d7a0707f3b2', context_carrier={'traceparent': '00-10bd1b4ee01d90fe09967e58a4c78668-f41041b5755ecdde-00'}, queue='default', task=<Task(_PythonDecoratedOperator): train_model>, bundle_instance=LocalDagBundle(name=dags-folder), max_tries=0, start_date=datetime.datetime(2026, 10, 5, 13, 2, 27, 290112, tzinfo=datetime.timezone.utc), end_date=None, state=<TaskInstanceState.RUNNING: 'running'>, is_mapped=False, rendered_map_index=None, sentry_integration='sentry_sdk.integrations.celery.CeleryIntegration')","try_number":1,"run_id":"scheduled__2023-01-01T00:00:00+00:00","dag_id":"sprint1_r_train","map_index":-1,"ti_id":"01a10c28-554f-7065-8da0-3e54e2ef1c9c","task_id":"train_model","logger":"task","filename":"task_runner.py","lineno":2280}
{"timestamp":"2026-10-05T13:02:43.743441Z","level":"info","event":"Task instance in success state","logger":"task.stdout"}
{"timestamp":"2026-10-05T13:02:43.743784Z","level":"info","event":" Previous state of the Task instance: TaskInstanceState.RUNNING","logger":"task.stdout"}
{"timestamp":"2026-10-05T13:02:43.743999Z","level":"info","event":"Task operator:<Task(_PythonDecoratedOperator): train_model>","logger":"task.stdout"}
{"timestamp":"2026-10-05T13:02:43.742857Z","level":"info","event":"::endgroup::","try_number":1,"run_id":"scheduled__2023-01-01T00:00:00+00:00","dag_id":"sprint1_r_train","map_index":-1,"ti_id":"01a10c28-554f-7065-8da0-3e54e2ef1c9c","task_id":"train_model","logger":"task","filename":"task_runner.py","lineno":2379}
