{"timestamp":"2026-10-06T12:36:34.702122Z","level":"info","event":"::group::Pre Execute","logger":"task","filename":"task_runner.py","lineno":2412}
{"timestamp":"2026-10-06T12:36:34.826691Z","level":"info","event":"DAG bundles loaded: dags-folder, example_dags, apache-airflow-providers-common-sql-example-dags, apache-airflow-providers-standard-example-dags","run_id":"manual__2026-10-06T12:36:33.612683+00:00","task_id":"split_data","ti_id":"01a11137-36e6-7526-a25f-7fc8cb385dca","dag_id":"sprint1_r_train","try_number":1,"map_index":-1,"logger":"airflow.dag_processing.bundles.manager.DagBundlesManager","filename":"manager.py","lineno":304}
{"timestamp":"2026-10-06T12:36:34.827598Z","level":"info","event":"Filling up the DagBag from /opt/airflow/dags/sprint1_r_train.py","run_id":"manual__2026-10-06T12:36:33.612683+00:00","task_id":"split_data","ti_id":"01a11137-36e6-7526-a25f-7fc8cb385dca","dag_id":"sprint1_r_train","try_number":1,"map_index":-1,"logger":"airflow.dag_processing.dagbag.BundleDagBag","filename":"dagbag.py","lineno":460}
{"timestamp":"2026-10-06T12:36:37.112044Z","level":"info","event":"Worker startup parse complete","bundle_name":"dags-folder","bundle_version":null,"dag_file":"sprint1_r_train.py","dag_id":"sprint1_r_train","bundle_prepare_ms":2,"dag_file_parse_ms":2284,"run_id":"manual__2026-10-06T12:36:33.612683+00:00","task_id":"split_data","ti_id":"01a11137-36e6-7526-a25f-7fc8cb385dca","try_number":1,"map_index":-1,"logger":"task","filename":"task_runner.py","lineno":1073}
{"timestamp":"2026-10-06T12:36:37.143483Z","level":"info","event":"Task instance is in running state","logger":"task.stdout"}
{"timestamp":"2026-10-06T12:36:37.143855Z","level":"info","event":" Previous state of the Task instance: TaskInstanceState.QUEUED","logger":"task.stdout"}
{"timestamp":"2026-10-06T12:36:37.144633Z","level":"info","event":"Current task name:split_data","logger":"task.stdout"}
{"timestamp":"2026-10-06T12:36:37.144893Z","level":"info","event":"Dag name:sprint1_r_train","logger":"task.stdout"}
{"timestamp":"2026-10-06T12:36:37.145342Z","level":"info","event":"::endgroup::","run_id":"manual__2026-10-06T12:36:33.612683+00:00","task_id":"split_data","ti_id":"01a11137-36e6-7526-a25f-7fc8cb385dca","dag_id":"sprint1_r_train","try_number":1,"map_index":-1,"logger":"task","filename":"task_runner.py","lineno":2232}
{"timestamp":"2026-10-06T12:36:37.194867Z","level":"info","event":"Dataset shape: (7021, 18)","logger":"task.stdout"}
{"timestamp":"2026-10-06T12:36:37.328338Z","level":"info","event":"Train shape: (5265, 17)","logger":"task.stdout"}
{"timestamp":"2026-10-06T12:36:37.328562Z","level":"info","event":"Validation shape: (1756, 17)","logger":"task.stdout"}
{"timestamp":"2026-10-06T12:36:37.328701Z","level":"info","event":"Train target distribution:","logger":"task.stdout"}
{"timestamp":"2026-10-06T12:36:37.332332Z","level":"info","event":"target","logger":"task.stdout"}
{"timestamp":"2026-10-06T12:36:37.332534Z","level":"info","event":"0    0.735423","logger":"task.stdout"}
{"timestamp":"2026-10-06T12:36:37.332649Z","level":"info","event":"1    0.264577","logger":"task.stdout"}
{"timestamp":"2026-10-06T12:36:37.332760Z","level":"info","event":"Name: proportion, dtype: float64","logger":"task.stdout"}
{"timestamp":"2026-10-06T12:36:37.332876Z","level":"info","event":"Validation target distribution:","logger":"task.stdout"}
{"timestamp":"2026-10-06T12:36:37.333103Z","level":"info","event":"target","logger":"task.stdout"}
{"timestamp":"2026-10-06T12:36:37.333234Z","level":"info","event":"0    0.735763","logger":"task.stdout"}
{"timestamp":"2026-10-06T12:36:37.333348Z","level":"info","event":"1    0.264237","logger":"task.stdout"}
{"timestamp":"2026-10-06T12:36:37.333458Z","level":"info","event":"Name: proportion, dtype: float64","logger":"task.stdout"}
{"timestamp":"2026-10-06T12:36:37.375233Z","level":"info","event":"X_train saved: /opt/airflow/data/train/X_train.parquet","logger":"task.stdout"}
{"timestamp":"2026-10-06T12:36:37.375621Z","level":"info","event":"X_val saved: /opt/airflow/data/train/X_val.parquet","logger":"task.stdout"}
{"timestamp":"2026-10-06T12:36:37.376311Z","level":"info","event":"Done. Returned value was: {'x_train': '/opt/airflow/data/train/X_train.parquet', 'x_val': '/opt/airflow/data/train/X_val.parquet', 'y_train': '/opt/airflow/data/train/y_train.parquet', 'y_val': '/opt/airflow/data/train/y_val.parquet'}","run_id":"manual__2026-10-06T12:36:33.612683+00:00","task_id":"split_data","ti_id":"01a11137-36e6-7526-a25f-7fc8cb385dca","dag_id":"sprint1_r_train","try_number":1,"map_index":-1,"logger":"airflow.task.operators.airflow.providers.standard.decorators.python._PythonDecoratedOperator","filename":"python.py","lineno":233}
{"timestamp":"2026-10-06T12:36:37.376983Z","level":"info","event":"::group::Post Execute","run_id":"manual__2026-10-06T12:36:33.612683+00:00","task_id":"split_data","ti_id":"01a11137-36e6-7526-a25f-7fc8cb385dca","dag_id":"sprint1_r_train","try_number":1,"map_index":-1,"logger":"task","filename":"task_runner.py","lineno":1580}
{"timestamp":"2026-10-06T12:36:37.377634Z","level":"info","event":"Pushing xcom","ti":"RuntimeTaskInstance(id=UUID('01a11137-36e6-7526-a25f-7fc8cb385dca'), task_id='split_data', dag_id='sprint1_r_train', run_id='manual__2026-10-06T12:36:33.612683+00:00', try_number=1, dag_version_id=UUID('01a11111-bc37-7964-829e-e9b22b212ab0'), map_index=-1, hostname='4007fe033237', context_carrier={'traceparent': '00-8147e577541f88887ec10cb8409d3085-1d9a0ca07b748f12-00'}, queue='default', task=<Task(_PythonDecoratedOperator): split_data>, bundle_instance=LocalDagBundle(name=dags-folder), max_tries=0, start_date=datetime.datetime(2026, 10, 6, 12, 36, 34, 708444, tzinfo=datetime.timezone.utc), end_date=None, state=<TaskInstanceState.RUNNING: 'running'>, is_mapped=False, rendered_map_index=None, sentry_integration='sentry_sdk.integrations.celery.CeleryIntegration')","run_id":"manual__2026-10-06T12:36:33.612683+00:00","task_id":"split_data","ti_id":"01a11137-36e6-7526-a25f-7fc8cb385dca","dag_id":"sprint1_r_train","try_number":1,"map_index":-1,"logger":"task","filename":"task_runner.py","lineno":2280}
{"timestamp":"2026-10-06T12:36:37.568566Z","level":"info","event":"Task instance in success state","logger":"task.stdout"}
{"timestamp":"2026-10-06T12:36:37.568826Z","level":"info","event":" Previous state of the Task instance: TaskInstanceState.RUNNING","logger":"task.stdout"}
{"timestamp":"2026-10-06T12:36:37.568961Z","level":"info","event":"Task operator:<Task(_PythonDecoratedOperator): split_data>","logger":"task.stdout"}
{"timestamp":"2026-10-06T12:36:37.560960Z","level":"info","event":"::endgroup::","run_id":"manual__2026-10-06T12:36:33.612683+00:00","task_id":"split_data","ti_id":"01a11137-36e6-7526-a25f-7fc8cb385dca","dag_id":"sprint1_r_train","try_number":1,"map_index":-1,"logger":"task","filename":"task_runner.py","lineno":2379}
