{"timestamp":"2026-10-05T13:43:57.085123Z","level":"info","event":"::group::Pre Execute","logger":"task","filename":"task_runner.py","lineno":2412}
{"timestamp":"2026-10-05T13:43:57.209902Z","level":"info","event":"DAG bundles loaded: dags-folder, example_dags, apache-airflow-providers-common-sql-example-dags, apache-airflow-providers-standard-example-dags","map_index":-1,"try_number":1,"ti_id":"01a10c4e-8cd7-7b42-a398-c99186997d69","task_id":"split_data","dag_id":"sprint1_r_train","run_id":"manual__2026-10-05T13:43:56.872075+00:00","logger":"airflow.dag_processing.bundles.manager.DagBundlesManager","filename":"manager.py","lineno":304}
{"timestamp":"2026-10-05T13:43:57.210971Z","level":"info","event":"Filling up the DagBag from /opt/airflow/dags/sprint1_r_train.py","map_index":-1,"try_number":1,"ti_id":"01a10c4e-8cd7-7b42-a398-c99186997d69","task_id":"split_data","dag_id":"sprint1_r_train","run_id":"manual__2026-10-05T13:43:56.872075+00:00","logger":"airflow.dag_processing.dagbag.BundleDagBag","filename":"dagbag.py","lineno":460}
{"timestamp":"2026-10-05T13:43:58.713437Z","level":"info","event":"Worker startup parse complete","bundle_name":"dags-folder","bundle_version":null,"dag_file":"sprint1_r_train.py","dag_id":"sprint1_r_train","bundle_prepare_ms":2,"dag_file_parse_ms":1502,"map_index":-1,"try_number":1,"ti_id":"01a10c4e-8cd7-7b42-a398-c99186997d69","task_id":"split_data","run_id":"manual__2026-10-05T13:43:56.872075+00:00","logger":"task","filename":"task_runner.py","lineno":1073}
{"timestamp":"2026-10-05T13:43:58.735351Z","level":"info","event":"Task instance is in running state","logger":"task.stdout"}
{"timestamp":"2026-10-05T13:43:58.735563Z","level":"info","event":" Previous state of the Task instance: TaskInstanceState.QUEUED","logger":"task.stdout"}
{"timestamp":"2026-10-05T13:43:58.735670Z","level":"info","event":"Current task name:split_data","logger":"task.stdout"}
{"timestamp":"2026-10-05T13:43:58.735771Z","level":"info","event":"Dag name:sprint1_r_train","logger":"task.stdout"}
{"timestamp":"2026-10-05T13:43:58.735740Z","level":"info","event":"::endgroup::","map_index":-1,"try_number":1,"ti_id":"01a10c4e-8cd7-7b42-a398-c99186997d69","task_id":"split_data","dag_id":"sprint1_r_train","run_id":"manual__2026-10-05T13:43:56.872075+00:00","logger":"task","filename":"task_runner.py","lineno":2232}
{"timestamp":"2026-10-05T13:43:58.770111Z","level":"info","event":"Dataset shape: (7021, 18)","logger":"task.stdout"}
{"timestamp":"2026-10-05T13:43:58.831450Z","level":"info","event":"Train shape: (5265, 17)","logger":"task.stdout"}
{"timestamp":"2026-10-05T13:43:58.831633Z","level":"info","event":"Validation shape: (1756, 17)","logger":"task.stdout"}
{"timestamp":"2026-10-05T13:43:58.831722Z","level":"info","event":"Train target distribution:","logger":"task.stdout"}
{"timestamp":"2026-10-05T13:43:58.832887Z","level":"info","event":"target","logger":"task.stdout"}
{"timestamp":"2026-10-05T13:43:58.832989Z","level":"info","event":"0    0.735423","logger":"task.stdout"}
{"timestamp":"2026-10-05T13:43:58.833074Z","level":"info","event":"1    0.264577","logger":"task.stdout"}
{"timestamp":"2026-10-05T13:43:58.833161Z","level":"info","event":"Name: proportion, dtype: float64","logger":"task.stdout"}
{"timestamp":"2026-10-05T13:43:58.833251Z","level":"info","event":"Validation target distribution:","logger":"task.stdout"}
{"timestamp":"2026-10-05T13:43:58.833846Z","level":"info","event":"target","logger":"task.stdout"}
{"timestamp":"2026-10-05T13:43:58.833935Z","level":"info","event":"0    0.735763","logger":"task.stdout"}
{"timestamp":"2026-10-05T13:43:58.834021Z","level":"info","event":"1    0.264237","logger":"task.stdout"}
{"timestamp":"2026-10-05T13:43:58.834106Z","level":"info","event":"Name: proportion, dtype: float64","logger":"task.stdout"}
{"timestamp":"2026-10-05T13:43:58.860516Z","level":"info","event":"X_train saved: /opt/airflow/data/train/X_train.parquet","logger":"task.stdout"}
{"timestamp":"2026-10-05T13:43:58.860713Z","level":"info","event":"X_val saved: /opt/airflow/data/train/X_val.parquet","logger":"task.stdout"}
{"timestamp":"2026-10-05T13:43:58.860820Z","level":"info","event":"Done. Returned value was: {'x_train': '/opt/airflow/data/train/X_train.parquet', 'x_val': '/opt/airflow/data/train/X_val.parquet', 'y_train': '/opt/airflow/data/train/y_train.parquet', 'y_val': '/opt/airflow/data/train/y_val.parquet'}","map_index":-1,"try_number":1,"ti_id":"01a10c4e-8cd7-7b42-a398-c99186997d69","task_id":"split_data","dag_id":"sprint1_r_train","run_id":"manual__2026-10-05T13:43:56.872075+00:00","logger":"airflow.task.operators.airflow.providers.standard.decorators.python._PythonDecoratedOperator","filename":"python.py","lineno":233}
{"timestamp":"2026-10-05T13:43:58.861039Z","level":"info","event":"::group::Post Execute","map_index":-1,"try_number":1,"ti_id":"01a10c4e-8cd7-7b42-a398-c99186997d69","task_id":"split_data","dag_id":"sprint1_r_train","run_id":"manual__2026-10-05T13:43:56.872075+00:00","logger":"task","filename":"task_runner.py","lineno":1580}
{"timestamp":"2026-10-05T13:43:58.861231Z","level":"info","event":"Pushing xcom","ti":"RuntimeTaskInstance(id=UUID('01a10c4e-8cd7-7b42-a398-c99186997d69'), task_id='split_data', dag_id='sprint1_r_train', run_id='manual__2026-10-05T13:43:56.872075+00:00', try_number=1, dag_version_id=UUID('01a10c4c-b617-703e-b73c-c7f2684468c6'), map_index=-1, hostname='5d7a0707f3b2', context_carrier={'traceparent': '00-9840a4016e1cddae7d39b7c32c1aea4c-758f81cc4dc1a3b5-00'}, queue='default', task=<Task(_PythonDecoratedOperator): split_data>, bundle_instance=LocalDagBundle(name=dags-folder), max_tries=0, start_date=datetime.datetime(2026, 10, 5, 13, 43, 57, 93473, tzinfo=datetime.timezone.utc), end_date=None, state=<TaskInstanceState.RUNNING: 'running'>, is_mapped=False, rendered_map_index=None, sentry_integration='sentry_sdk.integrations.celery.CeleryIntegration')","map_index":-1,"try_number":1,"ti_id":"01a10c4e-8cd7-7b42-a398-c99186997d69","task_id":"split_data","dag_id":"sprint1_r_train","run_id":"manual__2026-10-05T13:43:56.872075+00:00","logger":"task","filename":"task_runner.py","lineno":2280}
{"timestamp":"2026-10-05T13:43:58.945791Z","level":"info","event":"Task instance in success state","logger":"task.stdout"}
{"timestamp":"2026-10-05T13:43:58.945959Z","level":"info","event":" Previous state of the Task instance: TaskInstanceState.RUNNING","logger":"task.stdout"}
{"timestamp":"2026-10-05T13:43:58.946147Z","level":"info","event":"Task operator:<Task(_PythonDecoratedOperator): split_data>","logger":"task.stdout"}
{"timestamp":"2026-10-05T13:43:58.946149Z","level":"info","event":"::endgroup::","map_index":-1,"try_number":1,"ti_id":"01a10c4e-8cd7-7b42-a398-c99186997d69","task_id":"split_data","dag_id":"sprint1_r_train","run_id":"manual__2026-10-05T13:43:56.872075+00:00","logger":"task","filename":"task_runner.py","lineno":2379}
