{"timestamp":"2026-10-06T12:46:26.896622Z","level":"info","event":"::group::Pre Execute","logger":"task","filename":"task_runner.py","lineno":2412}
{"timestamp":"2026-10-06T12:46:34.703318Z","level":"info","event":"DAG bundles loaded: dags-folder, example_dags, apache-airflow-providers-common-sql-example-dags, apache-airflow-providers-standard-example-dags","dag_id":"sprint1_r_train","task_id":"split_data","ti_id":"01a11140-4055-7511-9975-d6387f3cefb7","try_number":1,"map_index":-1,"run_id":"manual__2026-10-06T12:46:25.838997+00:00","logger":"airflow.dag_processing.bundles.manager.DagBundlesManager","filename":"manager.py","lineno":304}
{"timestamp":"2026-10-06T12:46:34.704831Z","level":"info","event":"Filling up the DagBag from /opt/airflow/dags/sprint1_r_train.py","dag_id":"sprint1_r_train","task_id":"split_data","ti_id":"01a11140-4055-7511-9975-d6387f3cefb7","try_number":1,"map_index":-1,"run_id":"manual__2026-10-06T12:46:25.838997+00:00","logger":"airflow.dag_processing.dagbag.BundleDagBag","filename":"dagbag.py","lineno":460}
{"timestamp":"2026-10-06T12:46:42.519733Z","level":"info","event":"Worker startup parse complete","bundle_name":"dags-folder","bundle_version":null,"dag_file":"sprint1_r_train.py","dag_id":"sprint1_r_train","bundle_prepare_ms":8,"dag_file_parse_ms":7815,"task_id":"split_data","ti_id":"01a11140-4055-7511-9975-d6387f3cefb7","try_number":1,"map_index":-1,"run_id":"manual__2026-10-06T12:46:25.838997+00:00","logger":"task","filename":"task_runner.py","lineno":1073}
{"timestamp":"2026-10-06T12:46:42.563729Z","level":"info","event":"Task instance is in running state","logger":"task.stdout"}
{"timestamp":"2026-10-06T12:46:42.563941Z","level":"info","event":" Previous state of the Task instance: TaskInstanceState.QUEUED","logger":"task.stdout"}
{"timestamp":"2026-10-06T12:46:42.564176Z","level":"info","event":"Current task name:split_data","logger":"task.stdout"}
{"timestamp":"2026-10-06T12:46:42.564332Z","level":"info","event":"Dag name:sprint1_r_train","logger":"task.stdout"}
{"timestamp":"2026-10-06T12:46:42.564307Z","level":"info","event":"::endgroup::","dag_id":"sprint1_r_train","task_id":"split_data","ti_id":"01a11140-4055-7511-9975-d6387f3cefb7","try_number":1,"map_index":-1,"run_id":"manual__2026-10-06T12:46:25.838997+00:00","logger":"task","filename":"task_runner.py","lineno":2232}
{"timestamp":"2026-10-06T12:46:42.676353Z","level":"info","event":"Dataset shape: (7021, 18)","logger":"task.stdout"}
{"timestamp":"2026-10-06T12:46:42.834556Z","level":"info","event":"Train shape: (5265, 17)","logger":"task.stdout"}
{"timestamp":"2026-10-06T12:46:42.834775Z","level":"info","event":"Validation shape: (1756, 17)","logger":"task.stdout"}
{"timestamp":"2026-10-06T12:46:42.834913Z","level":"info","event":"Train target distribution:","logger":"task.stdout"}
{"timestamp":"2026-10-06T12:46:42.836659Z","level":"info","event":"target","logger":"task.stdout"}
{"timestamp":"2026-10-06T12:46:42.836850Z","level":"info","event":"0    0.735423","logger":"task.stdout"}
{"timestamp":"2026-10-06T12:46:42.836968Z","level":"info","event":"1    0.264577","logger":"task.stdout"}
{"timestamp":"2026-10-06T12:46:42.837082Z","level":"info","event":"Name: proportion, dtype: float64","logger":"task.stdout"}
{"timestamp":"2026-10-06T12:46:42.837193Z","level":"info","event":"Validation target distribution:","logger":"task.stdout"}
{"timestamp":"2026-10-06T12:46:42.837818Z","level":"info","event":"target","logger":"task.stdout"}
{"timestamp":"2026-10-06T12:46:42.837965Z","level":"info","event":"0    0.735763","logger":"task.stdout"}
{"timestamp":"2026-10-06T12:46:42.838074Z","level":"info","event":"1    0.264237","logger":"task.stdout"}
{"timestamp":"2026-10-06T12:46:42.838182Z","level":"info","event":"Name: proportion, dtype: float64","logger":"task.stdout"}
{"timestamp":"2026-10-06T12:46:42.866209Z","level":"info","event":"X_train saved: /opt/airflow/data/train/X_train.parquet","logger":"task.stdout"}
{"timestamp":"2026-10-06T12:46:42.866415Z","level":"info","event":"X_val saved: /opt/airflow/data/train/X_val.parquet","logger":"task.stdout"}
{"timestamp":"2026-10-06T12:46:42.866589Z","level":"info","event":"Done. Returned value was: {'x_train': '/opt/airflow/data/train/X_train.parquet', 'x_val': '/opt/airflow/data/train/X_val.parquet', 'y_train': '/opt/airflow/data/train/y_train.parquet', 'y_val': '/opt/airflow/data/train/y_val.parquet'}","dag_id":"sprint1_r_train","task_id":"split_data","ti_id":"01a11140-4055-7511-9975-d6387f3cefb7","try_number":1,"map_index":-1,"run_id":"manual__2026-10-06T12:46:25.838997+00:00","logger":"airflow.task.operators.airflow.providers.standard.decorators.python._PythonDecoratedOperator","filename":"python.py","lineno":233}
{"timestamp":"2026-10-06T12:46:42.866819Z","level":"info","event":"::group::Post Execute","dag_id":"sprint1_r_train","task_id":"split_data","ti_id":"01a11140-4055-7511-9975-d6387f3cefb7","try_number":1,"map_index":-1,"run_id":"manual__2026-10-06T12:46:25.838997+00:00","logger":"task","filename":"task_runner.py","lineno":1580}
{"timestamp":"2026-10-06T12:46:42.867133Z","level":"info","event":"Pushing xcom","ti":"RuntimeTaskInstance(id=UUID('01a11140-4055-7511-9975-d6387f3cefb7'), task_id='split_data', dag_id='sprint1_r_train', run_id='manual__2026-10-06T12:46:25.838997+00:00', try_number=1, dag_version_id=UUID('01a11111-bc37-7964-829e-e9b22b212ab0'), map_index=-1, hostname='0b0dce97fdb5', context_carrier={'traceparent': '00-64b11dc43eeb1ac398a2af670ba3ced9-64f9e9074d60a3eb-00'}, queue='default', task=<Task(_PythonDecoratedOperator): split_data>, bundle_instance=LocalDagBundle(name=dags-folder), max_tries=0, start_date=datetime.datetime(2026, 10, 6, 12, 46, 34, 448644, tzinfo=datetime.timezone.utc), end_date=None, state=<TaskInstanceState.RUNNING: 'running'>, is_mapped=False, rendered_map_index=None, sentry_integration='sentry_sdk.integrations.celery.CeleryIntegration')","dag_id":"sprint1_r_train","task_id":"split_data","ti_id":"01a11140-4055-7511-9975-d6387f3cefb7","try_number":1,"map_index":-1,"run_id":"manual__2026-10-06T12:46:25.838997+00:00","logger":"task","filename":"task_runner.py","lineno":2280}
{"timestamp":"2026-10-06T12:46:42.996716Z","level":"info","event":"Task instance in success state","logger":"task.stdout"}
{"timestamp":"2026-10-06T12:46:42.996972Z","level":"info","event":" Previous state of the Task instance: TaskInstanceState.RUNNING","logger":"task.stdout"}
{"timestamp":"2026-10-06T12:46:42.997215Z","level":"info","event":"Task operator:<Task(_PythonDecoratedOperator): split_data>","logger":"task.stdout"}
{"timestamp":"2026-10-06T12:46:42.997145Z","level":"info","event":"::endgroup::","dag_id":"sprint1_r_train","task_id":"split_data","ti_id":"01a11140-4055-7511-9975-d6387f3cefb7","try_number":1,"map_index":-1,"run_id":"manual__2026-10-06T12:46:25.838997+00:00","logger":"task","filename":"task_runner.py","lineno":2379}
