{"timestamp":"2026-10-05T12:42:38.179509Z","level":"info","event":"::group::Pre Execute","logger":"task","filename":"task_runner.py","lineno":2412}
{"timestamp":"2026-10-05T12:42:38.298851Z","level":"info","event":"DAG bundles loaded: dags-folder, example_dags, apache-airflow-providers-common-sql-example-dags, apache-airflow-providers-standard-example-dags","dag_id":"sprint1_r_etl","map_index":-1,"ti_id":"01a10c16-62cf-79e6-96e0-8acdab240445","try_number":1,"run_id":"manual__2026-10-05T12:42:36.094517+00:00","task_id":"transform","logger":"airflow.dag_processing.bundles.manager.DagBundlesManager","filename":"manager.py","lineno":304}
{"timestamp":"2026-10-05T12:42:38.299970Z","level":"info","event":"Filling up the DagBag from /opt/airflow/dags/etl1.py","dag_id":"sprint1_r_etl","map_index":-1,"ti_id":"01a10c16-62cf-79e6-96e0-8acdab240445","try_number":1,"run_id":"manual__2026-10-05T12:42:36.094517+00:00","task_id":"transform","logger":"airflow.dag_processing.dagbag.BundleDagBag","filename":"dagbag.py","lineno":460}
{"timestamp":"2026-10-05T12:42:38.778237Z","level":"info","event":"Worker startup parse complete","bundle_name":"dags-folder","bundle_version":null,"dag_file":"etl1.py","dag_id":"sprint1_r_etl","bundle_prepare_ms":2,"dag_file_parse_ms":478,"map_index":-1,"ti_id":"01a10c16-62cf-79e6-96e0-8acdab240445","try_number":1,"run_id":"manual__2026-10-05T12:42:36.094517+00:00","task_id":"transform","logger":"task","filename":"task_runner.py","lineno":1073}
{"timestamp":"2026-10-05T12:42:38.815192Z","level":"info","event":"Task instance is in running state","logger":"task.stdout"}
{"timestamp":"2026-10-05T12:42:38.815439Z","level":"info","event":" Previous state of the Task instance: TaskInstanceState.QUEUED","logger":"task.stdout"}
{"timestamp":"2026-10-05T12:42:38.815605Z","level":"info","event":"Current task name:transform","logger":"task.stdout"}
{"timestamp":"2026-10-05T12:42:38.815702Z","level":"info","event":"Dag name:sprint1_r_etl","logger":"task.stdout"}
{"timestamp":"2026-10-05T12:42:38.815799Z","level":"info","event":"::endgroup::","dag_id":"sprint1_r_etl","map_index":-1,"ti_id":"01a10c16-62cf-79e6-96e0-8acdab240445","try_number":1,"run_id":"manual__2026-10-05T12:42:36.094517+00:00","task_id":"transform","logger":"task","filename":"task_runner.py","lineno":2232}
{"timestamp":"2026-10-05T12:42:38.861123Z","level":"info","event":"Initial shape: (7043, 21)","logger":"task.stdout"}
{"timestamp":"2026-10-05T12:42:38.906661Z","level":"info","event":"Duplicates removed: 22","logger":"task.stdout"}
{"timestamp":"2026-10-05T12:42:38.950585Z","level":"info","event":"internet_service: filled with mode = Fiber optic","logger":"task.stdout"}
{"timestamp":"2026-10-05T12:42:38.951543Z","level":"info","event":"online_security: filled with mode = No","logger":"task.stdout"}
{"timestamp":"2026-10-05T12:42:38.952442Z","level":"info","event":"online_backup: filled with mode = No","logger":"task.stdout"}
{"timestamp":"2026-10-05T12:42:38.953446Z","level":"info","event":"device_protection: filled with mode = No","logger":"task.stdout"}
{"timestamp":"2026-10-05T12:42:38.957775Z","level":"info","event":"tech_support: filled with mode = No","logger":"task.stdout"}
{"timestamp":"2026-10-05T12:42:38.958049Z","level":"info","event":"streaming_tv: filled with mode = No","logger":"task.stdout"}
{"timestamp":"2026-10-05T12:42:38.958272Z","level":"info","event":"streaming_movies: filled with mode = No","logger":"task.stdout"}
{"timestamp":"2026-10-05T12:42:38.958464Z","level":"info","event":"multiple_lines: filled with mode = No","logger":"task.stdout"}
{"timestamp":"2026-10-05T12:42:38.971091Z","level":"info","event":"total_charges: filled with median = 1403.88","logger":"task.stdout"}
{"timestamp":"2026-10-05T12:42:38.975631Z","level":"info","event":"Missing values: 0","logger":"task.stdout"}
{"timestamp":"2026-10-05T12:42:38.980234Z","level":"info","event":"monthly_charges: 0 outliers, bounds: -45.48 - 171.13","logger":"task.stdout"}
{"timestamp":"2026-10-05T12:42:38.983185Z","level":"info","event":"total_charges: 0 outliers, bounds: -4674.67 - 8887.52","logger":"task.stdout"}
{"timestamp":"2026-10-05T12:42:38.983483Z","level":"info","event":"Total rows with outliers: 0","logger":"task.stdout"}
{"timestamp":"2026-10-05T12:42:38.984553Z","level":"info","event":"Final shape after transform: (7021, 18)","logger":"task.stdout"}
{"timestamp":"2026-10-05T12:42:38.984665Z","level":"info","event":"Target distribution:","logger":"task.stdout"}
{"timestamp":"2026-10-05T12:42:38.987647Z","level":"info","event":"target","logger":"task.stdout"}
{"timestamp":"2026-10-05T12:42:38.987752Z","level":"info","event":"0    5164","logger":"task.stdout"}
{"timestamp":"2026-10-05T12:42:38.987852Z","level":"info","event":"1    1857","logger":"task.stdout"}
{"timestamp":"2026-10-05T12:42:38.987948Z","level":"info","event":"Name: count, dtype: int64","logger":"task.stdout"}
{"timestamp":"2026-10-05T12:42:39.005707Z","level":"info","event":"Transformed dataset saved to: /opt/airflow/data/processed/users_churn_transformed.parquet","logger":"task.stdout"}
{"timestamp":"2026-10-05T12:42:39.005993Z","level":"info","event":"Done. Returned value was: /opt/airflow/data/processed/users_churn_transformed.parquet","dag_id":"sprint1_r_etl","map_index":-1,"ti_id":"01a10c16-62cf-79e6-96e0-8acdab240445","try_number":1,"run_id":"manual__2026-10-05T12:42:36.094517+00:00","task_id":"transform","logger":"airflow.task.operators.airflow.providers.standard.decorators.python._PythonDecoratedOperator","filename":"python.py","lineno":233}
{"timestamp":"2026-10-05T12:42:39.006223Z","level":"info","event":"::group::Post Execute","dag_id":"sprint1_r_etl","map_index":-1,"ti_id":"01a10c16-62cf-79e6-96e0-8acdab240445","try_number":1,"run_id":"manual__2026-10-05T12:42:36.094517+00:00","task_id":"transform","logger":"task","filename":"task_runner.py","lineno":1580}
{"timestamp":"2026-10-05T12:42:39.006478Z","level":"info","event":"Pushing xcom","ti":"RuntimeTaskInstance(id=UUID('01a10c16-62cf-79e6-96e0-8acdab240445'), task_id='transform', dag_id='sprint1_r_etl', run_id='manual__2026-10-05T12:42:36.094517+00:00', try_number=1, dag_version_id=UUID('01a1017a-1d0c-7dd4-8a3f-79b27b6d79cb'), map_index=-1, hostname='d1cfd5b9f4be', context_carrier={'traceparent': '00-0ce3c5d536bbc6f434680bbe26293b0f-60130d7e1987135e-00'}, queue='default', task=<Task(_PythonDecoratedOperator): transform>, bundle_instance=LocalDagBundle(name=dags-folder), max_tries=0, start_date=datetime.datetime(2026, 10, 5, 12, 42, 38, 188060, tzinfo=datetime.timezone.utc), end_date=None, state=<TaskInstanceState.RUNNING: 'running'>, is_mapped=False, rendered_map_index=None, sentry_integration='sentry_sdk.integrations.celery.CeleryIntegration')","dag_id":"sprint1_r_etl","map_index":-1,"ti_id":"01a10c16-62cf-79e6-96e0-8acdab240445","try_number":1,"run_id":"manual__2026-10-05T12:42:36.094517+00:00","task_id":"transform","logger":"task","filename":"task_runner.py","lineno":2280}
{"timestamp":"2026-10-05T12:42:39.047888Z","level":"info","event":"Task instance in success state","logger":"task.stdout"}
{"timestamp":"2026-10-05T12:42:39.048296Z","level":"info","event":" Previous state of the Task instance: TaskInstanceState.RUNNING","logger":"task.stdout"}
{"timestamp":"2026-10-05T12:42:39.057421Z","level":"info","event":"Task operator:<Task(_PythonDecoratedOperator): transform>","logger":"task.stdout"}
{"timestamp":"2026-10-05T12:42:39.056875Z","level":"info","event":"::endgroup::","dag_id":"sprint1_r_etl","map_index":-1,"ti_id":"01a10c16-62cf-79e6-96e0-8acdab240445","try_number":1,"run_id":"manual__2026-10-05T12:42:36.094517+00:00","task_id":"transform","logger":"task","filename":"task_runner.py","lineno":2379}
