{"timestamp":"2026-10-05T13:08:34.348779Z","level":"info","event":"::group::Pre Execute","logger":"task","filename":"task_runner.py","lineno":2412}
{"timestamp":"2026-10-05T13:08:34.479049Z","level":"info","event":"DAG bundles loaded: dags-folder, example_dags, apache-airflow-providers-common-sql-example-dags, apache-airflow-providers-standard-example-dags","task_id":"train_model","map_index":-1,"dag_id":"sprint1_r_train","run_id":"manual__2026-10-05T13:08:30.433710+00:00","try_number":1,"ti_id":"01a10c2e-1a73-769a-91d6-04348d7ace9d","logger":"airflow.dag_processing.bundles.manager.DagBundlesManager","filename":"manager.py","lineno":304}
{"timestamp":"2026-10-05T13:08:34.480018Z","level":"info","event":"Filling up the DagBag from /opt/airflow/dags/sprint1_r_train.py","task_id":"train_model","map_index":-1,"dag_id":"sprint1_r_train","run_id":"manual__2026-10-05T13:08:30.433710+00:00","try_number":1,"ti_id":"01a10c2e-1a73-769a-91d6-04348d7ace9d","logger":"airflow.dag_processing.dagbag.BundleDagBag","filename":"dagbag.py","lineno":460}
{"timestamp":"2026-10-05T13:08:36.072827Z","level":"info","event":"Worker startup parse complete","bundle_name":"dags-folder","bundle_version":null,"dag_file":"sprint1_r_train.py","dag_id":"sprint1_r_train","bundle_prepare_ms":2,"dag_file_parse_ms":1592,"task_id":"train_model","map_index":-1,"run_id":"manual__2026-10-05T13:08:30.433710+00:00","try_number":1,"ti_id":"01a10c2e-1a73-769a-91d6-04348d7ace9d","logger":"task","filename":"task_runner.py","lineno":1073}
{"timestamp":"2026-10-05T13:08:36.109232Z","level":"info","event":"Task instance is in running state","logger":"task.stdout"}
{"timestamp":"2026-10-05T13:08:36.109397Z","level":"info","event":" Previous state of the Task instance: TaskInstanceState.QUEUED","logger":"task.stdout"}
{"timestamp":"2026-10-05T13:08:36.109580Z","level":"info","event":"Current task name:train_model","logger":"task.stdout"}
{"timestamp":"2026-10-05T13:08:36.109678Z","level":"info","event":"Dag name:sprint1_r_train","logger":"task.stdout"}
{"timestamp":"2026-10-05T13:08:36.109634Z","level":"info","event":"::endgroup::","task_id":"train_model","map_index":-1,"dag_id":"sprint1_r_train","run_id":"manual__2026-10-05T13:08:30.433710+00:00","try_number":1,"ti_id":"01a10c2e-1a73-769a-91d6-04348d7ace9d","logger":"task","filename":"task_runner.py","lineno":2232}
{"timestamp":"2026-10-05T13:08:36.149493Z","level":"info","event":"Categorical features: ['type', 'paperless_billing', 'payment_method', 'internet_service', 'online_security', 'online_backup', 'device_protection', 'tech_support', 'streaming_tv', 'streaming_movies', 'gender', 'partner', 'dependents', 'multiple_lines']","logger":"task.stdout"}
{"timestamp":"2026-10-05T13:08:36.224678Z","level":"info","event":"0:\ttotal: 54.1ms\tremaining: 27s","logger":"task.stdout"}
{"timestamp":"2026-10-05T13:08:36.887567Z","level":"info","event":"100:\ttotal: 710ms\tremaining: 2.81s","logger":"task.stdout"}
{"timestamp":"2026-10-05T13:08:37.609111Z","level":"info","event":"200:\ttotal: 1.42s\tremaining: 2.12s","logger":"task.stdout"}
{"timestamp":"2026-10-05T13:08:38.164148Z","level":"info","event":"300:\ttotal: 1.97s\tremaining: 1.3s","logger":"task.stdout"}
{"timestamp":"2026-10-05T13:08:38.734485Z","level":"info","event":"400:\ttotal: 2.54s\tremaining: 627ms","logger":"task.stdout"}
{"timestamp":"2026-10-05T13:08:39.292212Z","level":"info","event":"499:\ttotal: 3.09s\tremaining: 0us","logger":"task.stdout"}
{"timestamp":"2026-10-05T13:08:39.328453Z","level":"info","event":"Model saved to: /opt/airflow/data/models/churn_catboost.cbm","logger":"task.stdout"}
{"timestamp":"2026-10-05T13:08:39.329118Z","level":"info","event":"Done. Returned value was: /opt/airflow/data/models/churn_catboost.cbm","task_id":"train_model","map_index":-1,"dag_id":"sprint1_r_train","run_id":"manual__2026-10-05T13:08:30.433710+00:00","try_number":1,"ti_id":"01a10c2e-1a73-769a-91d6-04348d7ace9d","logger":"airflow.task.operators.airflow.providers.standard.decorators.python._PythonDecoratedOperator","filename":"python.py","lineno":233}
{"timestamp":"2026-10-05T13:08:39.329317Z","level":"info","event":"::group::Post Execute","task_id":"train_model","map_index":-1,"dag_id":"sprint1_r_train","run_id":"manual__2026-10-05T13:08:30.433710+00:00","try_number":1,"ti_id":"01a10c2e-1a73-769a-91d6-04348d7ace9d","logger":"task","filename":"task_runner.py","lineno":1580}
{"timestamp":"2026-10-05T13:08:39.329502Z","level":"info","event":"Pushing xcom","ti":"RuntimeTaskInstance(id=UUID('01a10c2e-1a73-769a-91d6-04348d7ace9d'), task_id='train_model', dag_id='sprint1_r_train', run_id='manual__2026-10-05T13:08:30.433710+00:00', try_number=1, dag_version_id=UUID('01a10c2b-5bf8-777c-93b4-838546a5099a'), map_index=-1, hostname='5d7a0707f3b2', context_carrier={'traceparent': '00-461bfab4b5b9edcb32f6f8e248b0f555-c15f5fd647c9393e-00'}, queue='default', task=<Task(_PythonDecoratedOperator): train_model>, bundle_instance=LocalDagBundle(name=dags-folder), max_tries=0, start_date=datetime.datetime(2026, 10, 5, 13, 8, 34, 354874, tzinfo=datetime.timezone.utc), end_date=None, state=<TaskInstanceState.RUNNING: 'running'>, is_mapped=False, rendered_map_index=None, sentry_integration='sentry_sdk.integrations.celery.CeleryIntegration')","task_id":"train_model","map_index":-1,"dag_id":"sprint1_r_train","run_id":"manual__2026-10-05T13:08:30.433710+00:00","try_number":1,"ti_id":"01a10c2e-1a73-769a-91d6-04348d7ace9d","logger":"task","filename":"task_runner.py","lineno":2280}
{"timestamp":"2026-10-05T13:08:39.363213Z","level":"info","event":"Task instance in success state","logger":"task.stdout"}
{"timestamp":"2026-10-05T13:08:39.363381Z","level":"info","event":" Previous state of the Task instance: TaskInstanceState.RUNNING","logger":"task.stdout"}
{"timestamp":"2026-10-05T13:08:39.363567Z","level":"info","event":"Task operator:<Task(_PythonDecoratedOperator): train_model>","logger":"task.stdout"}
{"timestamp":"2026-10-05T13:08:39.363568Z","level":"info","event":"::endgroup::","task_id":"train_model","map_index":-1,"dag_id":"sprint1_r_train","run_id":"manual__2026-10-05T13:08:30.433710+00:00","try_number":1,"ti_id":"01a10c2e-1a73-769a-91d6-04348d7ace9d","logger":"task","filename":"task_runner.py","lineno":2379}
