{"timestamp":"2026-10-05T14:18:20.110889Z","level":"info","event":"::group::Pre Execute","logger":"task","filename":"task_runner.py","lineno":2412}
{"timestamp":"2026-10-05T14:18:21.221832Z","level":"info","event":"DAG bundles loaded: dags-folder, example_dags, apache-airflow-providers-common-sql-example-dags, apache-airflow-providers-standard-example-dags","map_index":-1,"dag_id":"sprint1_r_train","try_number":1,"run_id":"manual__2026-10-05T14:18:08.129229+00:00","ti_id":"01a10c6d-d99e-7c2d-810e-2a8d068aa518","task_id":"train_model","logger":"airflow.dag_processing.bundles.manager.DagBundlesManager","filename":"manager.py","lineno":304}
{"timestamp":"2026-10-05T14:18:21.223757Z","level":"info","event":"Filling up the DagBag from /opt/airflow/dags/sprint1_r_train.py","map_index":-1,"dag_id":"sprint1_r_train","try_number":1,"run_id":"manual__2026-10-05T14:18:08.129229+00:00","ti_id":"01a10c6d-d99e-7c2d-810e-2a8d068aa518","task_id":"train_model","logger":"airflow.dag_processing.dagbag.BundleDagBag","filename":"dagbag.py","lineno":460}
{"timestamp":"2026-10-05T14:18:28.894656Z","level":"info","event":"Worker startup parse complete","bundle_name":"dags-folder","bundle_version":null,"dag_file":"sprint1_r_train.py","dag_id":"sprint1_r_train","bundle_prepare_ms":23,"dag_file_parse_ms":7671,"map_index":-1,"try_number":1,"run_id":"manual__2026-10-05T14:18:08.129229+00:00","ti_id":"01a10c6d-d99e-7c2d-810e-2a8d068aa518","task_id":"train_model","logger":"task","filename":"task_runner.py","lineno":1073}
{"timestamp":"2026-10-05T14:18:28.953476Z","level":"info","event":"Task instance is in running state","logger":"task.stdout"}
{"timestamp":"2026-10-05T14:18:28.954002Z","level":"info","event":" Previous state of the Task instance: TaskInstanceState.QUEUED","logger":"task.stdout"}
{"timestamp":"2026-10-05T14:18:28.954283Z","level":"info","event":"Current task name:train_model","logger":"task.stdout"}
{"timestamp":"2026-10-05T14:18:28.954476Z","level":"info","event":"Dag name:sprint1_r_train","logger":"task.stdout"}
{"timestamp":"2026-10-05T14:18:28.954033Z","level":"info","event":"::endgroup::","map_index":-1,"dag_id":"sprint1_r_train","try_number":1,"run_id":"manual__2026-10-05T14:18:08.129229+00:00","ti_id":"01a10c6d-d99e-7c2d-810e-2a8d068aa518","task_id":"train_model","logger":"task","filename":"task_runner.py","lineno":2232}
{"timestamp":"2026-10-05T14:18:29.026195Z","level":"info","event":"Categorical features:","logger":"task.stdout"}
{"timestamp":"2026-10-05T14:18:29.026514Z","level":"info","event":"['type', 'paperless_billing', 'payment_method', 'internet_service', 'online_security', 'online_backup', 'device_protection', 'tech_support', 'streaming_tv', 'streaming_movies', 'gender', 'partner', 'dependents', 'multiple_lines']","logger":"task.stdout"}
{"timestamp":"2026-10-05T14:18:29.026702Z","level":"info","event":"Model parameters:","logger":"task.stdout"}
{"timestamp":"2026-10-05T14:18:29.026941Z","level":"info","event":"{'iterations': 500, 'learning_rate': 0.05, 'depth': 6, 'loss_function': 'Logloss', 'eval_metric': 'AUC', 'auto_class_weights': 'Balanced', 'random_seed': 42, 'verbose': 0}","logger":"task.stdout"}
{"timestamp":"2026-10-05T14:18:42.000880Z","level":"info","event":"Model saved to: /opt/airflow/data/models/churn_catboost.cbm","logger":"task.stdout"}
{"timestamp":"2026-10-05T14:18:42.001704Z","level":"info","event":"Done. Returned value was: /opt/airflow/data/models/churn_catboost.cbm","map_index":-1,"dag_id":"sprint1_r_train","try_number":1,"run_id":"manual__2026-10-05T14:18:08.129229+00:00","ti_id":"01a10c6d-d99e-7c2d-810e-2a8d068aa518","task_id":"train_model","logger":"airflow.task.operators.airflow.providers.standard.decorators.python._PythonDecoratedOperator","filename":"python.py","lineno":233}
{"timestamp":"2026-10-05T14:18:42.001968Z","level":"info","event":"::group::Post Execute","map_index":-1,"dag_id":"sprint1_r_train","try_number":1,"run_id":"manual__2026-10-05T14:18:08.129229+00:00","ti_id":"01a10c6d-d99e-7c2d-810e-2a8d068aa518","task_id":"train_model","logger":"task","filename":"task_runner.py","lineno":1580}
{"timestamp":"2026-10-05T14:18:42.002223Z","level":"info","event":"Pushing xcom","ti":"RuntimeTaskInstance(id=UUID('01a10c6d-d99e-7c2d-810e-2a8d068aa518'), task_id='train_model', dag_id='sprint1_r_train', run_id='manual__2026-10-05T14:18:08.129229+00:00', try_number=1, dag_version_id=UUID('01a10c50-eae4-7038-9f49-a40eb340b7d4'), map_index=-1, hostname='8b9e1f85ab10', context_carrier={'traceparent': '00-918eee2b80690b8a7232efe790e71e91-b374c8c19f6ba421-00'}, queue='default', task=<Task(_PythonDecoratedOperator): train_model>, bundle_instance=LocalDagBundle(name=dags-folder), max_tries=0, start_date=datetime.datetime(2026, 10, 5, 14, 18, 19, 977928, tzinfo=datetime.timezone.utc), end_date=None, state=<TaskInstanceState.RUNNING: 'running'>, is_mapped=False, rendered_map_index=None, sentry_integration='sentry_sdk.integrations.celery.CeleryIntegration')","map_index":-1,"dag_id":"sprint1_r_train","try_number":1,"run_id":"manual__2026-10-05T14:18:08.129229+00:00","ti_id":"01a10c6d-d99e-7c2d-810e-2a8d068aa518","task_id":"train_model","logger":"task","filename":"task_runner.py","lineno":2280}
{"timestamp":"2026-10-05T14:18:42.085975Z","level":"info","event":"Task instance in success state","logger":"task.stdout"}
{"timestamp":"2026-10-05T14:18:42.086278Z","level":"info","event":" Previous state of the Task instance: TaskInstanceState.RUNNING","logger":"task.stdout"}
{"timestamp":"2026-10-05T14:18:42.086539Z","level":"info","event":"Task operator:<Task(_PythonDecoratedOperator): train_model>","logger":"task.stdout"}
{"timestamp":"2026-10-05T14:18:42.086462Z","level":"info","event":"::endgroup::","map_index":-1,"dag_id":"sprint1_r_train","try_number":1,"run_id":"manual__2026-10-05T14:18:08.129229+00:00","ti_id":"01a10c6d-d99e-7c2d-810e-2a8d068aa518","task_id":"train_model","logger":"task","filename":"task_runner.py","lineno":2379}
