{"timestamp":"2026-10-05T13:16:35.477555Z","level":"info","event":"::group::Pre Execute","logger":"task","filename":"task_runner.py","lineno":2412}
{"timestamp":"2026-10-05T13:16:35.606450Z","level":"info","event":"DAG bundles loaded: dags-folder, example_dags, apache-airflow-providers-common-sql-example-dags, apache-airflow-providers-standard-example-dags","try_number":1,"dag_id":"sprint1_r_train","map_index":-1,"ti_id":"01a10c35-7606-7560-9f3b-37e5980c4d57","task_id":"train_model","run_id":"manual__2026-10-05T13:16:32.630781+00:00","logger":"airflow.dag_processing.bundles.manager.DagBundlesManager","filename":"manager.py","lineno":304}
{"timestamp":"2026-10-05T13:16:35.607697Z","level":"info","event":"Filling up the DagBag from /opt/airflow/dags/sprint1_r_train.py","try_number":1,"dag_id":"sprint1_r_train","map_index":-1,"ti_id":"01a10c35-7606-7560-9f3b-37e5980c4d57","task_id":"train_model","run_id":"manual__2026-10-05T13:16:32.630781+00:00","logger":"airflow.dag_processing.dagbag.BundleDagBag","filename":"dagbag.py","lineno":460}
{"timestamp":"2026-10-05T13:16:37.550338Z","level":"info","event":"Worker startup parse complete","bundle_name":"dags-folder","bundle_version":null,"dag_file":"sprint1_r_train.py","dag_id":"sprint1_r_train","bundle_prepare_ms":2,"dag_file_parse_ms":1942,"try_number":1,"map_index":-1,"ti_id":"01a10c35-7606-7560-9f3b-37e5980c4d57","task_id":"train_model","run_id":"manual__2026-10-05T13:16:32.630781+00:00","logger":"task","filename":"task_runner.py","lineno":1073}
{"timestamp":"2026-10-05T13:16:37.591863Z","level":"info","event":"Task instance is in running state","logger":"task.stdout"}
{"timestamp":"2026-10-05T13:16:37.592195Z","level":"info","event":" Previous state of the Task instance: TaskInstanceState.QUEUED","logger":"task.stdout"}
{"timestamp":"2026-10-05T13:16:37.592525Z","level":"info","event":"Current task name:train_model","logger":"task.stdout"}
{"timestamp":"2026-10-05T13:16:37.592735Z","level":"info","event":"Dag name:sprint1_r_train","logger":"task.stdout"}
{"timestamp":"2026-10-05T13:16:37.592416Z","level":"info","event":"::endgroup::","try_number":1,"dag_id":"sprint1_r_train","map_index":-1,"ti_id":"01a10c35-7606-7560-9f3b-37e5980c4d57","task_id":"train_model","run_id":"manual__2026-10-05T13:16:32.630781+00:00","logger":"task","filename":"task_runner.py","lineno":2232}
{"timestamp":"2026-10-05T13:16:37.635404Z","level":"info","event":"Categorical features:","logger":"task.stdout"}
{"timestamp":"2026-10-05T13:16:37.635743Z","level":"info","event":"['type', 'paperless_billing', 'payment_method', 'internet_service', 'online_security', 'online_backup', 'device_protection', 'tech_support', 'streaming_tv', 'streaming_movies', 'gender', 'partner', 'dependents', 'multiple_lines']","logger":"task.stdout"}
{"timestamp":"2026-10-05T13:16:37.636010Z","level":"info","event":"Model parameters:","logger":"task.stdout"}
{"timestamp":"2026-10-05T13:16:37.636271Z","level":"info","event":"{'iterations': 500, 'learning_rate': 0.05, 'depth': 6, 'loss_function': 'Logloss', 'eval_metric': 'AUC', 'auto_class_weights': 'Balanced', 'random_seed': 42, 'verbose': 0}","logger":"task.stdout"}
{"timestamp":"2026-10-05T13:16:41.801047Z","level":"info","event":"Model saved to: /opt/airflow/data/models/churn_catboost.cbm","logger":"task.stdout"}
{"timestamp":"2026-10-05T13:16:41.801763Z","level":"info","event":"Done. Returned value was: /opt/airflow/data/models/churn_catboost.cbm","try_number":1,"dag_id":"sprint1_r_train","map_index":-1,"ti_id":"01a10c35-7606-7560-9f3b-37e5980c4d57","task_id":"train_model","run_id":"manual__2026-10-05T13:16:32.630781+00:00","logger":"airflow.task.operators.airflow.providers.standard.decorators.python._PythonDecoratedOperator","filename":"python.py","lineno":233}
{"timestamp":"2026-10-05T13:16:41.801953Z","level":"info","event":"::group::Post Execute","try_number":1,"dag_id":"sprint1_r_train","map_index":-1,"ti_id":"01a10c35-7606-7560-9f3b-37e5980c4d57","task_id":"train_model","run_id":"manual__2026-10-05T13:16:32.630781+00:00","logger":"task","filename":"task_runner.py","lineno":1580}
{"timestamp":"2026-10-05T13:16:41.802139Z","level":"info","event":"Pushing xcom","ti":"RuntimeTaskInstance(id=UUID('01a10c35-7606-7560-9f3b-37e5980c4d57'), task_id='train_model', dag_id='sprint1_r_train', run_id='manual__2026-10-05T13:16:32.630781+00:00', try_number=1, dag_version_id=UUID('01a10c2b-5bf8-777c-93b4-838546a5099a'), map_index=-1, hostname='5d7a0707f3b2', context_carrier={'traceparent': '00-200e15d2a849d8478b94d10093dee32c-4c6f51626ec8f5ee-00'}, queue='default', task=<Task(_PythonDecoratedOperator): train_model>, bundle_instance=LocalDagBundle(name=dags-folder), max_tries=0, start_date=datetime.datetime(2026, 10, 5, 13, 16, 35, 480866, tzinfo=datetime.timezone.utc), end_date=None, state=<TaskInstanceState.RUNNING: 'running'>, is_mapped=False, rendered_map_index=None, sentry_integration='sentry_sdk.integrations.celery.CeleryIntegration')","try_number":1,"dag_id":"sprint1_r_train","map_index":-1,"ti_id":"01a10c35-7606-7560-9f3b-37e5980c4d57","task_id":"train_model","run_id":"manual__2026-10-05T13:16:32.630781+00:00","logger":"task","filename":"task_runner.py","lineno":2280}
{"timestamp":"2026-10-05T13:16:41.847943Z","level":"info","event":"Task instance in success state","logger":"task.stdout"}
{"timestamp":"2026-10-05T13:16:41.848125Z","level":"info","event":" Previous state of the Task instance: TaskInstanceState.RUNNING","logger":"task.stdout"}
{"timestamp":"2026-10-05T13:16:41.848335Z","level":"info","event":"Task operator:<Task(_PythonDecoratedOperator): train_model>","logger":"task.stdout"}
{"timestamp":"2026-10-05T13:16:41.848365Z","level":"info","event":"::endgroup::","try_number":1,"dag_id":"sprint1_r_train","map_index":-1,"ti_id":"01a10c35-7606-7560-9f3b-37e5980c4d57","task_id":"train_model","run_id":"manual__2026-10-05T13:16:32.630781+00:00","logger":"task","filename":"task_runner.py","lineno":2379}
