{"timestamp":"2026-10-05T13:16:33.225133Z","level":"info","event":"::group::Pre Execute","logger":"task","filename":"task_runner.py","lineno":2412}
{"timestamp":"2026-10-05T13:16:33.365603Z","level":"info","event":"DAG bundles loaded: dags-folder, example_dags, apache-airflow-providers-common-sql-example-dags, apache-airflow-providers-standard-example-dags","run_id":"manual__2026-10-05T13:16:32.630781+00:00","dag_id":"sprint1_r_train","task_id":"split_data","map_index":-1,"try_number":1,"ti_id":"01a10c35-7605-78a0-a48c-947338f77695","logger":"airflow.dag_processing.bundles.manager.DagBundlesManager","filename":"manager.py","lineno":304}
{"timestamp":"2026-10-05T13:16:33.366775Z","level":"info","event":"Filling up the DagBag from /opt/airflow/dags/sprint1_r_train.py","run_id":"manual__2026-10-05T13:16:32.630781+00:00","dag_id":"sprint1_r_train","task_id":"split_data","map_index":-1,"try_number":1,"ti_id":"01a10c35-7605-78a0-a48c-947338f77695","logger":"airflow.dag_processing.dagbag.BundleDagBag","filename":"dagbag.py","lineno":460}
{"timestamp":"2026-10-05T13:16:34.920076Z","level":"info","event":"Worker startup parse complete","bundle_name":"dags-folder","bundle_version":null,"dag_file":"sprint1_r_train.py","dag_id":"sprint1_r_train","bundle_prepare_ms":2,"dag_file_parse_ms":1553,"run_id":"manual__2026-10-05T13:16:32.630781+00:00","task_id":"split_data","map_index":-1,"try_number":1,"ti_id":"01a10c35-7605-78a0-a48c-947338f77695","logger":"task","filename":"task_runner.py","lineno":1073}
{"timestamp":"2026-10-05T13:16:34.941512Z","level":"info","event":"Task instance is in running state","logger":"task.stdout"}
{"timestamp":"2026-10-05T13:16:34.941721Z","level":"info","event":" Previous state of the Task instance: TaskInstanceState.QUEUED","logger":"task.stdout"}
{"timestamp":"2026-10-05T13:16:34.941924Z","level":"info","event":"Current task name:split_data","logger":"task.stdout"}
{"timestamp":"2026-10-05T13:16:34.942052Z","level":"info","event":"Dag name:sprint1_r_train","logger":"task.stdout"}
{"timestamp":"2026-10-05T13:16:34.941801Z","level":"info","event":"::endgroup::","run_id":"manual__2026-10-05T13:16:32.630781+00:00","dag_id":"sprint1_r_train","task_id":"split_data","map_index":-1,"try_number":1,"ti_id":"01a10c35-7605-78a0-a48c-947338f77695","logger":"task","filename":"task_runner.py","lineno":2232}
{"timestamp":"2026-10-05T13:16:34.980227Z","level":"info","event":"Dataset shape: (7021, 18)","logger":"task.stdout"}
{"timestamp":"2026-10-05T13:16:35.077016Z","level":"info","event":"Train shape: (5265, 17)","logger":"task.stdout"}
{"timestamp":"2026-10-05T13:16:35.077193Z","level":"info","event":"Validation shape: (1756, 17)","logger":"task.stdout"}
{"timestamp":"2026-10-05T13:16:35.077277Z","level":"info","event":"Train target distribution:","logger":"task.stdout"}
{"timestamp":"2026-10-05T13:16:35.078908Z","level":"info","event":"target","logger":"task.stdout"}
{"timestamp":"2026-10-05T13:16:35.079003Z","level":"info","event":"0    0.735423","logger":"task.stdout"}
{"timestamp":"2026-10-05T13:16:35.079072Z","level":"info","event":"1    0.264577","logger":"task.stdout"}
{"timestamp":"2026-10-05T13:16:35.079136Z","level":"info","event":"Name: proportion, dtype: float64","logger":"task.stdout"}
{"timestamp":"2026-10-05T13:16:35.079203Z","level":"info","event":"Validation target distribution:","logger":"task.stdout"}
{"timestamp":"2026-10-05T13:16:35.080208Z","level":"info","event":"target","logger":"task.stdout"}
{"timestamp":"2026-10-05T13:16:35.080320Z","level":"info","event":"0    0.735763","logger":"task.stdout"}
{"timestamp":"2026-10-05T13:16:35.080388Z","level":"info","event":"1    0.264237","logger":"task.stdout"}
{"timestamp":"2026-10-05T13:16:35.080453Z","level":"info","event":"Name: proportion, dtype: float64","logger":"task.stdout"}
{"timestamp":"2026-10-05T13:16:35.107123Z","level":"info","event":"X_train saved: /opt/airflow/data/train/X_train.parquet","logger":"task.stdout"}
{"timestamp":"2026-10-05T13:16:35.107324Z","level":"info","event":"X_val saved: /opt/airflow/data/train/X_val.parquet","logger":"task.stdout"}
{"timestamp":"2026-10-05T13:16:35.107478Z","level":"info","event":"Done. Returned value was: {'x_train': '/opt/airflow/data/train/X_train.parquet', 'x_val': '/opt/airflow/data/train/X_val.parquet', 'y_train': '/opt/airflow/data/train/y_train.parquet', 'y_val': '/opt/airflow/data/train/y_val.parquet'}","run_id":"manual__2026-10-05T13:16:32.630781+00:00","dag_id":"sprint1_r_train","task_id":"split_data","map_index":-1,"try_number":1,"ti_id":"01a10c35-7605-78a0-a48c-947338f77695","logger":"airflow.task.operators.airflow.providers.standard.decorators.python._PythonDecoratedOperator","filename":"python.py","lineno":233}
{"timestamp":"2026-10-05T13:16:35.107701Z","level":"info","event":"::group::Post Execute","run_id":"manual__2026-10-05T13:16:32.630781+00:00","dag_id":"sprint1_r_train","task_id":"split_data","map_index":-1,"try_number":1,"ti_id":"01a10c35-7605-78a0-a48c-947338f77695","logger":"task","filename":"task_runner.py","lineno":1580}
{"timestamp":"2026-10-05T13:16:35.107951Z","level":"info","event":"Pushing xcom","ti":"RuntimeTaskInstance(id=UUID('01a10c35-7605-78a0-a48c-947338f77695'), task_id='split_data', dag_id='sprint1_r_train', run_id='manual__2026-10-05T13:16:32.630781+00:00', try_number=1, dag_version_id=UUID('01a10c2b-5bf8-777c-93b4-838546a5099a'), map_index=-1, hostname='5d7a0707f3b2', context_carrier={'traceparent': '00-200e15d2a849d8478b94d10093dee32c-4c6f51626ec8f5ee-00'}, queue='default', task=<Task(_PythonDecoratedOperator): split_data>, bundle_instance=LocalDagBundle(name=dags-folder), max_tries=0, start_date=datetime.datetime(2026, 10, 5, 13, 16, 33, 223039, tzinfo=datetime.timezone.utc), end_date=None, state=<TaskInstanceState.RUNNING: 'running'>, is_mapped=False, rendered_map_index=None, sentry_integration='sentry_sdk.integrations.celery.CeleryIntegration')","run_id":"manual__2026-10-05T13:16:32.630781+00:00","dag_id":"sprint1_r_train","task_id":"split_data","map_index":-1,"try_number":1,"ti_id":"01a10c35-7605-78a0-a48c-947338f77695","logger":"task","filename":"task_runner.py","lineno":2280}
{"timestamp":"2026-10-05T13:16:35.204279Z","level":"info","event":"Task instance in success state","logger":"task.stdout"}
{"timestamp":"2026-10-05T13:16:35.204514Z","level":"info","event":" Previous state of the Task instance: TaskInstanceState.RUNNING","logger":"task.stdout"}
{"timestamp":"2026-10-05T13:16:35.204744Z","level":"info","event":"Task operator:<Task(_PythonDecoratedOperator): split_data>","logger":"task.stdout"}
{"timestamp":"2026-10-05T13:16:35.204776Z","level":"info","event":"::endgroup::","run_id":"manual__2026-10-05T13:16:32.630781+00:00","dag_id":"sprint1_r_train","task_id":"split_data","map_index":-1,"try_number":1,"ti_id":"01a10c35-7605-78a0-a48c-947338f77695","logger":"task","filename":"task_runner.py","lineno":2379}
