{"timestamp":"2026-10-05T13:46:43.495791Z","level":"info","event":"::group::Pre Execute","logger":"task","filename":"task_runner.py","lineno":2412}
{"timestamp":"2026-10-05T13:46:43.671494Z","level":"info","event":"DAG bundles loaded: dags-folder, example_dags, apache-airflow-providers-common-sql-example-dags, apache-airflow-providers-standard-example-dags","map_index":-1,"try_number":1,"ti_id":"01a10c51-0d3a-7e37-bd90-e159a2ee2f3a","task_id":"train_model","dag_id":"sprint1_r_train","run_id":"manual__2026-10-05T13:46:40.807628+00:00","logger":"airflow.dag_processing.bundles.manager.DagBundlesManager","filename":"manager.py","lineno":304}
{"timestamp":"2026-10-05T13:46:43.673586Z","level":"info","event":"Filling up the DagBag from /opt/airflow/dags/sprint1_r_train.py","map_index":-1,"try_number":1,"ti_id":"01a10c51-0d3a-7e37-bd90-e159a2ee2f3a","task_id":"train_model","dag_id":"sprint1_r_train","run_id":"manual__2026-10-05T13:46:40.807628+00:00","logger":"airflow.dag_processing.dagbag.BundleDagBag","filename":"dagbag.py","lineno":460}
{"timestamp":"2026-10-05T13:46:45.891183Z","level":"info","event":"Worker startup parse complete","bundle_name":"dags-folder","bundle_version":null,"dag_file":"sprint1_r_train.py","dag_id":"sprint1_r_train","bundle_prepare_ms":3,"dag_file_parse_ms":2217,"map_index":-1,"try_number":1,"ti_id":"01a10c51-0d3a-7e37-bd90-e159a2ee2f3a","task_id":"train_model","run_id":"manual__2026-10-05T13:46:40.807628+00:00","logger":"task","filename":"task_runner.py","lineno":1073}
{"timestamp":"2026-10-05T13:46:45.935182Z","level":"info","event":"Task instance is in running state","logger":"task.stdout"}
{"timestamp":"2026-10-05T13:46:45.935681Z","level":"info","event":" Previous state of the Task instance: TaskInstanceState.QUEUED","logger":"task.stdout"}
{"timestamp":"2026-10-05T13:46:45.936593Z","level":"info","event":"Current task name:train_model","logger":"task.stdout"}
{"timestamp":"2026-10-05T13:46:45.936923Z","level":"info","event":"Dag name:sprint1_r_train","logger":"task.stdout"}
{"timestamp":"2026-10-05T13:46:45.937475Z","level":"info","event":"::endgroup::","map_index":-1,"try_number":1,"ti_id":"01a10c51-0d3a-7e37-bd90-e159a2ee2f3a","task_id":"train_model","dag_id":"sprint1_r_train","run_id":"manual__2026-10-05T13:46:40.807628+00:00","logger":"task","filename":"task_runner.py","lineno":2232}
{"timestamp":"2026-10-05T13:46:46.000876Z","level":"info","event":"Categorical features:","logger":"task.stdout"}
{"timestamp":"2026-10-05T13:46:46.001365Z","level":"info","event":"['type', 'paperless_billing', 'payment_method', 'internet_service', 'online_security', 'online_backup', 'device_protection', 'tech_support', 'streaming_tv', 'streaming_movies', 'gender', 'partner', 'dependents', 'multiple_lines']","logger":"task.stdout"}
{"timestamp":"2026-10-05T13:46:46.001710Z","level":"info","event":"Model parameters:","logger":"task.stdout"}
{"timestamp":"2026-10-05T13:46:46.002012Z","level":"info","event":"{'iterations': 500, 'learning_rate': 0.05, 'depth': 6, 'loss_function': 'Logloss', 'eval_metric': 'AUC', 'auto_class_weights': 'Balanced', 'random_seed': 42, 'verbose': 0}","logger":"task.stdout"}
{"timestamp":"2026-10-05T13:46:56.693333Z","level":"info","event":"Model saved to: /opt/airflow/data/models/churn_catboost.cbm","logger":"task.stdout"}
{"timestamp":"2026-10-05T13:46:56.695516Z","level":"info","event":"Done. Returned value was: /opt/airflow/data/models/churn_catboost.cbm","map_index":-1,"try_number":1,"ti_id":"01a10c51-0d3a-7e37-bd90-e159a2ee2f3a","task_id":"train_model","dag_id":"sprint1_r_train","run_id":"manual__2026-10-05T13:46:40.807628+00:00","logger":"airflow.task.operators.airflow.providers.standard.decorators.python._PythonDecoratedOperator","filename":"python.py","lineno":233}
{"timestamp":"2026-10-05T13:46:56.695798Z","level":"info","event":"::group::Post Execute","map_index":-1,"try_number":1,"ti_id":"01a10c51-0d3a-7e37-bd90-e159a2ee2f3a","task_id":"train_model","dag_id":"sprint1_r_train","run_id":"manual__2026-10-05T13:46:40.807628+00:00","logger":"task","filename":"task_runner.py","lineno":1580}
{"timestamp":"2026-10-05T13:46:56.696056Z","level":"info","event":"Pushing xcom","ti":"RuntimeTaskInstance(id=UUID('01a10c51-0d3a-7e37-bd90-e159a2ee2f3a'), task_id='train_model', dag_id='sprint1_r_train', run_id='manual__2026-10-05T13:46:40.807628+00:00', try_number=1, dag_version_id=UUID('01a10c50-eae4-7038-9f49-a40eb340b7d4'), map_index=-1, hostname='5d7a0707f3b2', context_carrier={'traceparent': '00-d72ed0887e689bcefbe3b8d58a68451b-5279c8d9af403ea2-00'}, queue='default', task=<Task(_PythonDecoratedOperator): train_model>, bundle_instance=LocalDagBundle(name=dags-folder), max_tries=0, start_date=datetime.datetime(2026, 10, 5, 13, 46, 43, 462407, tzinfo=datetime.timezone.utc), end_date=None, state=<TaskInstanceState.RUNNING: 'running'>, is_mapped=False, rendered_map_index=None, sentry_integration='sentry_sdk.integrations.celery.CeleryIntegration')","map_index":-1,"try_number":1,"ti_id":"01a10c51-0d3a-7e37-bd90-e159a2ee2f3a","task_id":"train_model","dag_id":"sprint1_r_train","run_id":"manual__2026-10-05T13:46:40.807628+00:00","logger":"task","filename":"task_runner.py","lineno":2280}
{"timestamp":"2026-10-05T13:46:56.739546Z","level":"info","event":"Task instance in success state","logger":"task.stdout"}
{"timestamp":"2026-10-05T13:46:56.739837Z","level":"info","event":" Previous state of the Task instance: TaskInstanceState.RUNNING","logger":"task.stdout"}
{"timestamp":"2026-10-05T13:46:56.740181Z","level":"info","event":"Task operator:<Task(_PythonDecoratedOperator): train_model>","logger":"task.stdout"}
{"timestamp":"2026-10-05T13:46:56.740203Z","level":"info","event":"::endgroup::","map_index":-1,"try_number":1,"ti_id":"01a10c51-0d3a-7e37-bd90-e159a2ee2f3a","task_id":"train_model","dag_id":"sprint1_r_train","run_id":"manual__2026-10-05T13:46:40.807628+00:00","logger":"task","filename":"task_runner.py","lineno":2379}
