{"timestamp":"2026-10-05T13:02:27.301077Z","level":"info","event":"::group::Pre Execute","logger":"task","filename":"task_runner.py","lineno":2412}
{"timestamp":"2026-10-05T13:02:27.494697Z","level":"info","event":"DAG bundles loaded: dags-folder, example_dags, apache-airflow-providers-common-sql-example-dags, apache-airflow-providers-standard-example-dags","dag_id":"sprint1_r_train","run_id":"manual__2026-10-05T13:02:11.763004+00:00","map_index":-1,"task_id":"train_model","ti_id":"01a10c28-5363-7010-9a90-8194a40a9521","try_number":1,"logger":"airflow.dag_processing.bundles.manager.DagBundlesManager","filename":"manager.py","lineno":304}
{"timestamp":"2026-10-05T13:02:27.496594Z","level":"info","event":"Filling up the DagBag from /opt/airflow/dags/sprint1_r_train.py","dag_id":"sprint1_r_train","run_id":"manual__2026-10-05T13:02:11.763004+00:00","map_index":-1,"task_id":"train_model","ti_id":"01a10c28-5363-7010-9a90-8194a40a9521","try_number":1,"logger":"airflow.dag_processing.dagbag.BundleDagBag","filename":"dagbag.py","lineno":460}
{"timestamp":"2026-10-05T13:02:29.802993Z","level":"info","event":"Worker startup parse complete","bundle_name":"dags-folder","bundle_version":null,"dag_file":"sprint1_r_train.py","dag_id":"sprint1_r_train","bundle_prepare_ms":3,"dag_file_parse_ms":2306,"run_id":"manual__2026-10-05T13:02:11.763004+00:00","map_index":-1,"task_id":"train_model","ti_id":"01a10c28-5363-7010-9a90-8194a40a9521","try_number":1,"logger":"task","filename":"task_runner.py","lineno":1073}
{"timestamp":"2026-10-05T13:02:29.861931Z","level":"info","event":"Task instance is in running state","logger":"task.stdout"}
{"timestamp":"2026-10-05T13:02:29.862322Z","level":"info","event":" Previous state of the Task instance: TaskInstanceState.QUEUED","logger":"task.stdout"}
{"timestamp":"2026-10-05T13:02:29.862551Z","level":"info","event":"Current task name:train_model","logger":"task.stdout"}
{"timestamp":"2026-10-05T13:02:29.862745Z","level":"info","event":"Dag name:sprint1_r_train","logger":"task.stdout"}
{"timestamp":"2026-10-05T13:02:29.862466Z","level":"info","event":"::endgroup::","dag_id":"sprint1_r_train","run_id":"manual__2026-10-05T13:02:11.763004+00:00","map_index":-1,"task_id":"train_model","ti_id":"01a10c28-5363-7010-9a90-8194a40a9521","try_number":1,"logger":"task","filename":"task_runner.py","lineno":2232}
{"timestamp":"2026-10-05T13:02:29.929976Z","level":"info","event":"Categorical features: ['type', 'paperless_billing', 'payment_method', 'internet_service', 'online_security', 'online_backup', 'device_protection', 'tech_support', 'streaming_tv', 'streaming_movies', 'gender', 'partner', 'dependents', 'multiple_lines']","logger":"task.stdout"}
{"timestamp":"2026-10-05T13:02:30.010694Z","level":"info","event":"0:\ttotal: 56.9ms\tremaining: 28.4s","logger":"task.stdout"}
{"timestamp":"2026-10-05T13:02:31.784165Z","level":"info","event":"100:\ttotal: 1.82s\tremaining: 7.18s","logger":"task.stdout"}
{"timestamp":"2026-10-05T13:02:34.511394Z","level":"info","event":"200:\ttotal: 4.5s\tremaining: 6.69s","logger":"task.stdout"}
{"timestamp":"2026-10-05T13:02:36.861027Z","level":"info","event":"300:\ttotal: 6.84s\tremaining: 4.52s","logger":"task.stdout"}
{"timestamp":"2026-10-05T13:02:40.712580Z","level":"info","event":"400:\ttotal: 10.6s\tremaining: 2.63s","logger":"task.stdout"}
{"timestamp":"2026-10-05T13:02:43.720567Z","level":"info","event":"499:\ttotal: 13.6s\tremaining: 0us","logger":"task.stdout"}
{"timestamp":"2026-10-05T13:02:43.777204Z","level":"info","event":"Model saved to: /opt/airflow/data/models/churn_catboost.cbm","logger":"task.stdout"}
{"timestamp":"2026-10-05T13:02:43.777922Z","level":"info","event":"Done. Returned value was: /opt/airflow/data/models/churn_catboost.cbm","dag_id":"sprint1_r_train","run_id":"manual__2026-10-05T13:02:11.763004+00:00","map_index":-1,"task_id":"train_model","ti_id":"01a10c28-5363-7010-9a90-8194a40a9521","try_number":1,"logger":"airflow.task.operators.airflow.providers.standard.decorators.python._PythonDecoratedOperator","filename":"python.py","lineno":233}
{"timestamp":"2026-10-05T13:02:43.778179Z","level":"info","event":"::group::Post Execute","dag_id":"sprint1_r_train","run_id":"manual__2026-10-05T13:02:11.763004+00:00","map_index":-1,"task_id":"train_model","ti_id":"01a10c28-5363-7010-9a90-8194a40a9521","try_number":1,"logger":"task","filename":"task_runner.py","lineno":1580}
{"timestamp":"2026-10-05T13:02:43.778457Z","level":"info","event":"Pushing xcom","ti":"RuntimeTaskInstance(id=UUID('01a10c28-5363-7010-9a90-8194a40a9521'), task_id='train_model', dag_id='sprint1_r_train', run_id='manual__2026-10-05T13:02:11.763004+00:00', try_number=1, dag_version_id=UUID('01a10c22-6d6f-7dea-a4f8-cc4f4cb46570'), map_index=-1, hostname='5d7a0707f3b2', context_carrier={'traceparent': '00-c46578daaedce8236bb000df98a58d98-b0ff676dbb0a196d-00'}, queue='default', task=<Task(_PythonDecoratedOperator): train_model>, bundle_instance=LocalDagBundle(name=dags-folder), max_tries=0, start_date=datetime.datetime(2026, 10, 5, 13, 2, 27, 304281, tzinfo=datetime.timezone.utc), end_date=None, state=<TaskInstanceState.RUNNING: 'running'>, is_mapped=False, rendered_map_index=None, sentry_integration='sentry_sdk.integrations.celery.CeleryIntegration')","dag_id":"sprint1_r_train","run_id":"manual__2026-10-05T13:02:11.763004+00:00","map_index":-1,"task_id":"train_model","ti_id":"01a10c28-5363-7010-9a90-8194a40a9521","try_number":1,"logger":"task","filename":"task_runner.py","lineno":2280}
{"timestamp":"2026-10-05T13:02:43.822419Z","level":"info","event":"Task instance in success state","logger":"task.stdout"}
{"timestamp":"2026-10-05T13:02:43.822727Z","level":"info","event":" Previous state of the Task instance: TaskInstanceState.RUNNING","logger":"task.stdout"}
{"timestamp":"2026-10-05T13:02:43.822923Z","level":"info","event":"Task operator:<Task(_PythonDecoratedOperator): train_model>","logger":"task.stdout"}
{"timestamp":"2026-10-05T13:02:43.822415Z","level":"info","event":"::endgroup::","dag_id":"sprint1_r_train","run_id":"manual__2026-10-05T13:02:11.763004+00:00","map_index":-1,"task_id":"train_model","ti_id":"01a10c28-5363-7010-9a90-8194a40a9521","try_number":1,"logger":"task","filename":"task_runner.py","lineno":2379}
