{"timestamp":"2026-10-05T14:12:24.382187Z","level":"info","event":"::group::Pre Execute","logger":"task","filename":"task_runner.py","lineno":2412}
{"timestamp":"2026-10-05T14:12:25.401705Z","level":"info","event":"DAG bundles loaded: dags-folder, example_dags, apache-airflow-providers-common-sql-example-dags, apache-airflow-providers-standard-example-dags","try_number":1,"map_index":-1,"ti_id":"01a10c68-6d3b-7c1a-b5c0-38820f0a684b","run_id":"manual__2026-10-05T14:12:12.695223+00:00","dag_id":"sprint1_r_train","task_id":"train_model","logger":"airflow.dag_processing.bundles.manager.DagBundlesManager","filename":"manager.py","lineno":304}
{"timestamp":"2026-10-05T14:12:25.429225Z","level":"info","event":"Filling up the DagBag from /opt/airflow/dags/sprint1_r_train.py","try_number":1,"map_index":-1,"ti_id":"01a10c68-6d3b-7c1a-b5c0-38820f0a684b","run_id":"manual__2026-10-05T14:12:12.695223+00:00","dag_id":"sprint1_r_train","task_id":"train_model","logger":"airflow.dag_processing.dagbag.BundleDagBag","filename":"dagbag.py","lineno":460}
{"timestamp":"2026-10-05T14:12:33.848185Z","level":"info","event":"Worker startup parse complete","bundle_name":"dags-folder","bundle_version":null,"dag_file":"sprint1_r_train.py","dag_id":"sprint1_r_train","bundle_prepare_ms":41,"dag_file_parse_ms":8419,"try_number":1,"map_index":-1,"ti_id":"01a10c68-6d3b-7c1a-b5c0-38820f0a684b","run_id":"manual__2026-10-05T14:12:12.695223+00:00","task_id":"train_model","logger":"task","filename":"task_runner.py","lineno":1073}
{"timestamp":"2026-10-05T14:12:33.940761Z","level":"info","event":"Task instance is in running state","logger":"task.stdout"}
{"timestamp":"2026-10-05T14:12:33.940976Z","level":"info","event":" Previous state of the Task instance: TaskInstanceState.QUEUED","logger":"task.stdout"}
{"timestamp":"2026-10-05T14:12:33.941111Z","level":"info","event":"Current task name:train_model","logger":"task.stdout"}
{"timestamp":"2026-10-05T14:12:33.941226Z","level":"info","event":"Dag name:sprint1_r_train","logger":"task.stdout"}
{"timestamp":"2026-10-05T14:12:33.937414Z","level":"info","event":"::endgroup::","try_number":1,"map_index":-1,"ti_id":"01a10c68-6d3b-7c1a-b5c0-38820f0a684b","run_id":"manual__2026-10-05T14:12:12.695223+00:00","dag_id":"sprint1_r_train","task_id":"train_model","logger":"task","filename":"task_runner.py","lineno":2232}
{"timestamp":"2026-10-05T14:12:34.116586Z","level":"info","event":"Categorical features:","logger":"task.stdout"}
{"timestamp":"2026-10-05T14:12:34.116986Z","level":"info","event":"['type', 'paperless_billing', 'payment_method', 'internet_service', 'online_security', 'online_backup', 'device_protection', 'tech_support', 'streaming_tv', 'streaming_movies', 'gender', 'partner', 'dependents', 'multiple_lines']","logger":"task.stdout"}
{"timestamp":"2026-10-05T14:12:34.117255Z","level":"info","event":"Model parameters:","logger":"task.stdout"}
{"timestamp":"2026-10-05T14:12:34.117541Z","level":"info","event":"{'iterations': 500, 'learning_rate': 0.05, 'depth': 6, 'loss_function': 'Logloss', 'eval_metric': 'AUC', 'auto_class_weights': 'Balanced', 'random_seed': 42, 'verbose': 0}","logger":"task.stdout"}
{"timestamp":"2026-10-05T14:12:50.359805Z","level":"info","event":"Model saved to: /opt/airflow/data/models/churn_catboost.cbm","logger":"task.stdout"}
{"timestamp":"2026-10-05T14:12:50.360826Z","level":"info","event":"Done. Returned value was: /opt/airflow/data/models/churn_catboost.cbm","try_number":1,"map_index":-1,"ti_id":"01a10c68-6d3b-7c1a-b5c0-38820f0a684b","run_id":"manual__2026-10-05T14:12:12.695223+00:00","dag_id":"sprint1_r_train","task_id":"train_model","logger":"airflow.task.operators.airflow.providers.standard.decorators.python._PythonDecoratedOperator","filename":"python.py","lineno":233}
{"timestamp":"2026-10-05T14:12:50.361090Z","level":"info","event":"::group::Post Execute","try_number":1,"map_index":-1,"ti_id":"01a10c68-6d3b-7c1a-b5c0-38820f0a684b","run_id":"manual__2026-10-05T14:12:12.695223+00:00","dag_id":"sprint1_r_train","task_id":"train_model","logger":"task","filename":"task_runner.py","lineno":1580}
{"timestamp":"2026-10-05T14:12:50.361335Z","level":"info","event":"Pushing xcom","ti":"RuntimeTaskInstance(id=UUID('01a10c68-6d3b-7c1a-b5c0-38820f0a684b'), task_id='train_model', dag_id='sprint1_r_train', run_id='manual__2026-10-05T14:12:12.695223+00:00', try_number=1, dag_version_id=UUID('01a10c50-eae4-7038-9f49-a40eb340b7d4'), map_index=-1, hostname='8b9e1f85ab10', context_carrier={'traceparent': '00-c7366f09909f551b7a83f774a53d80dd-f6484f607317cdb3-00'}, queue='default', task=<Task(_PythonDecoratedOperator): train_model>, bundle_instance=LocalDagBundle(name=dags-folder), max_tries=0, start_date=datetime.datetime(2026, 10, 5, 14, 12, 24, 216294, tzinfo=datetime.timezone.utc), end_date=None, state=<TaskInstanceState.RUNNING: 'running'>, is_mapped=False, rendered_map_index=None, sentry_integration='sentry_sdk.integrations.celery.CeleryIntegration')","try_number":1,"map_index":-1,"ti_id":"01a10c68-6d3b-7c1a-b5c0-38820f0a684b","run_id":"manual__2026-10-05T14:12:12.695223+00:00","dag_id":"sprint1_r_train","task_id":"train_model","logger":"task","filename":"task_runner.py","lineno":2280}
{"timestamp":"2026-10-05T14:12:50.410057Z","level":"info","event":"Task instance in success state","logger":"task.stdout"}
{"timestamp":"2026-10-05T14:12:50.410545Z","level":"info","event":" Previous state of the Task instance: TaskInstanceState.RUNNING","logger":"task.stdout"}
{"timestamp":"2026-10-05T14:12:50.410746Z","level":"info","event":"Task operator:<Task(_PythonDecoratedOperator): train_model>","logger":"task.stdout"}
{"timestamp":"2026-10-05T14:12:50.409452Z","level":"info","event":"::endgroup::","try_number":1,"map_index":-1,"ti_id":"01a10c68-6d3b-7c1a-b5c0-38820f0a684b","run_id":"manual__2026-10-05T14:12:12.695223+00:00","dag_id":"sprint1_r_train","task_id":"train_model","logger":"task","filename":"task_runner.py","lineno":2379}
