{"timestamp":"2026-10-06T12:07:43.540588Z","level":"info","event":"::group::Pre Execute","logger":"task","filename":"task_runner.py","lineno":2412}
{"timestamp":"2026-10-06T12:07:44.045995Z","level":"info","event":"DAG bundles loaded: dags-folder, example_dags, apache-airflow-providers-common-sql-example-dags, apache-airflow-providers-standard-example-dags","try_number":1,"ti_id":"01a1111c-88af-7585-9e86-cf6fee5207f2","dag_id":"sprint1_r_train","run_id":"manual__2026-10-06T12:07:25.005171+00:00","map_index":-1,"task_id":"train_lightgbm","logger":"airflow.dag_processing.bundles.manager.DagBundlesManager","filename":"manager.py","lineno":304}
{"timestamp":"2026-10-06T12:07:44.047919Z","level":"info","event":"Filling up the DagBag from /opt/airflow/dags/sprint1_r_train.py","try_number":1,"ti_id":"01a1111c-88af-7585-9e86-cf6fee5207f2","dag_id":"sprint1_r_train","run_id":"manual__2026-10-06T12:07:25.005171+00:00","map_index":-1,"task_id":"train_lightgbm","logger":"airflow.dag_processing.dagbag.BundleDagBag","filename":"dagbag.py","lineno":460}
{"timestamp":"2026-10-06T12:08:06.632611Z","level":"info","event":"Worker startup parse complete","bundle_name":"dags-folder","bundle_version":null,"dag_file":"sprint1_r_train.py","dag_id":"sprint1_r_train","bundle_prepare_ms":19,"dag_file_parse_ms":22584,"try_number":1,"ti_id":"01a1111c-88af-7585-9e86-cf6fee5207f2","run_id":"manual__2026-10-06T12:07:25.005171+00:00","map_index":-1,"task_id":"train_lightgbm","logger":"task","filename":"task_runner.py","lineno":1073}
{"timestamp":"2026-10-06T12:08:06.706384Z","level":"info","event":"Task instance is in running state","logger":"task.stdout"}
{"timestamp":"2026-10-06T12:08:06.706727Z","level":"info","event":" Previous state of the Task instance: TaskInstanceState.QUEUED","logger":"task.stdout"}
{"timestamp":"2026-10-06T12:08:06.706898Z","level":"info","event":"Current task name:train_lightgbm","logger":"task.stdout"}
{"timestamp":"2026-10-06T12:08:06.707031Z","level":"info","event":"Dag name:sprint1_r_train","logger":"task.stdout"}
{"timestamp":"2026-10-06T12:08:06.707221Z","level":"info","event":"::endgroup::","try_number":1,"ti_id":"01a1111c-88af-7585-9e86-cf6fee5207f2","dag_id":"sprint1_r_train","run_id":"manual__2026-10-06T12:07:25.005171+00:00","map_index":-1,"task_id":"train_lightgbm","logger":"task","filename":"task_runner.py","lineno":2232}
{"timestamp":"2026-10-06T12:08:08.216429Z","level":"info","event":"[LightGBM] [Info] Number of positive: 1393, number of negative: 3872","logger":"task.stdout"}
{"timestamp":"2026-10-06T12:08:08.984350Z","level":"info","event":"[LightGBM] [Info] Auto-choosing row-wise multi-threading, the overhead of testing was 0.491523 seconds.","logger":"task.stdout"}
{"timestamp":"2026-10-06T12:08:08.984681Z","level":"info","event":"You can set `force_row_wise=true` to remove the overhead.","logger":"task.stdout"}
{"timestamp":"2026-10-06T12:08:08.984913Z","level":"info","event":"And if memory is not enough, you can set `force_col_wise=true`.","logger":"task.stdout"}
{"timestamp":"2026-10-06T12:08:08.985104Z","level":"info","event":"[LightGBM] [Info] Total Bins 557","logger":"task.stdout"}
{"timestamp":"2026-10-06T12:08:09.000406Z","level":"info","event":"[LightGBM] [Info] Number of data points in the train set: 5265, number of used features: 17","logger":"task.stdout"}
{"timestamp":"2026-10-06T12:08:09.021177Z","level":"info","event":"[LightGBM] [Info] [binary:BoostFromScore]: pavg=0.500000 -> initscore=-0.000000","logger":"task.stdout"}
{"timestamp":"2026-10-06T12:08:09.039758Z","level":"info","event":"[LightGBM] [Info] Start training from score -0.000000","logger":"task.stdout"}
{"timestamp":"2026-10-06T12:08:14.724495Z","level":"info","event":"[LightGBM] [Warning] No further splits with positive gain, best gain: -inf","logger":"task.stdout"}
{"timestamp":"2026-10-06T12:08:15.123362Z","level":"info","event":"[LightGBM] [Warning] No further splits with positive gain, best gain: -inf","logger":"task.stdout"}
{"timestamp":"2026-10-06T12:08:16.158907Z","level":"info","event":"[LightGBM] [Warning] No further splits with positive gain, best gain: -inf","logger":"task.stdout"}
{"timestamp":"2026-10-06T12:08:16.167668Z","level":"info","event":"[LightGBM] [Warning] No further splits with positive gain, best gain: -inf","logger":"task.stdout"}
{"timestamp":"2026-10-06T12:08:16.670760Z","level":"info","event":"[LightGBM] [Warning] No further splits with positive gain, best gain: -inf","logger":"task.stdout"}
{"timestamp":"2026-10-06T12:08:17.427296Z","level":"info","event":"[LightGBM] [Warning] No further splits with positive gain, best gain: -inf","logger":"task.stdout"}
{"timestamp":"2026-10-06T12:08:17.428437Z","level":"info","event":"[LightGBM] [Warning] No further splits with positive gain, best gain: -inf","logger":"task.stdout"}
{"timestamp":"2026-10-06T12:08:17.490811Z","level":"info","event":"[LightGBM] [Warning] No further splits with positive gain, best gain: -inf","logger":"task.stdout"}
{"timestamp":"2026-10-06T12:08:17.786073Z","level":"info","event":"[LightGBM] [Warning] No further splits with positive gain, best gain: -inf","logger":"task.stdout"}
{"timestamp":"2026-10-06T12:08:17.787172Z","level":"info","event":"[LightGBM] [Warning] No further splits with positive gain, best gain: -inf","logger":"task.stdout"}
{"timestamp":"2026-10-06T12:08:17.817919Z","level":"info","event":"[LightGBM] [Warning] No further splits with positive gain, best gain: -inf","logger":"task.stdout"}
{"timestamp":"2026-10-06T12:08:18.493736Z","level":"info","event":"[LightGBM] [Warning] No further splits with positive gain, best gain: -inf","logger":"task.stdout"}
{"timestamp":"2026-10-06T12:08:18.523001Z","level":"info","event":"[LightGBM] [Warning] No further splits with positive gain, best gain: -inf","logger":"task.stdout"}
{"timestamp":"2026-10-06T12:08:18.524301Z","level":"info","event":"[LightGBM] [Warning] No further splits with positive gain, best gain: -inf","logger":"task.stdout"}
{"timestamp":"2026-10-06T12:08:18.525765Z","level":"info","event":"[LightGBM] [Warning] No further splits with positive gain, best gain: -inf","logger":"task.stdout"}
{"timestamp":"2026-10-06T12:08:18.527005Z","level":"info","event":"[LightGBM] [Warning] No further splits with positive gain, best gain: -inf","logger":"task.stdout"}
{"timestamp":"2026-10-06T12:08:18.580657Z","level":"info","event":"[LightGBM] [Warning] No further splits with positive gain, best gain: -inf","logger":"task.stdout"}
{"timestamp":"2026-10-06T12:08:18.607229Z","level":"info","event":"[LightGBM] [Warning] No further splits with positive gain, best gain: -inf","logger":"task.stdout"}
{"timestamp":"2026-10-06T12:08:18.652336Z","level":"info","event":"[LightGBM] [Warning] No further splits with positive gain, best gain: -inf","logger":"task.stdout"}
{"timestamp":"2026-10-06T12:08:18.655237Z","level":"info","event":"[LightGBM] [Warning] No further splits with positive gain, best gain: -inf","logger":"task.stdout"}
{"timestamp":"2026-10-06T12:08:18.699712Z","level":"info","event":"[LightGBM] [Warning] No further splits with positive gain, best gain: -inf","logger":"task.stdout"}
{"timestamp":"2026-10-06T12:08:18.749841Z","level":"info","event":"[LightGBM] [Warning] No further splits with positive gain, best gain: -inf","logger":"task.stdout"}
{"timestamp":"2026-10-06T12:08:18.751988Z","level":"info","event":"[LightGBM] [Warning] No further splits with positive gain, best gain: -inf","logger":"task.stdout"}
{"timestamp":"2026-10-06T12:08:19.052707Z","level":"info","event":"[LightGBM] [Warning] No further splits with positive gain, best gain: -inf","logger":"task.stdout"}
{"timestamp":"2026-10-06T12:08:19.221527Z","level":"info","event":"[LightGBM] [Warning] No further splits with positive gain, best gain: -inf","logger":"task.stdout"}
{"timestamp":"2026-10-06T12:08:19.683597Z","level":"info","event":"[LightGBM] [Warning] No further splits with positive gain, best gain: -inf","logger":"task.stdout"}
{"timestamp":"2026-10-06T12:08:19.736305Z","level":"info","event":"[LightGBM] [Warning] No further splits with positive gain, best gain: -inf","logger":"task.stdout"}
{"timestamp":"2026-10-06T12:08:19.905397Z","level":"info","event":"[LightGBM] [Warning] No further splits with positive gain, best gain: -inf","logger":"task.stdout"}
{"timestamp":"2026-10-06T12:08:19.952124Z","level":"info","event":"[LightGBM] [Warning] No further splits with positive gain, best gain: -inf","logger":"task.stdout"}
{"timestamp":"2026-10-06T12:08:20.021053Z","level":"info","event":"[LightGBM] [Warning] No further splits with positive gain, best gain: -inf","logger":"task.stdout"}
{"timestamp":"2026-10-06T12:08:20.047353Z","level":"info","event":"[LightGBM] [Warning] No further splits with positive gain, best gain: -inf","logger":"task.stdout"}
{"timestamp":"2026-10-06T12:08:20.067895Z","level":"info","event":"[LightGBM] [Warning] No further splits with positive gain, best gain: -inf","logger":"task.stdout"}
{"timestamp":"2026-10-06T12:08:20.261959Z","level":"info","event":"[LightGBM] [Warning] No further splits with positive gain, best gain: -inf","logger":"task.stdout"}
{"timestamp":"2026-10-06T12:08:20.302013Z","level":"info","event":"[LightGBM] [Warning] No further splits with positive gain, best gain: -inf","logger":"task.stdout"}
{"timestamp":"2026-10-06T12:08:20.342756Z","level":"info","event":"[LightGBM] [Warning] No further splits with positive gain, best gain: -inf","logger":"task.stdout"}
{"timestamp":"2026-10-06T12:08:20.421043Z","level":"info","event":"[LightGBM] [Warning] No further splits with positive gain, best gain: -inf","logger":"task.stdout"}
{"timestamp":"2026-10-06T12:08:20.422207Z","level":"info","event":"[LightGBM] [Warning] No further splits with positive gain, best gain: -inf","logger":"task.stdout"}
{"timestamp":"2026-10-06T12:08:20.423228Z","level":"info","event":"[LightGBM] [Warning] No further splits with positive gain, best gain: -inf","logger":"task.stdout"}
{"timestamp":"2026-10-06T12:08:20.514659Z","level":"info","event":"[LightGBM] [Warning] No further splits with positive gain, best gain: -inf","logger":"task.stdout"}
{"timestamp":"2026-10-06T12:08:20.578461Z","level":"info","event":"[LightGBM] [Warning] No further splits with positive gain, best gain: -inf","logger":"task.stdout"}
{"timestamp":"2026-10-06T12:08:20.579513Z","level":"info","event":"[LightGBM] [Warning] No further splits with positive gain, best gain: -inf","logger":"task.stdout"}
{"timestamp":"2026-10-06T12:08:20.610080Z","level":"info","event":"[LightGBM] [Warning] No further splits with positive gain, best gain: -inf","logger":"task.stdout"}
{"timestamp":"2026-10-06T12:08:20.656081Z","level":"info","event":"[LightGBM] [Warning] No further splits with positive gain, best gain: -inf","logger":"task.stdout"}
{"timestamp":"2026-10-06T12:08:20.672862Z","level":"info","event":"[LightGBM] [Warning] No further splits with positive gain, best gain: -inf","logger":"task.stdout"}
{"timestamp":"2026-10-06T12:08:20.674721Z","level":"info","event":"[LightGBM] [Warning] No further splits with positive gain, best gain: -inf","logger":"task.stdout"}
{"timestamp":"2026-10-06T12:08:20.678729Z","level":"info","event":"[LightGBM] [Warning] No further splits with positive gain, best gain: -inf","logger":"task.stdout"}
{"timestamp":"2026-10-06T12:08:21.912341Z","level":"info","event":"[LightGBM] [Warning] No further splits with positive gain, best gain: -inf","logger":"task.stdout"}
{"timestamp":"2026-10-06T12:08:21.976347Z","level":"info","event":"[LightGBM] [Warning] No further splits with positive gain, best gain: -inf","logger":"task.stdout"}
{"timestamp":"2026-10-06T12:08:22.104088Z","level":"info","event":"[LightGBM] [Warning] No further splits with positive gain, best gain: -inf","logger":"task.stdout"}
{"timestamp":"2026-10-06T12:08:22.111243Z","level":"info","event":"[LightGBM] [Warning] No further splits with positive gain, best gain: -inf","logger":"task.stdout"}
{"timestamp":"2026-10-06T12:08:22.119450Z","level":"info","event":"[LightGBM] [Warning] No further splits with positive gain, best gain: -inf","logger":"task.stdout"}
{"timestamp":"2026-10-06T12:08:22.180857Z","level":"info","event":"[LightGBM] [Warning] No further splits with positive gain, best gain: -inf","logger":"task.stdout"}
{"timestamp":"2026-10-06T12:08:22.188899Z","level":"info","event":"[LightGBM] [Warning] No further splits with positive gain, best gain: -inf","logger":"task.stdout"}
{"timestamp":"2026-10-06T12:08:22.190072Z","level":"info","event":"[LightGBM] [Warning] No further splits with positive gain, best gain: -inf","logger":"task.stdout"}
{"timestamp":"2026-10-06T12:08:22.301216Z","level":"info","event":"[LightGBM] [Warning] No further splits with positive gain, best gain: -inf","logger":"task.stdout"}
{"timestamp":"2026-10-06T12:08:22.302341Z","level":"info","event":"[LightGBM] [Warning] No further splits with positive gain, best gain: -inf","logger":"task.stdout"}
{"timestamp":"2026-10-06T12:08:22.305003Z","level":"info","event":"[LightGBM] [Warning] No further splits with positive gain, best gain: -inf","logger":"task.stdout"}
{"timestamp":"2026-10-06T12:08:22.306132Z","level":"info","event":"[LightGBM] [Warning] No further splits with positive gain, best gain: -inf","logger":"task.stdout"}
{"timestamp":"2026-10-06T12:08:22.345450Z","level":"info","event":"[LightGBM] [Warning] No further splits with positive gain, best gain: -inf","logger":"task.stdout"}
{"timestamp":"2026-10-06T12:08:22.347730Z","level":"info","event":"[LightGBM] [Warning] No further splits with positive gain, best gain: -inf","logger":"task.stdout"}
{"timestamp":"2026-10-06T12:08:22.386342Z","level":"info","event":"[LightGBM] [Warning] No further splits with positive gain, best gain: -inf","logger":"task.stdout"}
{"timestamp":"2026-10-06T12:08:22.387775Z","level":"info","event":"[LightGBM] [Warning] No further splits with positive gain, best gain: -inf","logger":"task.stdout"}
{"timestamp":"2026-10-06T12:08:22.446194Z","level":"info","event":"[LightGBM] [Warning] No further splits with positive gain, best gain: -inf","logger":"task.stdout"}
{"timestamp":"2026-10-06T12:08:22.448479Z","level":"info","event":"[LightGBM] [Warning] No further splits with positive gain, best gain: -inf","logger":"task.stdout"}
{"timestamp":"2026-10-06T12:08:22.449509Z","level":"info","event":"[LightGBM] [Warning] No further splits with positive gain, best gain: -inf","logger":"task.stdout"}
{"timestamp":"2026-10-06T12:08:22.452937Z","level":"info","event":"[LightGBM] [Warning] No further splits with positive gain, best gain: -inf","logger":"task.stdout"}
{"timestamp":"2026-10-06T12:08:22.540645Z","level":"info","event":"[LightGBM] [Warning] No further splits with positive gain, best gain: -inf","logger":"task.stdout"}
{"timestamp":"2026-10-06T12:08:22.542848Z","level":"info","event":"[LightGBM] [Warning] No further splits with positive gain, best gain: -inf","logger":"task.stdout"}
{"timestamp":"2026-10-06T12:08:22.975017Z","level":"info","event":"[LightGBM] [Warning] No further splits with positive gain, best gain: -inf","logger":"task.stdout"}
{"timestamp":"2026-10-06T12:08:23.178487Z","level":"info","event":"[LightGBM] [Warning] No further splits with positive gain, best gain: -inf","logger":"task.stdout"}
{"timestamp":"2026-10-06T12:08:23.576329Z","level":"info","event":"[LightGBM] [Warning] No further splits with positive gain, best gain: -inf","logger":"task.stdout"}
{"timestamp":"2026-10-06T12:08:23.576673Z","level":"info","event":"[LightGBM] [Warning] No further splits with positive gain, best gain: -inf","logger":"task.stdout"}
{"timestamp":"2026-10-06T12:08:23.576847Z","level":"info","event":"[LightGBM] [Warning] No further splits with positive gain, best gain: -inf","logger":"task.stdout"}
{"timestamp":"2026-10-06T12:08:24.539307Z","level":"info","event":"[LightGBM] [Warning] No further splits with positive gain, best gain: -inf","logger":"task.stdout"}
{"timestamp":"2026-10-06T12:08:24.539596Z","level":"info","event":"[LightGBM] [Warning] No further splits with positive gain, best gain: -inf","logger":"task.stdout"}
{"timestamp":"2026-10-06T12:08:24.539762Z","level":"info","event":"[LightGBM] [Warning] No further splits with positive gain, best gain: -inf","logger":"task.stdout"}
{"timestamp":"2026-10-06T12:08:24.676955Z","level":"info","event":"[LightGBM] [Warning] No further splits with positive gain, best gain: -inf","logger":"task.stdout"}
{"timestamp":"2026-10-06T12:08:24.976366Z","level":"info","event":"[LightGBM] [Warning] No further splits with positive gain, best gain: -inf","logger":"task.stdout"}
{"timestamp":"2026-10-06T12:08:24.977565Z","level":"info","event":"[LightGBM] [Warning] No further splits with positive gain, best gain: -inf","logger":"task.stdout"}
{"timestamp":"2026-10-06T12:08:24.978480Z","level":"info","event":"[LightGBM] [Warning] No further splits with positive gain, best gain: -inf","logger":"task.stdout"}
{"timestamp":"2026-10-06T12:08:25.011109Z","level":"info","event":"[LightGBM] [Warning] No further splits with positive gain, best gain: -inf","logger":"task.stdout"}
{"timestamp":"2026-10-06T12:08:25.011697Z","level":"info","event":"[LightGBM] [Warning] No further splits with positive gain, best gain: -inf","logger":"task.stdout"}
{"timestamp":"2026-10-06T12:08:25.038186Z","level":"info","event":"[LightGBM] [Warning] No further splits with positive gain, best gain: -inf","logger":"task.stdout"}
{"timestamp":"2026-10-06T12:08:25.147581Z","level":"info","event":"[LightGBM] [Warning] No further splits with positive gain, best gain: -inf","logger":"task.stdout"}
{"timestamp":"2026-10-06T12:08:25.614828Z","level":"info","event":"[LightGBM] [Warning] No further splits with positive gain, best gain: -inf","logger":"task.stdout"}
{"timestamp":"2026-10-06T12:08:25.616097Z","level":"info","event":"[LightGBM] [Warning] No further splits with positive gain, best gain: -inf","logger":"task.stdout"}
{"timestamp":"2026-10-06T12:08:25.618465Z","level":"info","event":"[LightGBM] [Warning] No further splits with positive gain, best gain: -inf","logger":"task.stdout"}
{"timestamp":"2026-10-06T12:08:25.834723Z","level":"info","event":"[LightGBM] [Warning] No further splits with positive gain, best gain: -inf","logger":"task.stdout"}
{"timestamp":"2026-10-06T12:08:25.836617Z","level":"info","event":"[LightGBM] [Warning] No further splits with positive gain, best gain: -inf","logger":"task.stdout"}
{"timestamp":"2026-10-06T12:08:25.905010Z","level":"info","event":"[LightGBM] [Warning] No further splits with positive gain, best gain: -inf","logger":"task.stdout"}
{"timestamp":"2026-10-06T12:08:25.906017Z","level":"info","event":"[LightGBM] [Warning] No further splits with positive gain, best gain: -inf","logger":"task.stdout"}
{"timestamp":"2026-10-06T12:08:25.907099Z","level":"info","event":"[LightGBM] [Warning] No further splits with positive gain, best gain: -inf","logger":"task.stdout"}
{"timestamp":"2026-10-06T12:08:25.908733Z","level":"info","event":"[LightGBM] [Warning] No further splits with positive gain, best gain: -inf","logger":"task.stdout"}
{"timestamp":"2026-10-06T12:08:25.910755Z","level":"info","event":"[LightGBM] [Warning] No further splits with positive gain, best gain: -inf","logger":"task.stdout"}
{"timestamp":"2026-10-06T12:08:25.916870Z","level":"info","event":"[LightGBM] [Warning] No further splits with positive gain, best gain: -inf","logger":"task.stdout"}
{"timestamp":"2026-10-06T12:08:25.925001Z","level":"info","event":"[LightGBM] [Warning] No further splits with positive gain, best gain: -inf","logger":"task.stdout"}
{"timestamp":"2026-10-06T12:08:25.925940Z","level":"info","event":"[LightGBM] [Warning] No further splits with positive gain, best gain: -inf","logger":"task.stdout"}
{"timestamp":"2026-10-06T12:08:25.926757Z","level":"info","event":"[LightGBM] [Warning] No further splits with positive gain, best gain: -inf","logger":"task.stdout"}
{"timestamp":"2026-10-06T12:08:25.927767Z","level":"info","event":"[LightGBM] [Warning] No further splits with positive gain, best gain: -inf","logger":"task.stdout"}
{"timestamp":"2026-10-06T12:08:25.930036Z","level":"info","event":"[LightGBM] [Warning] No further splits with positive gain, best gain: -inf","logger":"task.stdout"}
{"timestamp":"2026-10-06T12:08:25.933932Z","level":"info","event":"[LightGBM] [Warning] No further splits with positive gain, best gain: -inf","logger":"task.stdout"}
{"timestamp":"2026-10-06T12:08:25.935488Z","level":"info","event":"[LightGBM] [Warning] No further splits with positive gain, best gain: -inf","logger":"task.stdout"}
{"timestamp":"2026-10-06T12:08:25.937815Z","level":"info","event":"[LightGBM] [Warning] No further splits with positive gain, best gain: -inf","logger":"task.stdout"}
{"timestamp":"2026-10-06T12:08:26.174305Z","level":"info","event":"[LightGBM] [Warning] No further splits with positive gain, best gain: -inf","logger":"task.stdout"}
{"timestamp":"2026-10-06T12:08:26.175538Z","level":"info","event":"[LightGBM] [Warning] No further splits with positive gain, best gain: -inf","logger":"task.stdout"}
{"timestamp":"2026-10-06T12:08:26.198263Z","level":"info","event":"[LightGBM] [Warning] No further splits with positive gain, best gain: -inf","logger":"task.stdout"}
{"timestamp":"2026-10-06T12:08:26.199309Z","level":"info","event":"[LightGBM] [Warning] No further splits with positive gain, best gain: -inf","logger":"task.stdout"}
{"timestamp":"2026-10-06T12:08:26.228643Z","level":"info","event":"[LightGBM] [Warning] No further splits with positive gain, best gain: -inf","logger":"task.stdout"}
{"timestamp":"2026-10-06T12:08:26.229786Z","level":"info","event":"[LightGBM] [Warning] No further splits with positive gain, best gain: -inf","logger":"task.stdout"}
{"timestamp":"2026-10-06T12:08:26.230618Z","level":"info","event":"[LightGBM] [Warning] No further splits with positive gain, best gain: -inf","logger":"task.stdout"}
{"timestamp":"2026-10-06T12:08:26.231388Z","level":"info","event":"[LightGBM] [Warning] No further splits with positive gain, best gain: -inf","logger":"task.stdout"}
{"timestamp":"2026-10-06T12:08:26.386712Z","level":"info","event":"[LightGBM] [Warning] No further splits with positive gain, best gain: -inf","logger":"task.stdout"}
{"timestamp":"2026-10-06T12:08:26.387839Z","level":"info","event":"[LightGBM] [Warning] No further splits with positive gain, best gain: -inf","logger":"task.stdout"}
{"timestamp":"2026-10-06T12:08:26.391084Z","level":"info","event":"[LightGBM] [Warning] No further splits with positive gain, best gain: -inf","logger":"task.stdout"}
{"timestamp":"2026-10-06T12:08:26.584360Z","level":"info","event":"[LightGBM] [Warning] No further splits with positive gain, best gain: -inf","logger":"task.stdout"}
{"timestamp":"2026-10-06T12:08:26.584603Z","level":"info","event":"[LightGBM] [Warning] No further splits with positive gain, best gain: -inf","logger":"task.stdout"}
{"timestamp":"2026-10-06T12:08:26.584740Z","level":"info","event":"[LightGBM] [Warning] No further splits with positive gain, best gain: -inf","logger":"task.stdout"}
{"timestamp":"2026-10-06T12:08:26.584867Z","level":"info","event":"[LightGBM] [Warning] No further splits with positive gain, best gain: -inf","logger":"task.stdout"}
{"timestamp":"2026-10-06T12:08:26.584991Z","level":"info","event":"[LightGBM] [Warning] No further splits with positive gain, best gain: -inf","logger":"task.stdout"}
{"timestamp":"2026-10-06T12:08:27.753625Z","level":"info","event":"[LightGBM] [Warning] No further splits with positive gain, best gain: -inf","logger":"task.stdout"}
{"timestamp":"2026-10-06T12:08:27.755282Z","level":"info","event":"[LightGBM] [Warning] No further splits with positive gain, best gain: -inf","logger":"task.stdout"}
{"timestamp":"2026-10-06T12:08:27.857451Z","level":"info","event":"[LightGBM] [Warning] No further splits with positive gain, best gain: -inf","logger":"task.stdout"}
{"timestamp":"2026-10-06T12:08:27.860082Z","level":"info","event":"[LightGBM] [Warning] No further splits with positive gain, best gain: -inf","logger":"task.stdout"}
{"timestamp":"2026-10-06T12:08:27.917847Z","level":"info","event":"[LightGBM] [Warning] No further splits with positive gain, best gain: -inf","logger":"task.stdout"}
{"timestamp":"2026-10-06T12:08:28.100335Z","level":"info","event":"[LightGBM] [Warning] No further splits with positive gain, best gain: -inf","logger":"task.stdout"}
{"timestamp":"2026-10-06T12:08:28.100683Z","level":"info","event":"[LightGBM] [Warning] No further splits with positive gain, best gain: -inf","logger":"task.stdout"}
{"timestamp":"2026-10-06T12:08:28.100887Z","level":"info","event":"[LightGBM] [Warning] No further splits with positive gain, best gain: -inf","logger":"task.stdout"}
{"timestamp":"2026-10-06T12:08:28.368720Z","level":"info","event":"[LightGBM] [Warning] No further splits with positive gain, best gain: -inf","logger":"task.stdout"}
{"timestamp":"2026-10-06T12:08:28.534796Z","level":"info","event":"[LightGBM] [Warning] No further splits with positive gain, best gain: -inf","logger":"task.stdout"}
{"timestamp":"2026-10-06T12:08:28.535439Z","level":"info","event":"[LightGBM] [Warning] No further splits with positive gain, best gain: -inf","logger":"task.stdout"}
{"timestamp":"2026-10-06T12:08:28.535995Z","level":"info","event":"[LightGBM] [Warning] No further splits with positive gain, best gain: -inf","logger":"task.stdout"}
{"timestamp":"2026-10-06T12:08:31.616962Z","level":"info","event":"[LightGBM] [Warning] No further splits with positive gain, best gain: -inf","logger":"task.stdout"}
{"timestamp":"2026-10-06T12:08:33.491120Z","level":"info","event":"[LightGBM] [Warning] No further splits with positive gain, best gain: -inf","logger":"task.stdout"}
{"timestamp":"2026-10-06T12:08:34.652777Z","level":"info","event":"[LightGBM] [Warning] No further splits with positive gain, best gain: -inf","logger":"task.stdout"}
{"timestamp":"2026-10-06T12:08:35.620921Z","level":"info","event":"[LightGBM] [Warning] No further splits with positive gain, best gain: -inf","logger":"task.stdout"}
{"timestamp":"2026-10-06T12:08:35.622202Z","level":"info","event":"[LightGBM] [Warning] No further splits with positive gain, best gain: -inf","logger":"task.stdout"}
{"timestamp":"2026-10-06T12:08:35.625380Z","level":"info","event":"[LightGBM] [Warning] No further splits with positive gain, best gain: -inf","logger":"task.stdout"}
{"timestamp":"2026-10-06T12:08:35.626273Z","level":"info","event":"[LightGBM] [Warning] No further splits with positive gain, best gain: -inf","logger":"task.stdout"}
{"timestamp":"2026-10-06T12:08:35.627351Z","level":"info","event":"[LightGBM] [Warning] No further splits with positive gain, best gain: -inf","logger":"task.stdout"}
{"timestamp":"2026-10-06T12:08:35.628268Z","level":"info","event":"[LightGBM] [Warning] No further splits with positive gain, best gain: -inf","logger":"task.stdout"}
{"timestamp":"2026-10-06T12:08:35.629280Z","level":"info","event":"[LightGBM] [Warning] No further splits with positive gain, best gain: -inf","logger":"task.stdout"}
{"timestamp":"2026-10-06T12:08:35.630035Z","level":"info","event":"[LightGBM] [Warning] No further splits with positive gain, best gain: -inf","logger":"task.stdout"}
{"timestamp":"2026-10-06T12:08:35.632857Z","level":"info","event":"[LightGBM] [Warning] No further splits with positive gain, best gain: -inf","logger":"task.stdout"}
{"timestamp":"2026-10-06T12:08:35.633664Z","level":"info","event":"[LightGBM] [Warning] No further splits with positive gain, best gain: -inf","logger":"task.stdout"}
{"timestamp":"2026-10-06T12:08:35.634561Z","level":"info","event":"[LightGBM] [Warning] No further splits with positive gain, best gain: -inf","logger":"task.stdout"}
{"timestamp":"2026-10-06T12:08:35.635635Z","level":"info","event":"[LightGBM] [Warning] No further splits with positive gain, best gain: -inf","logger":"task.stdout"}
{"timestamp":"2026-10-06T12:08:35.636650Z","level":"info","event":"[LightGBM] [Warning] No further splits with positive gain, best gain: -inf","logger":"task.stdout"}
{"timestamp":"2026-10-06T12:08:35.637398Z","level":"info","event":"[LightGBM] [Warning] No further splits with positive gain, best gain: -inf","logger":"task.stdout"}
{"timestamp":"2026-10-06T12:08:35.639146Z","level":"info","event":"[LightGBM] [Warning] No further splits with positive gain, best gain: -inf","logger":"task.stdout"}
{"timestamp":"2026-10-06T12:08:35.639880Z","level":"info","event":"[LightGBM] [Warning] No further splits with positive gain, best gain: -inf","logger":"task.stdout"}
{"timestamp":"2026-10-06T12:08:35.640665Z","level":"info","event":"[LightGBM] [Warning] No further splits with positive gain, best gain: -inf","logger":"task.stdout"}
{"timestamp":"2026-10-06T12:08:35.641692Z","level":"info","event":"[LightGBM] [Warning] No further splits with positive gain, best gain: -inf","logger":"task.stdout"}
{"timestamp":"2026-10-06T12:08:35.643266Z","level":"info","event":"[LightGBM] [Warning] No further splits with positive gain, best gain: -inf","logger":"task.stdout"}
{"timestamp":"2026-10-06T12:08:35.643995Z","level":"info","event":"[LightGBM] [Warning] No further splits with positive gain, best gain: -inf","logger":"task.stdout"}
{"timestamp":"2026-10-06T12:08:35.646425Z","level":"info","event":"[LightGBM] [Warning] No further splits with positive gain, best gain: -inf","logger":"task.stdout"}
{"timestamp":"2026-10-06T12:08:35.648112Z","level":"info","event":"[LightGBM] [Warning] No further splits with positive gain, best gain: -inf","logger":"task.stdout"}
{"timestamp":"2026-10-06T12:08:35.649174Z","level":"info","event":"[LightGBM] [Warning] No further splits with positive gain, best gain: -inf","logger":"task.stdout"}
{"timestamp":"2026-10-06T12:08:35.649964Z","level":"info","event":"[LightGBM] [Warning] No further splits with positive gain, best gain: -inf","logger":"task.stdout"}
{"timestamp":"2026-10-06T12:08:35.651690Z","level":"info","event":"[LightGBM] [Warning] No further splits with positive gain, best gain: -inf","logger":"task.stdout"}
{"timestamp":"2026-10-06T12:08:35.652769Z","level":"info","event":"[LightGBM] [Warning] No further splits with positive gain, best gain: -inf","logger":"task.stdout"}
{"timestamp":"2026-10-06T12:08:35.653722Z","level":"info","event":"[LightGBM] [Warning] No further splits with positive gain, best gain: -inf","logger":"task.stdout"}
{"timestamp":"2026-10-06T12:08:35.655275Z","level":"info","event":"[LightGBM] [Warning] No further splits with positive gain, best gain: -inf","logger":"task.stdout"}
{"timestamp":"2026-10-06T12:08:35.656113Z","level":"info","event":"[LightGBM] [Warning] No further splits with positive gain, best gain: -inf","logger":"task.stdout"}
{"timestamp":"2026-10-06T12:08:35.656933Z","level":"info","event":"[LightGBM] [Warning] No further splits with positive gain, best gain: -inf","logger":"task.stdout"}
{"timestamp":"2026-10-06T12:08:35.657854Z","level":"info","event":"[LightGBM] [Warning] No further splits with positive gain, best gain: -inf","logger":"task.stdout"}
{"timestamp":"2026-10-06T12:08:35.658805Z","level":"info","event":"[LightGBM] [Warning] No further splits with positive gain, best gain: -inf","logger":"task.stdout"}
{"timestamp":"2026-10-06T12:08:35.659566Z","level":"info","event":"[LightGBM] [Warning] No further splits with positive gain, best gain: -inf","logger":"task.stdout"}
{"timestamp":"2026-10-06T12:08:35.663650Z","level":"info","event":"[LightGBM] [Warning] No further splits with positive gain, best gain: -inf","logger":"task.stdout"}
{"timestamp":"2026-10-06T12:08:35.667275Z","level":"info","event":"[LightGBM] [Warning] No further splits with positive gain, best gain: -inf","logger":"task.stdout"}
{"timestamp":"2026-10-06T12:08:35.668369Z","level":"info","event":"[LightGBM] [Warning] No further splits with positive gain, best gain: -inf","logger":"task.stdout"}
{"timestamp":"2026-10-06T12:08:35.669304Z","level":"info","event":"[LightGBM] [Warning] No further splits with positive gain, best gain: -inf","logger":"task.stdout"}
{"timestamp":"2026-10-06T12:08:35.670138Z","level":"info","event":"[LightGBM] [Warning] No further splits with positive gain, best gain: -inf","logger":"task.stdout"}
{"timestamp":"2026-10-06T12:08:35.671127Z","level":"info","event":"[LightGBM] [Warning] No further splits with positive gain, best gain: -inf","logger":"task.stdout"}
{"timestamp":"2026-10-06T12:08:35.672121Z","level":"info","event":"[LightGBM] [Warning] No further splits with positive gain, best gain: -inf","logger":"task.stdout"}
{"timestamp":"2026-10-06T12:08:35.672924Z","level":"info","event":"[LightGBM] [Warning] No further splits with positive gain, best gain: -inf","logger":"task.stdout"}
{"timestamp":"2026-10-06T12:08:35.673771Z","level":"info","event":"[LightGBM] [Warning] No further splits with positive gain, best gain: -inf","logger":"task.stdout"}
{"timestamp":"2026-10-06T12:08:35.674487Z","level":"info","event":"[LightGBM] [Warning] No further splits with positive gain, best gain: -inf","logger":"task.stdout"}
{"timestamp":"2026-10-06T12:08:35.681484Z","level":"info","event":"[LightGBM] [Warning] No further splits with positive gain, best gain: -inf","logger":"task.stdout"}
{"timestamp":"2026-10-06T12:08:35.685339Z","level":"info","event":"[LightGBM] [Warning] No further splits with positive gain, best gain: -inf","logger":"task.stdout"}
{"timestamp":"2026-10-06T12:08:35.686524Z","level":"info","event":"[LightGBM] [Warning] No further splits with positive gain, best gain: -inf","logger":"task.stdout"}
{"timestamp":"2026-10-06T12:08:35.687284Z","level":"info","event":"[LightGBM] [Warning] No further splits with positive gain, best gain: -inf","logger":"task.stdout"}
{"timestamp":"2026-10-06T12:08:35.688247Z","level":"info","event":"[LightGBM] [Warning] No further splits with positive gain, best gain: -inf","logger":"task.stdout"}
{"timestamp":"2026-10-06T12:08:35.691087Z","level":"info","event":"[LightGBM] [Warning] No further splits with positive gain, best gain: -inf","logger":"task.stdout"}
{"timestamp":"2026-10-06T12:08:35.692162Z","level":"info","event":"[LightGBM] [Warning] No further splits with positive gain, best gain: -inf","logger":"task.stdout"}
{"timestamp":"2026-10-06T12:08:35.693119Z","level":"info","event":"[LightGBM] [Warning] No further splits with positive gain, best gain: -inf","logger":"task.stdout"}
{"timestamp":"2026-10-06T12:08:35.694054Z","level":"info","event":"[LightGBM] [Warning] No further splits with positive gain, best gain: -inf","logger":"task.stdout"}
{"timestamp":"2026-10-06T12:08:35.695148Z","level":"info","event":"[LightGBM] [Warning] No further splits with positive gain, best gain: -inf","logger":"task.stdout"}
{"timestamp":"2026-10-06T12:08:35.696094Z","level":"info","event":"[LightGBM] [Warning] No further splits with positive gain, best gain: -inf","logger":"task.stdout"}
{"timestamp":"2026-10-06T12:08:35.697046Z","level":"info","event":"[LightGBM] [Warning] No further splits with positive gain, best gain: -inf","logger":"task.stdout"}
{"timestamp":"2026-10-06T12:08:35.698086Z","level":"info","event":"[LightGBM] [Warning] No further splits with positive gain, best gain: -inf","logger":"task.stdout"}
{"timestamp":"2026-10-06T12:08:35.699671Z","level":"info","event":"[LightGBM] [Warning] No further splits with positive gain, best gain: -inf","logger":"task.stdout"}
{"timestamp":"2026-10-06T12:08:35.700711Z","level":"info","event":"[LightGBM] [Warning] No further splits with positive gain, best gain: -inf","logger":"task.stdout"}
{"timestamp":"2026-10-06T12:08:35.701614Z","level":"info","event":"[LightGBM] [Warning] No further splits with positive gain, best gain: -inf","logger":"task.stdout"}
{"timestamp":"2026-10-06T12:08:35.702572Z","level":"info","event":"[LightGBM] [Warning] No further splits with positive gain, best gain: -inf","logger":"task.stdout"}
{"timestamp":"2026-10-06T12:08:35.703516Z","level":"info","event":"[LightGBM] [Warning] No further splits with positive gain, best gain: -inf","logger":"task.stdout"}
{"timestamp":"2026-10-06T12:08:35.704384Z","level":"info","event":"[LightGBM] [Warning] No further splits with positive gain, best gain: -inf","logger":"task.stdout"}
{"timestamp":"2026-10-06T12:08:35.706068Z","level":"info","event":"[LightGBM] [Warning] No further splits with positive gain, best gain: -inf","logger":"task.stdout"}
{"timestamp":"2026-10-06T12:08:35.708890Z","level":"info","event":"[LightGBM] [Warning] No further splits with positive gain, best gain: -inf","logger":"task.stdout"}
{"timestamp":"2026-10-06T12:08:35.712806Z","level":"info","event":"[LightGBM] [Warning] No further splits with positive gain, best gain: -inf","logger":"task.stdout"}
{"timestamp":"2026-10-06T12:08:35.714471Z","level":"info","event":"[LightGBM] [Warning] No further splits with positive gain, best gain: -inf","logger":"task.stdout"}
{"timestamp":"2026-10-06T12:08:35.716916Z","level":"info","event":"[LightGBM] [Warning] No further splits with positive gain, best gain: -inf","logger":"task.stdout"}
{"timestamp":"2026-10-06T12:08:35.719289Z","level":"info","event":"[LightGBM] [Warning] No further splits with positive gain, best gain: -inf","logger":"task.stdout"}
{"timestamp":"2026-10-06T12:08:35.720131Z","level":"info","event":"[LightGBM] [Warning] No further splits with positive gain, best gain: -inf","logger":"task.stdout"}
{"timestamp":"2026-10-06T12:08:35.726660Z","level":"info","event":"[LightGBM] [Warning] No further splits with positive gain, best gain: -inf","logger":"task.stdout"}
{"timestamp":"2026-10-06T12:08:35.727559Z","level":"info","event":"[LightGBM] [Warning] No further splits with positive gain, best gain: -inf","logger":"task.stdout"}
{"timestamp":"2026-10-06T12:08:35.734140Z","level":"info","event":"[LightGBM] [Warning] No further splits with positive gain, best gain: -inf","logger":"task.stdout"}
{"timestamp":"2026-10-06T12:08:35.741765Z","level":"info","event":"[LightGBM] [Warning] No further splits with positive gain, best gain: -inf","logger":"task.stdout"}
{"timestamp":"2026-10-06T12:08:35.880303Z","level":"info","event":"[LightGBM] [Warning] No further splits with positive gain, best gain: -inf","logger":"task.stdout"}
{"timestamp":"2026-10-06T12:08:35.886499Z","level":"info","event":"[LightGBM] [Warning] No further splits with positive gain, best gain: -inf","logger":"task.stdout"}
{"timestamp":"2026-10-06T12:08:35.887376Z","level":"info","event":"[LightGBM] [Warning] No further splits with positive gain, best gain: -inf","logger":"task.stdout"}
{"timestamp":"2026-10-06T12:08:35.921676Z","level":"info","event":"[LightGBM] [Warning] No further splits with positive gain, best gain: -inf","logger":"task.stdout"}
{"timestamp":"2026-10-06T12:08:35.922834Z","level":"info","event":"[LightGBM] [Warning] No further splits with positive gain, best gain: -inf","logger":"task.stdout"}
{"timestamp":"2026-10-06T12:08:35.923788Z","level":"info","event":"[LightGBM] [Warning] No further splits with positive gain, best gain: -inf","logger":"task.stdout"}
{"timestamp":"2026-10-06T12:08:35.924650Z","level":"info","event":"[LightGBM] [Warning] No further splits with positive gain, best gain: -inf","logger":"task.stdout"}
{"timestamp":"2026-10-06T12:08:35.925392Z","level":"info","event":"[LightGBM] [Warning] No further splits with positive gain, best gain: -inf","logger":"task.stdout"}
{"timestamp":"2026-10-06T12:08:35.926389Z","level":"info","event":"[LightGBM] [Warning] No further splits with positive gain, best gain: -inf","logger":"task.stdout"}
{"timestamp":"2026-10-06T12:08:35.927252Z","level":"info","event":"[LightGBM] [Warning] No further splits with positive gain, best gain: -inf","logger":"task.stdout"}
{"timestamp":"2026-10-06T12:08:35.928112Z","level":"info","event":"[LightGBM] [Warning] No further splits with positive gain, best gain: -inf","logger":"task.stdout"}
{"timestamp":"2026-10-06T12:08:35.928916Z","level":"info","event":"[LightGBM] [Warning] No further splits with positive gain, best gain: -inf","logger":"task.stdout"}
{"timestamp":"2026-10-06T12:08:35.929636Z","level":"info","event":"[LightGBM] [Warning] No further splits with positive gain, best gain: -inf","logger":"task.stdout"}
{"timestamp":"2026-10-06T12:08:35.930374Z","level":"info","event":"[LightGBM] [Warning] No further splits with positive gain, best gain: -inf","logger":"task.stdout"}
{"timestamp":"2026-10-06T12:08:35.931389Z","level":"info","event":"[LightGBM] [Warning] No further splits with positive gain, best gain: -inf","logger":"task.stdout"}
{"timestamp":"2026-10-06T12:08:35.932447Z","level":"info","event":"[LightGBM] [Warning] No further splits with positive gain, best gain: -inf","logger":"task.stdout"}
{"timestamp":"2026-10-06T12:08:35.933519Z","level":"info","event":"[LightGBM] [Warning] No further splits with positive gain, best gain: -inf","logger":"task.stdout"}
{"timestamp":"2026-10-06T12:08:35.935291Z","level":"info","event":"[LightGBM] [Warning] No further splits with positive gain, best gain: -inf","logger":"task.stdout"}
{"timestamp":"2026-10-06T12:08:36.100349Z","level":"info","event":"[LightGBM] [Warning] No further splits with positive gain, best gain: -inf","logger":"task.stdout"}
{"timestamp":"2026-10-06T12:08:36.140332Z","level":"info","event":"[LightGBM] [Warning] No further splits with positive gain, best gain: -inf","logger":"task.stdout"}
{"timestamp":"2026-10-06T12:08:36.140634Z","level":"info","event":"[LightGBM] [Warning] No further splits with positive gain, best gain: -inf","logger":"task.stdout"}
{"timestamp":"2026-10-06T12:08:36.140783Z","level":"info","event":"[LightGBM] [Warning] No further splits with positive gain, best gain: -inf","logger":"task.stdout"}
{"timestamp":"2026-10-06T12:08:36.140920Z","level":"info","event":"[LightGBM] [Warning] No further splits with positive gain, best gain: -inf","logger":"task.stdout"}
{"timestamp":"2026-10-06T12:08:36.141060Z","level":"info","event":"[LightGBM] [Warning] No further splits with positive gain, best gain: -inf","logger":"task.stdout"}
{"timestamp":"2026-10-06T12:08:36.164983Z","level":"info","event":"[LightGBM] [Warning] No further splits with positive gain, best gain: -inf","logger":"task.stdout"}
{"timestamp":"2026-10-06T12:08:36.802531Z","level":"info","event":"[LightGBM] [Warning] No further splits with positive gain, best gain: -inf","logger":"task.stdout"}
{"timestamp":"2026-10-06T12:08:36.888179Z","level":"info","event":"[LightGBM] [Warning] No further splits with positive gain, best gain: -inf","logger":"task.stdout"}
{"timestamp":"2026-10-06T12:08:36.889383Z","level":"info","event":"[LightGBM] [Warning] No further splits with positive gain, best gain: -inf","logger":"task.stdout"}
{"timestamp":"2026-10-06T12:08:37.343749Z","level":"info","event":"[LightGBM] [Warning] No further splits with positive gain, best gain: -inf","logger":"task.stdout"}
{"timestamp":"2026-10-06T12:08:37.344001Z","level":"info","event":"[LightGBM] [Warning] No further splits with positive gain, best gain: -inf","logger":"task.stdout"}
{"timestamp":"2026-10-06T12:08:37.456331Z","level":"info","event":"[LightGBM] [Warning] No further splits with positive gain, best gain: -inf","logger":"task.stdout"}
{"timestamp":"2026-10-06T12:08:38.167823Z","level":"info","event":"[LightGBM] [Warning] No further splits with positive gain, best gain: -inf","logger":"task.stdout"}
{"timestamp":"2026-10-06T12:08:38.168178Z","level":"info","event":"[LightGBM] [Warning] No further splits with positive gain, best gain: -inf","logger":"task.stdout"}
{"timestamp":"2026-10-06T12:08:38.169372Z","level":"info","event":"[LightGBM] [Warning] No further splits with positive gain, best gain: -inf","logger":"task.stdout"}
{"timestamp":"2026-10-06T12:08:38.422240Z","level":"info","event":"[LightGBM] [Warning] No further splits with positive gain, best gain: -inf","logger":"task.stdout"}
{"timestamp":"2026-10-06T12:08:38.443258Z","level":"info","event":"[LightGBM] [Warning] No further splits with positive gain, best gain: -inf","logger":"task.stdout"}
{"timestamp":"2026-10-06T12:08:38.900246Z","level":"info","event":"[LightGBM] [Warning] No further splits with positive gain, best gain: -inf","logger":"task.stdout"}
{"timestamp":"2026-10-06T12:08:39.001959Z","level":"info","event":"[LightGBM] [Warning] No further splits with positive gain, best gain: -inf","logger":"task.stdout"}
{"timestamp":"2026-10-06T12:08:39.006525Z","level":"info","event":"[LightGBM] [Warning] No further splits with positive gain, best gain: -inf","logger":"task.stdout"}
{"timestamp":"2026-10-06T12:08:39.036617Z","level":"info","event":"[LightGBM] [Warning] No further splits with positive gain, best gain: -inf","logger":"task.stdout"}
{"timestamp":"2026-10-06T12:08:39.117232Z","level":"info","event":"[LightGBM] [Warning] No further splits with positive gain, best gain: -inf","logger":"task.stdout"}
{"timestamp":"2026-10-06T12:08:39.272329Z","level":"info","event":"[LightGBM] [Warning] No further splits with positive gain, best gain: -inf","logger":"task.stdout"}
{"timestamp":"2026-10-06T12:08:39.288648Z","level":"info","event":"[LightGBM] [Warning] No further splits with positive gain, best gain: -inf","logger":"task.stdout"}
{"timestamp":"2026-10-06T12:08:39.292646Z","level":"info","event":"[LightGBM] [Warning] No further splits with positive gain, best gain: -inf","logger":"task.stdout"}
{"timestamp":"2026-10-06T12:08:39.623266Z","level":"info","event":"[LightGBM] [Warning] No further splits with positive gain, best gain: -inf","logger":"task.stdout"}
{"timestamp":"2026-10-06T12:08:39.793526Z","level":"info","event":"[LightGBM] [Warning] No further splits with positive gain, best gain: -inf","logger":"task.stdout"}
{"timestamp":"2026-10-06T12:08:40.044685Z","level":"info","event":"[LightGBM] [Warning] No further splits with positive gain, best gain: -inf","logger":"task.stdout"}
{"timestamp":"2026-10-06T12:08:40.050891Z","level":"info","event":"[LightGBM] [Warning] No further splits with positive gain, best gain: -inf","logger":"task.stdout"}
{"timestamp":"2026-10-06T12:08:40.639289Z","level":"info","event":"[LightGBM] [Warning] No further splits with positive gain, best gain: -inf","logger":"task.stdout"}
{"timestamp":"2026-10-06T12:08:40.913988Z","level":"info","event":"[LightGBM] [Warning] No further splits with positive gain, best gain: -inf","logger":"task.stdout"}
{"timestamp":"2026-10-06T12:08:41.756630Z","level":"info","event":"[LightGBM] [Warning] No further splits with positive gain, best gain: -inf","logger":"task.stdout"}
{"timestamp":"2026-10-06T12:08:41.757648Z","level":"info","event":"[LightGBM] [Warning] No further splits with positive gain, best gain: -inf","logger":"task.stdout"}
{"timestamp":"2026-10-06T12:08:41.928611Z","level":"info","event":"[LightGBM] [Warning] No further splits with positive gain, best gain: -inf","logger":"task.stdout"}
{"timestamp":"2026-10-06T12:08:41.977217Z","level":"info","event":"[LightGBM] [Warning] No further splits with positive gain, best gain: -inf","logger":"task.stdout"}
{"timestamp":"2026-10-06T12:08:41.982588Z","level":"info","event":"[LightGBM] [Warning] No further splits with positive gain, best gain: -inf","logger":"task.stdout"}
{"timestamp":"2026-10-06T12:08:42.216003Z","level":"info","event":"[LightGBM] [Warning] No further splits with positive gain, best gain: -inf","logger":"task.stdout"}
{"timestamp":"2026-10-06T12:08:42.217082Z","level":"info","event":"[LightGBM] [Warning] No further splits with positive gain, best gain: -inf","logger":"task.stdout"}
{"timestamp":"2026-10-06T12:08:42.218155Z","level":"info","event":"[LightGBM] [Warning] No further splits with positive gain, best gain: -inf","logger":"task.stdout"}
{"timestamp":"2026-10-06T12:08:42.219204Z","level":"info","event":"[LightGBM] [Warning] No further splits with positive gain, best gain: -inf","logger":"task.stdout"}
{"timestamp":"2026-10-06T12:08:42.220210Z","level":"info","event":"[LightGBM] [Warning] No further splits with positive gain, best gain: -inf","logger":"task.stdout"}
{"timestamp":"2026-10-06T12:08:44.026277Z","level":"info","event":"[LightGBM] [Warning] No further splits with positive gain, best gain: -inf","logger":"task.stdout"}
{"timestamp":"2026-10-06T12:08:44.049088Z","level":"info","event":"[LightGBM] [Warning] No further splits with positive gain, best gain: -inf","logger":"task.stdout"}
{"timestamp":"2026-10-06T12:08:44.384277Z","level":"info","event":"[LightGBM] [Warning] No further splits with positive gain, best gain: -inf","logger":"task.stdout"}
{"timestamp":"2026-10-06T12:08:44.433977Z","level":"info","event":"[LightGBM] [Warning] No further splits with positive gain, best gain: -inf","logger":"task.stdout"}
{"timestamp":"2026-10-06T12:08:44.434499Z","level":"info","event":"[LightGBM] [Warning] No further splits with positive gain, best gain: -inf","logger":"task.stdout"}
{"timestamp":"2026-10-06T12:08:44.435252Z","level":"info","event":"[LightGBM] [Warning] No further splits with positive gain, best gain: -inf","logger":"task.stdout"}
{"timestamp":"2026-10-06T12:08:44.497409Z","level":"info","event":"[LightGBM] [Warning] No further splits with positive gain, best gain: -inf","logger":"task.stdout"}
{"timestamp":"2026-10-06T12:08:44.499981Z","level":"info","event":"[LightGBM] [Warning] No further splits with positive gain, best gain: -inf","logger":"task.stdout"}
{"timestamp":"2026-10-06T12:08:44.698613Z","level":"info","event":"[LightGBM] [Warning] No further splits with positive gain, best gain: -inf","logger":"task.stdout"}
{"timestamp":"2026-10-06T12:08:44.765218Z","level":"info","event":"[LightGBM] [Warning] No further splits with positive gain, best gain: -inf","logger":"task.stdout"}
{"timestamp":"2026-10-06T12:08:44.887983Z","level":"info","event":"[LightGBM] [Warning] No further splits with positive gain, best gain: -inf","logger":"task.stdout"}
{"timestamp":"2026-10-06T12:08:44.924338Z","level":"info","event":"[LightGBM] [Warning] No further splits with positive gain, best gain: -inf","logger":"task.stdout"}
{"timestamp":"2026-10-06T12:08:45.079338Z","level":"info","event":"[LightGBM] [Warning] No further splits with positive gain, best gain: -inf","logger":"task.stdout"}
{"timestamp":"2026-10-06T12:08:45.085713Z","level":"info","event":"[LightGBM] [Warning] No further splits with positive gain, best gain: -inf","logger":"task.stdout"}
{"timestamp":"2026-10-06T12:08:45.086845Z","level":"info","event":"[LightGBM] [Warning] No further splits with positive gain, best gain: -inf","logger":"task.stdout"}
{"timestamp":"2026-10-06T12:08:45.143799Z","level":"info","event":"[LightGBM] [Warning] No further splits with positive gain, best gain: -inf","logger":"task.stdout"}
{"timestamp":"2026-10-06T12:08:46.788669Z","level":"info","event":"[LightGBM] [Warning] No further splits with positive gain, best gain: -inf","logger":"task.stdout"}
{"timestamp":"2026-10-06T12:08:46.899483Z","level":"info","event":"[LightGBM] [Warning] No further splits with positive gain, best gain: -inf","logger":"task.stdout"}
{"timestamp":"2026-10-06T12:08:46.969055Z","level":"info","event":"[LightGBM] [Warning] No further splits with positive gain, best gain: -inf","logger":"task.stdout"}
{"timestamp":"2026-10-06T12:08:47.001979Z","level":"info","event":"[LightGBM] [Warning] No further splits with positive gain, best gain: -inf","logger":"task.stdout"}
{"timestamp":"2026-10-06T12:08:47.014273Z","level":"info","event":"[LightGBM] [Warning] No further splits with positive gain, best gain: -inf","logger":"task.stdout"}
{"timestamp":"2026-10-06T12:08:47.056917Z","level":"info","event":"[LightGBM] [Warning] No further splits with positive gain, best gain: -inf","logger":"task.stdout"}
{"timestamp":"2026-10-06T12:08:47.057966Z","level":"info","event":"[LightGBM] [Warning] No further splits with positive gain, best gain: -inf","logger":"task.stdout"}
{"timestamp":"2026-10-06T12:08:47.058741Z","level":"info","event":"[LightGBM] [Warning] No further splits with positive gain, best gain: -inf","logger":"task.stdout"}
{"timestamp":"2026-10-06T12:08:47.081074Z","level":"info","event":"[LightGBM] [Warning] No further splits with positive gain, best gain: -inf","logger":"task.stdout"}
{"timestamp":"2026-10-06T12:08:47.368651Z","level":"info","event":"[LightGBM] [Warning] No further splits with positive gain, best gain: -inf","logger":"task.stdout"}
{"timestamp":"2026-10-06T12:08:47.488606Z","level":"info","event":"[LightGBM] [Warning] No further splits with positive gain, best gain: -inf","logger":"task.stdout"}
{"timestamp":"2026-10-06T12:08:47.489955Z","level":"info","event":"[LightGBM] [Warning] No further splits with positive gain, best gain: -inf","logger":"task.stdout"}
{"timestamp":"2026-10-06T12:08:47.699457Z","level":"info","event":"[LightGBM] [Warning] No further splits with positive gain, best gain: -inf","logger":"task.stdout"}
{"timestamp":"2026-10-06T12:08:47.713601Z","level":"info","event":"[LightGBM] [Warning] No further splits with positive gain, best gain: -inf","logger":"task.stdout"}
{"timestamp":"2026-10-06T12:08:47.813556Z","level":"info","event":"[LightGBM] [Warning] No further splits with positive gain, best gain: -inf","logger":"task.stdout"}
{"timestamp":"2026-10-06T12:08:47.877197Z","level":"info","event":"[LightGBM] [Warning] No further splits with positive gain, best gain: -inf","logger":"task.stdout"}
{"timestamp":"2026-10-06T12:08:48.277806Z","level":"info","event":"[LightGBM] [Warning] No further splits with positive gain, best gain: -inf","logger":"task.stdout"}
{"timestamp":"2026-10-06T12:08:48.286905Z","level":"info","event":"[LightGBM] [Warning] No further splits with positive gain, best gain: -inf","logger":"task.stdout"}
{"timestamp":"2026-10-06T12:08:48.640925Z","level":"info","event":"[LightGBM] [Warning] No further splits with positive gain, best gain: -inf","logger":"task.stdout"}
{"timestamp":"2026-10-06T12:08:48.641914Z","level":"info","event":"[LightGBM] [Warning] No further splits with positive gain, best gain: -inf","logger":"task.stdout"}
{"timestamp":"2026-10-06T12:08:48.820741Z","level":"info","event":"[LightGBM] [Warning] No further splits with positive gain, best gain: -inf","logger":"task.stdout"}
{"timestamp":"2026-10-06T12:08:48.872038Z","level":"info","event":"[LightGBM] [Warning] No further splits with positive gain, best gain: -inf","logger":"task.stdout"}
{"timestamp":"2026-10-06T12:08:48.873042Z","level":"info","event":"[LightGBM] [Warning] No further splits with positive gain, best gain: -inf","logger":"task.stdout"}
{"timestamp":"2026-10-06T12:08:48.874687Z","level":"info","event":"[LightGBM] [Warning] No further splits with positive gain, best gain: -inf","logger":"task.stdout"}
{"timestamp":"2026-10-06T12:08:48.875617Z","level":"info","event":"[LightGBM] [Warning] No further splits with positive gain, best gain: -inf","logger":"task.stdout"}
{"timestamp":"2026-10-06T12:08:49.088797Z","level":"info","event":"[LightGBM] [Warning] No further splits with positive gain, best gain: -inf","logger":"task.stdout"}
{"timestamp":"2026-10-06T12:08:49.200638Z","level":"info","event":"[LightGBM] [Warning] No further splits with positive gain, best gain: -inf","logger":"task.stdout"}
{"timestamp":"2026-10-06T12:08:49.201305Z","level":"info","event":"[LightGBM] [Warning] No further splits with positive gain, best gain: -inf","logger":"task.stdout"}
{"timestamp":"2026-10-06T12:08:49.203727Z","level":"info","event":"[LightGBM] [Warning] No further splits with positive gain, best gain: -inf","logger":"task.stdout"}
{"timestamp":"2026-10-06T12:08:49.437518Z","level":"info","event":"[LightGBM] [Warning] No further splits with positive gain, best gain: -inf","logger":"task.stdout"}
{"timestamp":"2026-10-06T12:08:49.441931Z","level":"info","event":"[LightGBM] [Warning] No further splits with positive gain, best gain: -inf","logger":"task.stdout"}
{"timestamp":"2026-10-06T12:08:49.534984Z","level":"info","event":"[LightGBM] [Warning] No further splits with positive gain, best gain: -inf","logger":"task.stdout"}
{"timestamp":"2026-10-06T12:08:49.536899Z","level":"info","event":"[LightGBM] [Warning] No further splits with positive gain, best gain: -inf","logger":"task.stdout"}
{"timestamp":"2026-10-06T12:08:50.119210Z","level":"info","event":"[LightGBM] [Warning] No further splits with positive gain, best gain: -inf","logger":"task.stdout"}
{"timestamp":"2026-10-06T12:08:50.162823Z","level":"info","event":"[LightGBM] [Warning] No further splits with positive gain, best gain: -inf","logger":"task.stdout"}
{"timestamp":"2026-10-06T12:08:50.184949Z","level":"info","event":"[LightGBM] [Warning] No further splits with positive gain, best gain: -inf","logger":"task.stdout"}
{"timestamp":"2026-10-06T12:08:50.199316Z","level":"info","event":"[LightGBM] [Warning] No further splits with positive gain, best gain: -inf","logger":"task.stdout"}
{"timestamp":"2026-10-06T12:08:50.200724Z","level":"info","event":"[LightGBM] [Warning] No further splits with positive gain, best gain: -inf","logger":"task.stdout"}
{"timestamp":"2026-10-06T12:08:51.044169Z","level":"info","event":"[LightGBM] [Warning] No further splits with positive gain, best gain: -inf","logger":"task.stdout"}
{"timestamp":"2026-10-06T12:08:51.047213Z","level":"info","event":"[LightGBM] [Warning] No further splits with positive gain, best gain: -inf","logger":"task.stdout"}
{"timestamp":"2026-10-06T12:08:51.048102Z","level":"info","event":"[LightGBM] [Warning] No further splits with positive gain, best gain: -inf","logger":"task.stdout"}
{"timestamp":"2026-10-06T12:08:51.049993Z","level":"info","event":"[LightGBM] [Warning] No further splits with positive gain, best gain: -inf","logger":"task.stdout"}
{"timestamp":"2026-10-06T12:08:51.051588Z","level":"info","event":"[LightGBM] [Warning] No further splits with positive gain, best gain: -inf","logger":"task.stdout"}
{"timestamp":"2026-10-06T12:08:51.748402Z","level":"info","event":"Done. Returned value was: /opt/airflow/data/models/lightgbm.txt","try_number":1,"ti_id":"01a1111c-88af-7585-9e86-cf6fee5207f2","dag_id":"sprint1_r_train","run_id":"manual__2026-10-06T12:07:25.005171+00:00","map_index":-1,"task_id":"train_lightgbm","logger":"airflow.task.operators.airflow.providers.standard.decorators.python._PythonDecoratedOperator","filename":"python.py","lineno":233}
{"timestamp":"2026-10-06T12:08:51.748680Z","level":"info","event":"::group::Post Execute","try_number":1,"ti_id":"01a1111c-88af-7585-9e86-cf6fee5207f2","dag_id":"sprint1_r_train","run_id":"manual__2026-10-06T12:07:25.005171+00:00","map_index":-1,"task_id":"train_lightgbm","logger":"task","filename":"task_runner.py","lineno":1580}
{"timestamp":"2026-10-06T12:08:51.748968Z","level":"info","event":"Pushing xcom","ti":"RuntimeTaskInstance(id=UUID('01a1111c-88af-7585-9e86-cf6fee5207f2'), task_id='train_lightgbm', dag_id='sprint1_r_train', run_id='manual__2026-10-06T12:07:25.005171+00:00', try_number=1, dag_version_id=UUID('01a11111-bc37-7964-829e-e9b22b212ab0'), map_index=-1, hostname='4007fe033237', context_carrier={'traceparent': '00-410fafad17a6d992eb104a674fdbf019-5dd1fc655eb48693-00'}, queue='default', task=<Task(_PythonDecoratedOperator): train_lightgbm>, bundle_instance=LocalDagBundle(name=dags-folder), max_tries=0, start_date=datetime.datetime(2026, 10, 6, 12, 7, 43, 487999, tzinfo=datetime.timezone.utc), end_date=None, state=<TaskInstanceState.RUNNING: 'running'>, is_mapped=False, rendered_map_index=None, sentry_integration='sentry_sdk.integrations.celery.CeleryIntegration')","try_number":1,"ti_id":"01a1111c-88af-7585-9e86-cf6fee5207f2","dag_id":"sprint1_r_train","run_id":"manual__2026-10-06T12:07:25.005171+00:00","map_index":-1,"task_id":"train_lightgbm","logger":"task","filename":"task_runner.py","lineno":2280}
{"timestamp":"2026-10-06T12:08:51.805800Z","level":"info","event":"Task instance in success state","logger":"task.stdout"}
{"timestamp":"2026-10-06T12:08:51.806118Z","level":"info","event":" Previous state of the Task instance: TaskInstanceState.RUNNING","logger":"task.stdout"}
{"timestamp":"2026-10-06T12:08:51.806397Z","level":"info","event":"Task operator:<Task(_PythonDecoratedOperator): train_lightgbm>","logger":"task.stdout"}
{"timestamp":"2026-10-06T12:08:51.806357Z","level":"info","event":"::endgroup::","try_number":1,"ti_id":"01a1111c-88af-7585-9e86-cf6fee5207f2","dag_id":"sprint1_r_train","run_id":"manual__2026-10-06T12:07:25.005171+00:00","map_index":-1,"task_id":"train_lightgbm","logger":"task","filename":"task_runner.py","lineno":2379}
