{"timestamp":"2026-10-06T12:46:44.976710Z","level":"info","event":"::group::Pre Execute","logger":"task","filename":"task_runner.py","lineno":2412}
{"timestamp":"2026-10-06T12:46:45.536717Z","level":"info","event":"DAG bundles loaded: dags-folder, example_dags, apache-airflow-providers-common-sql-example-dags, apache-airflow-providers-standard-example-dags","try_number":1,"map_index":-1,"task_id":"train_lightgbm","run_id":"manual__2026-10-06T12:46:25.838997+00:00","ti_id":"01a11140-405b-7cf4-87f0-231ca19cca3e","dag_id":"sprint1_r_train","logger":"airflow.dag_processing.bundles.manager.DagBundlesManager","filename":"manager.py","lineno":304}
{"timestamp":"2026-10-06T12:46:45.538696Z","level":"info","event":"Filling up the DagBag from /opt/airflow/dags/sprint1_r_train.py","try_number":1,"map_index":-1,"task_id":"train_lightgbm","run_id":"manual__2026-10-06T12:46:25.838997+00:00","ti_id":"01a11140-405b-7cf4-87f0-231ca19cca3e","dag_id":"sprint1_r_train","logger":"airflow.dag_processing.dagbag.BundleDagBag","filename":"dagbag.py","lineno":460}
{"timestamp":"2026-10-06T12:46:50.862890Z","level":"info","event":"Worker startup parse complete","bundle_name":"dags-folder","bundle_version":null,"dag_file":"sprint1_r_train.py","dag_id":"sprint1_r_train","bundle_prepare_ms":27,"dag_file_parse_ms":5324,"try_number":1,"map_index":-1,"task_id":"train_lightgbm","run_id":"manual__2026-10-06T12:46:25.838997+00:00","ti_id":"01a11140-405b-7cf4-87f0-231ca19cca3e","logger":"task","filename":"task_runner.py","lineno":1073}
{"timestamp":"2026-10-06T12:46:51.682352Z","level":"info","event":"Task instance is in running state","logger":"task.stdout"}
{"timestamp":"2026-10-06T12:46:51.682675Z","level":"info","event":" Previous state of the Task instance: TaskInstanceState.QUEUED","logger":"task.stdout"}
{"timestamp":"2026-10-06T12:46:51.682896Z","level":"info","event":"Current task name:train_lightgbm","logger":"task.stdout"}
{"timestamp":"2026-10-06T12:46:51.683085Z","level":"info","event":"Dag name:sprint1_r_train","logger":"task.stdout"}
{"timestamp":"2026-10-06T12:46:51.680341Z","level":"info","event":"::endgroup::","try_number":1,"map_index":-1,"task_id":"train_lightgbm","run_id":"manual__2026-10-06T12:46:25.838997+00:00","ti_id":"01a11140-405b-7cf4-87f0-231ca19cca3e","dag_id":"sprint1_r_train","logger":"task","filename":"task_runner.py","lineno":2232}
{"timestamp":"2026-10-06T12:46:52.494837Z","level":"info","event":"[LightGBM] [Info] Number of positive: 1393, number of negative: 3872","logger":"task.stdout"}
{"timestamp":"2026-10-06T12:46:52.796455Z","level":"info","event":"[LightGBM] [Info] Auto-choosing row-wise multi-threading, the overhead of testing was 0.262714 seconds.","logger":"task.stdout"}
{"timestamp":"2026-10-06T12:46:52.796788Z","level":"info","event":"You can set `force_row_wise=true` to remove the overhead.","logger":"task.stdout"}
{"timestamp":"2026-10-06T12:46:52.797097Z","level":"info","event":"And if memory is not enough, you can set `force_col_wise=true`.","logger":"task.stdout"}
{"timestamp":"2026-10-06T12:46:52.797633Z","level":"info","event":"[LightGBM] [Info] Total Bins 557","logger":"task.stdout"}
{"timestamp":"2026-10-06T12:46:52.815822Z","level":"info","event":"[LightGBM] [Info] Number of data points in the train set: 5265, number of used features: 17","logger":"task.stdout"}
{"timestamp":"2026-10-06T12:46:52.840877Z","level":"info","event":"[LightGBM] [Info] [binary:BoostFromScore]: pavg=0.500000 -> initscore=-0.000000","logger":"task.stdout"}
{"timestamp":"2026-10-06T12:46:52.880427Z","level":"info","event":"[LightGBM] [Info] Start training from score -0.000000","logger":"task.stdout"}
{"timestamp":"2026-10-06T12:46:54.291203Z","level":"info","event":"[LightGBM] [Warning] No further splits with positive gain, best gain: -inf","logger":"task.stdout"}
{"timestamp":"2026-10-06T12:46:54.387245Z","level":"info","event":"[LightGBM] [Warning] No further splits with positive gain, best gain: -inf","logger":"task.stdout"}
{"timestamp":"2026-10-06T12:46:54.489874Z","level":"info","event":"[LightGBM] [Warning] No further splits with positive gain, best gain: -inf","logger":"task.stdout"}
{"timestamp":"2026-10-06T12:46:54.491607Z","level":"info","event":"[LightGBM] [Warning] No further splits with positive gain, best gain: -inf","logger":"task.stdout"}
{"timestamp":"2026-10-06T12:46:54.492285Z","level":"info","event":"[LightGBM] [Warning] No further splits with positive gain, best gain: -inf","logger":"task.stdout"}
{"timestamp":"2026-10-06T12:46:54.573643Z","level":"info","event":"[LightGBM] [Warning] No further splits with positive gain, best gain: -inf","logger":"task.stdout"}
{"timestamp":"2026-10-06T12:46:54.630877Z","level":"info","event":"[LightGBM] [Warning] No further splits with positive gain, best gain: -inf","logger":"task.stdout"}
{"timestamp":"2026-10-06T12:46:54.672361Z","level":"info","event":"[LightGBM] [Warning] No further splits with positive gain, best gain: -inf","logger":"task.stdout"}
{"timestamp":"2026-10-06T12:46:54.759524Z","level":"info","event":"[LightGBM] [Warning] No further splits with positive gain, best gain: -inf","logger":"task.stdout"}
{"timestamp":"2026-10-06T12:46:54.760038Z","level":"info","event":"[LightGBM] [Warning] No further splits with positive gain, best gain: -inf","logger":"task.stdout"}
{"timestamp":"2026-10-06T12:46:54.860450Z","level":"info","event":"[LightGBM] [Warning] No further splits with positive gain, best gain: -inf","logger":"task.stdout"}
{"timestamp":"2026-10-06T12:46:54.861958Z","level":"info","event":"[LightGBM] [Warning] No further splits with positive gain, best gain: -inf","logger":"task.stdout"}
{"timestamp":"2026-10-06T12:46:54.879712Z","level":"info","event":"[LightGBM] [Warning] No further splits with positive gain, best gain: -inf","logger":"task.stdout"}
{"timestamp":"2026-10-06T12:46:54.898100Z","level":"info","event":"[LightGBM] [Warning] No further splits with positive gain, best gain: -inf","logger":"task.stdout"}
{"timestamp":"2026-10-06T12:46:54.898985Z","level":"info","event":"[LightGBM] [Warning] No further splits with positive gain, best gain: -inf","logger":"task.stdout"}
{"timestamp":"2026-10-06T12:46:54.899737Z","level":"info","event":"[LightGBM] [Warning] No further splits with positive gain, best gain: -inf","logger":"task.stdout"}
{"timestamp":"2026-10-06T12:46:55.021859Z","level":"info","event":"[LightGBM] [Warning] No further splits with positive gain, best gain: -inf","logger":"task.stdout"}
{"timestamp":"2026-10-06T12:46:55.061561Z","level":"info","event":"[LightGBM] [Warning] No further splits with positive gain, best gain: -inf","logger":"task.stdout"}
{"timestamp":"2026-10-06T12:46:55.063014Z","level":"info","event":"[LightGBM] [Warning] No further splits with positive gain, best gain: -inf","logger":"task.stdout"}
{"timestamp":"2026-10-06T12:46:55.086969Z","level":"info","event":"[LightGBM] [Warning] No further splits with positive gain, best gain: -inf","logger":"task.stdout"}
{"timestamp":"2026-10-06T12:46:55.140068Z","level":"info","event":"[LightGBM] [Warning] No further splits with positive gain, best gain: -inf","logger":"task.stdout"}
{"timestamp":"2026-10-06T12:46:55.141284Z","level":"info","event":"[LightGBM] [Warning] No further splits with positive gain, best gain: -inf","logger":"task.stdout"}
{"timestamp":"2026-10-06T12:46:55.142969Z","level":"info","event":"[LightGBM] [Warning] No further splits with positive gain, best gain: -inf","logger":"task.stdout"}
{"timestamp":"2026-10-06T12:46:55.143623Z","level":"info","event":"[LightGBM] [Warning] No further splits with positive gain, best gain: -inf","logger":"task.stdout"}
{"timestamp":"2026-10-06T12:46:55.222895Z","level":"info","event":"[LightGBM] [Warning] No further splits with positive gain, best gain: -inf","logger":"task.stdout"}
{"timestamp":"2026-10-06T12:46:55.223607Z","level":"info","event":"[LightGBM] [Warning] No further splits with positive gain, best gain: -inf","logger":"task.stdout"}
{"timestamp":"2026-10-06T12:46:55.224130Z","level":"info","event":"[LightGBM] [Warning] No further splits with positive gain, best gain: -inf","logger":"task.stdout"}
{"timestamp":"2026-10-06T12:46:55.502908Z","level":"info","event":"[LightGBM] [Warning] No further splits with positive gain, best gain: -inf","logger":"task.stdout"}
{"timestamp":"2026-10-06T12:46:55.667366Z","level":"info","event":"[LightGBM] [Warning] No further splits with positive gain, best gain: -inf","logger":"task.stdout"}
{"timestamp":"2026-10-06T12:46:55.667696Z","level":"info","event":"[LightGBM] [Warning] No further splits with positive gain, best gain: -inf","logger":"task.stdout"}
{"timestamp":"2026-10-06T12:46:55.680911Z","level":"info","event":"[LightGBM] [Warning] No further splits with positive gain, best gain: -inf","logger":"task.stdout"}
{"timestamp":"2026-10-06T12:46:55.749016Z","level":"info","event":"[LightGBM] [Warning] No further splits with positive gain, best gain: -inf","logger":"task.stdout"}
{"timestamp":"2026-10-06T12:46:55.752167Z","level":"info","event":"[LightGBM] [Warning] No further splits with positive gain, best gain: -inf","logger":"task.stdout"}
{"timestamp":"2026-10-06T12:46:55.814396Z","level":"info","event":"[LightGBM] [Warning] No further splits with positive gain, best gain: -inf","logger":"task.stdout"}
{"timestamp":"2026-10-06T12:46:55.992002Z","level":"info","event":"[LightGBM] [Warning] No further splits with positive gain, best gain: -inf","logger":"task.stdout"}
{"timestamp":"2026-10-06T12:46:56.024770Z","level":"info","event":"[LightGBM] [Warning] No further splits with positive gain, best gain: -inf","logger":"task.stdout"}
{"timestamp":"2026-10-06T12:46:56.077106Z","level":"info","event":"[LightGBM] [Warning] No further splits with positive gain, best gain: -inf","logger":"task.stdout"}
{"timestamp":"2026-10-06T12:46:56.078350Z","level":"info","event":"[LightGBM] [Warning] No further splits with positive gain, best gain: -inf","logger":"task.stdout"}
{"timestamp":"2026-10-06T12:46:56.079593Z","level":"info","event":"[LightGBM] [Warning] No further splits with positive gain, best gain: -inf","logger":"task.stdout"}
{"timestamp":"2026-10-06T12:46:56.112824Z","level":"info","event":"[LightGBM] [Warning] No further splits with positive gain, best gain: -inf","logger":"task.stdout"}
{"timestamp":"2026-10-06T12:46:56.113966Z","level":"info","event":"[LightGBM] [Warning] No further splits with positive gain, best gain: -inf","logger":"task.stdout"}
{"timestamp":"2026-10-06T12:46:56.132252Z","level":"info","event":"[LightGBM] [Warning] No further splits with positive gain, best gain: -inf","logger":"task.stdout"}
{"timestamp":"2026-10-06T12:46:56.160203Z","level":"info","event":"[LightGBM] [Warning] No further splits with positive gain, best gain: -inf","logger":"task.stdout"}
{"timestamp":"2026-10-06T12:46:56.190828Z","level":"info","event":"[LightGBM] [Warning] No further splits with positive gain, best gain: -inf","logger":"task.stdout"}
{"timestamp":"2026-10-06T12:46:56.191989Z","level":"info","event":"[LightGBM] [Warning] No further splits with positive gain, best gain: -inf","logger":"task.stdout"}
{"timestamp":"2026-10-06T12:46:57.396610Z","level":"info","event":"[LightGBM] [Warning] No further splits with positive gain, best gain: -inf","logger":"task.stdout"}
{"timestamp":"2026-10-06T12:46:57.404510Z","level":"info","event":"[LightGBM] [Warning] No further splits with positive gain, best gain: -inf","logger":"task.stdout"}
{"timestamp":"2026-10-06T12:46:57.406351Z","level":"info","event":"[LightGBM] [Warning] No further splits with positive gain, best gain: -inf","logger":"task.stdout"}
{"timestamp":"2026-10-06T12:46:57.408086Z","level":"info","event":"[LightGBM] [Warning] No further splits with positive gain, best gain: -inf","logger":"task.stdout"}
{"timestamp":"2026-10-06T12:46:57.437993Z","level":"info","event":"[LightGBM] [Warning] No further splits with positive gain, best gain: -inf","logger":"task.stdout"}
{"timestamp":"2026-10-06T12:46:57.490822Z","level":"info","event":"[LightGBM] [Warning] No further splits with positive gain, best gain: -inf","logger":"task.stdout"}
{"timestamp":"2026-10-06T12:46:57.596820Z","level":"info","event":"[LightGBM] [Warning] No further splits with positive gain, best gain: -inf","logger":"task.stdout"}
{"timestamp":"2026-10-06T12:46:57.746183Z","level":"info","event":"[LightGBM] [Warning] No further splits with positive gain, best gain: -inf","logger":"task.stdout"}
{"timestamp":"2026-10-06T12:46:57.747420Z","level":"info","event":"[LightGBM] [Warning] No further splits with positive gain, best gain: -inf","logger":"task.stdout"}
{"timestamp":"2026-10-06T12:46:57.749351Z","level":"info","event":"[LightGBM] [Warning] No further splits with positive gain, best gain: -inf","logger":"task.stdout"}
{"timestamp":"2026-10-06T12:46:57.792273Z","level":"info","event":"[LightGBM] [Warning] No further splits with positive gain, best gain: -inf","logger":"task.stdout"}
{"timestamp":"2026-10-06T12:46:57.900084Z","level":"info","event":"[LightGBM] [Warning] No further splits with positive gain, best gain: -inf","logger":"task.stdout"}
{"timestamp":"2026-10-06T12:46:58.504801Z","level":"info","event":"[LightGBM] [Warning] No further splits with positive gain, best gain: -inf","logger":"task.stdout"}
{"timestamp":"2026-10-06T12:46:58.599817Z","level":"info","event":"[LightGBM] [Warning] No further splits with positive gain, best gain: -inf","logger":"task.stdout"}
{"timestamp":"2026-10-06T12:46:58.934427Z","level":"info","event":"[LightGBM] [Warning] No further splits with positive gain, best gain: -inf","logger":"task.stdout"}
{"timestamp":"2026-10-06T12:46:58.988897Z","level":"info","event":"[LightGBM] [Warning] No further splits with positive gain, best gain: -inf","logger":"task.stdout"}
{"timestamp":"2026-10-06T12:46:59.008733Z","level":"info","event":"[LightGBM] [Warning] No further splits with positive gain, best gain: -inf","logger":"task.stdout"}
{"timestamp":"2026-10-06T12:46:59.052681Z","level":"info","event":"[LightGBM] [Warning] No further splits with positive gain, best gain: -inf","logger":"task.stdout"}
{"timestamp":"2026-10-06T12:46:59.061330Z","level":"info","event":"[LightGBM] [Warning] No further splits with positive gain, best gain: -inf","logger":"task.stdout"}
{"timestamp":"2026-10-06T12:46:59.474409Z","level":"info","event":"[LightGBM] [Warning] No further splits with positive gain, best gain: -inf","logger":"task.stdout"}
{"timestamp":"2026-10-06T12:46:59.477312Z","level":"info","event":"[LightGBM] [Warning] No further splits with positive gain, best gain: -inf","logger":"task.stdout"}
{"timestamp":"2026-10-06T12:46:59.478924Z","level":"info","event":"[LightGBM] [Warning] No further splits with positive gain, best gain: -inf","logger":"task.stdout"}
{"timestamp":"2026-10-06T12:46:59.614600Z","level":"info","event":"[LightGBM] [Warning] No further splits with positive gain, best gain: -inf","logger":"task.stdout"}
{"timestamp":"2026-10-06T12:46:59.744350Z","level":"info","event":"[LightGBM] [Warning] No further splits with positive gain, best gain: -inf","logger":"task.stdout"}
{"timestamp":"2026-10-06T12:46:59.767972Z","level":"info","event":"[LightGBM] [Warning] No further splits with positive gain, best gain: -inf","logger":"task.stdout"}
{"timestamp":"2026-10-06T12:46:59.770502Z","level":"info","event":"[LightGBM] [Warning] No further splits with positive gain, best gain: -inf","logger":"task.stdout"}
{"timestamp":"2026-10-06T12:46:59.806117Z","level":"info","event":"[LightGBM] [Warning] No further splits with positive gain, best gain: -inf","logger":"task.stdout"}
{"timestamp":"2026-10-06T12:46:59.807367Z","level":"info","event":"[LightGBM] [Warning] No further splits with positive gain, best gain: -inf","logger":"task.stdout"}
{"timestamp":"2026-10-06T12:46:59.809199Z","level":"info","event":"[LightGBM] [Warning] No further splits with positive gain, best gain: -inf","logger":"task.stdout"}
{"timestamp":"2026-10-06T12:46:59.810200Z","level":"info","event":"[LightGBM] [Warning] No further splits with positive gain, best gain: -inf","logger":"task.stdout"}
{"timestamp":"2026-10-06T12:46:59.810969Z","level":"info","event":"[LightGBM] [Warning] No further splits with positive gain, best gain: -inf","logger":"task.stdout"}
{"timestamp":"2026-10-06T12:46:59.811956Z","level":"info","event":"[LightGBM] [Warning] No further splits with positive gain, best gain: -inf","logger":"task.stdout"}
{"timestamp":"2026-10-06T12:46:59.824123Z","level":"info","event":"[LightGBM] [Warning] No further splits with positive gain, best gain: -inf","logger":"task.stdout"}
{"timestamp":"2026-10-06T12:46:59.849282Z","level":"info","event":"[LightGBM] [Warning] No further splits with positive gain, best gain: -inf","logger":"task.stdout"}
{"timestamp":"2026-10-06T12:46:59.863599Z","level":"info","event":"[LightGBM] [Warning] No further splits with positive gain, best gain: -inf","logger":"task.stdout"}
{"timestamp":"2026-10-06T12:46:59.898199Z","level":"info","event":"[LightGBM] [Warning] No further splits with positive gain, best gain: -inf","logger":"task.stdout"}
{"timestamp":"2026-10-06T12:46:59.931540Z","level":"info","event":"[LightGBM] [Warning] No further splits with positive gain, best gain: -inf","logger":"task.stdout"}
{"timestamp":"2026-10-06T12:46:59.956186Z","level":"info","event":"[LightGBM] [Warning] No further splits with positive gain, best gain: -inf","logger":"task.stdout"}
{"timestamp":"2026-10-06T12:47:00.042727Z","level":"info","event":"[LightGBM] [Warning] No further splits with positive gain, best gain: -inf","logger":"task.stdout"}
{"timestamp":"2026-10-06T12:47:00.114495Z","level":"info","event":"[LightGBM] [Warning] No further splits with positive gain, best gain: -inf","logger":"task.stdout"}
{"timestamp":"2026-10-06T12:47:00.118199Z","level":"info","event":"[LightGBM] [Warning] No further splits with positive gain, best gain: -inf","logger":"task.stdout"}
{"timestamp":"2026-10-06T12:47:00.300907Z","level":"info","event":"[LightGBM] [Warning] No further splits with positive gain, best gain: -inf","logger":"task.stdout"}
{"timestamp":"2026-10-06T12:47:00.302638Z","level":"info","event":"[LightGBM] [Warning] No further splits with positive gain, best gain: -inf","logger":"task.stdout"}
{"timestamp":"2026-10-06T12:47:00.420338Z","level":"info","event":"[LightGBM] [Warning] No further splits with positive gain, best gain: -inf","logger":"task.stdout"}
{"timestamp":"2026-10-06T12:47:00.443100Z","level":"info","event":"[LightGBM] [Warning] No further splits with positive gain, best gain: -inf","logger":"task.stdout"}
{"timestamp":"2026-10-06T12:47:00.444213Z","level":"info","event":"[LightGBM] [Warning] No further splits with positive gain, best gain: -inf","logger":"task.stdout"}
{"timestamp":"2026-10-06T12:47:00.721316Z","level":"info","event":"[LightGBM] [Warning] No further splits with positive gain, best gain: -inf","logger":"task.stdout"}
{"timestamp":"2026-10-06T12:47:00.905181Z","level":"info","event":"[LightGBM] [Warning] No further splits with positive gain, best gain: -inf","logger":"task.stdout"}
{"timestamp":"2026-10-06T12:47:00.932385Z","level":"info","event":"[LightGBM] [Warning] No further splits with positive gain, best gain: -inf","logger":"task.stdout"}
{"timestamp":"2026-10-06T12:47:00.933368Z","level":"info","event":"[LightGBM] [Warning] No further splits with positive gain, best gain: -inf","logger":"task.stdout"}
{"timestamp":"2026-10-06T12:47:01.219777Z","level":"info","event":"[LightGBM] [Warning] No further splits with positive gain, best gain: -inf","logger":"task.stdout"}
{"timestamp":"2026-10-06T12:47:01.484569Z","level":"info","event":"[LightGBM] [Warning] No further splits with positive gain, best gain: -inf","logger":"task.stdout"}
{"timestamp":"2026-10-06T12:47:01.657979Z","level":"info","event":"[LightGBM] [Warning] No further splits with positive gain, best gain: -inf","logger":"task.stdout"}
{"timestamp":"2026-10-06T12:47:01.675283Z","level":"info","event":"[LightGBM] [Warning] No further splits with positive gain, best gain: -inf","logger":"task.stdout"}
{"timestamp":"2026-10-06T12:47:01.801072Z","level":"info","event":"[LightGBM] [Warning] No further splits with positive gain, best gain: -inf","logger":"task.stdout"}
{"timestamp":"2026-10-06T12:47:01.809043Z","level":"info","event":"[LightGBM] [Warning] No further splits with positive gain, best gain: -inf","logger":"task.stdout"}
{"timestamp":"2026-10-06T12:47:02.263454Z","level":"info","event":"[LightGBM] [Warning] No further splits with positive gain, best gain: -inf","logger":"task.stdout"}
{"timestamp":"2026-10-06T12:47:02.316186Z","level":"info","event":"[LightGBM] [Warning] No further splits with positive gain, best gain: -inf","logger":"task.stdout"}
{"timestamp":"2026-10-06T12:47:02.324349Z","level":"info","event":"[LightGBM] [Warning] No further splits with positive gain, best gain: -inf","logger":"task.stdout"}
{"timestamp":"2026-10-06T12:47:02.369019Z","level":"info","event":"[LightGBM] [Warning] No further splits with positive gain, best gain: -inf","logger":"task.stdout"}
{"timestamp":"2026-10-06T12:47:02.466203Z","level":"info","event":"[LightGBM] [Warning] No further splits with positive gain, best gain: -inf","logger":"task.stdout"}
{"timestamp":"2026-10-06T12:47:02.474011Z","level":"info","event":"[LightGBM] [Warning] No further splits with positive gain, best gain: -inf","logger":"task.stdout"}
{"timestamp":"2026-10-06T12:47:02.482463Z","level":"info","event":"[LightGBM] [Warning] No further splits with positive gain, best gain: -inf","logger":"task.stdout"}
{"timestamp":"2026-10-06T12:47:02.483599Z","level":"info","event":"[LightGBM] [Warning] No further splits with positive gain, best gain: -inf","logger":"task.stdout"}
{"timestamp":"2026-10-06T12:47:02.491717Z","level":"info","event":"[LightGBM] [Warning] No further splits with positive gain, best gain: -inf","logger":"task.stdout"}
{"timestamp":"2026-10-06T12:47:03.089594Z","level":"info","event":"[LightGBM] [Warning] No further splits with positive gain, best gain: -inf","logger":"task.stdout"}
{"timestamp":"2026-10-06T12:47:03.090697Z","level":"info","event":"[LightGBM] [Warning] No further splits with positive gain, best gain: -inf","logger":"task.stdout"}
{"timestamp":"2026-10-06T12:47:03.872257Z","level":"info","event":"[LightGBM] [Warning] No further splits with positive gain, best gain: -inf","logger":"task.stdout"}
{"timestamp":"2026-10-06T12:47:05.056675Z","level":"info","event":"[LightGBM] [Warning] No further splits with positive gain, best gain: -inf","logger":"task.stdout"}
{"timestamp":"2026-10-06T12:47:05.078458Z","level":"info","event":"[LightGBM] [Warning] No further splits with positive gain, best gain: -inf","logger":"task.stdout"}
{"timestamp":"2026-10-06T12:47:06.571141Z","level":"info","event":"[LightGBM] [Warning] No further splits with positive gain, best gain: -inf","logger":"task.stdout"}
{"timestamp":"2026-10-06T12:47:06.592825Z","level":"info","event":"[LightGBM] [Warning] No further splits with positive gain, best gain: -inf","logger":"task.stdout"}
{"timestamp":"2026-10-06T12:47:07.551042Z","level":"info","event":"[LightGBM] [Warning] No further splits with positive gain, best gain: -inf","logger":"task.stdout"}
{"timestamp":"2026-10-06T12:47:07.565374Z","level":"info","event":"[LightGBM] [Warning] No further splits with positive gain, best gain: -inf","logger":"task.stdout"}
{"timestamp":"2026-10-06T12:47:07.692255Z","level":"info","event":"[LightGBM] [Warning] No further splits with positive gain, best gain: -inf","logger":"task.stdout"}
{"timestamp":"2026-10-06T12:47:07.693628Z","level":"info","event":"[LightGBM] [Warning] No further splits with positive gain, best gain: -inf","logger":"task.stdout"}
{"timestamp":"2026-10-06T12:47:07.694795Z","level":"info","event":"[LightGBM] [Warning] No further splits with positive gain, best gain: -inf","logger":"task.stdout"}
{"timestamp":"2026-10-06T12:47:07.777327Z","level":"info","event":"[LightGBM] [Warning] No further splits with positive gain, best gain: -inf","logger":"task.stdout"}
{"timestamp":"2026-10-06T12:47:07.778228Z","level":"info","event":"[LightGBM] [Warning] No further splits with positive gain, best gain: -inf","logger":"task.stdout"}
{"timestamp":"2026-10-06T12:47:07.954404Z","level":"info","event":"[LightGBM] [Warning] No further splits with positive gain, best gain: -inf","logger":"task.stdout"}
{"timestamp":"2026-10-06T12:47:07.955707Z","level":"info","event":"[LightGBM] [Warning] No further splits with positive gain, best gain: -inf","logger":"task.stdout"}
{"timestamp":"2026-10-06T12:47:08.221048Z","level":"info","event":"[LightGBM] [Warning] No further splits with positive gain, best gain: -inf","logger":"task.stdout"}
{"timestamp":"2026-10-06T12:47:08.222051Z","level":"info","event":"[LightGBM] [Warning] No further splits with positive gain, best gain: -inf","logger":"task.stdout"}
{"timestamp":"2026-10-06T12:47:08.223226Z","level":"info","event":"[LightGBM] [Warning] No further splits with positive gain, best gain: -inf","logger":"task.stdout"}
{"timestamp":"2026-10-06T12:47:08.232350Z","level":"info","event":"[LightGBM] [Warning] No further splits with positive gain, best gain: -inf","logger":"task.stdout"}
{"timestamp":"2026-10-06T12:47:08.771182Z","level":"info","event":"[LightGBM] [Warning] No further splits with positive gain, best gain: -inf","logger":"task.stdout"}
{"timestamp":"2026-10-06T12:47:09.948437Z","level":"info","event":"[LightGBM] [Warning] No further splits with positive gain, best gain: -inf","logger":"task.stdout"}
{"timestamp":"2026-10-06T12:47:10.067673Z","level":"info","event":"[LightGBM] [Warning] No further splits with positive gain, best gain: -inf","logger":"task.stdout"}
{"timestamp":"2026-10-06T12:47:10.069233Z","level":"info","event":"[LightGBM] [Warning] No further splits with positive gain, best gain: -inf","logger":"task.stdout"}
{"timestamp":"2026-10-06T12:47:10.070292Z","level":"info","event":"[LightGBM] [Warning] No further splits with positive gain, best gain: -inf","logger":"task.stdout"}
{"timestamp":"2026-10-06T12:47:11.740477Z","level":"info","event":"[LightGBM] [Warning] No further splits with positive gain, best gain: -inf","logger":"task.stdout"}
{"timestamp":"2026-10-06T12:47:13.505557Z","level":"info","event":"[LightGBM] [Warning] No further splits with positive gain, best gain: -inf","logger":"task.stdout"}
{"timestamp":"2026-10-06T12:47:13.952513Z","level":"info","event":"[LightGBM] [Warning] No further splits with positive gain, best gain: -inf","logger":"task.stdout"}
{"timestamp":"2026-10-06T12:47:14.404700Z","level":"info","event":"[LightGBM] [Warning] No further splits with positive gain, best gain: -inf","logger":"task.stdout"}
{"timestamp":"2026-10-06T12:47:14.405890Z","level":"info","event":"[LightGBM] [Warning] No further splits with positive gain, best gain: -inf","logger":"task.stdout"}
{"timestamp":"2026-10-06T12:47:14.494615Z","level":"info","event":"[LightGBM] [Warning] No further splits with positive gain, best gain: -inf","logger":"task.stdout"}
{"timestamp":"2026-10-06T12:47:14.495168Z","level":"info","event":"[LightGBM] [Warning] No further splits with positive gain, best gain: -inf","logger":"task.stdout"}
{"timestamp":"2026-10-06T12:47:14.495988Z","level":"info","event":"[LightGBM] [Warning] No further splits with positive gain, best gain: -inf","logger":"task.stdout"}
{"timestamp":"2026-10-06T12:47:14.512813Z","level":"info","event":"[LightGBM] [Warning] No further splits with positive gain, best gain: -inf","logger":"task.stdout"}
{"timestamp":"2026-10-06T12:47:14.513597Z","level":"info","event":"[LightGBM] [Warning] No further splits with positive gain, best gain: -inf","logger":"task.stdout"}
{"timestamp":"2026-10-06T12:47:14.514988Z","level":"info","event":"[LightGBM] [Warning] No further splits with positive gain, best gain: -inf","logger":"task.stdout"}
{"timestamp":"2026-10-06T12:47:14.516132Z","level":"info","event":"[LightGBM] [Warning] No further splits with positive gain, best gain: -inf","logger":"task.stdout"}
{"timestamp":"2026-10-06T12:47:14.608922Z","level":"info","event":"[LightGBM] [Warning] No further splits with positive gain, best gain: -inf","logger":"task.stdout"}
{"timestamp":"2026-10-06T12:47:14.610764Z","level":"info","event":"[LightGBM] [Warning] No further splits with positive gain, best gain: -inf","logger":"task.stdout"}
{"timestamp":"2026-10-06T12:47:14.611306Z","level":"info","event":"[LightGBM] [Warning] No further splits with positive gain, best gain: -inf","logger":"task.stdout"}
{"timestamp":"2026-10-06T12:47:14.611930Z","level":"info","event":"[LightGBM] [Warning] No further splits with positive gain, best gain: -inf","logger":"task.stdout"}
{"timestamp":"2026-10-06T12:47:14.685260Z","level":"info","event":"[LightGBM] [Warning] No further splits with positive gain, best gain: -inf","logger":"task.stdout"}
{"timestamp":"2026-10-06T12:47:14.761900Z","level":"info","event":"[LightGBM] [Warning] No further splits with positive gain, best gain: -inf","logger":"task.stdout"}
{"timestamp":"2026-10-06T12:47:14.920715Z","level":"info","event":"[LightGBM] [Warning] No further splits with positive gain, best gain: -inf","logger":"task.stdout"}
{"timestamp":"2026-10-06T12:47:14.920948Z","level":"info","event":"[LightGBM] [Warning] No further splits with positive gain, best gain: -inf","logger":"task.stdout"}
{"timestamp":"2026-10-06T12:47:14.921084Z","level":"info","event":"[LightGBM] [Warning] No further splits with positive gain, best gain: -inf","logger":"task.stdout"}
{"timestamp":"2026-10-06T12:47:14.921188Z","level":"info","event":"[LightGBM] [Warning] No further splits with positive gain, best gain: -inf","logger":"task.stdout"}
{"timestamp":"2026-10-06T12:47:14.921276Z","level":"info","event":"[LightGBM] [Warning] No further splits with positive gain, best gain: -inf","logger":"task.stdout"}
{"timestamp":"2026-10-06T12:47:15.183445Z","level":"info","event":"[LightGBM] [Warning] No further splits with positive gain, best gain: -inf","logger":"task.stdout"}
{"timestamp":"2026-10-06T12:47:15.194241Z","level":"info","event":"[LightGBM] [Warning] No further splits with positive gain, best gain: -inf","logger":"task.stdout"}
{"timestamp":"2026-10-06T12:47:16.773277Z","level":"info","event":"[LightGBM] [Warning] No further splits with positive gain, best gain: -inf","logger":"task.stdout"}
{"timestamp":"2026-10-06T12:47:17.888348Z","level":"info","event":"[LightGBM] [Warning] No further splits with positive gain, best gain: -inf","logger":"task.stdout"}
{"timestamp":"2026-10-06T12:47:17.944953Z","level":"info","event":"[LightGBM] [Warning] No further splits with positive gain, best gain: -inf","logger":"task.stdout"}
{"timestamp":"2026-10-06T12:47:18.211849Z","level":"info","event":"[LightGBM] [Warning] No further splits with positive gain, best gain: -inf","logger":"task.stdout"}
{"timestamp":"2026-10-06T12:47:18.340070Z","level":"info","event":"[LightGBM] [Warning] No further splits with positive gain, best gain: -inf","logger":"task.stdout"}
{"timestamp":"2026-10-06T12:47:18.340814Z","level":"info","event":"[LightGBM] [Warning] No further splits with positive gain, best gain: -inf","logger":"task.stdout"}
{"timestamp":"2026-10-06T12:47:18.341311Z","level":"info","event":"[LightGBM] [Warning] No further splits with positive gain, best gain: -inf","logger":"task.stdout"}
{"timestamp":"2026-10-06T12:47:18.342971Z","level":"info","event":"[LightGBM] [Warning] No further splits with positive gain, best gain: -inf","logger":"task.stdout"}
{"timestamp":"2026-10-06T12:47:18.343468Z","level":"info","event":"[LightGBM] [Warning] No further splits with positive gain, best gain: -inf","logger":"task.stdout"}
{"timestamp":"2026-10-06T12:47:18.344132Z","level":"info","event":"[LightGBM] [Warning] No further splits with positive gain, best gain: -inf","logger":"task.stdout"}
{"timestamp":"2026-10-06T12:47:18.641233Z","level":"info","event":"[LightGBM] [Warning] No further splits with positive gain, best gain: -inf","logger":"task.stdout"}
{"timestamp":"2026-10-06T12:47:18.641485Z","level":"info","event":"[LightGBM] [Warning] No further splits with positive gain, best gain: -inf","logger":"task.stdout"}
{"timestamp":"2026-10-06T12:47:18.643066Z","level":"info","event":"[LightGBM] [Warning] No further splits with positive gain, best gain: -inf","logger":"task.stdout"}
{"timestamp":"2026-10-06T12:47:18.643341Z","level":"info","event":"[LightGBM] [Warning] No further splits with positive gain, best gain: -inf","logger":"task.stdout"}
{"timestamp":"2026-10-06T12:47:18.644515Z","level":"info","event":"[LightGBM] [Warning] No further splits with positive gain, best gain: -inf","logger":"task.stdout"}
{"timestamp":"2026-10-06T12:47:18.784343Z","level":"info","event":"[LightGBM] [Warning] No further splits with positive gain, best gain: -inf","logger":"task.stdout"}
{"timestamp":"2026-10-06T12:47:18.784604Z","level":"info","event":"[LightGBM] [Warning] No further splits with positive gain, best gain: -inf","logger":"task.stdout"}
{"timestamp":"2026-10-06T12:47:18.784741Z","level":"info","event":"[LightGBM] [Warning] No further splits with positive gain, best gain: -inf","logger":"task.stdout"}
{"timestamp":"2026-10-06T12:47:18.784865Z","level":"info","event":"[LightGBM] [Warning] No further splits with positive gain, best gain: -inf","logger":"task.stdout"}
{"timestamp":"2026-10-06T12:47:18.908343Z","level":"info","event":"[LightGBM] [Warning] No further splits with positive gain, best gain: -inf","logger":"task.stdout"}
{"timestamp":"2026-10-06T12:47:18.908591Z","level":"info","event":"[LightGBM] [Warning] No further splits with positive gain, best gain: -inf","logger":"task.stdout"}
{"timestamp":"2026-10-06T12:47:18.908710Z","level":"info","event":"[LightGBM] [Warning] No further splits with positive gain, best gain: -inf","logger":"task.stdout"}
{"timestamp":"2026-10-06T12:47:19.101719Z","level":"info","event":"[LightGBM] [Warning] No further splits with positive gain, best gain: -inf","logger":"task.stdout"}
{"timestamp":"2026-10-06T12:47:19.463032Z","level":"info","event":"[LightGBM] [Warning] No further splits with positive gain, best gain: -inf","logger":"task.stdout"}
{"timestamp":"2026-10-06T12:47:19.505458Z","level":"info","event":"[LightGBM] [Warning] No further splits with positive gain, best gain: -inf","logger":"task.stdout"}
{"timestamp":"2026-10-06T12:47:19.506651Z","level":"info","event":"[LightGBM] [Warning] No further splits with positive gain, best gain: -inf","logger":"task.stdout"}
{"timestamp":"2026-10-06T12:47:19.508306Z","level":"info","event":"[LightGBM] [Warning] No further splits with positive gain, best gain: -inf","logger":"task.stdout"}
{"timestamp":"2026-10-06T12:47:19.723998Z","level":"info","event":"[LightGBM] [Warning] No further splits with positive gain, best gain: -inf","logger":"task.stdout"}
{"timestamp":"2026-10-06T12:47:19.759413Z","level":"info","event":"[LightGBM] [Warning] No further splits with positive gain, best gain: -inf","logger":"task.stdout"}
{"timestamp":"2026-10-06T12:47:20.602191Z","level":"info","event":"[LightGBM] [Warning] No further splits with positive gain, best gain: -inf","logger":"task.stdout"}
{"timestamp":"2026-10-06T12:47:20.784381Z","level":"info","event":"[LightGBM] [Warning] No further splits with positive gain, best gain: -inf","logger":"task.stdout"}
{"timestamp":"2026-10-06T12:47:20.966968Z","level":"info","event":"[LightGBM] [Warning] No further splits with positive gain, best gain: -inf","logger":"task.stdout"}
{"timestamp":"2026-10-06T12:47:20.998492Z","level":"info","event":"[LightGBM] [Warning] No further splits with positive gain, best gain: -inf","logger":"task.stdout"}
{"timestamp":"2026-10-06T12:47:21.222504Z","level":"info","event":"[LightGBM] [Warning] No further splits with positive gain, best gain: -inf","logger":"task.stdout"}
{"timestamp":"2026-10-06T12:47:21.279363Z","level":"info","event":"[LightGBM] [Warning] No further splits with positive gain, best gain: -inf","logger":"task.stdout"}
{"timestamp":"2026-10-06T12:47:21.601899Z","level":"info","event":"[LightGBM] [Warning] No further splits with positive gain, best gain: -inf","logger":"task.stdout"}
{"timestamp":"2026-10-06T12:47:21.687451Z","level":"info","event":"[LightGBM] [Warning] No further splits with positive gain, best gain: -inf","logger":"task.stdout"}
{"timestamp":"2026-10-06T12:47:21.691241Z","level":"info","event":"[LightGBM] [Warning] No further splits with positive gain, best gain: -inf","logger":"task.stdout"}
{"timestamp":"2026-10-06T12:47:21.993834Z","level":"info","event":"[LightGBM] [Warning] No further splits with positive gain, best gain: -inf","logger":"task.stdout"}
{"timestamp":"2026-10-06T12:47:22.061793Z","level":"info","event":"[LightGBM] [Warning] No further splits with positive gain, best gain: -inf","logger":"task.stdout"}
{"timestamp":"2026-10-06T12:47:22.109063Z","level":"info","event":"[LightGBM] [Warning] No further splits with positive gain, best gain: -inf","logger":"task.stdout"}
{"timestamp":"2026-10-06T12:47:22.200733Z","level":"info","event":"[LightGBM] [Warning] No further splits with positive gain, best gain: -inf","logger":"task.stdout"}
{"timestamp":"2026-10-06T12:47:22.209494Z","level":"info","event":"[LightGBM] [Warning] No further splits with positive gain, best gain: -inf","logger":"task.stdout"}
{"timestamp":"2026-10-06T12:47:22.583639Z","level":"info","event":"[LightGBM] [Warning] No further splits with positive gain, best gain: -inf","logger":"task.stdout"}
{"timestamp":"2026-10-06T12:47:22.598095Z","level":"info","event":"[LightGBM] [Warning] No further splits with positive gain, best gain: -inf","logger":"task.stdout"}
{"timestamp":"2026-10-06T12:47:22.598342Z","level":"info","event":"[LightGBM] [Warning] No further splits with positive gain, best gain: -inf","logger":"task.stdout"}
{"timestamp":"2026-10-06T12:47:22.598826Z","level":"info","event":"[LightGBM] [Warning] No further splits with positive gain, best gain: -inf","logger":"task.stdout"}
{"timestamp":"2026-10-06T12:47:22.720372Z","level":"info","event":"[LightGBM] [Warning] No further splits with positive gain, best gain: -inf","logger":"task.stdout"}
{"timestamp":"2026-10-06T12:47:22.720689Z","level":"info","event":"[LightGBM] [Warning] No further splits with positive gain, best gain: -inf","logger":"task.stdout"}
{"timestamp":"2026-10-06T12:47:22.720840Z","level":"info","event":"[LightGBM] [Warning] No further splits with positive gain, best gain: -inf","logger":"task.stdout"}
{"timestamp":"2026-10-06T12:47:22.720999Z","level":"info","event":"[LightGBM] [Warning] No further splits with positive gain, best gain: -inf","logger":"task.stdout"}
{"timestamp":"2026-10-06T12:47:22.721140Z","level":"info","event":"[LightGBM] [Warning] No further splits with positive gain, best gain: -inf","logger":"task.stdout"}
{"timestamp":"2026-10-06T12:47:22.724310Z","level":"info","event":"[LightGBM] [Warning] No further splits with positive gain, best gain: -inf","logger":"task.stdout"}
{"timestamp":"2026-10-06T12:47:22.980383Z","level":"info","event":"[LightGBM] [Warning] No further splits with positive gain, best gain: -inf","logger":"task.stdout"}
{"timestamp":"2026-10-06T12:47:23.309132Z","level":"info","event":"[LightGBM] [Warning] No further splits with positive gain, best gain: -inf","logger":"task.stdout"}
{"timestamp":"2026-10-06T12:47:23.399996Z","level":"info","event":"[LightGBM] [Warning] No further splits with positive gain, best gain: -inf","logger":"task.stdout"}
{"timestamp":"2026-10-06T12:47:23.516733Z","level":"info","event":"[LightGBM] [Warning] No further splits with positive gain, best gain: -inf","logger":"task.stdout"}
{"timestamp":"2026-10-06T12:47:23.517293Z","level":"info","event":"[LightGBM] [Warning] No further splits with positive gain, best gain: -inf","logger":"task.stdout"}
{"timestamp":"2026-10-06T12:47:23.517781Z","level":"info","event":"[LightGBM] [Warning] No further splits with positive gain, best gain: -inf","logger":"task.stdout"}
{"timestamp":"2026-10-06T12:47:23.518223Z","level":"info","event":"[LightGBM] [Warning] No further splits with positive gain, best gain: -inf","logger":"task.stdout"}
{"timestamp":"2026-10-06T12:47:23.518634Z","level":"info","event":"[LightGBM] [Warning] No further splits with positive gain, best gain: -inf","logger":"task.stdout"}
{"timestamp":"2026-10-06T12:47:23.519390Z","level":"info","event":"[LightGBM] [Warning] No further splits with positive gain, best gain: -inf","logger":"task.stdout"}
{"timestamp":"2026-10-06T12:47:23.689039Z","level":"info","event":"[LightGBM] [Warning] No further splits with positive gain, best gain: -inf","logger":"task.stdout"}
{"timestamp":"2026-10-06T12:47:23.689726Z","level":"info","event":"[LightGBM] [Warning] No further splits with positive gain, best gain: -inf","logger":"task.stdout"}
{"timestamp":"2026-10-06T12:47:23.691356Z","level":"info","event":"[LightGBM] [Warning] No further splits with positive gain, best gain: -inf","logger":"task.stdout"}
{"timestamp":"2026-10-06T12:47:23.692061Z","level":"info","event":"[LightGBM] [Warning] No further splits with positive gain, best gain: -inf","logger":"task.stdout"}
{"timestamp":"2026-10-06T12:47:23.709203Z","level":"info","event":"[LightGBM] [Warning] No further splits with positive gain, best gain: -inf","logger":"task.stdout"}
{"timestamp":"2026-10-06T12:47:23.768960Z","level":"info","event":"[LightGBM] [Warning] No further splits with positive gain, best gain: -inf","logger":"task.stdout"}
{"timestamp":"2026-10-06T12:47:23.770505Z","level":"info","event":"[LightGBM] [Warning] No further splits with positive gain, best gain: -inf","logger":"task.stdout"}
{"timestamp":"2026-10-06T12:47:23.816467Z","level":"info","event":"[LightGBM] [Warning] No further splits with positive gain, best gain: -inf","logger":"task.stdout"}
{"timestamp":"2026-10-06T12:47:23.817369Z","level":"info","event":"[LightGBM] [Warning] No further splits with positive gain, best gain: -inf","logger":"task.stdout"}
{"timestamp":"2026-10-06T12:47:23.819200Z","level":"info","event":"[LightGBM] [Warning] No further splits with positive gain, best gain: -inf","logger":"task.stdout"}
{"timestamp":"2026-10-06T12:47:23.819449Z","level":"info","event":"[LightGBM] [Warning] No further splits with positive gain, best gain: -inf","logger":"task.stdout"}
{"timestamp":"2026-10-06T12:47:23.823995Z","level":"info","event":"[LightGBM] [Warning] No further splits with positive gain, best gain: -inf","logger":"task.stdout"}
{"timestamp":"2026-10-06T12:47:23.885281Z","level":"info","event":"[LightGBM] [Warning] No further splits with positive gain, best gain: -inf","logger":"task.stdout"}
{"timestamp":"2026-10-06T12:47:23.887160Z","level":"info","event":"[LightGBM] [Warning] No further splits with positive gain, best gain: -inf","logger":"task.stdout"}
{"timestamp":"2026-10-06T12:47:23.887904Z","level":"info","event":"[LightGBM] [Warning] No further splits with positive gain, best gain: -inf","logger":"task.stdout"}
{"timestamp":"2026-10-06T12:47:24.039848Z","level":"info","event":"[LightGBM] [Warning] No further splits with positive gain, best gain: -inf","logger":"task.stdout"}
{"timestamp":"2026-10-06T12:47:24.540539Z","level":"info","event":"[LightGBM] [Warning] No further splits with positive gain, best gain: -inf","logger":"task.stdout"}
{"timestamp":"2026-10-06T12:47:24.791953Z","level":"info","event":"[LightGBM] [Warning] No further splits with positive gain, best gain: -inf","logger":"task.stdout"}
{"timestamp":"2026-10-06T12:47:24.799889Z","level":"info","event":"[LightGBM] [Warning] No further splits with positive gain, best gain: -inf","logger":"task.stdout"}
{"timestamp":"2026-10-06T12:47:24.830117Z","level":"info","event":"[LightGBM] [Warning] No further splits with positive gain, best gain: -inf","logger":"task.stdout"}
{"timestamp":"2026-10-06T12:47:24.831250Z","level":"info","event":"[LightGBM] [Warning] No further splits with positive gain, best gain: -inf","logger":"task.stdout"}
{"timestamp":"2026-10-06T12:47:24.873528Z","level":"info","event":"[LightGBM] [Warning] No further splits with positive gain, best gain: -inf","logger":"task.stdout"}
{"timestamp":"2026-10-06T12:47:24.874828Z","level":"info","event":"[LightGBM] [Warning] No further splits with positive gain, best gain: -inf","logger":"task.stdout"}
{"timestamp":"2026-10-06T12:47:24.876017Z","level":"info","event":"[LightGBM] [Warning] No further splits with positive gain, best gain: -inf","logger":"task.stdout"}
{"timestamp":"2026-10-06T12:47:24.897139Z","level":"info","event":"[LightGBM] [Warning] No further splits with positive gain, best gain: -inf","logger":"task.stdout"}
{"timestamp":"2026-10-06T12:47:24.937188Z","level":"info","event":"[LightGBM] [Warning] No further splits with positive gain, best gain: -inf","logger":"task.stdout"}
{"timestamp":"2026-10-06T12:47:24.938361Z","level":"info","event":"[LightGBM] [Warning] No further splits with positive gain, best gain: -inf","logger":"task.stdout"}
{"timestamp":"2026-10-06T12:47:24.940110Z","level":"info","event":"[LightGBM] [Warning] No further splits with positive gain, best gain: -inf","logger":"task.stdout"}
{"timestamp":"2026-10-06T12:47:24.957281Z","level":"info","event":"[LightGBM] [Warning] No further splits with positive gain, best gain: -inf","logger":"task.stdout"}
{"timestamp":"2026-10-06T12:47:24.959455Z","level":"info","event":"[LightGBM] [Warning] No further splits with positive gain, best gain: -inf","logger":"task.stdout"}
{"timestamp":"2026-10-06T12:47:24.975987Z","level":"info","event":"[LightGBM] [Warning] No further splits with positive gain, best gain: -inf","logger":"task.stdout"}
{"timestamp":"2026-10-06T12:47:25.006030Z","level":"info","event":"[LightGBM] [Warning] No further splits with positive gain, best gain: -inf","logger":"task.stdout"}
{"timestamp":"2026-10-06T12:47:25.007123Z","level":"info","event":"[LightGBM] [Warning] No further splits with positive gain, best gain: -inf","logger":"task.stdout"}
{"timestamp":"2026-10-06T12:47:25.076944Z","level":"info","event":"[LightGBM] [Warning] No further splits with positive gain, best gain: -inf","logger":"task.stdout"}
{"timestamp":"2026-10-06T12:47:25.146870Z","level":"info","event":"[LightGBM] [Warning] No further splits with positive gain, best gain: -inf","logger":"task.stdout"}
{"timestamp":"2026-10-06T12:47:25.177930Z","level":"info","event":"[LightGBM] [Warning] No further splits with positive gain, best gain: -inf","logger":"task.stdout"}
{"timestamp":"2026-10-06T12:47:25.290893Z","level":"info","event":"[LightGBM] [Warning] No further splits with positive gain, best gain: -inf","logger":"task.stdout"}
{"timestamp":"2026-10-06T12:47:25.346642Z","level":"info","event":"[LightGBM] [Warning] No further splits with positive gain, best gain: -inf","logger":"task.stdout"}
{"timestamp":"2026-10-06T12:47:25.347681Z","level":"info","event":"[LightGBM] [Warning] No further splits with positive gain, best gain: -inf","logger":"task.stdout"}
{"timestamp":"2026-10-06T12:47:25.374384Z","level":"info","event":"[LightGBM] [Warning] No further splits with positive gain, best gain: -inf","logger":"task.stdout"}
{"timestamp":"2026-10-06T12:47:26.296437Z","level":"info","event":"[LightGBM] [Warning] No further splits with positive gain, best gain: -inf","logger":"task.stdout"}
{"timestamp":"2026-10-06T12:47:26.321023Z","level":"info","event":"[LightGBM] [Warning] No further splits with positive gain, best gain: -inf","logger":"task.stdout"}
{"timestamp":"2026-10-06T12:47:26.435656Z","level":"info","event":"[LightGBM] [Warning] No further splits with positive gain, best gain: -inf","logger":"task.stdout"}
{"timestamp":"2026-10-06T12:47:26.508699Z","level":"info","event":"[LightGBM] [Warning] No further splits with positive gain, best gain: -inf","logger":"task.stdout"}
{"timestamp":"2026-10-06T12:47:26.509606Z","level":"info","event":"[LightGBM] [Warning] No further splits with positive gain, best gain: -inf","logger":"task.stdout"}
{"timestamp":"2026-10-06T12:47:26.511238Z","level":"info","event":"[LightGBM] [Warning] No further splits with positive gain, best gain: -inf","logger":"task.stdout"}
{"timestamp":"2026-10-06T12:47:26.574378Z","level":"info","event":"[LightGBM] [Warning] No further splits with positive gain, best gain: -inf","logger":"task.stdout"}
{"timestamp":"2026-10-06T12:47:26.575218Z","level":"info","event":"[LightGBM] [Warning] No further splits with positive gain, best gain: -inf","logger":"task.stdout"}
{"timestamp":"2026-10-06T12:47:26.721401Z","level":"info","event":"[LightGBM] [Warning] No further splits with positive gain, best gain: -inf","logger":"task.stdout"}
{"timestamp":"2026-10-06T12:47:26.792943Z","level":"info","event":"[LightGBM] [Warning] No further splits with positive gain, best gain: -inf","logger":"task.stdout"}
{"timestamp":"2026-10-06T12:47:26.988293Z","level":"info","event":"[LightGBM] [Warning] No further splits with positive gain, best gain: -inf","logger":"task.stdout"}
{"timestamp":"2026-10-06T12:47:26.990234Z","level":"info","event":"[LightGBM] [Warning] No further splits with positive gain, best gain: -inf","logger":"task.stdout"}
{"timestamp":"2026-10-06T12:47:26.997887Z","level":"info","event":"[LightGBM] [Warning] No further splits with positive gain, best gain: -inf","logger":"task.stdout"}
{"timestamp":"2026-10-06T12:47:27.011063Z","level":"info","event":"[LightGBM] [Warning] No further splits with positive gain, best gain: -inf","logger":"task.stdout"}
{"timestamp":"2026-10-06T12:47:27.011262Z","level":"info","event":"[LightGBM] [Warning] No further splits with positive gain, best gain: -inf","logger":"task.stdout"}
{"timestamp":"2026-10-06T12:47:27.011393Z","level":"info","event":"[LightGBM] [Warning] No further splits with positive gain, best gain: -inf","logger":"task.stdout"}
{"timestamp":"2026-10-06T12:47:27.011499Z","level":"info","event":"[LightGBM] [Warning] No further splits with positive gain, best gain: -inf","logger":"task.stdout"}
{"timestamp":"2026-10-06T12:47:27.011618Z","level":"info","event":"[LightGBM] [Warning] No further splits with positive gain, best gain: -inf","logger":"task.stdout"}
{"timestamp":"2026-10-06T12:47:27.011729Z","level":"info","event":"[LightGBM] [Warning] No further splits with positive gain, best gain: -inf","logger":"task.stdout"}
{"timestamp":"2026-10-06T12:47:27.011834Z","level":"info","event":"[LightGBM] [Warning] No further splits with positive gain, best gain: -inf","logger":"task.stdout"}
{"timestamp":"2026-10-06T12:47:27.011939Z","level":"info","event":"[LightGBM] [Warning] No further splits with positive gain, best gain: -inf","logger":"task.stdout"}
{"timestamp":"2026-10-06T12:47:27.012043Z","level":"info","event":"[LightGBM] [Warning] No further splits with positive gain, best gain: -inf","logger":"task.stdout"}
{"timestamp":"2026-10-06T12:47:27.012325Z","level":"info","event":"[LightGBM] [Warning] No further splits with positive gain, best gain: -inf","logger":"task.stdout"}
{"timestamp":"2026-10-06T12:47:27.063938Z","level":"info","event":"[LightGBM] [Warning] No further splits with positive gain, best gain: -inf","logger":"task.stdout"}
{"timestamp":"2026-10-06T12:47:27.066162Z","level":"info","event":"[LightGBM] [Warning] No further splits with positive gain, best gain: -inf","logger":"task.stdout"}
{"timestamp":"2026-10-06T12:47:27.176612Z","level":"info","event":"[LightGBM] [Warning] No further splits with positive gain, best gain: -inf","logger":"task.stdout"}
{"timestamp":"2026-10-06T12:47:27.177293Z","level":"info","event":"[LightGBM] [Warning] No further splits with positive gain, best gain: -inf","logger":"task.stdout"}
{"timestamp":"2026-10-06T12:47:27.178024Z","level":"info","event":"[LightGBM] [Warning] No further splits with positive gain, best gain: -inf","logger":"task.stdout"}
{"timestamp":"2026-10-06T12:47:27.178942Z","level":"info","event":"[LightGBM] [Warning] No further splits with positive gain, best gain: -inf","logger":"task.stdout"}
{"timestamp":"2026-10-06T12:47:27.179934Z","level":"info","event":"[LightGBM] [Warning] No further splits with positive gain, best gain: -inf","logger":"task.stdout"}
{"timestamp":"2026-10-06T12:47:27.205080Z","level":"info","event":"[LightGBM] [Warning] No further splits with positive gain, best gain: -inf","logger":"task.stdout"}
{"timestamp":"2026-10-06T12:47:27.206255Z","level":"info","event":"[LightGBM] [Warning] No further splits with positive gain, best gain: -inf","logger":"task.stdout"}
{"timestamp":"2026-10-06T12:47:27.207375Z","level":"info","event":"[LightGBM] [Warning] No further splits with positive gain, best gain: -inf","logger":"task.stdout"}
{"timestamp":"2026-10-06T12:47:27.739684Z","level":"info","event":"[LightGBM] [Warning] No further splits with positive gain, best gain: -inf","logger":"task.stdout"}
{"timestamp":"2026-10-06T12:47:27.757267Z","level":"info","event":"[LightGBM] [Warning] No further splits with positive gain, best gain: -inf","logger":"task.stdout"}
{"timestamp":"2026-10-06T12:47:28.092553Z","level":"info","event":"[LightGBM] [Warning] No further splits with positive gain, best gain: -inf","logger":"task.stdout"}
{"timestamp":"2026-10-06T12:47:28.093210Z","level":"info","event":"[LightGBM] [Warning] No further splits with positive gain, best gain: -inf","logger":"task.stdout"}
{"timestamp":"2026-10-06T12:47:28.093978Z","level":"info","event":"[LightGBM] [Warning] No further splits with positive gain, best gain: -inf","logger":"task.stdout"}
{"timestamp":"2026-10-06T12:47:28.094490Z","level":"info","event":"[LightGBM] [Warning] No further splits with positive gain, best gain: -inf","logger":"task.stdout"}
{"timestamp":"2026-10-06T12:47:28.094986Z","level":"info","event":"[LightGBM] [Warning] No further splits with positive gain, best gain: -inf","logger":"task.stdout"}
{"timestamp":"2026-10-06T12:47:28.095480Z","level":"info","event":"[LightGBM] [Warning] No further splits with positive gain, best gain: -inf","logger":"task.stdout"}
{"timestamp":"2026-10-06T12:47:28.095964Z","level":"info","event":"[LightGBM] [Warning] No further splits with positive gain, best gain: -inf","logger":"task.stdout"}
{"timestamp":"2026-10-06T12:47:28.132854Z","level":"info","event":"[LightGBM] [Warning] No further splits with positive gain, best gain: -inf","logger":"task.stdout"}
{"timestamp":"2026-10-06T12:47:28.133349Z","level":"info","event":"[LightGBM] [Warning] No further splits with positive gain, best gain: -inf","logger":"task.stdout"}
{"timestamp":"2026-10-06T12:47:28.143773Z","level":"info","event":"[LightGBM] [Warning] No further splits with positive gain, best gain: -inf","logger":"task.stdout"}
{"timestamp":"2026-10-06T12:47:28.144388Z","level":"info","event":"[LightGBM] [Warning] No further splits with positive gain, best gain: -inf","logger":"task.stdout"}
{"timestamp":"2026-10-06T12:47:28.145036Z","level":"info","event":"[LightGBM] [Warning] No further splits with positive gain, best gain: -inf","logger":"task.stdout"}
{"timestamp":"2026-10-06T12:47:28.146482Z","level":"info","event":"[LightGBM] [Warning] No further splits with positive gain, best gain: -inf","logger":"task.stdout"}
{"timestamp":"2026-10-06T12:47:28.147071Z","level":"info","event":"[LightGBM] [Warning] No further splits with positive gain, best gain: -inf","logger":"task.stdout"}
{"timestamp":"2026-10-06T12:47:28.163695Z","level":"info","event":"[LightGBM] [Warning] No further splits with positive gain, best gain: -inf","logger":"task.stdout"}
{"timestamp":"2026-10-06T12:47:28.221462Z","level":"info","event":"[LightGBM] [Warning] No further splits with positive gain, best gain: -inf","logger":"task.stdout"}
{"timestamp":"2026-10-06T12:47:28.303609Z","level":"info","event":"[LightGBM] [Warning] No further splits with positive gain, best gain: -inf","logger":"task.stdout"}
{"timestamp":"2026-10-06T12:47:28.340763Z","level":"info","event":"[LightGBM] [Warning] No further splits with positive gain, best gain: -inf","logger":"task.stdout"}
{"timestamp":"2026-10-06T12:47:28.354527Z","level":"info","event":"[LightGBM] [Warning] No further splits with positive gain, best gain: -inf","logger":"task.stdout"}
{"timestamp":"2026-10-06T12:47:28.355922Z","level":"info","event":"[LightGBM] [Warning] No further splits with positive gain, best gain: -inf","logger":"task.stdout"}
{"timestamp":"2026-10-06T12:47:28.357118Z","level":"info","event":"[LightGBM] [Warning] No further splits with positive gain, best gain: -inf","logger":"task.stdout"}
{"timestamp":"2026-10-06T12:47:28.357896Z","level":"info","event":"[LightGBM] [Warning] No further splits with positive gain, best gain: -inf","logger":"task.stdout"}
{"timestamp":"2026-10-06T12:47:28.358635Z","level":"info","event":"[LightGBM] [Warning] No further splits with positive gain, best gain: -inf","logger":"task.stdout"}
{"timestamp":"2026-10-06T12:47:28.359704Z","level":"info","event":"[LightGBM] [Warning] No further splits with positive gain, best gain: -inf","logger":"task.stdout"}
{"timestamp":"2026-10-06T12:47:28.436775Z","level":"info","event":"[LightGBM] [Warning] No further splits with positive gain, best gain: -inf","logger":"task.stdout"}
{"timestamp":"2026-10-06T12:47:28.438014Z","level":"info","event":"[LightGBM] [Warning] No further splits with positive gain, best gain: -inf","logger":"task.stdout"}
{"timestamp":"2026-10-06T12:47:28.488994Z","level":"info","event":"[LightGBM] [Warning] No further splits with positive gain, best gain: -inf","logger":"task.stdout"}
{"timestamp":"2026-10-06T12:47:28.503792Z","level":"info","event":"[LightGBM] [Warning] No further splits with positive gain, best gain: -inf","logger":"task.stdout"}
{"timestamp":"2026-10-06T12:47:28.507747Z","level":"info","event":"[LightGBM] [Warning] No further splits with positive gain, best gain: -inf","logger":"task.stdout"}
{"timestamp":"2026-10-06T12:47:29.454215Z","level":"info","event":"Done. Returned value was: /opt/airflow/data/models/lightgbm.txt","try_number":1,"map_index":-1,"task_id":"train_lightgbm","run_id":"manual__2026-10-06T12:46:25.838997+00:00","ti_id":"01a11140-405b-7cf4-87f0-231ca19cca3e","dag_id":"sprint1_r_train","logger":"airflow.task.operators.airflow.providers.standard.decorators.python._PythonDecoratedOperator","filename":"python.py","lineno":233}
{"timestamp":"2026-10-06T12:47:29.454492Z","level":"info","event":"::group::Post Execute","try_number":1,"map_index":-1,"task_id":"train_lightgbm","run_id":"manual__2026-10-06T12:46:25.838997+00:00","ti_id":"01a11140-405b-7cf4-87f0-231ca19cca3e","dag_id":"sprint1_r_train","logger":"task","filename":"task_runner.py","lineno":1580}
{"timestamp":"2026-10-06T12:47:29.454786Z","level":"info","event":"Pushing xcom","ti":"RuntimeTaskInstance(id=UUID('01a11140-405b-7cf4-87f0-231ca19cca3e'), task_id='train_lightgbm', dag_id='sprint1_r_train', run_id='manual__2026-10-06T12:46:25.838997+00:00', try_number=1, dag_version_id=UUID('01a11111-bc37-7964-829e-e9b22b212ab0'), map_index=-1, hostname='0b0dce97fdb5', context_carrier={'traceparent': '00-64b11dc43eeb1ac398a2af670ba3ced9-64f9e9074d60a3eb-00'}, queue='default', task=<Task(_PythonDecoratedOperator): train_lightgbm>, bundle_instance=LocalDagBundle(name=dags-folder), max_tries=0, start_date=datetime.datetime(2026, 10, 6, 12, 46, 44, 937571, tzinfo=datetime.timezone.utc), end_date=None, state=<TaskInstanceState.RUNNING: 'running'>, is_mapped=False, rendered_map_index=None, sentry_integration='sentry_sdk.integrations.celery.CeleryIntegration')","try_number":1,"map_index":-1,"task_id":"train_lightgbm","run_id":"manual__2026-10-06T12:46:25.838997+00:00","ti_id":"01a11140-405b-7cf4-87f0-231ca19cca3e","dag_id":"sprint1_r_train","logger":"task","filename":"task_runner.py","lineno":2280}
{"timestamp":"2026-10-06T12:47:29.558968Z","level":"info","event":"Task instance in success state","logger":"task.stdout"}
{"timestamp":"2026-10-06T12:47:29.559379Z","level":"info","event":" Previous state of the Task instance: TaskInstanceState.RUNNING","logger":"task.stdout"}
{"timestamp":"2026-10-06T12:47:29.559687Z","level":"info","event":"Task operator:<Task(_PythonDecoratedOperator): train_lightgbm>","logger":"task.stdout"}
{"timestamp":"2026-10-06T12:47:29.559486Z","level":"info","event":"::endgroup::","try_number":1,"map_index":-1,"task_id":"train_lightgbm","run_id":"manual__2026-10-06T12:46:25.838997+00:00","ti_id":"01a11140-405b-7cf4-87f0-231ca19cca3e","dag_id":"sprint1_r_train","logger":"task","filename":"task_runner.py","lineno":2379}
