{"timestamp":"2026-10-02T13:04:37.521947Z","level":"info","event":"::group::Pre Execute","logger":"task","filename":"task_runner.py","lineno":2412}
{"timestamp":"2026-10-02T13:04:37.547957Z","level":"info","event":"DAG bundles loaded: dags-folder, example_dags, apache-airflow-providers-common-sql-example-dags, apache-airflow-providers-standard-example-dags","task_id":"load","try_number":1,"dag_id":"sprint1_r","ti_id":"01a0fcb7-66af-7529-9355-69ba3b266d29","map_index":-1,"run_id":"manual__2026-10-02T13:04:32.920190+00:00","logger":"airflow.dag_processing.bundles.manager.DagBundlesManager","filename":"manager.py","lineno":304}
{"timestamp":"2026-10-02T13:04:37.549202Z","level":"info","event":"Filling up the DagBag from /opt/airflow/dags/charn.py","task_id":"load","try_number":1,"dag_id":"sprint1_r","ti_id":"01a0fcb7-66af-7529-9355-69ba3b266d29","map_index":-1,"run_id":"manual__2026-10-02T13:04:32.920190+00:00","logger":"airflow.dag_processing.dagbag.BundleDagBag","filename":"dagbag.py","lineno":460}
{"timestamp":"2026-10-02T13:04:38.041757Z","level":"warning","event":"The `airflow.decorators.dag` attribute is deprecated. Please use `'airflow.sdk.dag'`.","category":"UserWarning","filename":"/opt/airflow/dags/charn.py","lineno":6,"task_id":"load","try_number":1,"dag_id":"sprint1_r","ti_id":"01a0fcb7-66af-7529-9355-69ba3b266d29","map_index":-1,"run_id":"manual__2026-10-02T13:04:32.920190+00:00","logger":"py.warnings"}
{"timestamp":"2026-10-02T13:04:38.042007Z","level":"warning","event":"The `airflow.decorators.task` attribute is deprecated. Please use `'airflow.sdk.task'`.","category":"UserWarning","filename":"/opt/airflow/dags/charn.py","lineno":6,"task_id":"load","try_number":1,"dag_id":"sprint1_r","ti_id":"01a0fcb7-66af-7529-9355-69ba3b266d29","map_index":-1,"run_id":"manual__2026-10-02T13:04:32.920190+00:00","logger":"py.warnings"}
{"timestamp":"2026-10-02T13:04:38.042610Z","level":"info","event":"Worker startup parse complete","bundle_name":"dags-folder","bundle_version":null,"dag_file":"charn.py","dag_id":"sprint1_r","bundle_prepare_ms":2,"dag_file_parse_ms":493,"task_id":"load","try_number":1,"ti_id":"01a0fcb7-66af-7529-9355-69ba3b266d29","map_index":-1,"run_id":"manual__2026-10-02T13:04:32.920190+00:00","logger":"task","filename":"task_runner.py","lineno":1073}
{"timestamp":"2026-10-02T13:04:38.079530Z","level":"info","event":"Task instance is in running state","logger":"task.stdout"}
{"timestamp":"2026-10-02T13:04:38.079704Z","level":"info","event":" Previous state of the Task instance: TaskInstanceState.QUEUED","logger":"task.stdout"}
{"timestamp":"2026-10-02T13:04:38.079886Z","level":"info","event":"Current task name:load","logger":"task.stdout"}
{"timestamp":"2026-10-02T13:04:38.079980Z","level":"info","event":"Dag name:sprint1_r","logger":"task.stdout"}
{"timestamp":"2026-10-02T13:04:38.079930Z","level":"info","event":"::endgroup::","task_id":"load","try_number":1,"dag_id":"sprint1_r","ti_id":"01a0fcb7-66af-7529-9355-69ba3b266d29","map_index":-1,"run_id":"manual__2026-10-02T13:04:32.920190+00:00","logger":"task","filename":"task_runner.py","lineno":2232}
{"timestamp":"2026-10-02T13:04:38.139077Z","level":"info","event":"Final dataset saved: /opt/airflow/data/users_churn_sprint1.parquet","logger":"task.stdout"}
{"timestamp":"2026-10-02T13:04:38.139269Z","level":"info","event":"Rows: 7043","logger":"task.stdout"}
{"timestamp":"2026-10-02T13:04:38.139233Z","level":"info","event":"Done. Returned value was: /opt/airflow/data/users_churn_sprint1.parquet","task_id":"load","try_number":1,"dag_id":"sprint1_r","ti_id":"01a0fcb7-66af-7529-9355-69ba3b266d29","map_index":-1,"run_id":"manual__2026-10-02T13:04:32.920190+00:00","logger":"airflow.task.operators.airflow.providers.standard.decorators.python._PythonDecoratedOperator","filename":"python.py","lineno":233}
{"timestamp":"2026-10-02T13:04:38.139474Z","level":"info","event":"::group::Post Execute","task_id":"load","try_number":1,"dag_id":"sprint1_r","ti_id":"01a0fcb7-66af-7529-9355-69ba3b266d29","map_index":-1,"run_id":"manual__2026-10-02T13:04:32.920190+00:00","logger":"task","filename":"task_runner.py","lineno":1580}
{"timestamp":"2026-10-02T13:04:38.139670Z","level":"info","event":"Pushing xcom","ti":"RuntimeTaskInstance(id=UUID('01a0fcb7-66af-7529-9355-69ba3b266d29'), task_id='load', dag_id='sprint1_r', run_id='manual__2026-10-02T13:04:32.920190+00:00', try_number=1, dag_version_id=UUID('01a0fcab-f1a9-7c30-aa29-12b4c5a9e34c'), map_index=-1, hostname='a12ad0ab42c2', context_carrier={'traceparent': '00-9ebed5b2641230adf9112b8ba04effa3-a457e5a38dacd8d0-00'}, queue='default', task=<Task(_PythonDecoratedOperator): load>, bundle_instance=LocalDagBundle(name=dags-folder), max_tries=0, start_date=datetime.datetime(2026, 10, 2, 13, 4, 37, 526873, tzinfo=datetime.timezone.utc), end_date=None, state=<TaskInstanceState.RUNNING: 'running'>, is_mapped=False, rendered_map_index=None, sentry_integration='sentry_sdk.integrations.celery.CeleryIntegration')","task_id":"load","try_number":1,"dag_id":"sprint1_r","ti_id":"01a0fcb7-66af-7529-9355-69ba3b266d29","map_index":-1,"run_id":"manual__2026-10-02T13:04:32.920190+00:00","logger":"task","filename":"task_runner.py","lineno":2280}
{"timestamp":"2026-10-02T13:04:38.169524Z","level":"info","event":"Task instance in success state","logger":"task.stdout"}
{"timestamp":"2026-10-02T13:04:38.169712Z","level":"info","event":" Previous state of the Task instance: TaskInstanceState.RUNNING","logger":"task.stdout"}
{"timestamp":"2026-10-02T13:04:38.169908Z","level":"info","event":"Task operator:<Task(_PythonDecoratedOperator): load>","logger":"task.stdout"}
{"timestamp":"2026-10-02T13:04:38.169929Z","level":"info","event":"::endgroup::","task_id":"load","try_number":1,"dag_id":"sprint1_r","ti_id":"01a0fcb7-66af-7529-9355-69ba3b266d29","map_index":-1,"run_id":"manual__2026-10-02T13:04:32.920190+00:00","logger":"task","filename":"task_runner.py","lineno":2379}
