{"timestamp":"2026-10-03T11:18:09.861971Z","level":"info","event":"::group::Pre Execute","logger":"task","filename":"task_runner.py","lineno":2412}
{"timestamp":"2026-10-03T11:18:10.028104Z","level":"info","event":"DAG bundles loaded: dags-folder, example_dags, apache-airflow-providers-common-sql-example-dags, apache-airflow-providers-standard-example-dags","dag_id":"sprint1_r_etl","ti_id":"01a1017c-5389-7c03-af54-61b2ef3895a8","run_id":"manual__2026-10-03T11:18:07.482280+00:00","task_id":"transform","map_index":-1,"try_number":1,"logger":"airflow.dag_processing.bundles.manager.DagBundlesManager","filename":"manager.py","lineno":304}
{"timestamp":"2026-10-03T11:18:10.029196Z","level":"info","event":"Filling up the DagBag from /opt/airflow/dags/etl1.py","dag_id":"sprint1_r_etl","ti_id":"01a1017c-5389-7c03-af54-61b2ef3895a8","run_id":"manual__2026-10-03T11:18:07.482280+00:00","task_id":"transform","map_index":-1,"try_number":1,"logger":"airflow.dag_processing.dagbag.BundleDagBag","filename":"dagbag.py","lineno":460}
{"timestamp":"2026-10-03T11:18:10.517675Z","level":"info","event":"Worker startup parse complete","bundle_name":"dags-folder","bundle_version":null,"dag_file":"etl1.py","dag_id":"sprint1_r_etl","bundle_prepare_ms":2,"dag_file_parse_ms":488,"ti_id":"01a1017c-5389-7c03-af54-61b2ef3895a8","run_id":"manual__2026-10-03T11:18:07.482280+00:00","task_id":"transform","map_index":-1,"try_number":1,"logger":"task","filename":"task_runner.py","lineno":1073}
{"timestamp":"2026-10-03T11:18:10.560411Z","level":"info","event":"Task instance is in running state","logger":"task.stdout"}
{"timestamp":"2026-10-03T11:18:10.560720Z","level":"info","event":" Previous state of the Task instance: TaskInstanceState.QUEUED","logger":"task.stdout"}
{"timestamp":"2026-10-03T11:18:10.560921Z","level":"info","event":"Current task name:transform","logger":"task.stdout"}
{"timestamp":"2026-10-03T11:18:10.561092Z","level":"info","event":"Dag name:sprint1_r_etl","logger":"task.stdout"}
{"timestamp":"2026-10-03T11:18:10.559734Z","level":"info","event":"::endgroup::","dag_id":"sprint1_r_etl","ti_id":"01a1017c-5389-7c03-af54-61b2ef3895a8","run_id":"manual__2026-10-03T11:18:07.482280+00:00","task_id":"transform","map_index":-1,"try_number":1,"logger":"task","filename":"task_runner.py","lineno":2232}
{"timestamp":"2026-10-03T11:18:10.607834Z","level":"info","event":"Initial shape: (7043, 21)","logger":"task.stdout"}
{"timestamp":"2026-10-03T11:18:10.635524Z","level":"info","event":"Duplicates removed: 13","logger":"task.stdout"}
{"timestamp":"2026-10-03T11:18:10.666374Z","level":"info","event":"internet_service: filled with mode = Fiber optic","logger":"task.stdout"}
{"timestamp":"2026-10-03T11:18:10.667596Z","level":"info","event":"online_security: filled with mode = No","logger":"task.stdout"}
{"timestamp":"2026-10-03T11:18:10.668639Z","level":"info","event":"online_backup: filled with mode = No","logger":"task.stdout"}
{"timestamp":"2026-10-03T11:18:10.669685Z","level":"info","event":"device_protection: filled with mode = No","logger":"task.stdout"}
{"timestamp":"2026-10-03T11:18:10.670748Z","level":"info","event":"tech_support: filled with mode = No","logger":"task.stdout"}
{"timestamp":"2026-10-03T11:18:10.671952Z","level":"info","event":"streaming_tv: filled with mode = No","logger":"task.stdout"}
{"timestamp":"2026-10-03T11:18:10.673105Z","level":"info","event":"streaming_movies: filled with mode = No","logger":"task.stdout"}
{"timestamp":"2026-10-03T11:18:10.674587Z","level":"info","event":"multiple_lines: filled with mode = No","logger":"task.stdout"}
{"timestamp":"2026-10-03T11:18:10.684443Z","level":"info","event":"total_charges: filled with median = 1400.85","logger":"task.stdout"}
{"timestamp":"2026-10-03T11:18:10.690090Z","level":"info","event":"Missing values: 0","logger":"task.stdout"}
{"timestamp":"2026-10-03T11:18:10.695062Z","level":"info","event":"monthly_charges: 0 outliers, bounds: -45.55 - 171.15","logger":"task.stdout"}
{"timestamp":"2026-10-03T11:18:10.698463Z","level":"info","event":"total_charges: 0 outliers, bounds: -4678.35 - 8879.35","logger":"task.stdout"}
{"timestamp":"2026-10-03T11:18:10.699228Z","level":"info","event":"Total rows with outliers: 0","logger":"task.stdout"}
{"timestamp":"2026-10-03T11:18:10.701337Z","level":"info","event":"Final shape after transform: (7030, 19)","logger":"task.stdout"}
{"timestamp":"2026-10-03T11:18:10.701671Z","level":"info","event":"Target distribution:","logger":"task.stdout"}
{"timestamp":"2026-10-03T11:18:10.706708Z","level":"info","event":"target","logger":"task.stdout"}
{"timestamp":"2026-10-03T11:18:10.706909Z","level":"info","event":"0    5164","logger":"task.stdout"}
{"timestamp":"2026-10-03T11:18:10.707035Z","level":"info","event":"1    1866","logger":"task.stdout"}
{"timestamp":"2026-10-03T11:18:10.707269Z","level":"info","event":"Name: count, dtype: int64","logger":"task.stdout"}
{"timestamp":"2026-10-03T11:18:10.730480Z","level":"info","event":"Transformed dataset saved to: /opt/airflow/data/processed/users_churn_transformed.parquet","logger":"task.stdout"}
{"timestamp":"2026-10-03T11:18:10.731320Z","level":"info","event":"Done. Returned value was: /opt/airflow/data/processed/users_churn_transformed.parquet","dag_id":"sprint1_r_etl","ti_id":"01a1017c-5389-7c03-af54-61b2ef3895a8","run_id":"manual__2026-10-03T11:18:07.482280+00:00","task_id":"transform","map_index":-1,"try_number":1,"logger":"airflow.task.operators.airflow.providers.standard.decorators.python._PythonDecoratedOperator","filename":"python.py","lineno":233}
{"timestamp":"2026-10-03T11:18:10.732059Z","level":"info","event":"::group::Post Execute","dag_id":"sprint1_r_etl","ti_id":"01a1017c-5389-7c03-af54-61b2ef3895a8","run_id":"manual__2026-10-03T11:18:07.482280+00:00","task_id":"transform","map_index":-1,"try_number":1,"logger":"task","filename":"task_runner.py","lineno":1580}
{"timestamp":"2026-10-03T11:18:10.732820Z","level":"info","event":"Pushing xcom","ti":"RuntimeTaskInstance(id=UUID('01a1017c-5389-7c03-af54-61b2ef3895a8'), task_id='transform', dag_id='sprint1_r_etl', run_id='manual__2026-10-03T11:18:07.482280+00:00', try_number=1, dag_version_id=UUID('01a1017a-1d0c-7dd4-8a3f-79b27b6d79cb'), map_index=-1, hostname='d1cfd5b9f4be', context_carrier={'traceparent': '00-47f3a8282181f5fe4537972ff0d75d04-585b4ba6518cedf3-00'}, queue='default', task=<Task(_PythonDecoratedOperator): transform>, bundle_instance=LocalDagBundle(name=dags-folder), max_tries=0, start_date=datetime.datetime(2026, 10, 3, 11, 18, 9, 879825, tzinfo=datetime.timezone.utc), end_date=None, state=<TaskInstanceState.RUNNING: 'running'>, is_mapped=False, rendered_map_index=None, sentry_integration='sentry_sdk.integrations.celery.CeleryIntegration')","dag_id":"sprint1_r_etl","ti_id":"01a1017c-5389-7c03-af54-61b2ef3895a8","run_id":"manual__2026-10-03T11:18:07.482280+00:00","task_id":"transform","map_index":-1,"try_number":1,"logger":"task","filename":"task_runner.py","lineno":2280}
{"timestamp":"2026-10-03T11:18:10.764167Z","level":"info","event":"Task instance in success state","logger":"task.stdout"}
{"timestamp":"2026-10-03T11:18:10.764476Z","level":"info","event":" Previous state of the Task instance: TaskInstanceState.RUNNING","logger":"task.stdout"}
{"timestamp":"2026-10-03T11:18:10.765517Z","level":"info","event":"Task operator:<Task(_PythonDecoratedOperator): transform>","logger":"task.stdout"}
{"timestamp":"2026-10-03T11:18:10.765538Z","level":"info","event":"::endgroup::","dag_id":"sprint1_r_etl","ti_id":"01a1017c-5389-7c03-af54-61b2ef3895a8","run_id":"manual__2026-10-03T11:18:07.482280+00:00","task_id":"transform","map_index":-1,"try_number":1,"logger":"task","filename":"task_runner.py","lineno":2379}
